Archive member included to satisfy reference by file (symbol)

/home/ryan/Desktop/libopencm3/libopencm3-examples/libopencm3/lib/libopencm3_stm32f1.a(gpio.o)
                              dma.o (gpio_set_mode)
/home/ryan/Desktop/libopencm3/libopencm3-examples/libopencm3/lib/libopencm3_stm32f1.a(rcc.o)
                              dma.o (rcc_clock_setup_in_hse_16mhz_out_72mhz)
/home/ryan/Desktop/libopencm3/libopencm3-examples/libopencm3/lib/libopencm3_stm32f1.a(dma_common_l1f013.o)
                              dma.o (dma_enable_mem2mem_mode)
/home/ryan/Desktop/libopencm3/libopencm3-examples/libopencm3/lib/libopencm3_stm32f1.a(gpio_common_all.o)
                              dma.o (gpio_set)
/home/ryan/Desktop/libopencm3/libopencm3-examples/libopencm3/lib/libopencm3_stm32f1.a(usart_common_all.o)
                              dma.o (usart_set_baudrate)
/home/ryan/Desktop/libopencm3/libopencm3-examples/libopencm3/lib/libopencm3_stm32f1.a(usart_common_f124.o)
                              dma.o (usart_send)
/home/ryan/Desktop/libopencm3/libopencm3-examples/libopencm3/lib/libopencm3_stm32f1.a(rcc_common_all.o)
                              dma.o (rcc_periph_clock_enable)
/home/ryan/Desktop/libopencm3/libopencm3-examples/libopencm3/lib/libopencm3_stm32f1.a(flash_common_f01.o)
                              /home/ryan/Desktop/libopencm3/libopencm3-examples/libopencm3/lib/libopencm3_stm32f1.a(rcc.o) (flash_set_ws)
/home/ryan/Desktop/libopencm3/libopencm3-examples/libopencm3/lib/libopencm3_stm32f1.a(vector.o)
                              (reset_handler)
/home/ryan/Desktop/libopencm3/libopencm3-examples/libopencm3/lib/libopencm3_stm32f1.a(assert.o)
                              /home/ryan/Desktop/libopencm3/libopencm3-examples/libopencm3/lib/libopencm3_stm32f1.a(rcc.o) (cm3_assert_failed)
/home/ryan/Desktop/libopencm3/libopencm3-examples/libopencm3/lib/libopencm3_stm32f1.a(flash.o)
                              /home/ryan/Desktop/libopencm3/libopencm3-examples/libopencm3/lib/libopencm3_stm32f1.a(flash_common_f01.o) (flash_get_status_flags)

Discarded input sections

 .group         0x0000000000000000        0x8 dma.o
 .group         0x0000000000000000        0x8 dma.o
 .group         0x0000000000000000        0x8 dma.o
 .group         0x0000000000000000        0x8 dma.o
 .group         0x0000000000000000        0x8 dma.o
 .group         0x0000000000000000        0x8 dma.o
 .group         0x0000000000000000        0x8 dma.o
 .group         0x0000000000000000        0x8 dma.o
 .group         0x0000000000000000        0x8 dma.o
 .group         0x0000000000000000        0x8 dma.o
 .group         0x0000000000000000        0x8 dma.o
 .group         0x0000000000000000        0x8 dma.o
 .group         0x0000000000000000        0x8 dma.o
 .group         0x0000000000000000        0x8 dma.o
 .group         0x0000000000000000        0x8 dma.o
 .group         0x0000000000000000        0x8 dma.o
 .group         0x0000000000000000        0x8 dma.o
 .group         0x0000000000000000        0x8 dma.o
 .group         0x0000000000000000        0x8 dma.o
 .text          0x0000000000000000        0x0 dma.o
 .data          0x0000000000000000        0x0 dma.o
 .bss           0x0000000000000000        0x0 dma.o
 .group         0x0000000000000000        0x8 /home/ryan/Desktop/libopencm3/libopencm3-examples/libopencm3/lib/libopencm3_stm32f1.a(gpio.o)
 .group         0x0000000000000000        0x8 /home/ryan/Desktop/libopencm3/libopencm3-examples/libopencm3/lib/libopencm3_stm32f1.a(gpio.o)
 .group         0x0000000000000000        0x8 /home/ryan/Desktop/libopencm3/libopencm3-examples/libopencm3/lib/libopencm3_stm32f1.a(gpio.o)
 .group         0x0000000000000000        0x8 /home/ryan/Desktop/libopencm3/libopencm3-examples/libopencm3/lib/libopencm3_stm32f1.a(gpio.o)
 .group         0x0000000000000000        0x8 /home/ryan/Desktop/libopencm3/libopencm3-examples/libopencm3/lib/libopencm3_stm32f1.a(gpio.o)
 .group         0x0000000000000000        0x8 /home/ryan/Desktop/libopencm3/libopencm3-examples/libopencm3/lib/libopencm3_stm32f1.a(gpio.o)
 .group         0x0000000000000000        0x8 /home/ryan/Desktop/libopencm3/libopencm3-examples/libopencm3/lib/libopencm3_stm32f1.a(gpio.o)
 .group         0x0000000000000000        0x8 /home/ryan/Desktop/libopencm3/libopencm3-examples/libopencm3/lib/libopencm3_stm32f1.a(gpio.o)
 .group         0x0000000000000000        0x8 /home/ryan/Desktop/libopencm3/libopencm3-examples/libopencm3/lib/libopencm3_stm32f1.a(gpio.o)
 .group         0x0000000000000000        0x8 /home/ryan/Desktop/libopencm3/libopencm3-examples/libopencm3/lib/libopencm3_stm32f1.a(gpio.o)
 .group         0x0000000000000000        0x8 /home/ryan/Desktop/libopencm3/libopencm3-examples/libopencm3/lib/libopencm3_stm32f1.a(gpio.o)
 .group         0x0000000000000000        0x8 /home/ryan/Desktop/libopencm3/libopencm3-examples/libopencm3/lib/libopencm3_stm32f1.a(gpio.o)
[...]
Memory Configuration

Name             Origin             Length             Attributes
rom              0x0000000008000000 0x0000000000020000 xr
ram              0x0000000020000000 0x0000000000005000 xrw
*default*        0x0000000000000000 0xffffffffffffffff

Linker script and memory map

LOAD dma.o
LOAD /home/ryan/Desktop/libopencm3/libopencm3-examples/libopencm3/lib/libopencm3_stm32f1.a
START GROUP
LOAD /usr/lib/gcc/arm-none-eabi/5.4.1/../../../arm-none-eabi/lib/armv7-m/libc.a
LOAD /usr/lib/gcc/arm-none-eabi/5.4.1/armv7-m/libgcc.a
LOAD /usr/lib/gcc/arm-none-eabi/5.4.1/../../../arm-none-eabi/lib/armv7-m/libnosys.a
END GROUP
START GROUP
LOAD /usr/lib/gcc/arm-none-eabi/5.4.1/armv7-m/libgcc.a
LOAD /usr/lib/gcc/arm-none-eabi/5.4.1/../../../arm-none-eabi/lib/armv7-m/libg.a
LOAD /usr/lib/gcc/arm-none-eabi/5.4.1/../../../arm-none-eabi/lib/armv7-m/libc.a
END GROUP

.text           0x0000000008000000      0x788
 *(.vectors)
 .vectors       0x0000000008000000      0x150 /home/ryan/Desktop/libopencm3/libopencm3-examples/libopencm3/lib/libopencm3_stm32f1.a(vector.o)
                0x0000000008000000                vector_table
 *(.text*)
 .text.my_usart_print_string.constprop.0
                0x0000000008000150       0x18 dma.o
 .text.startup.main
                0x0000000008000168      0x16c dma.o
                0x0000000008000168                main
 .text.gpio_set_mode
                0x00000000080002d4       0x64 /home/ryan/Desktop/libopencm3/libopencm3-examples/libopencm3/lib/libopencm3_stm32f1.a(gpio.o)
                0x00000000080002d4                gpio_set_mode
 .text.rcc_osc_on.part.1
                0x0000000008000338       0x10 /home/ryan/Desktop/libopencm3/libopencm3-examples/libopencm3/lib/libopencm3_stm32f1.a(rcc.o)
 .text.rcc_is_osc_ready
                0x0000000008000348       0x5c /home/ryan/Desktop/libopencm3/libopencm3-examples/libopencm3/lib/libopencm3_stm32f1.a(rcc.o)
                0x0000000008000348                rcc_is_osc_ready
 .text.rcc_wait_for_osc_ready
                0x00000000080003a4       0x10 /home/ryan/Desktop/libopencm3/libopencm3-examples/libopencm3/lib/libopencm3_stm32f1.a(rcc.o)
                0x00000000080003a4                rcc_wait_for_osc_ready
 .text.rcc_osc_on
                0x00000000080003b4       0x54 /home/ryan/Desktop/libopencm3/libopencm3-examples/libopencm3/lib/libopencm3_stm32f1.a(rcc.o)
                0x00000000080003b4                rcc_osc_on
 .text.rcc_set_sysclk_source
                0x0000000008000408       0x14 /home/ryan/Desktop/libopencm3/libopencm3-examples/libopencm3/lib/libopencm3_stm32f1.a(rcc.o)
                0x0000000008000408                rcc_set_sysclk_source
 .text.rcc_set_pll_multiplication_factor
                0x000000000800041c       0x14 /home/ryan/Desktop/libopencm3/libopencm3-examples/libopencm3/lib/libopencm3_stm32f1.a(rcc.o)
                0x000000000800041c                rcc_set_pll_multiplication_factor
 .text.rcc_set_pll_source
                0x0000000008000430       0x14 /home/ryan/Desktop/libopencm3/libopencm3-examples/libopencm3/lib/libopencm3_stm32f1.a(rcc.o)
                0x0000000008000430                rcc_set_pll_source
 .text.rcc_set_pllxtpre
                0x0000000008000444       0x14 /home/ryan/Desktop/libopencm3/libopencm3-examples/libopencm3/lib/libopencm3_stm32f1.a(rcc.o)
                0x0000000008000444                rcc_set_pllxtpre
 .text.rcc_set_adcpre
                0x0000000008000458       0x14 /home/ryan/Desktop/libopencm3/libopencm3-examples/libopencm3/lib/libopencm3_stm32f1.a(rcc.o)
                0x0000000008000458                rcc_set_adcpre
 .text.rcc_set_ppre2
                0x000000000800046c       0x14 /home/ryan/Desktop/libopencm3/libopencm3-examples/libopencm3/lib/libopencm3_stm32f1.a(rcc.o)
                0x000000000800046c                rcc_set_ppre2
 .text.rcc_set_ppre1
                0x0000000008000480       0x14 /home/ryan/Desktop/libopencm3/libopencm3-examples/libopencm3/lib/libopencm3_stm32f1.a(rcc.o)
                0x0000000008000480                rcc_set_ppre1
 .text.rcc_set_hpre
                0x0000000008000494       0x14 /home/ryan/Desktop/libopencm3/libopencm3-examples/libopencm3/lib/libopencm3_stm32f1.a(rcc.o)
                0x0000000008000494                rcc_set_hpre
 .text.rcc_clock_setup_in_hse_16mhz_out_72mhz
                0x00000000080004a8       0x8c /home/ryan/Desktop/libopencm3/libopencm3-examples/libopencm3/lib/libopencm3_stm32f1.a(rcc.o)
                0x00000000080004a8                rcc_clock_setup_in_hse_16mhz_out_72mhz
 .text.dma_enable_mem2mem_mode
                0x0000000008000534       0x1a /home/ryan/Desktop/libopencm3/libopencm3-examples/libopencm3/lib/libopencm3_stm32f1.a(dma_common_l1f013.o)
                0x0000000008000534                dma_enable_mem2mem_mode
 .text.dma_set_priority
                0x000000000800054e       0x18 /home/ryan/Desktop/libopencm3/libopencm3-examples/libopencm3/lib/libopencm3_stm32f1.a(dma_common_l1f013.o)
                0x000000000800054e                dma_set_priority
 .text.dma_set_memory_size
                0x0000000008000566       0x18 /home/ryan/Desktop/libopencm3/libopencm3-examples/libopencm3/lib/libopencm3_stm32f1.a(dma_common_l1f013.o)
                0x0000000008000566                dma_set_memory_size
 .text.dma_set_peripheral_size
                0x000000000800057e       0x18 /home/ryan/Desktop/libopencm3/libopencm3-examples/libopencm3/lib/libopencm3_stm32f1.a(dma_common_l1f013.o)
                0x000000000800057e                dma_set_peripheral_size
 .text.dma_enable_memory_increment_mode
                0x0000000008000596       0x12 /home/ryan/Desktop/libopencm3/libopencm3-examples/libopencm3/lib/libopencm3_stm32f1.a(dma_common_l1f013.o)
                0x0000000008000596                dma_enable_memory_increment_mode
 .text.dma_enable_peripheral_increment_mode
                0x00000000080005a8       0x12 /home/ryan/Desktop/libopencm3/libopencm3-examples/libopencm3/lib/libopencm3_stm32f1.a(dma_common_l1f013.o)
                0x00000000080005a8                dma_enable_peripheral_increment_mode
 .text.dma_set_read_from_peripheral
                0x00000000080005ba       0x12 /home/ryan/Desktop/libopencm3/libopencm3-examples/libopencm3/lib/libopencm3_stm32f1.a(dma_common_l1f013.o)
                0x00000000080005ba                dma_set_read_from_peripheral
 .text.dma_enable_channel
                0x00000000080005cc       0x12 /home/ryan/Desktop/libopencm3/libopencm3-examples/libopencm3/lib/libopencm3_stm32f1.a(dma_common_l1f013.o)
                0x00000000080005cc                dma_enable_channel
 .text.dma_disable_channel
                0x00000000080005de       0x12 /home/ryan/Desktop/libopencm3/libopencm3-examples/libopencm3/lib/libopencm3_stm32f1.a(dma_common_l1f013.o)
                0x00000000080005de                dma_disable_channel
 .text.dma_set_peripheral_address
                0x00000000080005f0       0x12 /home/ryan/Desktop/libopencm3/libopencm3-examples/libopencm3/lib/libopencm3_stm32f1.a(dma_common_l1f013.o)
                0x00000000080005f0                dma_set_peripheral_address
 .text.dma_set_memory_address
                0x0000000008000602       0x12 /home/ryan/Desktop/libopencm3/libopencm3-examples/libopencm3/lib/libopencm3_stm32f1.a(dma_common_l1f013.o)
                0x0000000008000602                dma_set_memory_address
 .text.dma_set_number_of_data
                0x0000000008000614        0xc /home/ryan/Desktop/libopencm3/libopencm3-examples/libopencm3/lib/libopencm3_stm32f1.a(dma_common_l1f013.o)
                0x0000000008000614                dma_set_number_of_data
 .text.gpio_set
                0x0000000008000620        0x4 /home/ryan/Desktop/libopencm3/libopencm3-examples/libopencm3/lib/libopencm3_stm32f1.a(gpio_common_all.o)
                0x0000000008000620                gpio_set
 .text.gpio_clear
                0x0000000008000624        0x6 /home/ryan/Desktop/libopencm3/libopencm3-examples/libopencm3/lib/libopencm3_stm32f1.a(gpio_common_all.o)
                0x0000000008000624                gpio_clear
 *fill*         0x000000000800062a        0x2 
 .text.usart_set_baudrate
                0x000000000800062c       0x28 /home/ryan/Desktop/libopencm3/libopencm3-examples/libopencm3/lib/libopencm3_stm32f1.a(usart_common_all.o)
                0x000000000800062c                usart_set_baudrate
 .text.usart_set_databits
                0x0000000008000654       0x12 /home/ryan/Desktop/libopencm3/libopencm3-examples/libopencm3/lib/libopencm3_stm32f1.a(usart_common_all.o)
                0x0000000008000654                usart_set_databits
 .text.usart_set_stopbits
                0x0000000008000666        0xc /home/ryan/Desktop/libopencm3/libopencm3-examples/libopencm3/lib/libopencm3_stm32f1.a(usart_common_all.o)
                0x0000000008000666                usart_set_stopbits
 .text.usart_set_parity
                0x0000000008000672        0xc /home/ryan/Desktop/libopencm3/libopencm3-examples/libopencm3/lib/libopencm3_stm32f1.a(usart_common_all.o)
                0x0000000008000672                usart_set_parity
 .text.usart_set_mode
                0x000000000800067e        0xc /home/ryan/Desktop/libopencm3/libopencm3-examples/libopencm3/lib/libopencm3_stm32f1.a(usart_common_all.o)
                0x000000000800067e                usart_set_mode
 .text.usart_set_flow_control
                0x000000000800068a        0xc /home/ryan/Desktop/libopencm3/libopencm3-examples/libopencm3/lib/libopencm3_stm32f1.a(usart_common_all.o)
                0x000000000800068a                usart_set_flow_control
 .text.usart_enable
                0x0000000008000696        0xa /home/ryan/Desktop/libopencm3/libopencm3-examples/libopencm3/lib/libopencm3_stm32f1.a(usart_common_all.o)
                0x0000000008000696                usart_enable
 .text.usart_send
                0x00000000080006a0        0x8 /home/ryan/Desktop/libopencm3/libopencm3-examples/libopencm3/lib/libopencm3_stm32f1.a(usart_common_f124.o)
                0x00000000080006a0                usart_send
 .text.rcc_periph_clock_enable
                0x00000000080006a8       0x1c /home/ryan/Desktop/libopencm3/libopencm3-examples/libopencm3/lib/libopencm3_stm32f1.a(rcc_common_all.o)
                0x00000000080006a8                rcc_periph_clock_enable
 .text.flash_set_ws
                0x00000000080006c4       0x14 /home/ryan/Desktop/libopencm3/libopencm3-examples/libopencm3/lib/libopencm3_stm32f1.a(flash_common_f01.o)
                0x00000000080006c4                flash_set_ws
 .text.blocking_handler
                0x00000000080006d8        0x2 /home/ryan/Desktop/libopencm3/libopencm3-examples/libopencm3/lib/libopencm3_stm32f1.a(vector.o)
                0x00000000080006d8                usart3_isr
                0x00000000080006d8                rtc_isr
                0x00000000080006d8                tim7_isr
                0x00000000080006d8                adc1_2_isr
                0x00000000080006d8                tim1_trg_com_isr
                0x00000000080006d8                usb_hp_can_tx_isr
                0x00000000080006d8                tim6_isr
                0x00000000080006d8                usb_wakeup_isr
                0x00000000080006d8                blocking_handler
                0x00000000080006d8                tim5_isr
                0x00000000080006d8                otg_fs_isr
                0x00000000080006d8                spi1_isr
                0x00000000080006d8                exti2_isr
                0x00000000080006d8                dma1_channel6_isr
                0x00000000080006d8                can_rx1_isr
                0x00000000080006d8                dma1_channel5_isr
                0x00000000080006d8                dma2_channel5_isr
                0x00000000080006d8                usart1_isr
                0x00000000080006d8                usage_fault_handler
                0x00000000080006d8                tim8_trg_com_isr
                0x00000000080006d8                can2_rx0_isr
                0x00000000080006d8                tim1_brk_isr
                0x00000000080006d8                can2_rx1_isr
                0x00000000080006d8                tim1_cc_isr
                0x00000000080006d8                sdio_isr
                0x00000000080006d8                eth_isr
                0x00000000080006d8                dma1_channel4_isr
                0x00000000080006d8                tim8_brk_isr
                0x00000000080006d8                dma2_channel4_5_isr
                0x00000000080006d8                pvd_isr
                0x00000000080006d8                rcc_isr
                0x00000000080006d8                flash_isr
                0x00000000080006d8                uart4_isr
                0x00000000080006d8                rtc_alarm_isr
                0x00000000080006d8                exti15_10_isr
                0x00000000080006d8                hard_fault_handler
                0x00000000080006d8                exti1_isr
                0x00000000080006d8                i2c1_ev_isr
                0x00000000080006d8                dma2_channel1_isr
                0x00000000080006d8                spi2_isr
                0x00000000080006d8                tim8_up_isr
                0x00000000080006d8                dma2_channel2_isr
                0x00000000080006d8                exti3_isr
                0x00000000080006d8                adc3_isr
                0x00000000080006d8                tim3_isr
                0x00000000080006d8                usart2_isr
                0x00000000080006d8                usb_lp_can_rx0_isr
                0x00000000080006d8                i2c2_er_isr
                0x00000000080006d8                i2c2_ev_isr
                0x00000000080006d8                uart5_isr
                0x00000000080006d8                fsmc_isr
                0x00000000080006d8                dma1_channel1_isr
                0x00000000080006d8                exti4_isr
                0x00000000080006d8                mem_manage_handler
                0x00000000080006d8                can2_tx_isr
                0x00000000080006d8                exti9_5_isr
                0x00000000080006d8                dma2_channel3_isr
                0x00000000080006d8                dma1_channel7_isr
                0x00000000080006d8                tim1_up_isr
                0x00000000080006d8                can2_sce_isr
                0x00000000080006d8                tim4_isr
                0x00000000080006d8                dma1_channel2_isr
                0x00000000080006d8                i2c1_er_isr
                0x00000000080006d8                can_sce_isr
                0x00000000080006d8                tim8_cc_isr
                0x00000000080006d8                tamper_isr
                0x00000000080006d8                eth_wkup_isr
                0x00000000080006d8                bus_fault_handler
                0x00000000080006d8                wwdg_isr
                0x00000000080006d8                dma1_channel3_isr
                0x00000000080006d8                spi3_isr
                0x00000000080006d8                tim2_isr
                0x00000000080006d8                exti0_isr
 .text.null_handler
                0x00000000080006da        0x2 /home/ryan/Desktop/libopencm3/libopencm3-examples/libopencm3/lib/libopencm3_stm32f1.a(vector.o)
                0x00000000080006da                null_handler
                0x00000000080006da                sv_call_handler
                0x00000000080006da                pend_sv_handler
                0x00000000080006da                debug_monitor_handler
                0x00000000080006da                sys_tick_handler
                0x00000000080006da                nmi_handler
 .text.reset_handler
                0x00000000080006dc       0x90 /home/ryan/Desktop/libopencm3/libopencm3-examples/libopencm3/lib/libopencm3_stm32f1.a(vector.o)
                0x00000000080006dc                reset_handler
                0x000000000800076c                . = ALIGN (0x4)
 *(.rodata*)
 .rodata.str1.1
                0x000000000800076c       0x1c dma.o
                0x0000000008000788                . = ALIGN (0x4)

.glue_7         0x0000000008000788        0x0
 .glue_7        0x0000000008000788        0x0 linker stubs

.glue_7t        0x0000000008000788        0x0
 .glue_7t       0x0000000008000788        0x0 linker stubs

.vfp11_veneer   0x0000000008000788        0x0
 .vfp11_veneer  0x0000000008000788        0x0 linker stubs

.v4_bx          0x0000000008000788        0x0
 .v4_bx         0x0000000008000788        0x0 linker stubs

.iplt           0x0000000008000788        0x0
 .iplt          0x0000000008000788        0x0 dma.o

.rel.dyn        0x0000000008000788        0x0
 .rel.iplt      0x0000000008000788        0x0 dma.o

.preinit_array  0x0000000008000788        0x0
                0x0000000008000788                . = ALIGN (0x4)
                0x0000000008000788                __preinit_array_start = .
 *(.preinit_array)
                0x0000000008000788                __preinit_array_end = .

.init_array     0x0000000008000788        0x0
                0x0000000008000788                . = ALIGN (0x4)
                0x0000000008000788                __init_array_start = .
 *(SORT(.init_array.*))
 *(.init_array)
                0x0000000008000788                __init_array_end = .

.fini_array     0x0000000008000788        0x0
                0x0000000008000788                . = ALIGN (0x4)
                0x0000000008000788                __fini_array_start = .
 *(.fini_array)
 *(SORT(.fini_array.*))
                0x0000000008000788                __fini_array_end = .

.ARM.extab
 *(.ARM.extab*)

.ARM.exidx      0x0000000008000788        0x0
                0x0000000008000788                __exidx_start = .
 *(.ARM.exidx*)
                0x0000000008000788                __exidx_end = .
                0x0000000008000788                . = ALIGN (0x4)
                0x0000000008000788                _etext = .

.data           0x0000000020000000        0xc load address 0x0000000008000788
                0x0000000020000000                _data = .
 *(.data*)
 .data.rcc_ahb_frequency
                0x0000000020000000        0x4 /home/ryan/Desktop/libopencm3/libopencm3-examples/libopencm3/lib/libopencm3_stm32f1.a(rcc.o)
                0x0000000020000000                rcc_ahb_frequency
 .data.rcc_apb1_frequency
                0x0000000020000004        0x4 /home/ryan/Desktop/libopencm3/libopencm3-examples/libopencm3/lib/libopencm3_stm32f1.a(rcc.o)
                0x0000000020000004                rcc_apb1_frequency
 .data.rcc_apb2_frequency
                0x0000000020000008        0x4 /home/ryan/Desktop/libopencm3/libopencm3-examples/libopencm3/lib/libopencm3_stm32f1.a(rcc.o)
                0x0000000020000008                rcc_apb2_frequency
                0x000000002000000c                . = ALIGN (0x4)
                0x000000002000000c                _edata = .
                0x0000000008000788                _data_loadaddr = LOADADDR (.data)

.igot.plt       0x000000002000000c        0x0 load address 0x0000000008000794
 .igot.plt      0x000000002000000c        0x0 dma.o

.bss            0x000000002000000c        0x0 load address 0x0000000008000794
 *(.bss*)
 *(COMMON)
                0x000000002000000c                . = ALIGN (0x4)
                0x000000002000000c                _ebss = .

/DISCARD/
 *(.eh_frame)
                0x000000002000000c                . = ALIGN (0x4)
                0x000000002000000c                end = .
                0x0000000020005000                PROVIDE (_stack, (ORIGIN (ram) + LENGTH (ram)))
OUTPUT(dma.elf elf32-littlearm)

.debug_info     0x0000000000000000     0x3469
 .debug_info    0x0000000000000000      0x7e5 dma.o
 .debug_info    0x00000000000007e5      0x1df /home/ryan/Desktop/libopencm3/libopencm3-examples/libopencm3/lib/libopencm3_stm32f1.a(gpio.o)
 .debug_info    0x00000000000009c4     0x1120 /home/ryan/Desktop/libopencm3/libopencm3-examples/libopencm3/lib/libopencm3_stm32f1.a(rcc.o)
 .debug_info    0x0000000000001ae4      0x681 /home/ryan/Desktop/libopencm3/libopencm3-examples/libopencm3/lib/libopencm3_stm32f1.a(dma_common_l1f013.o)
 .debug_info    0x0000000000002165      0x22c /home/ryan/Desktop/libopencm3/libopencm3-examples/libopencm3/lib/libopencm3_stm32f1.a(gpio_common_all.o)
 .debug_info    0x0000000000002391      0x4b2 /home/ryan/Desktop/libopencm3/libopencm3-examples/libopencm3/lib/libopencm3_stm32f1.a(usart_common_all.o)
 .debug_info    0x0000000000002843      0x17a /home/ryan/Desktop/libopencm3/libopencm3-examples/libopencm3/lib/libopencm3_stm32f1.a(usart_common_f124.o)
 .debug_info    0x00000000000029bd      0x58c /home/ryan/Desktop/libopencm3/libopencm3-examples/libopencm3/lib/libopencm3_stm32f1.a(rcc_common_all.o)
 .debug_info    0x0000000000002f49      0x278 /home/ryan/Desktop/libopencm3/libopencm3-examples/libopencm3/lib/libopencm3_stm32f1.a(flash_common_f01.o)
 .debug_info    0x00000000000031c1      0x2a8 /home/ryan/Desktop/libopencm3/libopencm3-examples/libopencm3/lib/libopencm3_stm32f1.a(vector.o)

.debug_abbrev   0x0000000000000000      0xb7b
 .debug_abbrev  0x0000000000000000      0x15d dma.o
 .debug_abbrev  0x000000000000015d       0xb7 /home/ryan/Desktop/libopencm3/libopencm3-examples/libopencm3/lib/libopencm3_stm32f1.a(gpio.o)
 .debug_abbrev  0x0000000000000214      0x272 /home/ryan/Desktop/libopencm3/libopencm3-examples/libopencm3/lib/libopencm3_stm32f1.a(rcc.o)
 .debug_abbrev  0x0000000000000486      0x11a /home/ryan/Desktop/libopencm3/libopencm3-examples/libopencm3/lib/libopencm3_stm32f1.a(dma_common_l1f013.o)
 .debug_abbrev  0x00000000000005a0      0x10e /home/ryan/Desktop/libopencm3/libopencm3-examples/libopencm3/lib/libopencm3_stm32f1.a(gpio_common_all.o)
 .debug_abbrev  0x00000000000006ae      0x10f /home/ryan/Desktop/libopencm3/libopencm3-examples/libopencm3/lib/libopencm3_stm32f1.a(usart_common_all.o)
 .debug_abbrev  0x00000000000007bd       0x8e /home/ryan/Desktop/libopencm3/libopencm3-examples/libopencm3/lib/libopencm3_stm32f1.a(usart_common_f124.o)
 .debug_abbrev  0x000000000000084b      0x11d /home/ryan/Desktop/libopencm3/libopencm3-examples/libopencm3/lib/libopencm3_stm32f1.a(rcc_common_all.o)
 .debug_abbrev  0x0000000000000968       0xcd /home/ryan/Desktop/libopencm3/libopencm3-examples/libopencm3/lib/libopencm3_stm32f1.a(flash_common_f01.o)
 .debug_abbrev  0x0000000000000a35      0x146 /home/ryan/Desktop/libopencm3/libopencm3-examples/libopencm3/lib/libopencm3_stm32f1.a(vector.o)

.debug_loc      0x0000000000000000     0x132b
 .debug_loc     0x0000000000000000       0x43 dma.o
 .debug_loc     0x0000000000000043      0x19f /home/ryan/Desktop/libopencm3/libopencm3-examples/libopencm3/lib/libopencm3_stm32f1.a(gpio.o)
 .debug_loc     0x00000000000001e2      0x4ba /home/ryan/Desktop/libopencm3/libopencm3-examples/libopencm3/lib/libopencm3_stm32f1.a(rcc.o)
 .debug_loc     0x000000000000069c      0x711 /home/ryan/Desktop/libopencm3/libopencm3-examples/libopencm3/lib/libopencm3_stm32f1.a(dma_common_l1f013.o)
 .debug_loc     0x0000000000000dad       0x97 /home/ryan/Desktop/libopencm3/libopencm3-examples/libopencm3/lib/libopencm3_stm32f1.a(gpio_common_all.o)
 .debug_loc     0x0000000000000e44      0x1ca /home/ryan/Desktop/libopencm3/libopencm3-examples/libopencm3/lib/libopencm3_stm32f1.a(usart_common_all.o)
 .debug_loc     0x000000000000100e       0x63 /home/ryan/Desktop/libopencm3/libopencm3-examples/libopencm3/lib/libopencm3_stm32f1.a(usart_common_f124.o)
 .debug_loc     0x0000000000001071      0x108 /home/ryan/Desktop/libopencm3/libopencm3-examples/libopencm3/lib/libopencm3_stm32f1.a(rcc_common_all.o)
 .debug_loc     0x0000000000001179       0xd3 /home/ryan/Desktop/libopencm3/libopencm3-examples/libopencm3/lib/libopencm3_stm32f1.a(flash_common_f01.o)
 .debug_loc     0x000000000000124c       0xdf /home/ryan/Desktop/libopencm3/libopencm3-examples/libopencm3/lib/libopencm3_stm32f1.a(vector.o)

.debug_aranges  0x0000000000000000      0x500
 .debug_aranges
                0x0000000000000000       0x28 dma.o
 .debug_aranges
                0x0000000000000028       0x38 /home/ryan/Desktop/libopencm3/libopencm3-examples/libopencm3/lib/libopencm3_stm32f1.a(gpio.o)
 .debug_aranges
                0x0000000000000060      0x158 /home/ryan/Desktop/libopencm3/libopencm3-examples/libopencm3/lib/libopencm3_stm32f1.a(rcc.o)
 .debug_aranges
                0x00000000000001b8       0xe0 /home/ryan/Desktop/libopencm3/libopencm3-examples/libopencm3/lib/libopencm3_stm32f1.a(dma_common_l1f013.o)
 .debug_aranges
                0x0000000000000298       0x50 /home/ryan/Desktop/libopencm3/libopencm3-examples/libopencm3/lib/libopencm3_stm32f1.a(gpio_common_all.o)
 .debug_aranges
                0x00000000000002e8       0xb8 /home/ryan/Desktop/libopencm3/libopencm3-examples/libopencm3/lib/libopencm3_stm32f1.a(usart_common_all.o)
 .debug_aranges
                0x00000000000003a0       0x40 /home/ryan/Desktop/libopencm3/libopencm3-examples/libopencm3/lib/libopencm3_stm32f1.a(usart_common_f124.o)
 .debug_aranges
                0x00000000000003e0       0x68 /home/ryan/Desktop/libopencm3/libopencm3-examples/libopencm3/lib/libopencm3_stm32f1.a(rcc_common_all.o)
 .debug_aranges
                0x0000000000000448       0x88 /home/ryan/Desktop/libopencm3/libopencm3-examples/libopencm3/lib/libopencm3_stm32f1.a(flash_common_f01.o)
 .debug_aranges
                0x00000000000004d0       0x30 /home/ryan/Desktop/libopencm3/libopencm3-examples/libopencm3/lib/libopencm3_stm32f1.a(vector.o)

.debug_ranges   0x0000000000000000      0x4c0
 .debug_ranges  0x0000000000000000       0x18 dma.o
 .debug_ranges  0x0000000000000018       0x28 /home/ryan/Desktop/libopencm3/libopencm3-examples/libopencm3/lib/libopencm3_stm32f1.a(gpio.o)
 .debug_ranges  0x0000000000000040      0x1a8 /home/ryan/Desktop/libopencm3/libopencm3-examples/libopencm3/lib/libopencm3_stm32f1.a(rcc.o)
 .debug_ranges  0x00000000000001e8       0xd0 /home/ryan/Desktop/libopencm3/libopencm3-examples/libopencm3/lib/libopencm3_stm32f1.a(dma_common_l1f013.o)
 .debug_ranges  0x00000000000002b8       0x40 /home/ryan/Desktop/libopencm3/libopencm3-examples/libopencm3/lib/libopencm3_stm32f1.a(gpio_common_all.o)
 .debug_ranges  0x00000000000002f8       0xa8 /home/ryan/Desktop/libopencm3/libopencm3-examples/libopencm3/lib/libopencm3_stm32f1.a(usart_common_all.o)
 .debug_ranges  0x00000000000003a0       0x30 /home/ryan/Desktop/libopencm3/libopencm3-examples/libopencm3/lib/libopencm3_stm32f1.a(usart_common_f124.o)
 .debug_ranges  0x00000000000003d0       0x58 /home/ryan/Desktop/libopencm3/libopencm3-examples/libopencm3/lib/libopencm3_stm32f1.a(rcc_common_all.o)
 .debug_ranges  0x0000000000000428       0x78 /home/ryan/Desktop/libopencm3/libopencm3-examples/libopencm3/lib/libopencm3_stm32f1.a(flash_common_f01.o)
 .debug_ranges  0x00000000000004a0       0x20 /home/ryan/Desktop/libopencm3/libopencm3-examples/libopencm3/lib/libopencm3_stm32f1.a(vector.o)

.debug_macro    0x0000000000000000     0x3d79
 .debug_macro   0x0000000000000000      0x12a dma.o
 .debug_macro   0x000000000000012a      0x86e dma.o
 .debug_macro   0x0000000000000998       0x22 dma.o
 .debug_macro   0x00000000000009ba       0x4f dma.o
 .debug_macro   0x0000000000000a09       0x44 dma.o
 .debug_macro   0x0000000000000a4d       0xfd dma.o
 .debug_macro   0x0000000000000b4a       0x5e dma.o
 .debug_macro   0x0000000000000ba8      0x1df dma.o
 .debug_macro   0x0000000000000d87       0x22 dma.o
 .debug_macro   0x0000000000000da9       0xfa dma.o
 .debug_macro   0x0000000000000ea3       0x58 dma.o
 .debug_macro   0x0000000000000efb      0x1b4 dma.o
 .debug_macro   0x00000000000010af      0x82c dma.o
 .debug_macro   0x00000000000018db       0xdc dma.o
 .debug_macro   0x00000000000019b7       0x82 dma.o
 .debug_macro   0x0000000000001a39       0x76 dma.o
 .debug_macro   0x0000000000001aaf      0xdfd dma.o
 .debug_macro   0x00000000000028ac      0x4f5 dma.o
 .debug_macro   0x0000000000002da1       0x8e dma.o
 .debug_macro   0x0000000000002e2f      0x273 dma.o
 .debug_macro   0x00000000000030a2       0xb9 /home/ryan/Desktop/libopencm3/libopencm3-examples/libopencm3/lib/libopencm3_stm32f1.a(gpio.o)
 .debug_macro   0x000000000000315b       0xe0 /home/ryan/Desktop/libopencm3/libopencm3-examples/libopencm3/lib/libopencm3_stm32f1.a(rcc.o)
 .debug_macro   0x000000000000323b       0x16 /home/ryan/Desktop/libopencm3/libopencm3-examples/libopencm3/lib/libopencm3_stm32f1.a(rcc.o)
 .debug_macro   0x0000000000003251       0xb4 /home/ryan/Desktop/libopencm3/libopencm3-examples/libopencm3/lib/libopencm3_stm32f1.a(dma_common_l1f013.o)
 .debug_macro   0x0000000000003305       0xb9 /home/ryan/Desktop/libopencm3/libopencm3-examples/libopencm3/lib/libopencm3_stm32f1.a(gpio_common_all.o)
 .debug_macro   0x00000000000033be       0xdb /home/ryan/Desktop/libopencm3/libopencm3-examples/libopencm3/lib/libopencm3_stm32f1.a(usart_common_all.o)
 .debug_macro   0x0000000000003499       0xdb /home/ryan/Desktop/libopencm3/libopencm3-examples/libopencm3/lib/libopencm3_stm32f1.a(usart_common_f124.o)
 .debug_macro   0x0000000000003574       0xcf /home/ryan/Desktop/libopencm3/libopencm3-examples/libopencm3/lib/libopencm3_stm32f1.a(rcc_common_all.o)
 .debug_macro   0x0000000000003643       0xb9 /home/ryan/Desktop/libopencm3/libopencm3-examples/libopencm3/lib/libopencm3_stm32f1.a(flash_common_f01.o)
 .debug_macro   0x00000000000036fc       0xd0 /home/ryan/Desktop/libopencm3/libopencm3-examples/libopencm3/lib/libopencm3_stm32f1.a(vector.o)
 .debug_macro   0x00000000000037cc      0x3a1 /home/ryan/Desktop/libopencm3/libopencm3-examples/libopencm3/lib/libopencm3_stm32f1.a(vector.o)
 .debug_macro   0x0000000000003b6d       0x6a /home/ryan/Desktop/libopencm3/libopencm3-examples/libopencm3/lib/libopencm3_stm32f1.a(vector.o)
 .debug_macro   0x0000000000003bd7      0x1a2 /home/ryan/Desktop/libopencm3/libopencm3-examples/libopencm3/lib/libopencm3_stm32f1.a(vector.o)

.debug_line     0x0000000000000000     0x2193
 .debug_line    0x0000000000000000      0x3e0 dma.o
 .debug_line    0x00000000000003e0      0x261 /home/ryan/Desktop/libopencm3/libopencm3-examples/libopencm3/lib/libopencm3_stm32f1.a(gpio.o)
 .debug_line    0x0000000000000641      0x5e9 /home/ryan/Desktop/libopencm3/libopencm3-examples/libopencm3/lib/libopencm3_stm32f1.a(rcc.o)
 .debug_line    0x0000000000000c2a      0x3cc /home/ryan/Desktop/libopencm3/libopencm3-examples/libopencm3/lib/libopencm3_stm32f1.a(dma_common_l1f013.o)
 .debug_line    0x0000000000000ff6      0x295 /home/ryan/Desktop/libopencm3/libopencm3-examples/libopencm3/lib/libopencm3_stm32f1.a(gpio_common_all.o)
 .debug_line    0x000000000000128b      0x3cb /home/ryan/Desktop/libopencm3/libopencm3-examples/libopencm3/lib/libopencm3_stm32f1.a(usart_common_all.o)
 .debug_line    0x0000000000001656      0x2b6 /home/ryan/Desktop/libopencm3/libopencm3-examples/libopencm3/lib/libopencm3_stm32f1.a(usart_common_f124.o)
 .debug_line    0x000000000000190c      0x2c0 /home/ryan/Desktop/libopencm3/libopencm3-examples/libopencm3/lib/libopencm3_stm32f1.a(rcc_common_all.o)
 .debug_line    0x0000000000001bcc      0x320 /home/ryan/Desktop/libopencm3/libopencm3-examples/libopencm3/lib/libopencm3_stm32f1.a(flash_common_f01.o)
 .debug_line    0x0000000000001eec      0x2a7 /home/ryan/Desktop/libopencm3/libopencm3-examples/libopencm3/lib/libopencm3_stm32f1.a(vector.o)

.debug_str      0x0000000000000000    0x107e3
 .debug_str     0x0000000000000000     0xd3ff dma.o
                                       0xd568 (size before relaxing)
 .debug_str     0x000000000000d3ff      0x152 /home/ryan/Desktop/libopencm3/libopencm3-examples/libopencm3/lib/libopencm3_stm32f1.a(gpio.o)
                                       0x7b71 (size before relaxing)
 .debug_str     0x000000000000d551      0x50c /home/ryan/Desktop/libopencm3/libopencm3-examples/libopencm3/lib/libopencm3_stm32f1.a(rcc.o)
                                       0x740f (size before relaxing)
 .debug_str     0x000000000000da5d      0x1da /home/ryan/Desktop/libopencm3/libopencm3-examples/libopencm3/lib/libopencm3_stm32f1.a(dma_common_l1f013.o)
                                       0x6279 (size before relaxing)
 .debug_str     0x000000000000dc37       0x66 /home/ryan/Desktop/libopencm3/libopencm3-examples/libopencm3/lib/libopencm3_stm32f1.a(gpio_common_all.o)
                                       0x7b65 (size before relaxing)
 .debug_str     0x000000000000dc9d      0x192 /home/ryan/Desktop/libopencm3/libopencm3-examples/libopencm3/lib/libopencm3_stm32f1.a(usart_common_all.o)
                                       0x7863 (size before relaxing)
 .debug_str     0x000000000000de2f       0x2d /home/ryan/Desktop/libopencm3/libopencm3-examples/libopencm3/lib/libopencm3_stm32f1.a(usart_common_f124.o)
                                       0x7677 (size before relaxing)
 .debug_str     0x000000000000de5c      0x322 /home/ryan/Desktop/libopencm3/libopencm3-examples/libopencm3/lib/libopencm3_stm32f1.a(rcc_common_all.o)
                                       0x6d21 (size before relaxing)
 .debug_str     0x000000000000e17e      0x179 /home/ryan/Desktop/libopencm3/libopencm3-examples/libopencm3/lib/libopencm3_stm32f1.a(flash_common_f01.o)
                                       0x4c18 (size before relaxing)
 .debug_str     0x000000000000e2f7     0x24ec /home/ryan/Desktop/libopencm3/libopencm3-examples/libopencm3/lib/libopencm3_stm32f1.a(vector.o)
                                       0x5cc2 (size before relaxing)

.comment        0x0000000000000000       0x2b
 .comment       0x0000000000000000       0x2b dma.o
                                         0x2c (size before relaxing)
 .comment       0x000000000000002b       0x2c /home/ryan/Desktop/libopencm3/libopencm3-examples/libopencm3/lib/libopencm3_stm32f1.a(gpio.o)
 .comment       0x000000000000002b       0x2c /home/ryan/Desktop/libopencm3/libopencm3-examples/libopencm3/lib/libopencm3_stm32f1.a(rcc.o)
 .comment       0x000000000000002b       0x2c /home/ryan/Desktop/libopencm3/libopencm3-examples/libopencm3/lib/libopencm3_stm32f1.a(dma_common_l1f013.o)
 .comment       0x000000000000002b       0x2c /home/ryan/Desktop/libopencm3/libopencm3-examples/libopencm3/lib/libopencm3_stm32f1.a(gpio_common_all.o)
 .comment       0x000000000000002b       0x2c /home/ryan/Desktop/libopencm3/libopencm3-examples/libopencm3/lib/libopencm3_stm32f1.a(usart_common_all.o)
 .comment       0x000000000000002b       0x2c /home/ryan/Desktop/libopencm3/libopencm3-examples/libopencm3/lib/libopencm3_stm32f1.a(usart_common_f124.o)
 .comment       0x000000000000002b       0x2c /home/ryan/Desktop/libopencm3/libopencm3-examples/libopencm3/lib/libopencm3_stm32f1.a(rcc_common_all.o)
 .comment       0x000000000000002b       0x2c /home/ryan/Desktop/libopencm3/libopencm3-examples/libopencm3/lib/libopencm3_stm32f1.a(flash_common_f01.o)
 .comment       0x000000000000002b       0x2c /home/ryan/Desktop/libopencm3/libopencm3-examples/libopencm3/lib/libopencm3_stm32f1.a(vector.o)

.ARM.attributes
                0x0000000000000000       0x33
 .ARM.attributes
                0x0000000000000000       0x33 dma.o
 .ARM.attributes
                0x0000000000000033       0x33 /home/ryan/Desktop/libopencm3/libopencm3-examples/libopencm3/lib/libopencm3_stm32f1.a(gpio.o)
 .ARM.attributes
                0x0000000000000066       0x33 /home/ryan/Desktop/libopencm3/libopencm3-examples/libopencm3/lib/libopencm3_stm32f1.a(rcc.o)
 .ARM.attributes
                0x0000000000000099       0x33 /home/ryan/Desktop/libopencm3/libopencm3-examples/libopencm3/lib/libopencm3_stm32f1.a(dma_common_l1f013.o)
 .ARM.attributes
                0x00000000000000cc       0x33 /home/ryan/Desktop/libopencm3/libopencm3-examples/libopencm3/lib/libopencm3_stm32f1.a(gpio_common_all.o)
 .ARM.attributes
                0x00000000000000ff       0x33 /home/ryan/Desktop/libopencm3/libopencm3-examples/libopencm3/lib/libopencm3_stm32f1.a(usart_common_all.o)
 .ARM.attributes
                0x0000000000000132       0x33 /home/ryan/Desktop/libopencm3/libopencm3-examples/libopencm3/lib/libopencm3_stm32f1.a(usart_common_f124.o)
 .ARM.attributes
                0x0000000000000165       0x33 /home/ryan/Desktop/libopencm3/libopencm3-examples/libopencm3/lib/libopencm3_stm32f1.a(rcc_common_all.o)
 .ARM.attributes
                0x0000000000000198       0x33 /home/ryan/Desktop/libopencm3/libopencm3-examples/libopencm3/lib/libopencm3_stm32f1.a(flash_common_f01.o)
 .ARM.attributes
                0x00000000000001cb       0x33 /home/ryan/Desktop/libopencm3/libopencm3-examples/libopencm3/lib/libopencm3_stm32f1.a(vector.o)

.debug_frame    0x0000000000000000      0x9ac
 .debug_frame   0x0000000000000000       0x48 dma.o
 .debug_frame   0x0000000000000048       0x64 /home/ryan/Desktop/libopencm3/libopencm3-examples/libopencm3/lib/libopencm3_stm32f1.a(gpio.o)
 .debug_frame   0x00000000000000ac      0x2e0 /home/ryan/Desktop/libopencm3/libopencm3-examples/libopencm3/lib/libopencm3_stm32f1.a(rcc.o)
 .debug_frame   0x000000000000038c      0x1a0 /home/ryan/Desktop/libopencm3/libopencm3-examples/libopencm3/lib/libopencm3_stm32f1.a(dma_common_l1f013.o)
 .debug_frame   0x000000000000052c       0x80 /home/ryan/Desktop/libopencm3/libopencm3-examples/libopencm3/lib/libopencm3_stm32f1.a(gpio_common_all.o)
 .debug_frame   0x00000000000005ac      0x170 /home/ryan/Desktop/libopencm3/libopencm3-examples/libopencm3/lib/libopencm3_stm32f1.a(usart_common_all.o)
 .debug_frame   0x000000000000071c       0x60 /home/ryan/Desktop/libopencm3/libopencm3-examples/libopencm3/lib/libopencm3_stm32f1.a(usart_common_f124.o)
 .debug_frame   0x000000000000077c       0xd0 /home/ryan/Desktop/libopencm3/libopencm3-examples/libopencm3/lib/libopencm3_stm32f1.a(rcc_common_all.o)
 .debug_frame   0x000000000000084c      0x120 /home/ryan/Desktop/libopencm3/libopencm3-examples/libopencm3/lib/libopencm3_stm32f1.a(flash_common_f01.o)
 .debug_frame   0x000000000000096c       0x40 /home/ryan/Desktop/libopencm3/libopencm3-examples/libopencm3/lib/libopencm3_stm32f1.a(vector.o)

Cross Reference Table

Symbol                                            File
__fini_array_end                                  /home/ryan/Desktop/libopencm3/libopencm3-examples/libopencm3/lib/libopencm3_stm32f1.a(vector.o)
__fini_array_start                                /home/ryan/Desktop/libopencm3/libopencm3-examples/libopencm3/lib/libopencm3_stm32f1.a(vector.o)
__init_array_end                                  /home/ryan/Desktop/libopencm3/libopencm3-examples/libopencm3/lib/libopencm3_stm32f1.a(vector.o)
__init_array_start                                /home/ryan/Desktop/libopencm3/libopencm3-examples/libopencm3/lib/libopencm3_stm32f1.a(vector.o)
__preinit_array_end                               /home/ryan/Desktop/libopencm3/libopencm3-examples/libopencm3/lib/libopencm3_stm32f1.a(vector.o)
__preinit_array_start                             /home/ryan/Desktop/libopencm3/libopencm3-examples/libopencm3/lib/libopencm3_stm32f1.a(vector.o)
_data                                             /home/ryan/Desktop/libopencm3/libopencm3-examples/libopencm3/lib/libopencm3_stm32f1.a(vector.o)
_data_loadaddr                                    /home/ryan/Desktop/libopencm3/libopencm3-examples/libopencm3/lib/libopencm3_stm32f1.a(vector.o)
_ebss                                             /home/ryan/Desktop/libopencm3/libopencm3-examples/libopencm3/lib/libopencm3_stm32f1.a(vector.o)
_edata                                            /home/ryan/Desktop/libopencm3/libopencm3-examples/libopencm3/lib/libopencm3_stm32f1.a(vector.o)
_stack                                            /home/ryan/Desktop/libopencm3/libopencm3-examples/libopencm3/lib/libopencm3_stm32f1.a(vector.o)
adc1_2_isr                                        /home/ryan/Desktop/libopencm3/libopencm3-examples/libopencm3/lib/libopencm3_stm32f1.a(vector.o)
adc3_isr                                          /home/ryan/Desktop/libopencm3/libopencm3-examples/libopencm3/lib/libopencm3_stm32f1.a(vector.o)
blocking_handler                                  /home/ryan/Desktop/libopencm3/libopencm3-examples/libopencm3/lib/libopencm3_stm32f1.a(vector.o)
bus_fault_handler                                 /home/ryan/Desktop/libopencm3/libopencm3-examples/libopencm3/lib/libopencm3_stm32f1.a(vector.o)
can2_rx0_isr                                      /home/ryan/Desktop/libopencm3/libopencm3-examples/libopencm3/lib/libopencm3_stm32f1.a(vector.o)
can2_rx1_isr                                      /home/ryan/Desktop/libopencm3/libopencm3-examples/libopencm3/lib/libopencm3_stm32f1.a(vector.o)
can2_sce_isr                                      /home/ryan/Desktop/libopencm3/libopencm3-examples/libopencm3/lib/libopencm3_stm32f1.a(vector.o)
can2_tx_isr                                       /home/ryan/Desktop/libopencm3/libopencm3-examples/libopencm3/lib/libopencm3_stm32f1.a(vector.o)
can_rx1_isr                                       /home/ryan/Desktop/libopencm3/libopencm3-examples/libopencm3/lib/libopencm3_stm32f1.a(vector.o)
can_sce_isr                                       /home/ryan/Desktop/libopencm3/libopencm3-examples/libopencm3/lib/libopencm3_stm32f1.a(vector.o)
cm3_assert_failed                                 /home/ryan/Desktop/libopencm3/libopencm3-examples/libopencm3/lib/libopencm3_stm32f1.a(assert.o)
                                                  /home/ryan/Desktop/libopencm3/libopencm3-examples/libopencm3/lib/libopencm3_stm32f1.a(rcc.o)
cm3_assert_failed_verbose                         /home/ryan/Desktop/libopencm3/libopencm3-examples/libopencm3/lib/libopencm3_stm32f1.a(assert.o)
debug_monitor_handler                             /home/ryan/Desktop/libopencm3/libopencm3-examples/libopencm3/lib/libopencm3_stm32f1.a(vector.o)
dma1_channel1_isr                                 /home/ryan/Desktop/libopencm3/libopencm3-examples/libopencm3/lib/libopencm3_stm32f1.a(vector.o)
dma1_channel2_isr                                 /home/ryan/Desktop/libopencm3/libopencm3-examples/libopencm3/lib/libopencm3_stm32f1.a(vector.o)
dma1_channel3_isr                                 /home/ryan/Desktop/libopencm3/libopencm3-examples/libopencm3/lib/libopencm3_stm32f1.a(vector.o)
dma1_channel4_isr                                 /home/ryan/Desktop/libopencm3/libopencm3-examples/libopencm3/lib/libopencm3_stm32f1.a(vector.o)
dma1_channel5_isr                                 /home/ryan/Desktop/libopencm3/libopencm3-examples/libopencm3/lib/libopencm3_stm32f1.a(vector.o)
dma1_channel6_isr                                 /home/ryan/Desktop/libopencm3/libopencm3-examples/libopencm3/lib/libopencm3_stm32f1.a(vector.o)
dma1_channel7_isr                                 /home/ryan/Desktop/libopencm3/libopencm3-examples/libopencm3/lib/libopencm3_stm32f1.a(vector.o)
dma2_channel1_isr                                 /home/ryan/Desktop/libopencm3/libopencm3-examples/libopencm3/lib/libopencm3_stm32f1.a(vector.o)
dma2_channel2_isr                                 /home/ryan/Desktop/libopencm3/libopencm3-examples/libopencm3/lib/libopencm3_stm32f1.a(vector.o)
dma2_channel3_isr                                 /home/ryan/Desktop/libopencm3/libopencm3-examples/libopencm3/lib/libopencm3_stm32f1.a(vector.o)
dma2_channel4_5_isr                               /home/ryan/Desktop/libopencm3/libopencm3-examples/libopencm3/lib/libopencm3_stm32f1.a(vector.o)
dma2_channel5_isr                                 /home/ryan/Desktop/libopencm3/libopencm3-examples/libopencm3/lib/libopencm3_stm32f1.a(vector.o)
dma_channel_reset                                 /home/ryan/Desktop/libopencm3/libopencm3-examples/libopencm3/lib/libopencm3_stm32f1.a(dma_common_l1f013.o)
dma_clear_interrupt_flags                         /home/ryan/Desktop/libopencm3/libopencm3-examples/libopencm3/lib/libopencm3_stm32f1.a(dma_common_l1f013.o)
dma_disable_channel                               /home/ryan/Desktop/libopencm3/libopencm3-examples/libopencm3/lib/libopencm3_stm32f1.a(dma_common_l1f013.o)
                                                  dma.o
dma_disable_half_transfer_interrupt               /home/ryan/Desktop/libopencm3/libopencm3-examples/libopencm3/lib/libopencm3_stm32f1.a(dma_common_l1f013.o)
dma_disable_memory_increment_mode                 /home/ryan/Desktop/libopencm3/libopencm3-examples/libopencm3/lib/libopencm3_stm32f1.a(dma_common_l1f013.o)
dma_disable_peripheral_increment_mode             /home/ryan/Desktop/libopencm3/libopencm3-examples/libopencm3/lib/libopencm3_stm32f1.a(dma_common_l1f013.o)
dma_disable_transfer_complete_interrupt           /home/ryan/Desktop/libopencm3/libopencm3-examples/libopencm3/lib/libopencm3_stm32f1.a(dma_common_l1f013.o)
dma_disable_transfer_error_interrupt              /home/ryan/Desktop/libopencm3/libopencm3-examples/libopencm3/lib/libopencm3_stm32f1.a(dma_common_l1f013.o)
dma_enable_channel                                /home/ryan/Desktop/libopencm3/libopencm3-examples/libopencm3/lib/libopencm3_stm32f1.a(dma_common_l1f013.o)
                                                  dma.o
dma_enable_circular_mode                          /home/ryan/Desktop/libopencm3/libopencm3-examples/libopencm3/lib/libopencm3_stm32f1.a(dma_common_l1f013.o)
dma_enable_half_transfer_interrupt                /home/ryan/Desktop/libopencm3/libopencm3-examples/libopencm3/lib/libopencm3_stm32f1.a(dma_common_l1f013.o)
dma_enable_mem2mem_mode                           /home/ryan/Desktop/libopencm3/libopencm3-examples/libopencm3/lib/libopencm3_stm32f1.a(dma_common_l1f013.o)
                                                  dma.o
dma_enable_memory_increment_mode                  /home/ryan/Desktop/libopencm3/libopencm3-examples/libopencm3/lib/libopencm3_stm32f1.a(dma_common_l1f013.o)
                                                  dma.o
dma_enable_peripheral_increment_mode              /home/ryan/Desktop/libopencm3/libopencm3-examples/libopencm3/lib/libopencm3_stm32f1.a(dma_common_l1f013.o)
                                                  dma.o
dma_enable_transfer_complete_interrupt            /home/ryan/Desktop/libopencm3/libopencm3-examples/libopencm3/lib/libopencm3_stm32f1.a(dma_common_l1f013.o)
dma_enable_transfer_error_interrupt               /home/ryan/Desktop/libopencm3/libopencm3-examples/libopencm3/lib/libopencm3_stm32f1.a(dma_common_l1f013.o)
dma_get_interrupt_flag                            /home/ryan/Desktop/libopencm3/libopencm3-examples/libopencm3/lib/libopencm3_stm32f1.a(dma_common_l1f013.o)
dma_set_memory_address                            /home/ryan/Desktop/libopencm3/libopencm3-examples/libopencm3/lib/libopencm3_stm32f1.a(dma_common_l1f013.o)
                                                  dma.o
dma_set_memory_size                               /home/ryan/Desktop/libopencm3/libopencm3-examples/libopencm3/lib/libopencm3_stm32f1.a(dma_common_l1f013.o)
                                                  dma.o
dma_set_number_of_data                            /home/ryan/Desktop/libopencm3/libopencm3-examples/libopencm3/lib/libopencm3_stm32f1.a(dma_common_l1f013.o)
                                                  dma.o
dma_set_peripheral_address                        /home/ryan/Desktop/libopencm3/libopencm3-examples/libopencm3/lib/libopencm3_stm32f1.a(dma_common_l1f013.o)
                                                  dma.o
dma_set_peripheral_size                           /home/ryan/Desktop/libopencm3/libopencm3-examples/libopencm3/lib/libopencm3_stm32f1.a(dma_common_l1f013.o)
                                                  dma.o
dma_set_priority                                  /home/ryan/Desktop/libopencm3/libopencm3-examples/libopencm3/lib/libopencm3_stm32f1.a(dma_common_l1f013.o)
                                                  dma.o
dma_set_read_from_memory                          /home/ryan/Desktop/libopencm3/libopencm3-examples/libopencm3/lib/libopencm3_stm32f1.a(dma_common_l1f013.o)
dma_set_read_from_peripheral                      /home/ryan/Desktop/libopencm3/libopencm3-examples/libopencm3/lib/libopencm3_stm32f1.a(dma_common_l1f013.o)
                                                  dma.o
eth_isr                                           /home/ryan/Desktop/libopencm3/libopencm3-examples/libopencm3/lib/libopencm3_stm32f1.a(vector.o)
eth_wkup_isr                                      /home/ryan/Desktop/libopencm3/libopencm3-examples/libopencm3/lib/libopencm3_stm32f1.a(vector.o)
exti0_isr                                         /home/ryan/Desktop/libopencm3/libopencm3-examples/libopencm3/lib/libopencm3_stm32f1.a(vector.o)
exti15_10_isr                                     /home/ryan/Desktop/libopencm3/libopencm3-examples/libopencm3/lib/libopencm3_stm32f1.a(vector.o)
exti1_isr                                         /home/ryan/Desktop/libopencm3/libopencm3-examples/libopencm3/lib/libopencm3_stm32f1.a(vector.o)
exti2_isr                                         /home/ryan/Desktop/libopencm3/libopencm3-examples/libopencm3/lib/libopencm3_stm32f1.a(vector.o)
exti3_isr                                         /home/ryan/Desktop/libopencm3/libopencm3-examples/libopencm3/lib/libopencm3_stm32f1.a(vector.o)
exti4_isr                                         /home/ryan/Desktop/libopencm3/libopencm3-examples/libopencm3/lib/libopencm3_stm32f1.a(vector.o)
exti9_5_isr                                       /home/ryan/Desktop/libopencm3/libopencm3-examples/libopencm3/lib/libopencm3_stm32f1.a(vector.o)
flash_clear_bsy_flag                              /home/ryan/Desktop/libopencm3/libopencm3-examples/libopencm3/lib/libopencm3_stm32f1.a(flash_common_f01.o)
                                                  /home/ryan/Desktop/libopencm3/libopencm3-examples/libopencm3/lib/libopencm3_stm32f1.a(flash.o)
flash_clear_bsy_flag_upper                        /home/ryan/Desktop/libopencm3/libopencm3-examples/libopencm3/lib/libopencm3_stm32f1.a(flash.o)
flash_clear_eop_flag                              /home/ryan/Desktop/libopencm3/libopencm3-examples/libopencm3/lib/libopencm3_stm32f1.a(flash_common_f01.o)
                                                  /home/ryan/Desktop/libopencm3/libopencm3-examples/libopencm3/lib/libopencm3_stm32f1.a(flash.o)
flash_clear_eop_flag_upper                        /home/ryan/Desktop/libopencm3/libopencm3-examples/libopencm3/lib/libopencm3_stm32f1.a(flash.o)
flash_clear_pgerr_flag                            /home/ryan/Desktop/libopencm3/libopencm3-examples/libopencm3/lib/libopencm3_stm32f1.a(flash_common_f01.o)
                                                  /home/ryan/Desktop/libopencm3/libopencm3-examples/libopencm3/lib/libopencm3_stm32f1.a(flash.o)
flash_clear_pgerr_flag_upper                      /home/ryan/Desktop/libopencm3/libopencm3-examples/libopencm3/lib/libopencm3_stm32f1.a(flash.o)
flash_clear_status_flags                          /home/ryan/Desktop/libopencm3/libopencm3-examples/libopencm3/lib/libopencm3_stm32f1.a(flash.o)
flash_clear_wrprterr_flag                         /home/ryan/Desktop/libopencm3/libopencm3-examples/libopencm3/lib/libopencm3_stm32f1.a(flash_common_f01.o)
                                                  /home/ryan/Desktop/libopencm3/libopencm3-examples/libopencm3/lib/libopencm3_stm32f1.a(flash.o)
flash_clear_wrprterr_flag_upper                   /home/ryan/Desktop/libopencm3/libopencm3-examples/libopencm3/lib/libopencm3_stm32f1.a(flash.o)
flash_erase_all_pages                             /home/ryan/Desktop/libopencm3/libopencm3-examples/libopencm3/lib/libopencm3_stm32f1.a(flash.o)
flash_erase_option_bytes                          /home/ryan/Desktop/libopencm3/libopencm3-examples/libopencm3/lib/libopencm3_stm32f1.a(flash_common_f01.o)
flash_erase_page                                  /home/ryan/Desktop/libopencm3/libopencm3-examples/libopencm3/lib/libopencm3_stm32f1.a(flash.o)
flash_get_status_flags                            /home/ryan/Desktop/libopencm3/libopencm3-examples/libopencm3/lib/libopencm3_stm32f1.a(flash.o)
                                                  /home/ryan/Desktop/libopencm3/libopencm3-examples/libopencm3/lib/libopencm3_stm32f1.a(flash_common_f01.o)
flash_halfcycle_disable                           /home/ryan/Desktop/libopencm3/libopencm3-examples/libopencm3/lib/libopencm3_stm32f1.a(flash.o)
flash_halfcycle_enable                            /home/ryan/Desktop/libopencm3/libopencm3-examples/libopencm3/lib/libopencm3_stm32f1.a(flash.o)
flash_isr                                         /home/ryan/Desktop/libopencm3/libopencm3-examples/libopencm3/lib/libopencm3_stm32f1.a(vector.o)
flash_lock                                        /home/ryan/Desktop/libopencm3/libopencm3-examples/libopencm3/lib/libopencm3_stm32f1.a(flash_common_f01.o)
flash_lock_upper                                  /home/ryan/Desktop/libopencm3/libopencm3-examples/libopencm3/lib/libopencm3_stm32f1.a(flash.o)
flash_prefetch_buffer_disable                     /home/ryan/Desktop/libopencm3/libopencm3-examples/libopencm3/lib/libopencm3_stm32f1.a(flash_common_f01.o)
flash_prefetch_buffer_enable                      /home/ryan/Desktop/libopencm3/libopencm3-examples/libopencm3/lib/libopencm3_stm32f1.a(flash_common_f01.o)
flash_program_half_word                           /home/ryan/Desktop/libopencm3/libopencm3-examples/libopencm3/lib/libopencm3_stm32f1.a(flash.o)
                                                  /home/ryan/Desktop/libopencm3/libopencm3-examples/libopencm3/lib/libopencm3_stm32f1.a(flash_common_f01.o)
flash_program_option_bytes                        /home/ryan/Desktop/libopencm3/libopencm3-examples/libopencm3/lib/libopencm3_stm32f1.a(flash_common_f01.o)
flash_program_word                                /home/ryan/Desktop/libopencm3/libopencm3-examples/libopencm3/lib/libopencm3_stm32f1.a(flash_common_f01.o)
flash_set_ws                                      /home/ryan/Desktop/libopencm3/libopencm3-examples/libopencm3/lib/libopencm3_stm32f1.a(flash_common_f01.o)
                                                  /home/ryan/Desktop/libopencm3/libopencm3-examples/libopencm3/lib/libopencm3_stm32f1.a(rcc.o)
flash_unlock                                      /home/ryan/Desktop/libopencm3/libopencm3-examples/libopencm3/lib/libopencm3_stm32f1.a(flash_common_f01.o)
flash_unlock_option_bytes                         /home/ryan/Desktop/libopencm3/libopencm3-examples/libopencm3/lib/libopencm3_stm32f1.a(flash_common_f01.o)
flash_unlock_upper                                /home/ryan/Desktop/libopencm3/libopencm3-examples/libopencm3/lib/libopencm3_stm32f1.a(flash.o)
flash_wait_for_last_operation                     /home/ryan/Desktop/libopencm3/libopencm3-examples/libopencm3/lib/libopencm3_stm32f1.a(flash_common_f01.o)
                                                  /home/ryan/Desktop/libopencm3/libopencm3-examples/libopencm3/lib/libopencm3_stm32f1.a(flash.o)
fsmc_isr                                          /home/ryan/Desktop/libopencm3/libopencm3-examples/libopencm3/lib/libopencm3_stm32f1.a(vector.o)
gpio_clear                                        /home/ryan/Desktop/libopencm3/libopencm3-examples/libopencm3/lib/libopencm3_stm32f1.a(gpio_common_all.o)
                                                  dma.o
gpio_get                                          /home/ryan/Desktop/libopencm3/libopencm3-examples/libopencm3/lib/libopencm3_stm32f1.a(gpio_common_all.o)
gpio_port_config_lock                             /home/ryan/Desktop/libopencm3/libopencm3-examples/libopencm3/lib/libopencm3_stm32f1.a(gpio_common_all.o)
gpio_port_read                                    /home/ryan/Desktop/libopencm3/libopencm3-examples/libopencm3/lib/libopencm3_stm32f1.a(gpio_common_all.o)
gpio_port_write                                   /home/ryan/Desktop/libopencm3/libopencm3-examples/libopencm3/lib/libopencm3_stm32f1.a(gpio_common_all.o)
gpio_primary_remap                                /home/ryan/Desktop/libopencm3/libopencm3-examples/libopencm3/lib/libopencm3_stm32f1.a(gpio.o)
gpio_secondary_remap                              /home/ryan/Desktop/libopencm3/libopencm3-examples/libopencm3/lib/libopencm3_stm32f1.a(gpio.o)
gpio_set                                          /home/ryan/Desktop/libopencm3/libopencm3-examples/libopencm3/lib/libopencm3_stm32f1.a(gpio_common_all.o)
                                                  dma.o
gpio_set_eventout                                 /home/ryan/Desktop/libopencm3/libopencm3-examples/libopencm3/lib/libopencm3_stm32f1.a(gpio.o)
gpio_set_mode                                     /home/ryan/Desktop/libopencm3/libopencm3-examples/libopencm3/lib/libopencm3_stm32f1.a(gpio.o)
                                                  dma.o
gpio_toggle                                       /home/ryan/Desktop/libopencm3/libopencm3-examples/libopencm3/lib/libopencm3_stm32f1.a(gpio_common_all.o)
hard_fault_handler                                /home/ryan/Desktop/libopencm3/libopencm3-examples/libopencm3/lib/libopencm3_stm32f1.a(vector.o)
i2c1_er_isr                                       /home/ryan/Desktop/libopencm3/libopencm3-examples/libopencm3/lib/libopencm3_stm32f1.a(vector.o)
i2c1_ev_isr                                       /home/ryan/Desktop/libopencm3/libopencm3-examples/libopencm3/lib/libopencm3_stm32f1.a(vector.o)
i2c2_er_isr                                       /home/ryan/Desktop/libopencm3/libopencm3-examples/libopencm3/lib/libopencm3_stm32f1.a(vector.o)
i2c2_ev_isr                                       /home/ryan/Desktop/libopencm3/libopencm3-examples/libopencm3/lib/libopencm3_stm32f1.a(vector.o)
main                                              dma.o
                                                  /home/ryan/Desktop/libopencm3/libopencm3-examples/libopencm3/lib/libopencm3_stm32f1.a(vector.o)
mem_manage_handler                                /home/ryan/Desktop/libopencm3/libopencm3-examples/libopencm3/lib/libopencm3_stm32f1.a(vector.o)
nmi_handler                                       /home/ryan/Desktop/libopencm3/libopencm3-examples/libopencm3/lib/libopencm3_stm32f1.a(vector.o)
null_handler                                      /home/ryan/Desktop/libopencm3/libopencm3-examples/libopencm3/lib/libopencm3_stm32f1.a(vector.o)
otg_fs_isr                                        /home/ryan/Desktop/libopencm3/libopencm3-examples/libopencm3/lib/libopencm3_stm32f1.a(vector.o)
pend_sv_handler                                   /home/ryan/Desktop/libopencm3/libopencm3-examples/libopencm3/lib/libopencm3_stm32f1.a(vector.o)
pvd_isr                                           /home/ryan/Desktop/libopencm3/libopencm3-examples/libopencm3/lib/libopencm3_stm32f1.a(vector.o)
rcc_ahb_frequency                                 /home/ryan/Desktop/libopencm3/libopencm3-examples/libopencm3/lib/libopencm3_stm32f1.a(rcc.o)
rcc_apb1_frequency                                /home/ryan/Desktop/libopencm3/libopencm3-examples/libopencm3/lib/libopencm3_stm32f1.a(rcc.o)
                                                  /home/ryan/Desktop/libopencm3/libopencm3-examples/libopencm3/lib/libopencm3_stm32f1.a(usart_common_all.o)
rcc_apb2_frequency                                /home/ryan/Desktop/libopencm3/libopencm3-examples/libopencm3/lib/libopencm3_stm32f1.a(rcc.o)
                                                  /home/ryan/Desktop/libopencm3/libopencm3-examples/libopencm3/lib/libopencm3_stm32f1.a(usart_common_all.o)
rcc_backupdomain_reset                            /home/ryan/Desktop/libopencm3/libopencm3-examples/libopencm3/lib/libopencm3_stm32f1.a(rcc.o)
rcc_clock_setup_in_hse_12mhz_out_72mhz            /home/ryan/Desktop/libopencm3/libopencm3-examples/libopencm3/lib/libopencm3_stm32f1.a(rcc.o)
rcc_clock_setup_in_hse_16mhz_out_72mhz            /home/ryan/Desktop/libopencm3/libopencm3-examples/libopencm3/lib/libopencm3_stm32f1.a(rcc.o)
                                                  dma.o
rcc_clock_setup_in_hse_25mhz_out_72mhz            /home/ryan/Desktop/libopencm3/libopencm3-examples/libopencm3/lib/libopencm3_stm32f1.a(rcc.o)
rcc_clock_setup_in_hse_8mhz_out_24mhz             /home/ryan/Desktop/libopencm3/libopencm3-examples/libopencm3/lib/libopencm3_stm32f1.a(rcc.o)
rcc_clock_setup_in_hse_8mhz_out_72mhz             /home/ryan/Desktop/libopencm3/libopencm3-examples/libopencm3/lib/libopencm3_stm32f1.a(rcc.o)
rcc_clock_setup_in_hsi_out_24mhz                  /home/ryan/Desktop/libopencm3/libopencm3-examples/libopencm3/lib/libopencm3_stm32f1.a(rcc.o)
rcc_clock_setup_in_hsi_out_48mhz                  /home/ryan/Desktop/libopencm3/libopencm3-examples/libopencm3/lib/libopencm3_stm32f1.a(rcc.o)
rcc_clock_setup_in_hsi_out_64mhz                  /home/ryan/Desktop/libopencm3/libopencm3-examples/libopencm3/lib/libopencm3_stm32f1.a(rcc.o)
rcc_css_disable                                   /home/ryan/Desktop/libopencm3/libopencm3-examples/libopencm3/lib/libopencm3_stm32f1.a(rcc.o)
rcc_css_enable                                    /home/ryan/Desktop/libopencm3/libopencm3-examples/libopencm3/lib/libopencm3_stm32f1.a(rcc.o)
rcc_css_int_clear                                 /home/ryan/Desktop/libopencm3/libopencm3-examples/libopencm3/lib/libopencm3_stm32f1.a(rcc.o)
rcc_css_int_flag                                  /home/ryan/Desktop/libopencm3/libopencm3-examples/libopencm3/lib/libopencm3_stm32f1.a(rcc.o)
rcc_enable_rtc_clock                              /home/ryan/Desktop/libopencm3/libopencm3-examples/libopencm3/lib/libopencm3_stm32f1.a(rcc.o)
rcc_is_osc_ready                                  /home/ryan/Desktop/libopencm3/libopencm3-examples/libopencm3/lib/libopencm3_stm32f1.a(rcc.o)
rcc_isr                                           /home/ryan/Desktop/libopencm3/libopencm3-examples/libopencm3/lib/libopencm3_stm32f1.a(vector.o)
rcc_osc_bypass_disable                            /home/ryan/Desktop/libopencm3/libopencm3-examples/libopencm3/lib/libopencm3_stm32f1.a(rcc_common_all.o)
rcc_osc_bypass_enable                             /home/ryan/Desktop/libopencm3/libopencm3-examples/libopencm3/lib/libopencm3_stm32f1.a(rcc_common_all.o)
rcc_osc_off                                       /home/ryan/Desktop/libopencm3/libopencm3-examples/libopencm3/lib/libopencm3_stm32f1.a(rcc.o)
rcc_osc_on                                        /home/ryan/Desktop/libopencm3/libopencm3-examples/libopencm3/lib/libopencm3_stm32f1.a(rcc.o)
rcc_osc_ready_int_clear                           /home/ryan/Desktop/libopencm3/libopencm3-examples/libopencm3/lib/libopencm3_stm32f1.a(rcc.o)
rcc_osc_ready_int_disable                         /home/ryan/Desktop/libopencm3/libopencm3-examples/libopencm3/lib/libopencm3_stm32f1.a(rcc.o)
rcc_osc_ready_int_enable                          /home/ryan/Desktop/libopencm3/libopencm3-examples/libopencm3/lib/libopencm3_stm32f1.a(rcc.o)
rcc_osc_ready_int_flag                            /home/ryan/Desktop/libopencm3/libopencm3-examples/libopencm3/lib/libopencm3_stm32f1.a(rcc.o)
rcc_periph_clock_disable                          /home/ryan/Desktop/libopencm3/libopencm3-examples/libopencm3/lib/libopencm3_stm32f1.a(rcc_common_all.o)
rcc_periph_clock_enable                           /home/ryan/Desktop/libopencm3/libopencm3-examples/libopencm3/lib/libopencm3_stm32f1.a(rcc_common_all.o)
                                                  dma.o
rcc_periph_reset_hold                             /home/ryan/Desktop/libopencm3/libopencm3-examples/libopencm3/lib/libopencm3_stm32f1.a(rcc_common_all.o)
rcc_periph_reset_pulse                            /home/ryan/Desktop/libopencm3/libopencm3-examples/libopencm3/lib/libopencm3_stm32f1.a(rcc_common_all.o)
rcc_periph_reset_release                          /home/ryan/Desktop/libopencm3/libopencm3-examples/libopencm3/lib/libopencm3_stm32f1.a(rcc_common_all.o)
rcc_peripheral_clear_reset                        /home/ryan/Desktop/libopencm3/libopencm3-examples/libopencm3/lib/libopencm3_stm32f1.a(rcc_common_all.o)
rcc_peripheral_disable_clock                      /home/ryan/Desktop/libopencm3/libopencm3-examples/libopencm3/lib/libopencm3_stm32f1.a(rcc_common_all.o)
rcc_peripheral_enable_clock                       /home/ryan/Desktop/libopencm3/libopencm3-examples/libopencm3/lib/libopencm3_stm32f1.a(rcc_common_all.o)
rcc_peripheral_reset                              /home/ryan/Desktop/libopencm3/libopencm3-examples/libopencm3/lib/libopencm3_stm32f1.a(rcc_common_all.o)
rcc_rtc_clock_enabled_flag                        /home/ryan/Desktop/libopencm3/libopencm3-examples/libopencm3/lib/libopencm3_stm32f1.a(rcc.o)
rcc_set_adcpre                                    /home/ryan/Desktop/libopencm3/libopencm3-examples/libopencm3/lib/libopencm3_stm32f1.a(rcc.o)
rcc_set_hpre                                      /home/ryan/Desktop/libopencm3/libopencm3-examples/libopencm3/lib/libopencm3_stm32f1.a(rcc.o)
rcc_set_mco                                       /home/ryan/Desktop/libopencm3/libopencm3-examples/libopencm3/lib/libopencm3_stm32f1.a(rcc_common_all.o)
rcc_set_pll2_multiplication_factor                /home/ryan/Desktop/libopencm3/libopencm3-examples/libopencm3/lib/libopencm3_stm32f1.a(rcc.o)
rcc_set_pll3_multiplication_factor                /home/ryan/Desktop/libopencm3/libopencm3-examples/libopencm3/lib/libopencm3_stm32f1.a(rcc.o)
rcc_set_pll_multiplication_factor                 /home/ryan/Desktop/libopencm3/libopencm3-examples/libopencm3/lib/libopencm3_stm32f1.a(rcc.o)
rcc_set_pll_source                                /home/ryan/Desktop/libopencm3/libopencm3-examples/libopencm3/lib/libopencm3_stm32f1.a(rcc.o)
rcc_set_pllxtpre                                  /home/ryan/Desktop/libopencm3/libopencm3-examples/libopencm3/lib/libopencm3_stm32f1.a(rcc.o)
rcc_set_ppre1                                     /home/ryan/Desktop/libopencm3/libopencm3-examples/libopencm3/lib/libopencm3_stm32f1.a(rcc.o)
rcc_set_ppre2                                     /home/ryan/Desktop/libopencm3/libopencm3-examples/libopencm3/lib/libopencm3_stm32f1.a(rcc.o)
rcc_set_prediv1                                   /home/ryan/Desktop/libopencm3/libopencm3-examples/libopencm3/lib/libopencm3_stm32f1.a(rcc.o)
rcc_set_prediv1_source                            /home/ryan/Desktop/libopencm3/libopencm3-examples/libopencm3/lib/libopencm3_stm32f1.a(rcc.o)
rcc_set_prediv2                                   /home/ryan/Desktop/libopencm3/libopencm3-examples/libopencm3/lib/libopencm3_stm32f1.a(rcc.o)
rcc_set_rtc_clock_source                          /home/ryan/Desktop/libopencm3/libopencm3-examples/libopencm3/lib/libopencm3_stm32f1.a(rcc.o)
rcc_set_sysclk_source                             /home/ryan/Desktop/libopencm3/libopencm3-examples/libopencm3/lib/libopencm3_stm32f1.a(rcc.o)
rcc_set_usbpre                                    /home/ryan/Desktop/libopencm3/libopencm3-examples/libopencm3/lib/libopencm3_stm32f1.a(rcc.o)
rcc_system_clock_source                           /home/ryan/Desktop/libopencm3/libopencm3-examples/libopencm3/lib/libopencm3_stm32f1.a(rcc.o)
rcc_wait_for_osc_ready                            /home/ryan/Desktop/libopencm3/libopencm3-examples/libopencm3/lib/libopencm3_stm32f1.a(rcc.o)
reset_handler                                     /home/ryan/Desktop/libopencm3/libopencm3-examples/libopencm3/lib/libopencm3_stm32f1.a(vector.o)
rtc_alarm_isr                                     /home/ryan/Desktop/libopencm3/libopencm3-examples/libopencm3/lib/libopencm3_stm32f1.a(vector.o)
rtc_isr                                           /home/ryan/Desktop/libopencm3/libopencm3-examples/libopencm3/lib/libopencm3_stm32f1.a(vector.o)
sdio_isr                                          /home/ryan/Desktop/libopencm3/libopencm3-examples/libopencm3/lib/libopencm3_stm32f1.a(vector.o)
spi1_isr                                          /home/ryan/Desktop/libopencm3/libopencm3-examples/libopencm3/lib/libopencm3_stm32f1.a(vector.o)
spi2_isr                                          /home/ryan/Desktop/libopencm3/libopencm3-examples/libopencm3/lib/libopencm3_stm32f1.a(vector.o)
spi3_isr                                          /home/ryan/Desktop/libopencm3/libopencm3-examples/libopencm3/lib/libopencm3_stm32f1.a(vector.o)
sv_call_handler                                   /home/ryan/Desktop/libopencm3/libopencm3-examples/libopencm3/lib/libopencm3_stm32f1.a(vector.o)
sys_tick_handler                                  /home/ryan/Desktop/libopencm3/libopencm3-examples/libopencm3/lib/libopencm3_stm32f1.a(vector.o)
tamper_isr                                        /home/ryan/Desktop/libopencm3/libopencm3-examples/libopencm3/lib/libopencm3_stm32f1.a(vector.o)
tim1_brk_isr                                      /home/ryan/Desktop/libopencm3/libopencm3-examples/libopencm3/lib/libopencm3_stm32f1.a(vector.o)
tim1_cc_isr                                       /home/ryan/Desktop/libopencm3/libopencm3-examples/libopencm3/lib/libopencm3_stm32f1.a(vector.o)
tim1_trg_com_isr                                  /home/ryan/Desktop/libopencm3/libopencm3-examples/libopencm3/lib/libopencm3_stm32f1.a(vector.o)
tim1_up_isr                                       /home/ryan/Desktop/libopencm3/libopencm3-examples/libopencm3/lib/libopencm3_stm32f1.a(vector.o)
tim2_isr                                          /home/ryan/Desktop/libopencm3/libopencm3-examples/libopencm3/lib/libopencm3_stm32f1.a(vector.o)
tim3_isr                                          /home/ryan/Desktop/libopencm3/libopencm3-examples/libopencm3/lib/libopencm3_stm32f1.a(vector.o)
tim4_isr                                          /home/ryan/Desktop/libopencm3/libopencm3-examples/libopencm3/lib/libopencm3_stm32f1.a(vector.o)
tim5_isr                                          /home/ryan/Desktop/libopencm3/libopencm3-examples/libopencm3/lib/libopencm3_stm32f1.a(vector.o)
tim6_isr                                          /home/ryan/Desktop/libopencm3/libopencm3-examples/libopencm3/lib/libopencm3_stm32f1.a(vector.o)
tim7_isr                                          /home/ryan/Desktop/libopencm3/libopencm3-examples/libopencm3/lib/libopencm3_stm32f1.a(vector.o)
tim8_brk_isr                                      /home/ryan/Desktop/libopencm3/libopencm3-examples/libopencm3/lib/libopencm3_stm32f1.a(vector.o)
tim8_cc_isr                                       /home/ryan/Desktop/libopencm3/libopencm3-examples/libopencm3/lib/libopencm3_stm32f1.a(vector.o)
tim8_trg_com_isr                                  /home/ryan/Desktop/libopencm3/libopencm3-examples/libopencm3/lib/libopencm3_stm32f1.a(vector.o)
tim8_up_isr                                       /home/ryan/Desktop/libopencm3/libopencm3-examples/libopencm3/lib/libopencm3_stm32f1.a(vector.o)
uart4_isr                                         /home/ryan/Desktop/libopencm3/libopencm3-examples/libopencm3/lib/libopencm3_stm32f1.a(vector.o)
uart5_isr                                         /home/ryan/Desktop/libopencm3/libopencm3-examples/libopencm3/lib/libopencm3_stm32f1.a(vector.o)
usage_fault_handler                               /home/ryan/Desktop/libopencm3/libopencm3-examples/libopencm3/lib/libopencm3_stm32f1.a(vector.o)
usart1_isr                                        /home/ryan/Desktop/libopencm3/libopencm3-examples/libopencm3/lib/libopencm3_stm32f1.a(vector.o)
usart2_isr                                        /home/ryan/Desktop/libopencm3/libopencm3-examples/libopencm3/lib/libopencm3_stm32f1.a(vector.o)
usart3_isr                                        /home/ryan/Desktop/libopencm3/libopencm3-examples/libopencm3/lib/libopencm3_stm32f1.a(vector.o)
usart_disable                                     /home/ryan/Desktop/libopencm3/libopencm3-examples/libopencm3/lib/libopencm3_stm32f1.a(usart_common_all.o)
usart_disable_error_interrupt                     /home/ryan/Desktop/libopencm3/libopencm3-examples/libopencm3/lib/libopencm3_stm32f1.a(usart_common_all.o)
usart_disable_rx_dma                              /home/ryan/Desktop/libopencm3/libopencm3-examples/libopencm3/lib/libopencm3_stm32f1.a(usart_common_all.o)
usart_disable_rx_interrupt                        /home/ryan/Desktop/libopencm3/libopencm3-examples/libopencm3/lib/libopencm3_stm32f1.a(usart_common_all.o)
usart_disable_tx_dma                              /home/ryan/Desktop/libopencm3/libopencm3-examples/libopencm3/lib/libopencm3_stm32f1.a(usart_common_all.o)
usart_disable_tx_interrupt                        /home/ryan/Desktop/libopencm3/libopencm3-examples/libopencm3/lib/libopencm3_stm32f1.a(usart_common_all.o)
usart_enable                                      /home/ryan/Desktop/libopencm3/libopencm3-examples/libopencm3/lib/libopencm3_stm32f1.a(usart_common_all.o)
                                                  dma.o
usart_enable_error_interrupt                      /home/ryan/Desktop/libopencm3/libopencm3-examples/libopencm3/lib/libopencm3_stm32f1.a(usart_common_all.o)
usart_enable_rx_dma                               /home/ryan/Desktop/libopencm3/libopencm3-examples/libopencm3/lib/libopencm3_stm32f1.a(usart_common_all.o)
usart_enable_rx_interrupt                         /home/ryan/Desktop/libopencm3/libopencm3-examples/libopencm3/lib/libopencm3_stm32f1.a(usart_common_all.o)
usart_enable_tx_dma                               /home/ryan/Desktop/libopencm3/libopencm3-examples/libopencm3/lib/libopencm3_stm32f1.a(usart_common_all.o)
usart_enable_tx_interrupt                         /home/ryan/Desktop/libopencm3/libopencm3-examples/libopencm3/lib/libopencm3_stm32f1.a(usart_common_all.o)
usart_get_flag                                    /home/ryan/Desktop/libopencm3/libopencm3-examples/libopencm3/lib/libopencm3_stm32f1.a(usart_common_f124.o)
usart_recv                                        /home/ryan/Desktop/libopencm3/libopencm3-examples/libopencm3/lib/libopencm3_stm32f1.a(usart_common_f124.o)
                                                  /home/ryan/Desktop/libopencm3/libopencm3-examples/libopencm3/lib/libopencm3_stm32f1.a(usart_common_all.o)
usart_recv_blocking                               /home/ryan/Desktop/libopencm3/libopencm3-examples/libopencm3/lib/libopencm3_stm32f1.a(usart_common_all.o)
usart_send                                        /home/ryan/Desktop/libopencm3/libopencm3-examples/libopencm3/lib/libopencm3_stm32f1.a(usart_common_f124.o)
                                                  /home/ryan/Desktop/libopencm3/libopencm3-examples/libopencm3/lib/libopencm3_stm32f1.a(usart_common_all.o)
                                                  dma.o
usart_send_blocking                               /home/ryan/Desktop/libopencm3/libopencm3-examples/libopencm3/lib/libopencm3_stm32f1.a(usart_common_all.o)
usart_set_baudrate                                /home/ryan/Desktop/libopencm3/libopencm3-examples/libopencm3/lib/libopencm3_stm32f1.a(usart_common_all.o)
                                                  dma.o
usart_set_databits                                /home/ryan/Desktop/libopencm3/libopencm3-examples/libopencm3/lib/libopencm3_stm32f1.a(usart_common_all.o)
                                                  dma.o
usart_set_flow_control                            /home/ryan/Desktop/libopencm3/libopencm3-examples/libopencm3/lib/libopencm3_stm32f1.a(usart_common_all.o)
                                                  dma.o
usart_set_mode                                    /home/ryan/Desktop/libopencm3/libopencm3-examples/libopencm3/lib/libopencm3_stm32f1.a(usart_common_all.o)
                                                  dma.o
usart_set_parity                                  /home/ryan/Desktop/libopencm3/libopencm3-examples/libopencm3/lib/libopencm3_stm32f1.a(usart_common_all.o)
                                                  dma.o
usart_set_stopbits                                /home/ryan/Desktop/libopencm3/libopencm3-examples/libopencm3/lib/libopencm3_stm32f1.a(usart_common_all.o)
                                                  dma.o
usart_wait_recv_ready                             /home/ryan/Desktop/libopencm3/libopencm3-examples/libopencm3/lib/libopencm3_stm32f1.a(usart_common_f124.o)
                                                  /home/ryan/Desktop/libopencm3/libopencm3-examples/libopencm3/lib/libopencm3_stm32f1.a(usart_common_all.o)
usart_wait_send_ready                             /home/ryan/Desktop/libopencm3/libopencm3-examples/libopencm3/lib/libopencm3_stm32f1.a(usart_common_f124.o)
                                                  /home/ryan/Desktop/libopencm3/libopencm3-examples/libopencm3/lib/libopencm3_stm32f1.a(usart_common_all.o)
usb_hp_can_tx_isr                                 /home/ryan/Desktop/libopencm3/libopencm3-examples/libopencm3/lib/libopencm3_stm32f1.a(vector.o)
usb_lp_can_rx0_isr                                /home/ryan/Desktop/libopencm3/libopencm3-examples/libopencm3/lib/libopencm3_stm32f1.a(vector.o)
usb_wakeup_isr                                    /home/ryan/Desktop/libopencm3/libopencm3-examples/libopencm3/lib/libopencm3_stm32f1.a(vector.o)
vector_table                                      /home/ryan/Desktop/libopencm3/libopencm3-examples/libopencm3/lib/libopencm3_stm32f1.a(vector.o)
wwdg_isr                                          /home/ryan/Desktop/libopencm3/libopencm3-examples/libopencm3/lib/libopencm3_stm32f1.a(vector.o)
