Archive member included to satisfy reference by file (symbol)

/home/ryan/Desktop/libopencm3/libopencm3-examples/libopencm3/lib/libopencm3_stm32f4.a(rcc.o)
                              clock.o (rcc_clock_setup_hse_3v3)
/home/ryan/Desktop/libopencm3/libopencm3-examples/libopencm3/lib/libopencm3_stm32f4.a(gpio_common_f0234.o)
                              usart_irq_console.o (gpio_mode_setup)
/home/ryan/Desktop/libopencm3/libopencm3-examples/libopencm3/lib/libopencm3_stm32f4.a(usart_common_all.o)
                              usart_irq_console.o (usart_set_baudrate)
/home/ryan/Desktop/libopencm3/libopencm3-examples/libopencm3/lib/libopencm3_stm32f4.a(usart_common_f124.o)
                              /home/ryan/Desktop/libopencm3/libopencm3-examples/libopencm3/lib/libopencm3_stm32f4.a(usart_common_all.o) (usart_send)
/home/ryan/Desktop/libopencm3/libopencm3-examples/libopencm3/lib/libopencm3_stm32f4.a(flash_common_f234.o)
                              /home/ryan/Desktop/libopencm3/libopencm3-examples/libopencm3/lib/libopencm3_stm32f4.a(rcc.o) (flash_set_ws)
/home/ryan/Desktop/libopencm3/libopencm3-examples/libopencm3/lib/libopencm3_stm32f4.a(rcc_common_all.o)
                              usart_irq_console.o (rcc_periph_clock_enable)
/home/ryan/Desktop/libopencm3/libopencm3-examples/libopencm3/lib/libopencm3_stm32f4.a(vector.o)
                              (reset_handler)
/home/ryan/Desktop/libopencm3/libopencm3-examples/libopencm3/lib/libopencm3_stm32f4.a(systick.o)
                              clock.o (systick_set_reload)
/home/ryan/Desktop/libopencm3/libopencm3-examples/libopencm3/lib/libopencm3_stm32f4.a(nvic.o)
                              usart_irq_console.o (nvic_enable_irq)
/home/ryan/Desktop/libopencm3/libopencm3-examples/libopencm3/lib/libopencm3_stm32f4.a(pwr.o)
                              /home/ryan/Desktop/libopencm3/libopencm3-examples/libopencm3/lib/libopencm3_stm32f4.a(rcc.o) (pwr_set_vos_scale)
/usr/lib/gcc/arm-none-eabi/5.4.1/../../../arm-none-eabi/lib/armv7e-m/fpu/libc.a(lib_a-setjmp.o)
                              usart_irq_console.o (setjmp)

Discarded input sections

 .group         0x0000000000000000        0x8 clock.o
 .group         0x0000000000000000        0x8 clock.o
 .group         0x0000000000000000        0x8 clock.o
 .group         0x0000000000000000        0x8 clock.o
 .group         0x0000000000000000        0x8 clock.o
 .group         0x0000000000000000        0x8 clock.o
 .group         0x0000000000000000        0x8 clock.o
 .group         0x0000000000000000        0x8 clock.o
 .group         0x0000000000000000        0x8 clock.o
 .group         0x0000000000000000        0x8 clock.o
 .group         0x0000000000000000        0x8 clock.o
 .group         0x0000000000000000        0x8 clock.o
 .group         0x0000000000000000        0x8 clock.o
 .group         0x0000000000000000        0x8 clock.o
 .group         0x0000000000000000        0x8 clock.o
 .text          0x0000000000000000        0x0 clock.o
 .data          0x0000000000000000        0x0 clock.o
 .bss           0x0000000000000000        0x0 clock.o
 .text.mtime    0x0000000000000000        0xc clock.o
 .group         0x0000000000000000        0x8 usart_irq_console.o
 .group         0x0000000000000000        0x8 usart_irq_console.o
 .group         0x0000000000000000        0x8 usart_irq_console.o
 .group         0x0000000000000000        0x8 usart_irq_console.o
 .group         0x0000000000000000        0x8 usart_irq_console.o
 .group         0x0000000000000000        0x8 usart_irq_console.o
 .group         0x0000000000000000        0x8 usart_irq_console.o
 .group         0x0000000000000000        0x8 usart_irq_console.o
 .group         0x0000000000000000        0x8 usart_irq_console.o
 .group         0x0000000000000000        0x8 usart_irq_console.o
 .group         0x0000000000000000        0x8 usart_irq_console.o
 .group         0x0000000000000000        0x8 usart_irq_console.o
 .group         0x0000000000000000        0x8 usart_irq_console.o
 .group         0x0000000000000000        0x8 usart_irq_console.o
 .group         0x0000000000000000        0x8 usart_irq_console.o
 .group         0x0000000000000000        0x8 usart_irq_console.o
 .group         0x0000000000000000        0x8 usart_irq_console.o
 .group         0x0000000000000000        0x8 usart_irq_console.o
 .group         0x0000000000000000        0x8 usart_irq_console.o
 .group         0x0000000000000000        0x8 usart_irq_console.o
 .group         0x0000000000000000        0x8 usart_irq_console.o
 .group         0x0000000000000000        0x8 usart_irq_console.o
 .group         0x0000000000000000        0x8 usart_irq_console.o
 .group         0x0000000000000000        0x8 usart_irq_console.o
 .group         0x0000000000000000        0x8 usart_irq_console.o
 .group         0x0000000000000000        0x8 usart_irq_console.o
 .text          0x0000000000000000        0x0 usart_irq_console.o
[...]
Memory Configuration

Name             Origin             Length             Attributes
rom              0x0000000008000000 0x0000000000200000 xr
ram              0x0000000020000000 0x0000000000020000 xrw
*default*        0x0000000000000000 0xffffffffffffffff

Linker script and memory map

LOAD clock.o
LOAD usart_irq_console.o
LOAD /home/ryan/Desktop/libopencm3/libopencm3-examples/libopencm3/lib/libopencm3_stm32f4.a
START GROUP
LOAD /usr/lib/gcc/arm-none-eabi/5.4.1/../../../arm-none-eabi/lib/armv7e-m/fpu/libc.a
LOAD /usr/lib/gcc/arm-none-eabi/5.4.1/armv7e-m/fpu/libgcc.a
LOAD /usr/lib/gcc/arm-none-eabi/5.4.1/../../../arm-none-eabi/lib/armv7e-m/fpu/libnosys.a
END GROUP
START GROUP
LOAD /usr/lib/gcc/arm-none-eabi/5.4.1/armv7e-m/fpu/libgcc.a
LOAD /usr/lib/gcc/arm-none-eabi/5.4.1/../../../arm-none-eabi/lib/armv7e-m/fpu/libg.a
LOAD /usr/lib/gcc/arm-none-eabi/5.4.1/../../../arm-none-eabi/lib/armv7e-m/fpu/libc.a
END GROUP

.text           0x0000000008000000      0xaf0
 *(.vectors)
 .vectors       0x0000000008000000      0x1ac /home/ryan/Desktop/libopencm3/libopencm3-examples/libopencm3/lib/libopencm3_stm32f4.a(vector.o)
                0x0000000008000000                vector_table
 *(.text*)
 .text.sys_tick_handler
                0x00000000080001ac       0x10 clock.o
                0x00000000080001ac                sys_tick_handler
 .text.msleep   0x00000000080001bc       0x14 clock.o
                0x00000000080001bc                msleep
 .text.clock_setup
                0x00000000080001d0       0x28 clock.o
                0x00000000080001d0                clock_setup
 .text.do_the_nasty
                0x00000000080001f8       0x10 usart_irq_console.o
 .text.usart1_isr
                0x0000000008000208       0x6c usart_irq_console.o
                0x0000000008000208                usart1_isr
 .text.console_putc
                0x0000000008000274       0x18 usart_irq_console.o
                0x0000000008000274                console_putc
 .text.console_getc
                0x000000000800028c       0x54 usart_irq_console.o
                0x000000000800028c                console_getc
 .text.console_puts
                0x00000000080002e0       0x1e usart_irq_console.o
                0x00000000080002e0                console_puts
 *fill*         0x00000000080002fe        0x2 
 .text.console_gets
                0x0000000008000300       0x4c usart_irq_console.o
                0x0000000008000300                console_gets
 .text.countdown
                0x000000000800034c       0x68 usart_irq_console.o
                0x000000000800034c                countdown
 .text.startup.main
                0x00000000080003b4      0x120 usart_irq_console.o
                0x00000000080003b4                main
 .text.rcc_is_osc_ready
                0x00000000080004d4       0x5c /home/ryan/Desktop/libopencm3/libopencm3-examples/libopencm3/lib/libopencm3_stm32f4.a(rcc.o)
                0x00000000080004d4                rcc_is_osc_ready
 .text.rcc_wait_for_osc_ready
                0x0000000008000530       0x10 /home/ryan/Desktop/libopencm3/libopencm3-examples/libopencm3/lib/libopencm3_stm32f4.a(rcc.o)
                0x0000000008000530                rcc_wait_for_osc_ready
 .text.rcc_osc_on
                0x0000000008000540       0x58 /home/ryan/Desktop/libopencm3/libopencm3-examples/libopencm3/lib/libopencm3_stm32f4.a(rcc.o)
                0x0000000008000540                rcc_osc_on
 .text.rcc_osc_off
                0x0000000008000598       0x58 /home/ryan/Desktop/libopencm3/libopencm3-examples/libopencm3/lib/libopencm3_stm32f4.a(rcc.o)
                0x0000000008000598                rcc_osc_off
 .text.rcc_set_sysclk_source
                0x00000000080005f0       0x14 /home/ryan/Desktop/libopencm3/libopencm3-examples/libopencm3/lib/libopencm3_stm32f4.a(rcc.o)
                0x00000000080005f0                rcc_set_sysclk_source
 .text.rcc_set_ppre2
                0x0000000008000604       0x14 /home/ryan/Desktop/libopencm3/libopencm3-examples/libopencm3/lib/libopencm3_stm32f4.a(rcc.o)
                0x0000000008000604                rcc_set_ppre2
 .text.rcc_set_ppre1
                0x0000000008000618       0x14 /home/ryan/Desktop/libopencm3/libopencm3-examples/libopencm3/lib/libopencm3_stm32f4.a(rcc.o)
                0x0000000008000618                rcc_set_ppre1
 .text.rcc_set_hpre
                0x000000000800062c       0x14 /home/ryan/Desktop/libopencm3/libopencm3-examples/libopencm3/lib/libopencm3_stm32f4.a(rcc.o)
                0x000000000800062c                rcc_set_hpre
 .text.rcc_set_main_pll_hse
                0x0000000008000640       0x48 /home/ryan/Desktop/libopencm3/libopencm3-examples/libopencm3/lib/libopencm3_stm32f4.a(rcc.o)
                0x0000000008000640                rcc_set_main_pll_hse
 .text.rcc_clock_setup_hse_3v3
                0x0000000008000688       0xa8 /home/ryan/Desktop/libopencm3/libopencm3-examples/libopencm3/lib/libopencm3_stm32f4.a(rcc.o)
                0x0000000008000688                rcc_clock_setup_hse_3v3
 .text.gpio_mode_setup
                0x0000000008000730       0x44 /home/ryan/Desktop/libopencm3/libopencm3-examples/libopencm3/lib/libopencm3_stm32f4.a(gpio_common_f0234.o)
                0x0000000008000730                gpio_mode_setup
 .text.gpio_set_af
                0x0000000008000774       0x58 /home/ryan/Desktop/libopencm3/libopencm3-examples/libopencm3/lib/libopencm3_stm32f4.a(gpio_common_f0234.o)
                0x0000000008000774                gpio_set_af
 .text.usart_set_baudrate
                0x00000000080007cc       0x30 /home/ryan/Desktop/libopencm3/libopencm3-examples/libopencm3/lib/libopencm3_stm32f4.a(usart_common_all.o)
                0x00000000080007cc                usart_set_baudrate
 .text.usart_set_databits
                0x00000000080007fc       0x12 /home/ryan/Desktop/libopencm3/libopencm3-examples/libopencm3/lib/libopencm3_stm32f4.a(usart_common_all.o)
                0x00000000080007fc                usart_set_databits
 .text.usart_set_stopbits
                0x000000000800080e        0xc /home/ryan/Desktop/libopencm3/libopencm3-examples/libopencm3/lib/libopencm3_stm32f4.a(usart_common_all.o)
                0x000000000800080e                usart_set_stopbits
 .text.usart_set_parity
                0x000000000800081a        0xc /home/ryan/Desktop/libopencm3/libopencm3-examples/libopencm3/lib/libopencm3_stm32f4.a(usart_common_all.o)
                0x000000000800081a                usart_set_parity
 .text.usart_set_mode
                0x0000000008000826        0xc /home/ryan/Desktop/libopencm3/libopencm3-examples/libopencm3/lib/libopencm3_stm32f4.a(usart_common_all.o)
                0x0000000008000826                usart_set_mode
 .text.usart_set_flow_control
                0x0000000008000832        0xc /home/ryan/Desktop/libopencm3/libopencm3-examples/libopencm3/lib/libopencm3_stm32f4.a(usart_common_all.o)
                0x0000000008000832                usart_set_flow_control
 .text.usart_enable
                0x000000000800083e        0xa /home/ryan/Desktop/libopencm3/libopencm3-examples/libopencm3/lib/libopencm3_stm32f4.a(usart_common_all.o)
                0x000000000800083e                usart_enable
 .text.usart_enable_rx_interrupt
                0x0000000008000848        0xa /home/ryan/Desktop/libopencm3/libopencm3-examples/libopencm3/lib/libopencm3_stm32f4.a(usart_common_all.o)
                0x0000000008000848                usart_enable_rx_interrupt
 *fill*         0x0000000008000852        0x2 
 .text.flash_set_ws
                0x0000000008000854       0x14 /home/ryan/Desktop/libopencm3/libopencm3-examples/libopencm3/lib/libopencm3_stm32f4.a(flash_common_f234.o)
                0x0000000008000854                flash_set_ws
 .text.rcc_periph_clock_enable
                0x0000000008000868       0x1c /home/ryan/Desktop/libopencm3/libopencm3-examples/libopencm3/lib/libopencm3_stm32f4.a(rcc_common_all.o)
                0x0000000008000868                rcc_periph_clock_enable
 .text.blocking_handler
                0x0000000008000884        0x2 /home/ryan/Desktop/libopencm3/libopencm3-examples/libopencm3/lib/libopencm3_stm32f4.a(vector.o)
                0x0000000008000884                dma2_stream1_isr
                0x0000000008000884                tim8_brk_tim12_isr
                0x0000000008000884                dma1_stream7_isr
                0x0000000008000884                usart3_isr
                0x0000000008000884                tim7_isr
                0x0000000008000884                dma2d_isr
                0x0000000008000884                uart8_isr
                0x0000000008000884                dma1_stream2_isr
                0x0000000008000884                otg_hs_isr
                0x0000000008000884                blocking_handler
                0x0000000008000884                tim5_isr
                0x0000000008000884                rtc_wkup_isr
                0x0000000008000884                otg_fs_isr
                0x0000000008000884                spi1_isr
                0x0000000008000884                i2c3_er_isr
                0x0000000008000884                exti2_isr
                0x0000000008000884                spi5_isr
                0x0000000008000884                usb_fs_wkup_isr
                0x0000000008000884                tamp_stamp_isr
                0x0000000008000884                can1_rx1_isr
                0x0000000008000884                dma2_stream0_isr
                0x0000000008000884                i2c3_ev_isr
                0x0000000008000884                usage_fault_handler
                0x0000000008000884                can2_rx0_isr
                0x0000000008000884                dma1_stream6_isr
                0x0000000008000884                can2_rx1_isr
                0x0000000008000884                can1_sce_isr
                0x0000000008000884                tim1_cc_isr
                0x0000000008000884                can1_tx_isr
                0x0000000008000884                tim1_up_tim10_isr
                0x0000000008000884                sdio_isr
                0x0000000008000884                eth_isr
                0x0000000008000884                spi6_isr
                0x0000000008000884                dma2_stream5_isr
                0x0000000008000884                pvd_isr
                0x0000000008000884                can1_rx0_isr
                0x0000000008000884                rcc_isr
                0x0000000008000884                dma2_stream3_isr
                0x0000000008000884                flash_isr
                0x0000000008000884                uart4_isr
                0x0000000008000884                lcd_tft_isr
                0x0000000008000884                rtc_alarm_isr
                0x0000000008000884                exti15_10_isr
                0x0000000008000884                hash_rng_isr
                0x0000000008000884                tim1_trg_com_tim11_isr
                0x0000000008000884                hard_fault_handler
                0x0000000008000884                exti1_isr
                0x0000000008000884                i2c1_ev_isr
                0x0000000008000884                usart6_isr
                0x0000000008000884                spi2_isr
                0x0000000008000884                cryp_isr
                0x0000000008000884                nvic_wwdg_isr
                0x0000000008000884                dma1_stream1_isr
                0x0000000008000884                dma2_stream4_isr
                0x0000000008000884                exti3_isr
                0x0000000008000884                tim3_isr
                0x0000000008000884                usart2_isr
                0x0000000008000884                sai1_isr
                0x0000000008000884                fpu_isr
                0x0000000008000884                dma1_stream4_isr
                0x0000000008000884                i2c2_er_isr
                0x0000000008000884                i2c2_ev_isr
                0x0000000008000884                uart5_isr
                0x0000000008000884                dma2_stream6_isr
                0x0000000008000884                spi4_isr
                0x0000000008000884                adc_isr
                0x0000000008000884                dma2_stream7_isr
                0x0000000008000884                tim8_up_tim13_isr
                0x0000000008000884                fsmc_isr
                0x0000000008000884                exti4_isr
                0x0000000008000884                tim6_dac_isr
                0x0000000008000884                dma1_stream3_isr
                0x0000000008000884                tim8_trg_com_tim14_isr
                0x0000000008000884                mem_manage_handler
                0x0000000008000884                lcd_tft_err_isr
                0x0000000008000884                can2_tx_isr
                0x0000000008000884                exti9_5_isr
                0x0000000008000884                tim1_brk_tim9_isr
                0x0000000008000884                uart7_isr
                0x0000000008000884                can2_sce_isr
                0x0000000008000884                tim4_isr
                0x0000000008000884                otg_hs_wkup_isr
                0x0000000008000884                i2c1_er_isr
                0x0000000008000884                dma1_stream0_isr
                0x0000000008000884                tim8_cc_isr
                0x0000000008000884                dcmi_isr
                0x0000000008000884                dma2_stream2_isr
                0x0000000008000884                eth_wkup_isr
                0x0000000008000884                bus_fault_handler
                0x0000000008000884                otg_hs_ep1_out_isr
                0x0000000008000884                spi3_isr
                0x0000000008000884                dma1_stream5_isr
                0x0000000008000884                otg_hs_ep1_in_isr
                0x0000000008000884                tim2_isr
                0x0000000008000884                exti0_isr
 .text.null_handler
                0x0000000008000886        0x2 /home/ryan/Desktop/libopencm3/libopencm3-examples/libopencm3/lib/libopencm3_stm32f4.a(vector.o)
                0x0000000008000886                null_handler
                0x0000000008000886                sv_call_handler
                0x0000000008000886                pend_sv_handler
                0x0000000008000886                debug_monitor_handler
                0x0000000008000886                nmi_handler
 .text.reset_handler
                0x0000000008000888       0x98 /home/ryan/Desktop/libopencm3/libopencm3-examples/libopencm3/lib/libopencm3_stm32f4.a(vector.o)
                0x0000000008000888                reset_handler
 .text.systick_set_reload
                0x0000000008000920       0x10 /home/ryan/Desktop/libopencm3/libopencm3-examples/libopencm3/lib/libopencm3_stm32f4.a(systick.o)
                0x0000000008000920                systick_set_reload
 .text.systick_set_clocksource
                0x0000000008000930       0x18 /home/ryan/Desktop/libopencm3/libopencm3-examples/libopencm3/lib/libopencm3_stm32f4.a(systick.o)
                0x0000000008000930                systick_set_clocksource
 .text.systick_interrupt_enable
                0x0000000008000948       0x10 /home/ryan/Desktop/libopencm3/libopencm3-examples/libopencm3/lib/libopencm3_stm32f4.a(systick.o)
                0x0000000008000948                systick_interrupt_enable
 .text.systick_counter_enable
                0x0000000008000958       0x10 /home/ryan/Desktop/libopencm3/libopencm3-examples/libopencm3/lib/libopencm3_stm32f4.a(systick.o)
                0x0000000008000958                systick_counter_enable
 .text.nvic_enable_irq
                0x0000000008000968       0x1c /home/ryan/Desktop/libopencm3/libopencm3-examples/libopencm3/lib/libopencm3_stm32f4.a(nvic.o)
                0x0000000008000968                nvic_enable_irq
 .text.pwr_set_vos_scale
                0x0000000008000984       0x20 /home/ryan/Desktop/libopencm3/libopencm3-examples/libopencm3/lib/libopencm3_stm32f4.a(pwr.o)
                0x0000000008000984                pwr_set_vos_scale
 .text          0x00000000080009a4       0x1c /usr/lib/gcc/arm-none-eabi/5.4.1/../../../arm-none-eabi/lib/armv7e-m/fpu/libc.a(lib_a-setjmp.o)
                0x00000000080009a4                setjmp
                0x00000000080009b0                longjmp
                0x00000000080009c0                . = ALIGN (0x4)
 *(.rodata*)
 .rodata.str1.1
                0x00000000080009c0       0xbf usart_irq_console.o
                                         0xc1 (size before relaxing)
 *fill*         0x0000000008000a7f        0x1 
 .rodata.rcc_hse_8mhz_3v3
                0x0000000008000a80       0x70 /home/ryan/Desktop/libopencm3/libopencm3-examples/libopencm3/lib/libopencm3_stm32f4.a(rcc.o)
                0x0000000008000a80                rcc_hse_8mhz_3v3
                0x0000000008000af0                . = ALIGN (0x4)

.glue_7         0x0000000008000af0        0x0
 .glue_7        0x0000000008000af0        0x0 linker stubs

.glue_7t        0x0000000008000af0        0x0
 .glue_7t       0x0000000008000af0        0x0 linker stubs

.vfp11_veneer   0x0000000008000af0        0x0
 .vfp11_veneer  0x0000000008000af0        0x0 linker stubs

.v4_bx          0x0000000008000af0        0x0
 .v4_bx         0x0000000008000af0        0x0 linker stubs

.iplt           0x0000000008000af0        0x0
 .iplt          0x0000000008000af0        0x0 clock.o

.rel.dyn        0x0000000008000af0        0x0
 .rel.iplt      0x0000000008000af0        0x0 clock.o

.preinit_array  0x0000000008000af0        0x0
                0x0000000008000af0                . = ALIGN (0x4)
                0x0000000008000af0                __preinit_array_start = .
 *(.preinit_array)
                0x0000000008000af0                __preinit_array_end = .

.init_array     0x0000000008000af0        0x0
                0x0000000008000af0                . = ALIGN (0x4)
                0x0000000008000af0                __init_array_start = .
 *(SORT(.init_array.*))
 *(.init_array)
                0x0000000008000af0                __init_array_end = .

.fini_array     0x0000000008000af0        0x0
                0x0000000008000af0                . = ALIGN (0x4)
                0x0000000008000af0                __fini_array_start = .
 *(.fini_array)
 *(SORT(.fini_array.*))
                0x0000000008000af0                __fini_array_end = .

.ARM.extab
 *(.ARM.extab*)

.ARM.exidx      0x0000000008000af0        0x0
                0x0000000008000af0                __exidx_start = .
 *(.ARM.exidx*)
                0x0000000008000af0                __exidx_end = .
                0x0000000008000af0                . = ALIGN (0x4)
                0x0000000008000af0                _etext = .

.data           0x0000000020000000        0xc load address 0x0000000008000af0
                0x0000000020000000                _data = .
 *(.data*)
 .data.rcc_ahb_frequency
                0x0000000020000000        0x4 /home/ryan/Desktop/libopencm3/libopencm3-examples/libopencm3/lib/libopencm3_stm32f4.a(rcc.o)
                0x0000000020000000                rcc_ahb_frequency
 .data.rcc_apb1_frequency
                0x0000000020000004        0x4 /home/ryan/Desktop/libopencm3/libopencm3-examples/libopencm3/lib/libopencm3_stm32f4.a(rcc.o)
                0x0000000020000004                rcc_apb1_frequency
 .data.rcc_apb2_frequency
                0x0000000020000008        0x4 /home/ryan/Desktop/libopencm3/libopencm3-examples/libopencm3/lib/libopencm3_stm32f4.a(rcc.o)
                0x0000000020000008                rcc_apb2_frequency
                0x000000002000000c                . = ALIGN (0x4)
                0x000000002000000c                _edata = .
                0x0000000008000af0                _data_loadaddr = LOADADDR (.data)

.igot.plt       0x000000002000000c        0x0 load address 0x0000000008000afc
 .igot.plt      0x000000002000000c        0x0 clock.o

.bss            0x000000002000000c       0xe8 load address 0x0000000008000afc
 *(.bss*)
 .bss.system_millis
                0x000000002000000c        0x4 clock.o
 .bss.recv_ndx_cur
                0x0000000020000010        0x4 usart_irq_console.o
                0x0000000020000010                recv_ndx_cur
 .bss.recv_buf  0x0000000020000014       0x80 usart_irq_console.o
                0x0000000020000014                recv_buf
 .bss.jump_buf  0x0000000020000094       0x5c usart_irq_console.o
                0x0000000020000094                jump_buf
 .bss.recv_ndx_nxt
                0x00000000200000f0        0x4 usart_irq_console.o
                0x00000000200000f0                recv_ndx_nxt
 *(COMMON)
                0x00000000200000f4                . = ALIGN (0x4)
                0x00000000200000f4                _ebss = .

/DISCARD/
 *(.eh_frame)
                0x00000000200000f4                . = ALIGN (0x4)
                0x00000000200000f4                end = .
                0x0000000020020000                PROVIDE (_stack, (ORIGIN (ram) + LENGTH (ram)))
OUTPUT(usart_irq_console.elf elf32-littlearm)

.debug_info     0x0000000000000000     0x30ab
 .debug_info    0x0000000000000000      0x2c7 clock.o
 .debug_info    0x00000000000002c7      0xbca usart_irq_console.o
 .debug_info    0x0000000000000e91      0x90f /home/ryan/Desktop/libopencm3/libopencm3-examples/libopencm3/lib/libopencm3_stm32f4.a(rcc.o)
 .debug_info    0x00000000000017a0      0x1eb /home/ryan/Desktop/libopencm3/libopencm3-examples/libopencm3/lib/libopencm3_stm32f4.a(gpio_common_f0234.o)
 .debug_info    0x000000000000198b      0x4b2 /home/ryan/Desktop/libopencm3/libopencm3-examples/libopencm3/lib/libopencm3_stm32f4.a(usart_common_all.o)
 .debug_info    0x0000000000001e3d      0x11f /home/ryan/Desktop/libopencm3/libopencm3-examples/libopencm3/lib/libopencm3_stm32f4.a(flash_common_f234.o)
 .debug_info    0x0000000000001f5c      0x8aa /home/ryan/Desktop/libopencm3/libopencm3-examples/libopencm3/lib/libopencm3_stm32f4.a(rcc_common_all.o)
 .debug_info    0x0000000000002806      0x2b7 /home/ryan/Desktop/libopencm3/libopencm3-examples/libopencm3/lib/libopencm3_stm32f4.a(vector.o)
 .debug_info    0x0000000000002abd      0x255 /home/ryan/Desktop/libopencm3/libopencm3-examples/libopencm3/lib/libopencm3_stm32f4.a(systick.o)
 .debug_info    0x0000000000002d12      0x214 /home/ryan/Desktop/libopencm3/libopencm3-examples/libopencm3/lib/libopencm3_stm32f4.a(nvic.o)
 .debug_info    0x0000000000002f26       0xc2 /home/ryan/Desktop/libopencm3/libopencm3-examples/libopencm3/lib/libopencm3_stm32f4.a(pwr.o)
 .debug_info    0x0000000000002fe8       0xc3 /usr/lib/gcc/arm-none-eabi/5.4.1/../../../arm-none-eabi/lib/armv7e-m/fpu/libc.a(lib_a-setjmp.o)

.debug_abbrev   0x0000000000000000      0xcd3
 .debug_abbrev  0x0000000000000000      0x161 clock.o
 .debug_abbrev  0x0000000000000161      0x232 usart_irq_console.o
 .debug_abbrev  0x0000000000000393      0x217 /home/ryan/Desktop/libopencm3/libopencm3-examples/libopencm3/lib/libopencm3_stm32f4.a(rcc.o)
 .debug_abbrev  0x00000000000005aa       0xb7 /home/ryan/Desktop/libopencm3/libopencm3-examples/libopencm3/lib/libopencm3_stm32f4.a(gpio_common_f0234.o)
 .debug_abbrev  0x0000000000000661      0x10f /home/ryan/Desktop/libopencm3/libopencm3-examples/libopencm3/lib/libopencm3_stm32f4.a(usart_common_all.o)
 .debug_abbrev  0x0000000000000770       0x8a /home/ryan/Desktop/libopencm3/libopencm3-examples/libopencm3/lib/libopencm3_stm32f4.a(flash_common_f234.o)
 .debug_abbrev  0x00000000000007fa      0x11d /home/ryan/Desktop/libopencm3/libopencm3-examples/libopencm3/lib/libopencm3_stm32f4.a(rcc_common_all.o)
 .debug_abbrev  0x0000000000000917      0x155 /home/ryan/Desktop/libopencm3/libopencm3-examples/libopencm3/lib/libopencm3_stm32f4.a(vector.o)
 .debug_abbrev  0x0000000000000a6c      0x132 /home/ryan/Desktop/libopencm3/libopencm3-examples/libopencm3/lib/libopencm3_stm32f4.a(systick.o)
 .debug_abbrev  0x0000000000000b9e       0xa6 /home/ryan/Desktop/libopencm3/libopencm3-examples/libopencm3/lib/libopencm3_stm32f4.a(nvic.o)
 .debug_abbrev  0x0000000000000c44       0x7b /home/ryan/Desktop/libopencm3/libopencm3-examples/libopencm3/lib/libopencm3_stm32f4.a(pwr.o)
 .debug_abbrev  0x0000000000000cbf       0x14 /usr/lib/gcc/arm-none-eabi/5.4.1/../../../arm-none-eabi/lib/armv7e-m/fpu/libc.a(lib_a-setjmp.o)

.debug_loc      0x0000000000000000      0xf2b
 .debug_loc     0x0000000000000000       0x21 clock.o
 .debug_loc     0x0000000000000021      0x1f6 usart_irq_console.o
 .debug_loc     0x0000000000000217      0x5e8 /home/ryan/Desktop/libopencm3/libopencm3-examples/libopencm3/lib/libopencm3_stm32f4.a(rcc.o)
 .debug_loc     0x00000000000007ff       0xdd /home/ryan/Desktop/libopencm3/libopencm3-examples/libopencm3/lib/libopencm3_stm32f4.a(gpio_common_f0234.o)
 .debug_loc     0x00000000000008dc      0x1ca /home/ryan/Desktop/libopencm3/libopencm3-examples/libopencm3/lib/libopencm3_stm32f4.a(usart_common_all.o)
 .debug_loc     0x0000000000000aa6       0x3f /home/ryan/Desktop/libopencm3/libopencm3-examples/libopencm3/lib/libopencm3_stm32f4.a(flash_common_f234.o)
 .debug_loc     0x0000000000000ae5      0x108 /home/ryan/Desktop/libopencm3/libopencm3-examples/libopencm3/lib/libopencm3_stm32f4.a(rcc_common_all.o)
 .debug_loc     0x0000000000000bed       0xdf /home/ryan/Desktop/libopencm3/libopencm3-examples/libopencm3/lib/libopencm3_stm32f4.a(vector.o)
 .debug_loc     0x0000000000000ccc      0x136 /home/ryan/Desktop/libopencm3/libopencm3-examples/libopencm3/lib/libopencm3_stm32f4.a(systick.o)
 .debug_loc     0x0000000000000e02      0x129 /home/ryan/Desktop/libopencm3/libopencm3-examples/libopencm3/lib/libopencm3_stm32f4.a(nvic.o)

.debug_aranges  0x0000000000000000      0x458
 .debug_aranges
                0x0000000000000000       0x38 clock.o
 .debug_aranges
                0x0000000000000038       0x58 usart_irq_console.o
 .debug_aranges
                0x0000000000000090       0xe0 /home/ryan/Desktop/libopencm3/libopencm3-examples/libopencm3/lib/libopencm3_stm32f4.a(rcc.o)
 .debug_aranges
                0x0000000000000170       0x30 /home/ryan/Desktop/libopencm3/libopencm3-examples/libopencm3/lib/libopencm3_stm32f4.a(gpio_common_f0234.o)
 .debug_aranges
                0x00000000000001a0       0xb8 /home/ryan/Desktop/libopencm3/libopencm3-examples/libopencm3/lib/libopencm3_stm32f4.a(usart_common_all.o)
 .debug_aranges
                0x0000000000000258       0x50 /home/ryan/Desktop/libopencm3/libopencm3-examples/libopencm3/lib/libopencm3_stm32f4.a(flash_common_f234.o)
 .debug_aranges
                0x00000000000002a8       0x68 /home/ryan/Desktop/libopencm3/libopencm3-examples/libopencm3/lib/libopencm3_stm32f4.a(rcc_common_all.o)
 .debug_aranges
                0x0000000000000310       0x30 /home/ryan/Desktop/libopencm3/libopencm3-examples/libopencm3/lib/libopencm3_stm32f4.a(vector.o)
 .debug_aranges
                0x0000000000000340       0x78 /home/ryan/Desktop/libopencm3/libopencm3-examples/libopencm3/lib/libopencm3_stm32f4.a(systick.o)
 .debug_aranges
                0x00000000000003b8       0x60 /home/ryan/Desktop/libopencm3/libopencm3-examples/libopencm3/lib/libopencm3_stm32f4.a(nvic.o)
 .debug_aranges
                0x0000000000000418       0x20 /home/ryan/Desktop/libopencm3/libopencm3-examples/libopencm3/lib/libopencm3_stm32f4.a(pwr.o)
 .debug_aranges
                0x0000000000000438       0x20 /usr/lib/gcc/arm-none-eabi/5.4.1/../../../arm-none-eabi/lib/armv7e-m/fpu/libc.a(lib_a-setjmp.o)

.debug_ranges   0x0000000000000000      0x388
 .debug_ranges  0x0000000000000000       0x28 clock.o
 .debug_ranges  0x0000000000000028       0x48 usart_irq_console.o
 .debug_ranges  0x0000000000000070       0xd0 /home/ryan/Desktop/libopencm3/libopencm3-examples/libopencm3/lib/libopencm3_stm32f4.a(rcc.o)
 .debug_ranges  0x0000000000000140       0x20 /home/ryan/Desktop/libopencm3/libopencm3-examples/libopencm3/lib/libopencm3_stm32f4.a(gpio_common_f0234.o)
 .debug_ranges  0x0000000000000160       0xa8 /home/ryan/Desktop/libopencm3/libopencm3-examples/libopencm3/lib/libopencm3_stm32f4.a(usart_common_all.o)
 .debug_ranges  0x0000000000000208       0x40 /home/ryan/Desktop/libopencm3/libopencm3-examples/libopencm3/lib/libopencm3_stm32f4.a(flash_common_f234.o)
 .debug_ranges  0x0000000000000248       0x58 /home/ryan/Desktop/libopencm3/libopencm3-examples/libopencm3/lib/libopencm3_stm32f4.a(rcc_common_all.o)
 .debug_ranges  0x00000000000002a0       0x20 /home/ryan/Desktop/libopencm3/libopencm3-examples/libopencm3/lib/libopencm3_stm32f4.a(vector.o)
 .debug_ranges  0x00000000000002c0       0x68 /home/ryan/Desktop/libopencm3/libopencm3-examples/libopencm3/lib/libopencm3_stm32f4.a(systick.o)
 .debug_ranges  0x0000000000000328       0x50 /home/ryan/Desktop/libopencm3/libopencm3-examples/libopencm3/lib/libopencm3_stm32f4.a(nvic.o)
 .debug_ranges  0x0000000000000378       0x10 /home/ryan/Desktop/libopencm3/libopencm3-examples/libopencm3/lib/libopencm3_stm32f4.a(pwr.o)

.debug_macro    0x0000000000000000     0x3e51
 .debug_macro   0x0000000000000000       0xe9 clock.o
 .debug_macro   0x00000000000000e9      0x886 clock.o
 .debug_macro   0x000000000000096f       0x22 clock.o
 .debug_macro   0x0000000000000991       0x4f clock.o
 .debug_macro   0x00000000000009e0       0x44 clock.o
 .debug_macro   0x0000000000000a24       0xfd clock.o
 .debug_macro   0x0000000000000b21       0x5e clock.o
 .debug_macro   0x0000000000000b7f      0x1df clock.o
 .debug_macro   0x0000000000000d5e       0x22 clock.o
 .debug_macro   0x0000000000000d80       0xfa clock.o
 .debug_macro   0x0000000000000e7a       0x58 clock.o
 .debug_macro   0x0000000000000ed2      0x26d clock.o
 .debug_macro   0x000000000000113f      0xb3f clock.o
 .debug_macro   0x0000000000001c7e       0x6a clock.o
 .debug_macro   0x0000000000001ce8      0x22c clock.o
 .debug_macro   0x0000000000001f14       0x6a clock.o
 .debug_macro   0x0000000000001f7e      0x1ca usart_irq_console.o
 .debug_macro   0x0000000000002148       0x52 usart_irq_console.o
 .debug_macro   0x000000000000219a       0x35 usart_irq_console.o
 .debug_macro   0x00000000000021cf       0x9c usart_irq_console.o
 .debug_macro   0x000000000000226b       0x76 usart_irq_console.o
 .debug_macro   0x00000000000022e1      0x2e6 usart_irq_console.o
 .debug_macro   0x00000000000025c7      0x14e usart_irq_console.o
 .debug_macro   0x0000000000002715       0x8e usart_irq_console.o
 .debug_macro   0x00000000000027a3      0x273 usart_irq_console.o
 .debug_macro   0x0000000000002a16       0xa0 usart_irq_console.o
 .debug_macro   0x0000000000002ab6       0x70 usart_irq_console.o
 .debug_macro   0x0000000000002b26      0x3a7 usart_irq_console.o
 .debug_macro   0x0000000000002ecd       0x1f usart_irq_console.o
 .debug_macro   0x0000000000002eec      0x106 /home/ryan/Desktop/libopencm3/libopencm3-examples/libopencm3/lib/libopencm3_stm32f4.a(rcc.o)
 .debug_macro   0x0000000000002ff2       0x16 /home/ryan/Desktop/libopencm3/libopencm3-examples/libopencm3/lib/libopencm3_stm32f4.a(rcc.o)
 .debug_macro   0x0000000000003008       0x8e /home/ryan/Desktop/libopencm3/libopencm3-examples/libopencm3/lib/libopencm3_stm32f4.a(rcc.o)
 .debug_macro   0x0000000000003096       0x22 /home/ryan/Desktop/libopencm3/libopencm3-examples/libopencm3/lib/libopencm3_stm32f4.a(rcc.o)
 .debug_macro   0x00000000000030b8       0x6a /home/ryan/Desktop/libopencm3/libopencm3-examples/libopencm3/lib/libopencm3_stm32f4.a(rcc.o)
 .debug_macro   0x0000000000003122       0xf4 /home/ryan/Desktop/libopencm3/libopencm3-examples/libopencm3/lib/libopencm3_stm32f4.a(rcc.o)
 .debug_macro   0x0000000000003216       0xd2 /home/ryan/Desktop/libopencm3/libopencm3-examples/libopencm3/lib/libopencm3_stm32f4.a(gpio_common_f0234.o)
 .debug_macro   0x00000000000032e8       0xea /home/ryan/Desktop/libopencm3/libopencm3-examples/libopencm3/lib/libopencm3_stm32f4.a(usart_common_all.o)
 .debug_macro   0x00000000000033d2       0xc3 /home/ryan/Desktop/libopencm3/libopencm3-examples/libopencm3/lib/libopencm3_stm32f4.a(flash_common_f234.o)
 .debug_macro   0x0000000000003495       0xcf /home/ryan/Desktop/libopencm3/libopencm3-examples/libopencm3/lib/libopencm3_stm32f4.a(rcc_common_all.o)
 .debug_macro   0x0000000000003564       0xd4 /home/ryan/Desktop/libopencm3/libopencm3-examples/libopencm3/lib/libopencm3_stm32f4.a(vector.o)
 .debug_macro   0x0000000000003638      0x3a1 /home/ryan/Desktop/libopencm3/libopencm3-examples/libopencm3/lib/libopencm3_stm32f4.a(vector.o)
 .debug_macro   0x00000000000039d9       0x93 /home/ryan/Desktop/libopencm3/libopencm3-examples/libopencm3/lib/libopencm3_stm32f4.a(systick.o)
 .debug_macro   0x0000000000003a6c       0x64 /home/ryan/Desktop/libopencm3/libopencm3-examples/libopencm3/lib/libopencm3_stm32f4.a(systick.o)
 .debug_macro   0x0000000000003ad0       0xb4 /home/ryan/Desktop/libopencm3/libopencm3-examples/libopencm3/lib/libopencm3_stm32f4.a(nvic.o)
 .debug_macro   0x0000000000003b84       0x64 /home/ryan/Desktop/libopencm3/libopencm3-examples/libopencm3/lib/libopencm3_stm32f4.a(nvic.o)
 .debug_macro   0x0000000000003be8      0x1b0 /home/ryan/Desktop/libopencm3/libopencm3-examples/libopencm3/lib/libopencm3_stm32f4.a(nvic.o)
 .debug_macro   0x0000000000003d98       0xb9 /home/ryan/Desktop/libopencm3/libopencm3-examples/libopencm3/lib/libopencm3_stm32f4.a(pwr.o)

.debug_line     0x0000000000000000     0x23fd
 .debug_line    0x0000000000000000      0x3a9 clock.o
 .debug_line    0x00000000000003a9      0x5b2 usart_irq_console.o
 .debug_line    0x000000000000095b      0x4b0 /home/ryan/Desktop/libopencm3/libopencm3-examples/libopencm3/lib/libopencm3_stm32f4.a(rcc.o)
 .debug_line    0x0000000000000e0b      0x2b2 /home/ryan/Desktop/libopencm3/libopencm3-examples/libopencm3/lib/libopencm3_stm32f4.a(gpio_common_f0234.o)
 .debug_line    0x00000000000010bd      0x3da /home/ryan/Desktop/libopencm3/libopencm3-examples/libopencm3/lib/libopencm3_stm32f4.a(usart_common_all.o)
 .debug_line    0x0000000000001497      0x2b3 /home/ryan/Desktop/libopencm3/libopencm3-examples/libopencm3/lib/libopencm3_stm32f4.a(flash_common_f234.o)
 .debug_line    0x000000000000174a      0x2c0 /home/ryan/Desktop/libopencm3/libopencm3-examples/libopencm3/lib/libopencm3_stm32f4.a(rcc_common_all.o)
 .debug_line    0x0000000000001a0a      0x2c4 /home/ryan/Desktop/libopencm3/libopencm3-examples/libopencm3/lib/libopencm3_stm32f4.a(vector.o)
 .debug_line    0x0000000000001cce      0x244 /home/ryan/Desktop/libopencm3/libopencm3-examples/libopencm3/lib/libopencm3_stm32f4.a(systick.o)
 .debug_line    0x0000000000001f12      0x265 /home/ryan/Desktop/libopencm3/libopencm3-examples/libopencm3/lib/libopencm3_stm32f4.a(nvic.o)
 .debug_line    0x0000000000002177      0x20e /home/ryan/Desktop/libopencm3/libopencm3-examples/libopencm3/lib/libopencm3_stm32f4.a(pwr.o)
 .debug_line    0x0000000000002385       0x78 /usr/lib/gcc/arm-none-eabi/5.4.1/../../../arm-none-eabi/lib/armv7e-m/fpu/libc.a(lib_a-setjmp.o)

.debug_str      0x0000000000000000     0xf920
 .debug_str     0x0000000000000000     0x853b clock.o
                                       0x86f2 (size before relaxing)
 .debug_str     0x000000000000853b     0x4594 usart_irq_console.o
                                       0xc91c (size before relaxing)
 .debug_str     0x000000000000cacf      0xebb /home/ryan/Desktop/libopencm3/libopencm3-examples/libopencm3/lib/libopencm3_stm32f4.a(rcc.o)
                                       0x87f1 (size before relaxing)
 .debug_str     0x000000000000d98a       0x88 /home/ryan/Desktop/libopencm3/libopencm3-examples/libopencm3/lib/libopencm3_stm32f4.a(gpio_common_f0234.o)
                                       0x5c47 (size before relaxing)
 .debug_str     0x000000000000da12      0x189 /home/ryan/Desktop/libopencm3/libopencm3-examples/libopencm3/lib/libopencm3_stm32f4.a(usart_common_all.o)
                                       0x8cb8 (size before relaxing)
 .debug_str     0x000000000000db9b       0x96 /home/ryan/Desktop/libopencm3/libopencm3-examples/libopencm3/lib/libopencm3_stm32f4.a(flash_common_f234.o)
                                       0x4f80 (size before relaxing)
 .debug_str     0x000000000000dc31      0x3cf /home/ryan/Desktop/libopencm3/libopencm3-examples/libopencm3/lib/libopencm3_stm32f4.a(rcc_common_all.o)
                                       0x82f4 (size before relaxing)
 .debug_str     0x000000000000e000      0xe78 /home/ryan/Desktop/libopencm3/libopencm3-examples/libopencm3/lib/libopencm3_stm32f4.a(vector.o)
                                       0x6290 (size before relaxing)
 .debug_str     0x000000000000ee78       0xc2 /home/ryan/Desktop/libopencm3/libopencm3-examples/libopencm3/lib/libopencm3_stm32f4.a(systick.o)
                                       0x3ba7 (size before relaxing)
 .debug_str     0x000000000000ef3a      0x9e0 /home/ryan/Desktop/libopencm3/libopencm3-examples/libopencm3/lib/libopencm3_stm32f4.a(nvic.o)
                                       0x4c3a (size before relaxing)
 .debug_str     0x000000000000f91a        0x6 /home/ryan/Desktop/libopencm3/libopencm3-examples/libopencm3/lib/libopencm3_stm32f4.a(pwr.o)
                                       0x4b56 (size before relaxing)

.comment        0x0000000000000000       0x2b
 .comment       0x0000000000000000       0x2b clock.o
                                         0x2c (size before relaxing)
 .comment       0x000000000000002b       0x2c usart_irq_console.o
 .comment       0x000000000000002b       0x2c /home/ryan/Desktop/libopencm3/libopencm3-examples/libopencm3/lib/libopencm3_stm32f4.a(rcc.o)
 .comment       0x000000000000002b       0x2c /home/ryan/Desktop/libopencm3/libopencm3-examples/libopencm3/lib/libopencm3_stm32f4.a(gpio_common_f0234.o)
 .comment       0x000000000000002b       0x2c /home/ryan/Desktop/libopencm3/libopencm3-examples/libopencm3/lib/libopencm3_stm32f4.a(usart_common_all.o)
 .comment       0x000000000000002b       0x2c /home/ryan/Desktop/libopencm3/libopencm3-examples/libopencm3/lib/libopencm3_stm32f4.a(flash_common_f234.o)
 .comment       0x000000000000002b       0x2c /home/ryan/Desktop/libopencm3/libopencm3-examples/libopencm3/lib/libopencm3_stm32f4.a(rcc_common_all.o)
 .comment       0x000000000000002b       0x2c /home/ryan/Desktop/libopencm3/libopencm3-examples/libopencm3/lib/libopencm3_stm32f4.a(vector.o)
 .comment       0x000000000000002b       0x2c /home/ryan/Desktop/libopencm3/libopencm3-examples/libopencm3/lib/libopencm3_stm32f4.a(systick.o)
 .comment       0x000000000000002b       0x2c /home/ryan/Desktop/libopencm3/libopencm3-examples/libopencm3/lib/libopencm3_stm32f4.a(nvic.o)
 .comment       0x000000000000002b       0x2c /home/ryan/Desktop/libopencm3/libopencm3-examples/libopencm3/lib/libopencm3_stm32f4.a(pwr.o)

.ARM.attributes
                0x0000000000000000       0x37
 .ARM.attributes
                0x0000000000000000       0x39 clock.o
 .ARM.attributes
                0x0000000000000039       0x39 usart_irq_console.o
 .ARM.attributes
                0x0000000000000072       0x39 /home/ryan/Desktop/libopencm3/libopencm3-examples/libopencm3/lib/libopencm3_stm32f4.a(rcc.o)
 .ARM.attributes
                0x00000000000000ab       0x39 /home/ryan/Desktop/libopencm3/libopencm3-examples/libopencm3/lib/libopencm3_stm32f4.a(gpio_common_f0234.o)
 .ARM.attributes
                0x00000000000000e4       0x39 /home/ryan/Desktop/libopencm3/libopencm3-examples/libopencm3/lib/libopencm3_stm32f4.a(usart_common_all.o)
 .ARM.attributes
                0x000000000000011d       0x39 /home/ryan/Desktop/libopencm3/libopencm3-examples/libopencm3/lib/libopencm3_stm32f4.a(flash_common_f234.o)
 .ARM.attributes
                0x0000000000000156       0x39 /home/ryan/Desktop/libopencm3/libopencm3-examples/libopencm3/lib/libopencm3_stm32f4.a(rcc_common_all.o)
 .ARM.attributes
                0x000000000000018f       0x39 /home/ryan/Desktop/libopencm3/libopencm3-examples/libopencm3/lib/libopencm3_stm32f4.a(vector.o)
 .ARM.attributes
                0x00000000000001c8       0x39 /home/ryan/Desktop/libopencm3/libopencm3-examples/libopencm3/lib/libopencm3_stm32f4.a(systick.o)
 .ARM.attributes
                0x0000000000000201       0x39 /home/ryan/Desktop/libopencm3/libopencm3-examples/libopencm3/lib/libopencm3_stm32f4.a(nvic.o)
 .ARM.attributes
                0x000000000000023a       0x39 /home/ryan/Desktop/libopencm3/libopencm3-examples/libopencm3/lib/libopencm3_stm32f4.a(pwr.o)
 .ARM.attributes
                0x0000000000000273       0x20 /usr/lib/gcc/arm-none-eabi/5.4.1/../../../arm-none-eabi/lib/armv7e-m/fpu/libc.a(lib_a-setjmp.o)

.debug_frame    0x0000000000000000      0x830
 .debug_frame   0x0000000000000000       0x5c clock.o
 .debug_frame   0x000000000000005c       0xe8 usart_irq_console.o
 .debug_frame   0x0000000000000144      0x1dc /home/ryan/Desktop/libopencm3/libopencm3-examples/libopencm3/lib/libopencm3_stm32f4.a(rcc.o)
 .debug_frame   0x0000000000000320       0x70 /home/ryan/Desktop/libopencm3/libopencm3-examples/libopencm3/lib/libopencm3_stm32f4.a(gpio_common_f0234.o)
 .debug_frame   0x0000000000000390      0x178 /home/ryan/Desktop/libopencm3/libopencm3-examples/libopencm3/lib/libopencm3_stm32f4.a(usart_common_all.o)
 .debug_frame   0x0000000000000508       0x80 /home/ryan/Desktop/libopencm3/libopencm3-examples/libopencm3/lib/libopencm3_stm32f4.a(flash_common_f234.o)
 .debug_frame   0x0000000000000588       0xd0 /home/ryan/Desktop/libopencm3/libopencm3-examples/libopencm3/lib/libopencm3_stm32f4.a(rcc_common_all.o)
 .debug_frame   0x0000000000000658       0x40 /home/ryan/Desktop/libopencm3/libopencm3-examples/libopencm3/lib/libopencm3_stm32f4.a(vector.o)
 .debug_frame   0x0000000000000698       0xd8 /home/ryan/Desktop/libopencm3/libopencm3-examples/libopencm3/lib/libopencm3_stm32f4.a(systick.o)
 .debug_frame   0x0000000000000770       0xa0 /home/ryan/Desktop/libopencm3/libopencm3-examples/libopencm3/lib/libopencm3_stm32f4.a(nvic.o)
 .debug_frame   0x0000000000000810       0x20 /home/ryan/Desktop/libopencm3/libopencm3-examples/libopencm3/lib/libopencm3_stm32f4.a(pwr.o)

Cross Reference Table

Symbol                                            File
__fini_array_end                                  /home/ryan/Desktop/libopencm3/libopencm3-examples/libopencm3/lib/libopencm3_stm32f4.a(vector.o)
__fini_array_start                                /home/ryan/Desktop/libopencm3/libopencm3-examples/libopencm3/lib/libopencm3_stm32f4.a(vector.o)
__init_array_end                                  /home/ryan/Desktop/libopencm3/libopencm3-examples/libopencm3/lib/libopencm3_stm32f4.a(vector.o)
__init_array_start                                /home/ryan/Desktop/libopencm3/libopencm3-examples/libopencm3/lib/libopencm3_stm32f4.a(vector.o)
__preinit_array_end                               /home/ryan/Desktop/libopencm3/libopencm3-examples/libopencm3/lib/libopencm3_stm32f4.a(vector.o)
__preinit_array_start                             /home/ryan/Desktop/libopencm3/libopencm3-examples/libopencm3/lib/libopencm3_stm32f4.a(vector.o)
_data                                             /home/ryan/Desktop/libopencm3/libopencm3-examples/libopencm3/lib/libopencm3_stm32f4.a(vector.o)
_data_loadaddr                                    /home/ryan/Desktop/libopencm3/libopencm3-examples/libopencm3/lib/libopencm3_stm32f4.a(vector.o)
_ebss                                             /home/ryan/Desktop/libopencm3/libopencm3-examples/libopencm3/lib/libopencm3_stm32f4.a(vector.o)
_edata                                            /home/ryan/Desktop/libopencm3/libopencm3-examples/libopencm3/lib/libopencm3_stm32f4.a(vector.o)
_stack                                            /home/ryan/Desktop/libopencm3/libopencm3-examples/libopencm3/lib/libopencm3_stm32f4.a(vector.o)
adc_isr                                           /home/ryan/Desktop/libopencm3/libopencm3-examples/libopencm3/lib/libopencm3_stm32f4.a(vector.o)
blocking_handler                                  /home/ryan/Desktop/libopencm3/libopencm3-examples/libopencm3/lib/libopencm3_stm32f4.a(vector.o)
bus_fault_handler                                 /home/ryan/Desktop/libopencm3/libopencm3-examples/libopencm3/lib/libopencm3_stm32f4.a(vector.o)
can1_rx0_isr                                      /home/ryan/Desktop/libopencm3/libopencm3-examples/libopencm3/lib/libopencm3_stm32f4.a(vector.o)
can1_rx1_isr                                      /home/ryan/Desktop/libopencm3/libopencm3-examples/libopencm3/lib/libopencm3_stm32f4.a(vector.o)
can1_sce_isr                                      /home/ryan/Desktop/libopencm3/libopencm3-examples/libopencm3/lib/libopencm3_stm32f4.a(vector.o)
can1_tx_isr                                       /home/ryan/Desktop/libopencm3/libopencm3-examples/libopencm3/lib/libopencm3_stm32f4.a(vector.o)
can2_rx0_isr                                      /home/ryan/Desktop/libopencm3/libopencm3-examples/libopencm3/lib/libopencm3_stm32f4.a(vector.o)
can2_rx1_isr                                      /home/ryan/Desktop/libopencm3/libopencm3-examples/libopencm3/lib/libopencm3_stm32f4.a(vector.o)
can2_sce_isr                                      /home/ryan/Desktop/libopencm3/libopencm3-examples/libopencm3/lib/libopencm3_stm32f4.a(vector.o)
can2_tx_isr                                       /home/ryan/Desktop/libopencm3/libopencm3-examples/libopencm3/lib/libopencm3_stm32f4.a(vector.o)
clock_setup                                       clock.o
                                                  usart_irq_console.o
console_getc                                      usart_irq_console.o
console_gets                                      usart_irq_console.o
console_putc                                      usart_irq_console.o
console_puts                                      usart_irq_console.o
countdown                                         usart_irq_console.o
cryp_isr                                          /home/ryan/Desktop/libopencm3/libopencm3-examples/libopencm3/lib/libopencm3_stm32f4.a(vector.o)
dcmi_isr                                          /home/ryan/Desktop/libopencm3/libopencm3-examples/libopencm3/lib/libopencm3_stm32f4.a(vector.o)
debug_monitor_handler                             /home/ryan/Desktop/libopencm3/libopencm3-examples/libopencm3/lib/libopencm3_stm32f4.a(vector.o)
dma1_stream0_isr                                  /home/ryan/Desktop/libopencm3/libopencm3-examples/libopencm3/lib/libopencm3_stm32f4.a(vector.o)
dma1_stream1_isr                                  /home/ryan/Desktop/libopencm3/libopencm3-examples/libopencm3/lib/libopencm3_stm32f4.a(vector.o)
dma1_stream2_isr                                  /home/ryan/Desktop/libopencm3/libopencm3-examples/libopencm3/lib/libopencm3_stm32f4.a(vector.o)
dma1_stream3_isr                                  /home/ryan/Desktop/libopencm3/libopencm3-examples/libopencm3/lib/libopencm3_stm32f4.a(vector.o)
dma1_stream4_isr                                  /home/ryan/Desktop/libopencm3/libopencm3-examples/libopencm3/lib/libopencm3_stm32f4.a(vector.o)
dma1_stream5_isr                                  /home/ryan/Desktop/libopencm3/libopencm3-examples/libopencm3/lib/libopencm3_stm32f4.a(vector.o)
dma1_stream6_isr                                  /home/ryan/Desktop/libopencm3/libopencm3-examples/libopencm3/lib/libopencm3_stm32f4.a(vector.o)
dma1_stream7_isr                                  /home/ryan/Desktop/libopencm3/libopencm3-examples/libopencm3/lib/libopencm3_stm32f4.a(vector.o)
dma2_stream0_isr                                  /home/ryan/Desktop/libopencm3/libopencm3-examples/libopencm3/lib/libopencm3_stm32f4.a(vector.o)
dma2_stream1_isr                                  /home/ryan/Desktop/libopencm3/libopencm3-examples/libopencm3/lib/libopencm3_stm32f4.a(vector.o)
dma2_stream2_isr                                  /home/ryan/Desktop/libopencm3/libopencm3-examples/libopencm3/lib/libopencm3_stm32f4.a(vector.o)
dma2_stream3_isr                                  /home/ryan/Desktop/libopencm3/libopencm3-examples/libopencm3/lib/libopencm3_stm32f4.a(vector.o)
dma2_stream4_isr                                  /home/ryan/Desktop/libopencm3/libopencm3-examples/libopencm3/lib/libopencm3_stm32f4.a(vector.o)
dma2_stream5_isr                                  /home/ryan/Desktop/libopencm3/libopencm3-examples/libopencm3/lib/libopencm3_stm32f4.a(vector.o)
dma2_stream6_isr                                  /home/ryan/Desktop/libopencm3/libopencm3-examples/libopencm3/lib/libopencm3_stm32f4.a(vector.o)
dma2_stream7_isr                                  /home/ryan/Desktop/libopencm3/libopencm3-examples/libopencm3/lib/libopencm3_stm32f4.a(vector.o)
dma2d_isr                                         /home/ryan/Desktop/libopencm3/libopencm3-examples/libopencm3/lib/libopencm3_stm32f4.a(vector.o)
eth_isr                                           /home/ryan/Desktop/libopencm3/libopencm3-examples/libopencm3/lib/libopencm3_stm32f4.a(vector.o)
eth_wkup_isr                                      /home/ryan/Desktop/libopencm3/libopencm3-examples/libopencm3/lib/libopencm3_stm32f4.a(vector.o)
exti0_isr                                         /home/ryan/Desktop/libopencm3/libopencm3-examples/libopencm3/lib/libopencm3_stm32f4.a(vector.o)
exti15_10_isr                                     /home/ryan/Desktop/libopencm3/libopencm3-examples/libopencm3/lib/libopencm3_stm32f4.a(vector.o)
exti1_isr                                         /home/ryan/Desktop/libopencm3/libopencm3-examples/libopencm3/lib/libopencm3_stm32f4.a(vector.o)
exti2_isr                                         /home/ryan/Desktop/libopencm3/libopencm3-examples/libopencm3/lib/libopencm3_stm32f4.a(vector.o)
exti3_isr                                         /home/ryan/Desktop/libopencm3/libopencm3-examples/libopencm3/lib/libopencm3_stm32f4.a(vector.o)
exti4_isr                                         /home/ryan/Desktop/libopencm3/libopencm3-examples/libopencm3/lib/libopencm3_stm32f4.a(vector.o)
exti9_5_isr                                       /home/ryan/Desktop/libopencm3/libopencm3-examples/libopencm3/lib/libopencm3_stm32f4.a(vector.o)
flash_clear_bsy_flag                              /home/ryan/Desktop/libopencm3/libopencm3-examples/libopencm3/lib/libopencm3_stm32f4.a(flash_common_f234.o)
flash_clear_eop_flag                              /home/ryan/Desktop/libopencm3/libopencm3-examples/libopencm3/lib/libopencm3_stm32f4.a(flash_common_f234.o)
flash_clear_pgperr_flag                           /home/ryan/Desktop/libopencm3/libopencm3-examples/libopencm3/lib/libopencm3_stm32f4.a(flash_common_f234.o)
flash_isr                                         /home/ryan/Desktop/libopencm3/libopencm3-examples/libopencm3/lib/libopencm3_stm32f4.a(vector.o)
flash_lock                                        /home/ryan/Desktop/libopencm3/libopencm3-examples/libopencm3/lib/libopencm3_stm32f4.a(flash_common_f234.o)
flash_set_ws                                      /home/ryan/Desktop/libopencm3/libopencm3-examples/libopencm3/lib/libopencm3_stm32f4.a(flash_common_f234.o)
                                                  /home/ryan/Desktop/libopencm3/libopencm3-examples/libopencm3/lib/libopencm3_stm32f4.a(rcc.o)
flash_unlock                                      /home/ryan/Desktop/libopencm3/libopencm3-examples/libopencm3/lib/libopencm3_stm32f4.a(flash_common_f234.o)
flash_wait_for_last_operation                     /home/ryan/Desktop/libopencm3/libopencm3-examples/libopencm3/lib/libopencm3_stm32f4.a(flash_common_f234.o)
fpu_isr                                           /home/ryan/Desktop/libopencm3/libopencm3-examples/libopencm3/lib/libopencm3_stm32f4.a(vector.o)
fsmc_isr                                          /home/ryan/Desktop/libopencm3/libopencm3-examples/libopencm3/lib/libopencm3_stm32f4.a(vector.o)
gpio_mode_setup                                   /home/ryan/Desktop/libopencm3/libopencm3-examples/libopencm3/lib/libopencm3_stm32f4.a(gpio_common_f0234.o)
                                                  usart_irq_console.o
gpio_set_af                                       /home/ryan/Desktop/libopencm3/libopencm3-examples/libopencm3/lib/libopencm3_stm32f4.a(gpio_common_f0234.o)
                                                  usart_irq_console.o
gpio_set_output_options                           /home/ryan/Desktop/libopencm3/libopencm3-examples/libopencm3/lib/libopencm3_stm32f4.a(gpio_common_f0234.o)
hard_fault_handler                                /home/ryan/Desktop/libopencm3/libopencm3-examples/libopencm3/lib/libopencm3_stm32f4.a(vector.o)
hash_rng_isr                                      /home/ryan/Desktop/libopencm3/libopencm3-examples/libopencm3/lib/libopencm3_stm32f4.a(vector.o)
i2c1_er_isr                                       /home/ryan/Desktop/libopencm3/libopencm3-examples/libopencm3/lib/libopencm3_stm32f4.a(vector.o)
i2c1_ev_isr                                       /home/ryan/Desktop/libopencm3/libopencm3-examples/libopencm3/lib/libopencm3_stm32f4.a(vector.o)
i2c2_er_isr                                       /home/ryan/Desktop/libopencm3/libopencm3-examples/libopencm3/lib/libopencm3_stm32f4.a(vector.o)
i2c2_ev_isr                                       /home/ryan/Desktop/libopencm3/libopencm3-examples/libopencm3/lib/libopencm3_stm32f4.a(vector.o)
i2c3_er_isr                                       /home/ryan/Desktop/libopencm3/libopencm3-examples/libopencm3/lib/libopencm3_stm32f4.a(vector.o)
i2c3_ev_isr                                       /home/ryan/Desktop/libopencm3/libopencm3-examples/libopencm3/lib/libopencm3_stm32f4.a(vector.o)
jump_buf                                          usart_irq_console.o
lcd_tft_err_isr                                   /home/ryan/Desktop/libopencm3/libopencm3-examples/libopencm3/lib/libopencm3_stm32f4.a(vector.o)
lcd_tft_isr                                       /home/ryan/Desktop/libopencm3/libopencm3-examples/libopencm3/lib/libopencm3_stm32f4.a(vector.o)
longjmp                                           /usr/lib/gcc/arm-none-eabi/5.4.1/../../../arm-none-eabi/lib/armv7e-m/fpu/libc.a(lib_a-setjmp.o)
                                                  usart_irq_console.o
main                                              usart_irq_console.o
                                                  /home/ryan/Desktop/libopencm3/libopencm3-examples/libopencm3/lib/libopencm3_stm32f4.a(vector.o)
mem_manage_handler                                /home/ryan/Desktop/libopencm3/libopencm3-examples/libopencm3/lib/libopencm3_stm32f4.a(vector.o)
msleep                                            clock.o
                                                  usart_irq_console.o
mtime                                             clock.o
nmi_handler                                       /home/ryan/Desktop/libopencm3/libopencm3-examples/libopencm3/lib/libopencm3_stm32f4.a(vector.o)
null_handler                                      /home/ryan/Desktop/libopencm3/libopencm3-examples/libopencm3/lib/libopencm3_stm32f4.a(vector.o)
nvic_clear_pending_irq                            /home/ryan/Desktop/libopencm3/libopencm3-examples/libopencm3/lib/libopencm3_stm32f4.a(nvic.o)
nvic_disable_irq                                  /home/ryan/Desktop/libopencm3/libopencm3-examples/libopencm3/lib/libopencm3_stm32f4.a(nvic.o)
nvic_enable_irq                                   /home/ryan/Desktop/libopencm3/libopencm3-examples/libopencm3/lib/libopencm3_stm32f4.a(nvic.o)
                                                  usart_irq_console.o
nvic_generate_software_interrupt                  /home/ryan/Desktop/libopencm3/libopencm3-examples/libopencm3/lib/libopencm3_stm32f4.a(nvic.o)
nvic_get_active_irq                               /home/ryan/Desktop/libopencm3/libopencm3-examples/libopencm3/lib/libopencm3_stm32f4.a(nvic.o)
nvic_get_irq_enabled                              /home/ryan/Desktop/libopencm3/libopencm3-examples/libopencm3/lib/libopencm3_stm32f4.a(nvic.o)
nvic_get_pending_irq                              /home/ryan/Desktop/libopencm3/libopencm3-examples/libopencm3/lib/libopencm3_stm32f4.a(nvic.o)
nvic_set_pending_irq                              /home/ryan/Desktop/libopencm3/libopencm3-examples/libopencm3/lib/libopencm3_stm32f4.a(nvic.o)
nvic_set_priority                                 /home/ryan/Desktop/libopencm3/libopencm3-examples/libopencm3/lib/libopencm3_stm32f4.a(nvic.o)
nvic_wwdg_isr                                     /home/ryan/Desktop/libopencm3/libopencm3-examples/libopencm3/lib/libopencm3_stm32f4.a(vector.o)
otg_fs_isr                                        /home/ryan/Desktop/libopencm3/libopencm3-examples/libopencm3/lib/libopencm3_stm32f4.a(vector.o)
otg_hs_ep1_in_isr                                 /home/ryan/Desktop/libopencm3/libopencm3-examples/libopencm3/lib/libopencm3_stm32f4.a(vector.o)
otg_hs_ep1_out_isr                                /home/ryan/Desktop/libopencm3/libopencm3-examples/libopencm3/lib/libopencm3_stm32f4.a(vector.o)
otg_hs_isr                                        /home/ryan/Desktop/libopencm3/libopencm3-examples/libopencm3/lib/libopencm3_stm32f4.a(vector.o)
otg_hs_wkup_isr                                   /home/ryan/Desktop/libopencm3/libopencm3-examples/libopencm3/lib/libopencm3_stm32f4.a(vector.o)
pend_sv_handler                                   /home/ryan/Desktop/libopencm3/libopencm3-examples/libopencm3/lib/libopencm3_stm32f4.a(vector.o)
pvd_isr                                           /home/ryan/Desktop/libopencm3/libopencm3-examples/libopencm3/lib/libopencm3_stm32f4.a(vector.o)
pwr_set_vos_scale                                 /home/ryan/Desktop/libopencm3/libopencm3-examples/libopencm3/lib/libopencm3_stm32f4.a(pwr.o)
                                                  /home/ryan/Desktop/libopencm3/libopencm3-examples/libopencm3/lib/libopencm3_stm32f4.a(rcc.o)
rcc_ahb_frequency                                 /home/ryan/Desktop/libopencm3/libopencm3-examples/libopencm3/lib/libopencm3_stm32f4.a(rcc.o)
rcc_apb1_frequency                                /home/ryan/Desktop/libopencm3/libopencm3-examples/libopencm3/lib/libopencm3_stm32f4.a(rcc.o)
                                                  /home/ryan/Desktop/libopencm3/libopencm3-examples/libopencm3/lib/libopencm3_stm32f4.a(usart_common_all.o)
rcc_apb2_frequency                                /home/ryan/Desktop/libopencm3/libopencm3-examples/libopencm3/lib/libopencm3_stm32f4.a(rcc.o)
                                                  /home/ryan/Desktop/libopencm3/libopencm3-examples/libopencm3/lib/libopencm3_stm32f4.a(usart_common_all.o)
rcc_clock_setup_hse_3v3                           /home/ryan/Desktop/libopencm3/libopencm3-examples/libopencm3/lib/libopencm3_stm32f4.a(rcc.o)
                                                  clock.o
rcc_css_disable                                   /home/ryan/Desktop/libopencm3/libopencm3-examples/libopencm3/lib/libopencm3_stm32f4.a(rcc.o)
rcc_css_enable                                    /home/ryan/Desktop/libopencm3/libopencm3-examples/libopencm3/lib/libopencm3_stm32f4.a(rcc.o)
rcc_css_int_clear                                 /home/ryan/Desktop/libopencm3/libopencm3-examples/libopencm3/lib/libopencm3_stm32f4.a(rcc.o)
rcc_css_int_flag                                  /home/ryan/Desktop/libopencm3/libopencm3-examples/libopencm3/lib/libopencm3_stm32f4.a(rcc.o)
rcc_hse_12mhz_3v3                                 /home/ryan/Desktop/libopencm3/libopencm3-examples/libopencm3/lib/libopencm3_stm32f4.a(rcc.o)
rcc_hse_16mhz_3v3                                 /home/ryan/Desktop/libopencm3/libopencm3-examples/libopencm3/lib/libopencm3_stm32f4.a(rcc.o)
rcc_hse_25mhz_3v3                                 /home/ryan/Desktop/libopencm3/libopencm3-examples/libopencm3/lib/libopencm3_stm32f4.a(rcc.o)
rcc_hse_8mhz_3v3                                  /home/ryan/Desktop/libopencm3/libopencm3-examples/libopencm3/lib/libopencm3_stm32f4.a(rcc.o)
                                                  clock.o
rcc_is_osc_ready                                  /home/ryan/Desktop/libopencm3/libopencm3-examples/libopencm3/lib/libopencm3_stm32f4.a(rcc.o)
rcc_isr                                           /home/ryan/Desktop/libopencm3/libopencm3-examples/libopencm3/lib/libopencm3_stm32f4.a(vector.o)
rcc_osc_bypass_disable                            /home/ryan/Desktop/libopencm3/libopencm3-examples/libopencm3/lib/libopencm3_stm32f4.a(rcc_common_all.o)
rcc_osc_bypass_enable                             /home/ryan/Desktop/libopencm3/libopencm3-examples/libopencm3/lib/libopencm3_stm32f4.a(rcc_common_all.o)
rcc_osc_off                                       /home/ryan/Desktop/libopencm3/libopencm3-examples/libopencm3/lib/libopencm3_stm32f4.a(rcc.o)
rcc_osc_on                                        /home/ryan/Desktop/libopencm3/libopencm3-examples/libopencm3/lib/libopencm3_stm32f4.a(rcc.o)
rcc_osc_ready_int_clear                           /home/ryan/Desktop/libopencm3/libopencm3-examples/libopencm3/lib/libopencm3_stm32f4.a(rcc.o)
rcc_osc_ready_int_disable                         /home/ryan/Desktop/libopencm3/libopencm3-examples/libopencm3/lib/libopencm3_stm32f4.a(rcc.o)
rcc_osc_ready_int_enable                          /home/ryan/Desktop/libopencm3/libopencm3-examples/libopencm3/lib/libopencm3_stm32f4.a(rcc.o)
rcc_osc_ready_int_flag                            /home/ryan/Desktop/libopencm3/libopencm3-examples/libopencm3/lib/libopencm3_stm32f4.a(rcc.o)
rcc_periph_clock_disable                          /home/ryan/Desktop/libopencm3/libopencm3-examples/libopencm3/lib/libopencm3_stm32f4.a(rcc_common_all.o)
rcc_periph_clock_enable                           /home/ryan/Desktop/libopencm3/libopencm3-examples/libopencm3/lib/libopencm3_stm32f4.a(rcc_common_all.o)
                                                  usart_irq_console.o
rcc_periph_reset_hold                             /home/ryan/Desktop/libopencm3/libopencm3-examples/libopencm3/lib/libopencm3_stm32f4.a(rcc_common_all.o)
rcc_periph_reset_pulse                            /home/ryan/Desktop/libopencm3/libopencm3-examples/libopencm3/lib/libopencm3_stm32f4.a(rcc_common_all.o)
rcc_periph_reset_release                          /home/ryan/Desktop/libopencm3/libopencm3-examples/libopencm3/lib/libopencm3_stm32f4.a(rcc_common_all.o)
rcc_peripheral_clear_reset                        /home/ryan/Desktop/libopencm3/libopencm3-examples/libopencm3/lib/libopencm3_stm32f4.a(rcc_common_all.o)
rcc_peripheral_disable_clock                      /home/ryan/Desktop/libopencm3/libopencm3-examples/libopencm3/lib/libopencm3_stm32f4.a(rcc_common_all.o)
rcc_peripheral_enable_clock                       /home/ryan/Desktop/libopencm3/libopencm3-examples/libopencm3/lib/libopencm3_stm32f4.a(rcc_common_all.o)
rcc_peripheral_reset                              /home/ryan/Desktop/libopencm3/libopencm3-examples/libopencm3/lib/libopencm3_stm32f4.a(rcc_common_all.o)
rcc_pllsai_config                                 /home/ryan/Desktop/libopencm3/libopencm3-examples/libopencm3/lib/libopencm3_stm32f4.a(rcc.o)
rcc_pllsai_postscalers                            /home/ryan/Desktop/libopencm3/libopencm3-examples/libopencm3/lib/libopencm3_stm32f4.a(rcc.o)
rcc_set_hpre                                      /home/ryan/Desktop/libopencm3/libopencm3-examples/libopencm3/lib/libopencm3_stm32f4.a(rcc.o)
rcc_set_main_pll_hse                              /home/ryan/Desktop/libopencm3/libopencm3-examples/libopencm3/lib/libopencm3_stm32f4.a(rcc.o)
rcc_set_main_pll_hsi                              /home/ryan/Desktop/libopencm3/libopencm3-examples/libopencm3/lib/libopencm3_stm32f4.a(rcc.o)
rcc_set_mco                                       /home/ryan/Desktop/libopencm3/libopencm3-examples/libopencm3/lib/libopencm3_stm32f4.a(rcc_common_all.o)
rcc_set_pll_source                                /home/ryan/Desktop/libopencm3/libopencm3-examples/libopencm3/lib/libopencm3_stm32f4.a(rcc.o)
rcc_set_ppre1                                     /home/ryan/Desktop/libopencm3/libopencm3-examples/libopencm3/lib/libopencm3_stm32f4.a(rcc.o)
rcc_set_ppre2                                     /home/ryan/Desktop/libopencm3/libopencm3-examples/libopencm3/lib/libopencm3_stm32f4.a(rcc.o)
rcc_set_rtcpre                                    /home/ryan/Desktop/libopencm3/libopencm3-examples/libopencm3/lib/libopencm3_stm32f4.a(rcc.o)
rcc_set_sysclk_source                             /home/ryan/Desktop/libopencm3/libopencm3-examples/libopencm3/lib/libopencm3_stm32f4.a(rcc.o)
rcc_system_clock_source                           /home/ryan/Desktop/libopencm3/libopencm3-examples/libopencm3/lib/libopencm3_stm32f4.a(rcc.o)
rcc_wait_for_osc_ready                            /home/ryan/Desktop/libopencm3/libopencm3-examples/libopencm3/lib/libopencm3_stm32f4.a(rcc.o)
rcc_wait_for_sysclk_status                        /home/ryan/Desktop/libopencm3/libopencm3-examples/libopencm3/lib/libopencm3_stm32f4.a(rcc.o)
recv_buf                                          usart_irq_console.o
recv_ndx_cur                                      usart_irq_console.o
recv_ndx_nxt                                      usart_irq_console.o
reset_handler                                     /home/ryan/Desktop/libopencm3/libopencm3-examples/libopencm3/lib/libopencm3_stm32f4.a(vector.o)
rtc_alarm_isr                                     /home/ryan/Desktop/libopencm3/libopencm3-examples/libopencm3/lib/libopencm3_stm32f4.a(vector.o)
rtc_wkup_isr                                      /home/ryan/Desktop/libopencm3/libopencm3-examples/libopencm3/lib/libopencm3_stm32f4.a(vector.o)
sai1_isr                                          /home/ryan/Desktop/libopencm3/libopencm3-examples/libopencm3/lib/libopencm3_stm32f4.a(vector.o)
sdio_isr                                          /home/ryan/Desktop/libopencm3/libopencm3-examples/libopencm3/lib/libopencm3_stm32f4.a(vector.o)
setjmp                                            /usr/lib/gcc/arm-none-eabi/5.4.1/../../../arm-none-eabi/lib/armv7e-m/fpu/libc.a(lib_a-setjmp.o)
                                                  usart_irq_console.o
spi1_isr                                          /home/ryan/Desktop/libopencm3/libopencm3-examples/libopencm3/lib/libopencm3_stm32f4.a(vector.o)
spi2_isr                                          /home/ryan/Desktop/libopencm3/libopencm3-examples/libopencm3/lib/libopencm3_stm32f4.a(vector.o)
spi3_isr                                          /home/ryan/Desktop/libopencm3/libopencm3-examples/libopencm3/lib/libopencm3_stm32f4.a(vector.o)
spi4_isr                                          /home/ryan/Desktop/libopencm3/libopencm3-examples/libopencm3/lib/libopencm3_stm32f4.a(vector.o)
spi5_isr                                          /home/ryan/Desktop/libopencm3/libopencm3-examples/libopencm3/lib/libopencm3_stm32f4.a(vector.o)
spi6_isr                                          /home/ryan/Desktop/libopencm3/libopencm3-examples/libopencm3/lib/libopencm3_stm32f4.a(vector.o)
sv_call_handler                                   /home/ryan/Desktop/libopencm3/libopencm3-examples/libopencm3/lib/libopencm3_stm32f4.a(vector.o)
sys_tick_handler                                  clock.o
systick_clear                                     /home/ryan/Desktop/libopencm3/libopencm3-examples/libopencm3/lib/libopencm3_stm32f4.a(systick.o)
systick_counter_disable                           /home/ryan/Desktop/libopencm3/libopencm3-examples/libopencm3/lib/libopencm3_stm32f4.a(systick.o)
systick_counter_enable                            /home/ryan/Desktop/libopencm3/libopencm3-examples/libopencm3/lib/libopencm3_stm32f4.a(systick.o)
                                                  clock.o
systick_get_calib                                 /home/ryan/Desktop/libopencm3/libopencm3-examples/libopencm3/lib/libopencm3_stm32f4.a(systick.o)
systick_get_countflag                             /home/ryan/Desktop/libopencm3/libopencm3-examples/libopencm3/lib/libopencm3_stm32f4.a(systick.o)
systick_get_reload                                /home/ryan/Desktop/libopencm3/libopencm3-examples/libopencm3/lib/libopencm3_stm32f4.a(systick.o)
systick_get_value                                 /home/ryan/Desktop/libopencm3/libopencm3-examples/libopencm3/lib/libopencm3_stm32f4.a(systick.o)
systick_interrupt_disable                         /home/ryan/Desktop/libopencm3/libopencm3-examples/libopencm3/lib/libopencm3_stm32f4.a(systick.o)
systick_interrupt_enable                          /home/ryan/Desktop/libopencm3/libopencm3-examples/libopencm3/lib/libopencm3_stm32f4.a(systick.o)
                                                  clock.o
systick_set_clocksource                           /home/ryan/Desktop/libopencm3/libopencm3-examples/libopencm3/lib/libopencm3_stm32f4.a(systick.o)
                                                  clock.o
systick_set_frequency                             /home/ryan/Desktop/libopencm3/libopencm3-examples/libopencm3/lib/libopencm3_stm32f4.a(systick.o)
systick_set_reload                                /home/ryan/Desktop/libopencm3/libopencm3-examples/libopencm3/lib/libopencm3_stm32f4.a(systick.o)
                                                  clock.o
tamp_stamp_isr                                    /home/ryan/Desktop/libopencm3/libopencm3-examples/libopencm3/lib/libopencm3_stm32f4.a(vector.o)
tim1_brk_tim9_isr                                 /home/ryan/Desktop/libopencm3/libopencm3-examples/libopencm3/lib/libopencm3_stm32f4.a(vector.o)
tim1_cc_isr                                       /home/ryan/Desktop/libopencm3/libopencm3-examples/libopencm3/lib/libopencm3_stm32f4.a(vector.o)
tim1_trg_com_tim11_isr                            /home/ryan/Desktop/libopencm3/libopencm3-examples/libopencm3/lib/libopencm3_stm32f4.a(vector.o)
tim1_up_tim10_isr                                 /home/ryan/Desktop/libopencm3/libopencm3-examples/libopencm3/lib/libopencm3_stm32f4.a(vector.o)
tim2_isr                                          /home/ryan/Desktop/libopencm3/libopencm3-examples/libopencm3/lib/libopencm3_stm32f4.a(vector.o)
tim3_isr                                          /home/ryan/Desktop/libopencm3/libopencm3-examples/libopencm3/lib/libopencm3_stm32f4.a(vector.o)
tim4_isr                                          /home/ryan/Desktop/libopencm3/libopencm3-examples/libopencm3/lib/libopencm3_stm32f4.a(vector.o)
tim5_isr                                          /home/ryan/Desktop/libopencm3/libopencm3-examples/libopencm3/lib/libopencm3_stm32f4.a(vector.o)
tim6_dac_isr                                      /home/ryan/Desktop/libopencm3/libopencm3-examples/libopencm3/lib/libopencm3_stm32f4.a(vector.o)
tim7_isr                                          /home/ryan/Desktop/libopencm3/libopencm3-examples/libopencm3/lib/libopencm3_stm32f4.a(vector.o)
tim8_brk_tim12_isr                                /home/ryan/Desktop/libopencm3/libopencm3-examples/libopencm3/lib/libopencm3_stm32f4.a(vector.o)
tim8_cc_isr                                       /home/ryan/Desktop/libopencm3/libopencm3-examples/libopencm3/lib/libopencm3_stm32f4.a(vector.o)
tim8_trg_com_tim14_isr                            /home/ryan/Desktop/libopencm3/libopencm3-examples/libopencm3/lib/libopencm3_stm32f4.a(vector.o)
tim8_up_tim13_isr                                 /home/ryan/Desktop/libopencm3/libopencm3-examples/libopencm3/lib/libopencm3_stm32f4.a(vector.o)
uart4_isr                                         /home/ryan/Desktop/libopencm3/libopencm3-examples/libopencm3/lib/libopencm3_stm32f4.a(vector.o)
uart5_isr                                         /home/ryan/Desktop/libopencm3/libopencm3-examples/libopencm3/lib/libopencm3_stm32f4.a(vector.o)
uart7_isr                                         /home/ryan/Desktop/libopencm3/libopencm3-examples/libopencm3/lib/libopencm3_stm32f4.a(vector.o)
uart8_isr                                         /home/ryan/Desktop/libopencm3/libopencm3-examples/libopencm3/lib/libopencm3_stm32f4.a(vector.o)
usage_fault_handler                               /home/ryan/Desktop/libopencm3/libopencm3-examples/libopencm3/lib/libopencm3_stm32f4.a(vector.o)
usart1_isr                                        usart_irq_console.o
usart2_isr                                        /home/ryan/Desktop/libopencm3/libopencm3-examples/libopencm3/lib/libopencm3_stm32f4.a(vector.o)
usart3_isr                                        /home/ryan/Desktop/libopencm3/libopencm3-examples/libopencm3/lib/libopencm3_stm32f4.a(vector.o)
usart6_isr                                        /home/ryan/Desktop/libopencm3/libopencm3-examples/libopencm3/lib/libopencm3_stm32f4.a(vector.o)
usart_disable                                     /home/ryan/Desktop/libopencm3/libopencm3-examples/libopencm3/lib/libopencm3_stm32f4.a(usart_common_all.o)
usart_disable_error_interrupt                     /home/ryan/Desktop/libopencm3/libopencm3-examples/libopencm3/lib/libopencm3_stm32f4.a(usart_common_all.o)
usart_disable_rx_dma                              /home/ryan/Desktop/libopencm3/libopencm3-examples/libopencm3/lib/libopencm3_stm32f4.a(usart_common_all.o)
usart_disable_rx_interrupt                        /home/ryan/Desktop/libopencm3/libopencm3-examples/libopencm3/lib/libopencm3_stm32f4.a(usart_common_all.o)
usart_disable_tx_dma                              /home/ryan/Desktop/libopencm3/libopencm3-examples/libopencm3/lib/libopencm3_stm32f4.a(usart_common_all.o)
usart_disable_tx_interrupt                        /home/ryan/Desktop/libopencm3/libopencm3-examples/libopencm3/lib/libopencm3_stm32f4.a(usart_common_all.o)
usart_enable                                      /home/ryan/Desktop/libopencm3/libopencm3-examples/libopencm3/lib/libopencm3_stm32f4.a(usart_common_all.o)
                                                  usart_irq_console.o
usart_enable_error_interrupt                      /home/ryan/Desktop/libopencm3/libopencm3-examples/libopencm3/lib/libopencm3_stm32f4.a(usart_common_all.o)
usart_enable_rx_dma                               /home/ryan/Desktop/libopencm3/libopencm3-examples/libopencm3/lib/libopencm3_stm32f4.a(usart_common_all.o)
usart_enable_rx_interrupt                         /home/ryan/Desktop/libopencm3/libopencm3-examples/libopencm3/lib/libopencm3_stm32f4.a(usart_common_all.o)
                                                  usart_irq_console.o
usart_enable_tx_dma                               /home/ryan/Desktop/libopencm3/libopencm3-examples/libopencm3/lib/libopencm3_stm32f4.a(usart_common_all.o)
usart_enable_tx_interrupt                         /home/ryan/Desktop/libopencm3/libopencm3-examples/libopencm3/lib/libopencm3_stm32f4.a(usart_common_all.o)
usart_get_flag                                    /home/ryan/Desktop/libopencm3/libopencm3-examples/libopencm3/lib/libopencm3_stm32f4.a(usart_common_f124.o)
usart_recv                                        /home/ryan/Desktop/libopencm3/libopencm3-examples/libopencm3/lib/libopencm3_stm32f4.a(usart_common_f124.o)
                                                  /home/ryan/Desktop/libopencm3/libopencm3-examples/libopencm3/lib/libopencm3_stm32f4.a(usart_common_all.o)
usart_recv_blocking                               /home/ryan/Desktop/libopencm3/libopencm3-examples/libopencm3/lib/libopencm3_stm32f4.a(usart_common_all.o)
usart_send                                        /home/ryan/Desktop/libopencm3/libopencm3-examples/libopencm3/lib/libopencm3_stm32f4.a(usart_common_f124.o)
                                                  /home/ryan/Desktop/libopencm3/libopencm3-examples/libopencm3/lib/libopencm3_stm32f4.a(usart_common_all.o)
usart_send_blocking                               /home/ryan/Desktop/libopencm3/libopencm3-examples/libopencm3/lib/libopencm3_stm32f4.a(usart_common_all.o)
usart_set_baudrate                                /home/ryan/Desktop/libopencm3/libopencm3-examples/libopencm3/lib/libopencm3_stm32f4.a(usart_common_all.o)
                                                  usart_irq_console.o
usart_set_databits                                /home/ryan/Desktop/libopencm3/libopencm3-examples/libopencm3/lib/libopencm3_stm32f4.a(usart_common_all.o)
                                                  usart_irq_console.o
usart_set_flow_control                            /home/ryan/Desktop/libopencm3/libopencm3-examples/libopencm3/lib/libopencm3_stm32f4.a(usart_common_all.o)
                                                  usart_irq_console.o
usart_set_mode                                    /home/ryan/Desktop/libopencm3/libopencm3-examples/libopencm3/lib/libopencm3_stm32f4.a(usart_common_all.o)
                                                  usart_irq_console.o
usart_set_parity                                  /home/ryan/Desktop/libopencm3/libopencm3-examples/libopencm3/lib/libopencm3_stm32f4.a(usart_common_all.o)
                                                  usart_irq_console.o
usart_set_stopbits                                /home/ryan/Desktop/libopencm3/libopencm3-examples/libopencm3/lib/libopencm3_stm32f4.a(usart_common_all.o)
                                                  usart_irq_console.o
usart_wait_recv_ready                             /home/ryan/Desktop/libopencm3/libopencm3-examples/libopencm3/lib/libopencm3_stm32f4.a(usart_common_f124.o)
                                                  /home/ryan/Desktop/libopencm3/libopencm3-examples/libopencm3/lib/libopencm3_stm32f4.a(usart_common_all.o)
usart_wait_send_ready                             /home/ryan/Desktop/libopencm3/libopencm3-examples/libopencm3/lib/libopencm3_stm32f4.a(usart_common_f124.o)
                                                  /home/ryan/Desktop/libopencm3/libopencm3-examples/libopencm3/lib/libopencm3_stm32f4.a(usart_common_all.o)
usb_fs_wkup_isr                                   /home/ryan/Desktop/libopencm3/libopencm3-examples/libopencm3/lib/libopencm3_stm32f4.a(vector.o)
vector_table                                      /home/ryan/Desktop/libopencm3/libopencm3-examples/libopencm3/lib/libopencm3_stm32f4.a(vector.o)
