Archive member included to satisfy reference by file (symbol)

/usr/lib/gcc/arm-none-eabi/5.4.1/../../../arm-none-eabi/lib/armv7-m/librdimon.a(rdimon-syscalls.o)
                              usart-semihosting.o (initialise_monitor_handles)
/home/ryan/Desktop/libopencm3/libopencm3-examples/libopencm3/lib/libopencm3_stm32l1.a(gpio_common_all.o)
                              usart-semihosting.o (gpio_toggle)
/home/ryan/Desktop/libopencm3/libopencm3-examples/libopencm3/lib/libopencm3_stm32l1.a(gpio_common_f0234.o)
                              usart-semihosting.o (gpio_mode_setup)
/home/ryan/Desktop/libopencm3/libopencm3-examples/libopencm3/lib/libopencm3_stm32l1.a(usart_common_all.o)
                              usart-semihosting.o (usart_set_baudrate)
/home/ryan/Desktop/libopencm3/libopencm3-examples/libopencm3/lib/libopencm3_stm32l1.a(usart_common_f124.o)
                              /home/ryan/Desktop/libopencm3/libopencm3-examples/libopencm3/lib/libopencm3_stm32l1.a(usart_common_all.o) (usart_send)
/home/ryan/Desktop/libopencm3/libopencm3-examples/libopencm3/lib/libopencm3_stm32l1.a(rcc_common_all.o)
                              usart-semihosting.o (rcc_periph_clock_enable)
/home/ryan/Desktop/libopencm3/libopencm3-examples/libopencm3/lib/libopencm3_stm32l1.a(vector.o)
                              (reset_handler)
/home/ryan/Desktop/libopencm3/libopencm3-examples/libopencm3/lib/libopencm3_stm32l1.a(rcc.o)
                              /home/ryan/Desktop/libopencm3/libopencm3-examples/libopencm3/lib/libopencm3_stm32l1.a(usart_common_all.o) (rcc_apb2_frequency)
/home/ryan/Desktop/libopencm3/libopencm3-examples/libopencm3/lib/libopencm3_stm32l1.a(flash_common_l01.o)
                              /home/ryan/Desktop/libopencm3/libopencm3-examples/libopencm3/lib/libopencm3_stm32l1.a(rcc.o) (flash_prefetch_enable)
/home/ryan/Desktop/libopencm3/libopencm3-examples/libopencm3/lib/libopencm3_stm32l1.a(pwr_common_v2.o)
                              /home/ryan/Desktop/libopencm3/libopencm3-examples/libopencm3/lib/libopencm3_stm32l1.a(rcc.o) (pwr_set_vos_scale)
/home/ryan/Desktop/libopencm3/libopencm3-examples/libopencm3/lib/libopencm3_stm32l1.a(flash.o)
                              /home/ryan/Desktop/libopencm3/libopencm3-examples/libopencm3/lib/libopencm3_stm32l1.a(rcc.o) (flash_64bit_enable)
/usr/lib/gcc/arm-none-eabi/5.4.1/../../../arm-none-eabi/lib/armv7-m/libc.a(lib_a-errno.o)
                              /usr/lib/gcc/arm-none-eabi/5.4.1/../../../arm-none-eabi/lib/armv7-m/librdimon.a(rdimon-syscalls.o) (__errno)
/usr/lib/gcc/arm-none-eabi/5.4.1/../../../arm-none-eabi/lib/armv7-m/libc.a(lib_a-findfp.o)
                              /usr/lib/gcc/arm-none-eabi/5.4.1/../../../arm-none-eabi/lib/armv7-m/librdimon.a(rdimon-syscalls.o) (__sinit)
/usr/lib/gcc/arm-none-eabi/5.4.1/../../../arm-none-eabi/lib/armv7-m/libc.a(lib_a-fwalk.o)
                              /usr/lib/gcc/arm-none-eabi/5.4.1/../../../arm-none-eabi/lib/armv7-m/libc.a(lib_a-findfp.o) (_fwalk)
/usr/lib/gcc/arm-none-eabi/5.4.1/../../../arm-none-eabi/lib/armv7-m/libc.a(lib_a-impure.o)
                              /usr/lib/gcc/arm-none-eabi/5.4.1/../../../arm-none-eabi/lib/armv7-m/libc.a(lib_a-findfp.o) (_global_impure_ptr)
/usr/lib/gcc/arm-none-eabi/5.4.1/../../../arm-none-eabi/lib/armv7-m/libc.a(lib_a-mallocr.o)
                              /usr/lib/gcc/arm-none-eabi/5.4.1/../../../arm-none-eabi/lib/armv7-m/libc.a(lib_a-findfp.o) (_malloc_r)
/usr/lib/gcc/arm-none-eabi/5.4.1/../../../arm-none-eabi/lib/armv7-m/libc.a(lib_a-memset.o)
                              /usr/lib/gcc/arm-none-eabi/5.4.1/../../../arm-none-eabi/lib/armv7-m/librdimon.a(rdimon-syscalls.o) (memset)
/usr/lib/gcc/arm-none-eabi/5.4.1/../../../arm-none-eabi/lib/armv7-m/libc.a(lib_a-mlock.o)
                              /usr/lib/gcc/arm-none-eabi/5.4.1/../../../arm-none-eabi/lib/armv7-m/libc.a(lib_a-mallocr.o) (__malloc_lock)
/usr/lib/gcc/arm-none-eabi/5.4.1/../../../arm-none-eabi/lib/armv7-m/libc.a(lib_a-printf.o)
                              usart-semihosting.o (printf)
/usr/lib/gcc/arm-none-eabi/5.4.1/../../../arm-none-eabi/lib/armv7-m/libc.a(lib_a-sbrkr.o)
                              /usr/lib/gcc/arm-none-eabi/5.4.1/../../../arm-none-eabi/lib/armv7-m/libc.a(lib_a-mallocr.o) (_sbrk_r)
/usr/lib/gcc/arm-none-eabi/5.4.1/../../../arm-none-eabi/lib/armv7-m/libc.a(lib_a-stdio.o)
                              /usr/lib/gcc/arm-none-eabi/5.4.1/../../../arm-none-eabi/lib/armv7-m/libc.a(lib_a-findfp.o) (__sread)
/usr/lib/gcc/arm-none-eabi/5.4.1/../../../arm-none-eabi/lib/armv7-m/libc.a(lib_a-strlen-stub.o)
                              /usr/lib/gcc/arm-none-eabi/5.4.1/../../../arm-none-eabi/lib/armv7-m/librdimon.a(rdimon-syscalls.o) (strlen)
/usr/lib/gcc/arm-none-eabi/5.4.1/../../../arm-none-eabi/lib/armv7-m/libc.a(lib_a-vfprintf.o)
                              /usr/lib/gcc/arm-none-eabi/5.4.1/../../../arm-none-eabi/lib/armv7-m/libc.a(lib_a-printf.o) (_vfprintf_r)
[...]
Memory Configuration

Name             Origin             Length             Attributes
rom              0x0000000008000000 0x0000000000020000 xr
ram              0x0000000020000000 0x0000000000004000 xrw
eep              0x0000000008080000 0x0000000000001000 r
*default*        0x0000000000000000 0xffffffffffffffff

Linker script and memory map

LOAD usart-semihosting.o
LOAD /usr/lib/gcc/arm-none-eabi/5.4.1/../../../arm-none-eabi/lib/armv7-m/librdimon.a
LOAD /home/ryan/Desktop/libopencm3/libopencm3-examples/libopencm3/lib/libopencm3_stm32l1.a
START GROUP
LOAD /usr/lib/gcc/arm-none-eabi/5.4.1/../../../arm-none-eabi/lib/armv7-m/libc.a
LOAD /usr/lib/gcc/arm-none-eabi/5.4.1/armv7-m/libgcc.a
LOAD /usr/lib/gcc/arm-none-eabi/5.4.1/../../../arm-none-eabi/lib/armv7-m/libnosys.a
END GROUP
START GROUP
LOAD /usr/lib/gcc/arm-none-eabi/5.4.1/armv7-m/libgcc.a
LOAD /usr/lib/gcc/arm-none-eabi/5.4.1/../../../arm-none-eabi/lib/armv7-m/libg.a
LOAD /usr/lib/gcc/arm-none-eabi/5.4.1/../../../arm-none-eabi/lib/armv7-m/libc.a
END GROUP
START GROUP
LOAD /usr/lib/gcc/arm-none-eabi/5.4.1/armv7-m/libgcc.a
LOAD /usr/lib/gcc/arm-none-eabi/5.4.1/../../../arm-none-eabi/lib/armv7-m/libc.a
LOAD /usr/lib/gcc/arm-none-eabi/5.4.1/../../../arm-none-eabi/lib/armv7-m/librdimon.a
END GROUP

.text           0x0000000008000000     0x77c8
 *(.vectors)
 .vectors       0x0000000008000000      0x124 /home/ryan/Desktop/libopencm3/libopencm3-examples/libopencm3/lib/libopencm3_stm32l1.a(vector.o)
                0x0000000008000000                vector_table
 *(.text*)
 .text.startup.main
                0x0000000008000124       0xe0 usart-semihosting.o
                0x0000000008000124                main
 .text          0x0000000008000204      0x660 /usr/lib/gcc/arm-none-eabi/5.4.1/../../../arm-none-eabi/lib/armv7-m/librdimon.a(rdimon-syscalls.o)
                0x0000000008000258                initialise_monitor_handles
                0x00000000080002ec                _swiread
                0x0000000008000314                _read
                0x0000000008000364                _swilseek
                0x00000000080003f8                _lseek
                0x00000000080003fc                _swiwrite
                0x0000000008000424                _write
                0x000000000800049c                _swiclose
                0x00000000080004c4                _close
                0x0000000008000528                _getpid
                0x000000000800052c                _sbrk
                0x000000000800057c                _swistat
                0x00000000080005c4                _fstat
                0x00000000080005e0                _stat
                0x000000000800061c                _swiopen
                0x00000000080006f0                _open
                0x0000000008000704                _link
                0x0000000008000714                _unlink
                0x0000000008000750                _gettimeofday
                0x0000000008000774                _clock
                0x0000000008000788                _times
                0x00000000080007a8                _isatty
                0x00000000080007e4                _system
                0x0000000008000828                _rename
 .text.gpio_toggle
                0x0000000008000864       0x12 /home/ryan/Desktop/libopencm3/libopencm3-examples/libopencm3/lib/libopencm3_stm32l1.a(gpio_common_all.o)
                0x0000000008000864                gpio_toggle
 .text.gpio_mode_setup
                0x0000000008000876       0x44 /home/ryan/Desktop/libopencm3/libopencm3-examples/libopencm3/lib/libopencm3_stm32l1.a(gpio_common_f0234.o)
                0x0000000008000876                gpio_mode_setup
 .text.gpio_set_af
                0x00000000080008ba       0x58 /home/ryan/Desktop/libopencm3/libopencm3-examples/libopencm3/lib/libopencm3_stm32l1.a(gpio_common_f0234.o)
                0x00000000080008ba                gpio_set_af
 *fill*         0x0000000008000912        0x2 
 .text.usart_set_baudrate
                0x0000000008000914       0x28 /home/ryan/Desktop/libopencm3/libopencm3-examples/libopencm3/lib/libopencm3_stm32l1.a(usart_common_all.o)
                0x0000000008000914                usart_set_baudrate
 .text.usart_set_databits
                0x000000000800093c       0x12 /home/ryan/Desktop/libopencm3/libopencm3-examples/libopencm3/lib/libopencm3_stm32l1.a(usart_common_all.o)
                0x000000000800093c                usart_set_databits
 .text.usart_set_stopbits
                0x000000000800094e        0xc /home/ryan/Desktop/libopencm3/libopencm3-examples/libopencm3/lib/libopencm3_stm32l1.a(usart_common_all.o)
                0x000000000800094e                usart_set_stopbits
 .text.usart_set_parity
                0x000000000800095a        0xc /home/ryan/Desktop/libopencm3/libopencm3-examples/libopencm3/lib/libopencm3_stm32l1.a(usart_common_all.o)
                0x000000000800095a                usart_set_parity
 .text.usart_set_mode
                0x0000000008000966        0xc /home/ryan/Desktop/libopencm3/libopencm3-examples/libopencm3/lib/libopencm3_stm32l1.a(usart_common_all.o)
                0x0000000008000966                usart_set_mode
 .text.usart_set_flow_control
                0x0000000008000972        0xc /home/ryan/Desktop/libopencm3/libopencm3-examples/libopencm3/lib/libopencm3_stm32l1.a(usart_common_all.o)
                0x0000000008000972                usart_set_flow_control
 .text.usart_enable
                0x000000000800097e        0xa /home/ryan/Desktop/libopencm3/libopencm3-examples/libopencm3/lib/libopencm3_stm32l1.a(usart_common_all.o)
                0x000000000800097e                usart_enable
 .text.usart_send_blocking
                0x0000000008000988       0x16 /home/ryan/Desktop/libopencm3/libopencm3-examples/libopencm3/lib/libopencm3_stm32l1.a(usart_common_all.o)
                0x0000000008000988                usart_send_blocking
 .text.usart_send
                0x000000000800099e        0x8 /home/ryan/Desktop/libopencm3/libopencm3-examples/libopencm3/lib/libopencm3_stm32l1.a(usart_common_f124.o)
                0x000000000800099e                usart_send
 .text.usart_wait_send_ready
                0x00000000080009a6        0x8 /home/ryan/Desktop/libopencm3/libopencm3-examples/libopencm3/lib/libopencm3_stm32l1.a(usart_common_f124.o)
                0x00000000080009a6                usart_wait_send_ready
 .text.rcc_periph_clock_enable
                0x00000000080009ae       0x1c /home/ryan/Desktop/libopencm3/libopencm3-examples/libopencm3/lib/libopencm3_stm32l1.a(rcc_common_all.o)
                0x00000000080009ae                rcc_periph_clock_enable
 .text.blocking_handler
                0x00000000080009ca        0x2 /home/ryan/Desktop/libopencm3/libopencm3-examples/libopencm3/lib/libopencm3_stm32l1.a(vector.o)
                0x00000000080009ca                usb_lp_isr
                0x00000000080009ca                usb_hp_isr
                0x00000000080009ca                usart3_isr
                0x00000000080009ca                tim7_isr
                0x00000000080009ca                tim6_isr
                0x00000000080009ca                blocking_handler
                0x00000000080009ca                tim5_isr
                0x00000000080009ca                rtc_wkup_isr
                0x00000000080009ca                spi1_isr
                0x00000000080009ca                exti2_isr
                0x00000000080009ca                dma1_channel6_isr
                0x00000000080009ca                dma1_channel5_isr
                0x00000000080009ca                dma2_ch3_isr
                0x00000000080009ca                usart1_isr
                0x00000000080009ca                dac_isr
                0x00000000080009ca                usage_fault_handler
                0x00000000080009ca                tamper_stamp_isr
                0x00000000080009ca                dma2_ch1_isr
                0x00000000080009ca                sdio_isr
                0x00000000080009ca                dma1_channel4_isr
                0x00000000080009ca                pvd_isr
                0x00000000080009ca                usb_fs_wakeup_isr
                0x00000000080009ca                rcc_isr
                0x00000000080009ca                flash_isr
                0x00000000080009ca                uart4_isr
                0x00000000080009ca                rtc_alarm_isr
                0x00000000080009ca                exti15_10_isr
                0x00000000080009ca                hard_fault_handler
                0x00000000080009ca                exti1_isr
                0x00000000080009ca                i2c1_ev_isr
                0x00000000080009ca                spi2_isr
                0x00000000080009ca                aes_isr
                0x00000000080009ca                comp_acq_isr
                0x00000000080009ca                exti3_isr
                0x00000000080009ca                tim3_isr
                0x00000000080009ca                usart2_isr
                0x00000000080009ca                i2c2_er_isr
                0x00000000080009ca                i2c2_ev_isr
                0x00000000080009ca                uart5_isr
                0x00000000080009ca                dma1_channel1_isr
                0x00000000080009ca                exti4_isr
                0x00000000080009ca                dma2_ch5_isr
                0x00000000080009ca                comp_isr
                0x00000000080009ca                mem_manage_handler
                0x00000000080009ca                lcd_isr
                0x00000000080009ca                exti9_5_isr
                0x00000000080009ca                dma2_ch4_isr
                0x00000000080009ca                dma1_channel7_isr
                0x00000000080009ca                tim10_isr
                0x00000000080009ca                dma2_ch2_isr
                0x00000000080009ca                tim4_isr
                0x00000000080009ca                dma1_channel2_isr
                0x00000000080009ca                adc1_isr
                0x00000000080009ca                i2c1_er_isr
                0x00000000080009ca                tim9_isr
                0x00000000080009ca                tim11_isr
                0x00000000080009ca                bus_fault_handler
                0x00000000080009ca                wwdg_isr
                0x00000000080009ca                dma1_channel3_isr
                0x00000000080009ca                spi3_isr
                0x00000000080009ca                tim2_isr
                0x00000000080009ca                exti0_isr
 .text.null_handler
                0x00000000080009cc        0x2 /home/ryan/Desktop/libopencm3/libopencm3-examples/libopencm3/lib/libopencm3_stm32l1.a(vector.o)
                0x00000000080009cc                null_handler
                0x00000000080009cc                sv_call_handler
                0x00000000080009cc                pend_sv_handler
                0x00000000080009cc                debug_monitor_handler
                0x00000000080009cc                sys_tick_handler
                0x00000000080009cc                nmi_handler
 *fill*         0x00000000080009ce        0x2 
 .text.reset_handler
                0x00000000080009d0       0x90 /home/ryan/Desktop/libopencm3/libopencm3-examples/libopencm3/lib/libopencm3_stm32l1.a(vector.o)
                0x00000000080009d0                reset_handler
 .text          0x0000000008000a60        0xc /usr/lib/gcc/arm-none-eabi/5.4.1/../../../arm-none-eabi/lib/armv7-m/libc.a(lib_a-errno.o)
                0x0000000008000a60                __errno
 .text          0x0000000008000a6c      0x210 /usr/lib/gcc/arm-none-eabi/5.4.1/../../../arm-none-eabi/lib/armv7-m/libc.a(lib_a-findfp.o)
                0x0000000008000a70                _cleanup_r
                0x0000000008000b70                __sfmoreglue
                0x0000000008000ba0                __sfp
                0x0000000008000c28                _cleanup
                0x0000000008000c3c                __sinit
                0x0000000008000c44                __sfp_lock_acquire
                0x0000000008000c48                __sfp_lock_release
                0x0000000008000c4c                __sinit_lock_acquire
                0x0000000008000c50                __sinit_lock_release
                0x0000000008000c54                __fp_lock_all
                0x0000000008000c68                __fp_unlock_all
 .text          0x0000000008000c7c       0x98 /usr/lib/gcc/arm-none-eabi/5.4.1/../../../arm-none-eabi/lib/armv7-m/libc.a(lib_a-fwalk.o)
                0x0000000008000c7c                _fwalk
                0x0000000008000cc4                _fwalk_reent
 .text          0x0000000008000d14      0x554 /usr/lib/gcc/arm-none-eabi/5.4.1/../../../arm-none-eabi/lib/armv7-m/libc.a(lib_a-mallocr.o)
                0x0000000008000d14                _malloc_r
 .text          0x0000000008001268       0x9c /usr/lib/gcc/arm-none-eabi/5.4.1/../../../arm-none-eabi/lib/armv7-m/libc.a(lib_a-memset.o)
                0x0000000008001268                memset
 .text          0x0000000008001304        0x8 /usr/lib/gcc/arm-none-eabi/5.4.1/../../../arm-none-eabi/lib/armv7-m/libc.a(lib_a-mlock.o)
                0x0000000008001304                __malloc_lock
                0x0000000008001308                __malloc_unlock
 .text          0x000000000800130c       0x48 /usr/lib/gcc/arm-none-eabi/5.4.1/../../../arm-none-eabi/lib/armv7-m/libc.a(lib_a-printf.o)
                0x000000000800130c                _printf_r
                0x000000000800132c                printf
 .text          0x0000000008001354       0x24 /usr/lib/gcc/arm-none-eabi/5.4.1/../../../arm-none-eabi/lib/armv7-m/libc.a(lib_a-sbrkr.o)
                0x0000000008001354                _sbrk_r
 .text          0x0000000008001378       0x8c /usr/lib/gcc/arm-none-eabi/5.4.1/../../../arm-none-eabi/lib/armv7-m/libc.a(lib_a-stdio.o)
                0x0000000008001378                __sread
                0x000000000800139c                __seofread
                0x00000000080013a0                __swrite
                0x00000000080013dc                __sseek
                0x00000000080013fc                __sclose
 .text          0x0000000008001404       0x5c /usr/lib/gcc/arm-none-eabi/5.4.1/../../../arm-none-eabi/lib/armv7-m/libc.a(lib_a-strlen-stub.o)
                0x0000000008001404                strlen
 .text          0x0000000008001460     0x181c /usr/lib/gcc/arm-none-eabi/5.4.1/../../../arm-none-eabi/lib/armv7-m/libc.a(lib_a-vfprintf.o)
                0x0000000008001460                _vfprintf_r
                0x0000000008002bf8                vfprintf
 .text          0x0000000008002c7c       0x2c /usr/lib/gcc/arm-none-eabi/5.4.1/../../../arm-none-eabi/lib/armv7-m/libc.a(lib_a-writer.o)
                0x0000000008002c7c                _write_r
 .text          0x0000000008002ca8       0xc8 /usr/lib/gcc/arm-none-eabi/5.4.1/../../../arm-none-eabi/lib/armv7-m/libc.a(lib_a-wsetup.o)
                0x0000000008002ca8                __swsetup_r
 .text          0x0000000008002d70       0x24 /usr/lib/gcc/arm-none-eabi/5.4.1/../../../arm-none-eabi/lib/armv7-m/libc.a(lib_a-closer.o)
                0x0000000008002d70                _close_r
 *fill*         0x0000000008002d94        0x4 
 .text          0x0000000008002d98      0xf7c /usr/lib/gcc/arm-none-eabi/5.4.1/../../../arm-none-eabi/lib/armv7-m/libc.a(lib_a-dtoa.o)
                0x0000000008002ec4                _dtoa_r
 .text          0x0000000008003d14       0x94 /usr/lib/gcc/arm-none-eabi/5.4.1/../../../arm-none-eabi/lib/armv7-m/libc.a(lib_a-fclose.o)
                0x0000000008003d14                _fclose_r
                0x0000000008003d98                fclose
 .text          0x0000000008003da8      0x198 /usr/lib/gcc/arm-none-eabi/5.4.1/../../../arm-none-eabi/lib/armv7-m/libc.a(lib_a-fflush.o)
                0x0000000008003da8                __sflush_r
                0x0000000008003ef0                _fflush_r
                0x0000000008003f1c                fflush
 .text          0x0000000008003f40      0x26c /usr/lib/gcc/arm-none-eabi/5.4.1/../../../arm-none-eabi/lib/armv7-m/libc.a(lib_a-freer.o)
                0x0000000008003f40                _malloc_trim_r
                0x0000000008003fdc                _free_r
 .text          0x00000000080041ac       0x80 /usr/lib/gcc/arm-none-eabi/5.4.1/../../../arm-none-eabi/lib/armv7-m/libc.a(lib_a-locale.o)
                0x00000000080041ac                _setlocale_r
                0x00000000080041ec                __locale_charset
                0x00000000080041f4                __locale_mb_cur_max
                0x0000000008004200                __locale_msgcharset
                0x0000000008004208                __locale_cjk_lang
                0x000000000800420c                _localeconv_r
                0x0000000008004214                setlocale
                0x0000000008004224                localeconv
 .text          0x000000000800422c       0x2c /usr/lib/gcc/arm-none-eabi/5.4.1/../../../arm-none-eabi/lib/armv7-m/libc.a(lib_a-lseekr.o)
                0x000000000800422c                _lseek_r
 .text          0x0000000008004258       0xe8 /usr/lib/gcc/arm-none-eabi/5.4.1/../../../arm-none-eabi/lib/armv7-m/libc.a(lib_a-makebuf.o)
                0x0000000008004258                __swhatbuf_r
                0x00000000080042b8                __smakebuf_r
 .text          0x0000000008004340       0x8c /usr/lib/gcc/arm-none-eabi/5.4.1/../../../arm-none-eabi/lib/armv7-m/libc.a(lib_a-memchr-stub.o)
                0x0000000008004340                memchr
 .text          0x00000000080043cc       0xec /usr/lib/gcc/arm-none-eabi/5.4.1/../../../arm-none-eabi/lib/armv7-m/libc.a(lib_a-memcpy.o)
                0x00000000080043cc                memcpy
 .text          0x00000000080044b8      0x908 /usr/lib/gcc/arm-none-eabi/5.4.1/../../../arm-none-eabi/lib/armv7-m/libc.a(lib_a-mprec.o)
                0x00000000080044b8                _Balloc
                0x0000000008004508                _Bfree
                0x000000000800451c                __multadd
                0x000000000800459c                __s2b
                0x0000000008004634                __hi0bits
                0x0000000008004674                __lo0bits
                0x00000000080046d0                __i2b
                0x00000000080046e4                __multiply
                0x0000000008004820                __pow5mult
                0x00000000080048c0                __lshift
                0x000000000800496c                __mcmp
                0x00000000080049ac                __mdiff
                0x0000000008004ad4                __ulp
                0x0000000008004b18                __b2d
                0x0000000008004bec                __d2b
                0x0000000008004c94                __ratio
                0x0000000008004ce8                _mprec_log10
                0x0000000008004d1c                __copybits
                0x0000000008004d64                __any_on
 .text          0x0000000008004dc0       0x2c /usr/lib/gcc/arm-none-eabi/5.4.1/../../../arm-none-eabi/lib/armv7-m/libc.a(lib_a-readr.o)
                0x0000000008004dc0                _read_r
 .text          0x0000000008004dec      0x1bc /usr/lib/gcc/arm-none-eabi/5.4.1/../../../arm-none-eabi/lib/armv7-m/libc.a(lib_a-strcmp.o)
                0x0000000008004dec                strcmp
 .text          0x0000000008004fa8      0xef4 /usr/lib/gcc/arm-none-eabi/5.4.1/../../../arm-none-eabi/lib/armv7-m/libc.a(lib_a-vfiprintf.o)
                0x0000000008005020                __sprint_r
                0x0000000008005030                _vfiprintf_r
                0x0000000008005e18                vfiprintf
 .text          0x0000000008005e9c       0x60 /usr/lib/gcc/arm-none-eabi/5.4.1/../../../arm-none-eabi/lib/armv7-m/libc.a(lib_a-callocr.o)
                0x0000000008005e9c                _calloc_r
 .text          0x0000000008005efc       0xf8 /usr/lib/gcc/arm-none-eabi/5.4.1/../../../arm-none-eabi/lib/armv7-m/libc.a(lib_a-fputwc.o)
                0x0000000008005efc                __fputwc
                0x0000000008005f90                _fputwc_r
                0x0000000008005fb4                fputwc
 .text          0x0000000008005ff4       0x28 /usr/lib/gcc/arm-none-eabi/5.4.1/../../../arm-none-eabi/lib/armv7-m/libc.a(lib_a-fstatr.o)
                0x0000000008005ff4                _fstat_r
 .text          0x000000000800601c      0x308 /usr/lib/gcc/arm-none-eabi/5.4.1/../../../arm-none-eabi/lib/armv7-m/libc.a(lib_a-fvwrite.o)
                0x000000000800601c                __sfvwrite_r
 .text          0x0000000008006324       0x24 /usr/lib/gcc/arm-none-eabi/5.4.1/../../../arm-none-eabi/lib/armv7-m/libc.a(lib_a-isattyr.o)
                0x0000000008006324                _isatty_r
 .text          0x0000000008006348       0xc8 /usr/lib/gcc/arm-none-eabi/5.4.1/../../../arm-none-eabi/lib/armv7-m/libc.a(lib_a-memmove.o)
                0x0000000008006348                memmove
 .text          0x0000000008006410      0x3d4 /usr/lib/gcc/arm-none-eabi/5.4.1/../../../arm-none-eabi/lib/armv7-m/libc.a(lib_a-reallocr.o)
                0x0000000008006410                _realloc_r
 .text          0x00000000080067e4       0xbc /usr/lib/gcc/arm-none-eabi/5.4.1/../../../arm-none-eabi/lib/armv7-m/libc.a(lib_a-wbuf.o)
                0x00000000080067e4                __swbuf_r
                0x0000000008006890                __swbuf
 .text          0x00000000080068a0       0xac /usr/lib/gcc/arm-none-eabi/5.4.1/../../../arm-none-eabi/lib/armv7-m/libc.a(lib_a-wcrtomb.o)
                0x00000000080068a0                _wcrtomb_r
                0x00000000080068f4                wcrtomb
 .text          0x000000000800694c       0x4c /usr/lib/gcc/arm-none-eabi/5.4.1/../../../arm-none-eabi/lib/armv7-m/libc.a(lib_a-wctomb_r.o)
                0x000000000800694c                __ascii_wctomb
                0x0000000008006968                _wctomb_r
 .text          0x0000000008006998      0x370 /usr/lib/gcc/arm-none-eabi/5.4.1/armv7-m/libgcc.a(_arm_addsubdf3.o)
                0x0000000008006998                __aeabi_drsub
                0x00000000080069a0                __aeabi_dsub
                0x00000000080069a0                __subdf3
                0x00000000080069a4                __adddf3
                0x00000000080069a4                __aeabi_dadd
                0x0000000008006c1c                __aeabi_ui2d
                0x0000000008006c1c                __floatunsidf
                0x0000000008006c3c                __floatsidf
                0x0000000008006c3c                __aeabi_i2d
                0x0000000008006c60                __extendsfdf2
                0x0000000008006c60                __aeabi_f2d
                0x0000000008006c9c                __aeabi_ul2d
                0x0000000008006c9c                __floatundidf
                0x0000000008006cac                __floatdidf
                0x0000000008006cac                __aeabi_l2d
 .text          0x0000000008006d08      0x424 /usr/lib/gcc/arm-none-eabi/5.4.1/armv7-m/libgcc.a(_arm_muldivdf3.o)
                0x0000000008006d08                __aeabi_dmul
                0x0000000008006d08                __muldf3
                0x0000000008006f5c                __aeabi_ddiv
                0x0000000008006f5c                __divdf3
 .text          0x000000000800712c      0x110 /usr/lib/gcc/arm-none-eabi/5.4.1/armv7-m/libgcc.a(_arm_cmpdf2.o)
                0x000000000800712c                __gtdf2
                0x000000000800712c                __gedf2
                0x0000000008007134                __ltdf2
                0x0000000008007134                __ledf2
                0x000000000800713c                __cmpdf2
                0x000000000800713c                __eqdf2
                0x000000000800713c                __nedf2
                0x00000000080071b8                __aeabi_cdrcmple
                0x00000000080071c8                __aeabi_cdcmple
                0x00000000080071c8                __aeabi_cdcmpeq
                0x00000000080071d8                __aeabi_dcmpeq
                0x00000000080071ec                __aeabi_dcmplt
                0x0000000008007200                __aeabi_dcmple
                0x0000000008007214                __aeabi_dcmpge
                0x0000000008007228                __aeabi_dcmpgt
 .text          0x000000000800723c       0x2c /usr/lib/gcc/arm-none-eabi/5.4.1/armv7-m/libgcc.a(_arm_unorddf2.o)
                0x000000000800723c                __aeabi_dcmpun
                0x000000000800723c                __unorddf2
 .text          0x0000000008007268       0x50 /usr/lib/gcc/arm-none-eabi/5.4.1/armv7-m/libgcc.a(_arm_fixdfsi.o)
                0x0000000008007268                __fixdfsi
                0x0000000008007268                __aeabi_d2iz
 .text          0x00000000080072b8       0x30 /usr/lib/gcc/arm-none-eabi/5.4.1/armv7-m/libgcc.a(_aeabi_uldivmod.o)
                0x00000000080072b8                __aeabi_uldivmod
 .text          0x00000000080072e8      0x2ec /usr/lib/gcc/arm-none-eabi/5.4.1/armv7-m/libgcc.a(_udivmoddi4.o)
                0x00000000080072e8                __udivmoddi4
 .text          0x00000000080075d4        0x4 /usr/lib/gcc/arm-none-eabi/5.4.1/armv7-m/libgcc.a(_dvmd_tls.o)
                0x00000000080075d4                __aeabi_ldiv0
                0x00000000080075d4                __aeabi_idiv0
                0x00000000080075d8                . = ALIGN (0x4)
 *(.rodata*)
 .rodata.str1.1
                0x00000000080075d8       0x17 usart-semihosting.o
 *fill*         0x00000000080075ef        0x1 
 .rodata.str1.4
                0x00000000080075f0        0x4 /usr/lib/gcc/arm-none-eabi/5.4.1/../../../arm-none-eabi/lib/armv7-m/librdimon.a(rdimon-syscalls.o)
 .rodata        0x00000000080075f4        0x4 /usr/lib/gcc/arm-none-eabi/5.4.1/../../../arm-none-eabi/lib/armv7-m/libc.a(lib_a-impure.o)
                0x00000000080075f4                _global_impure_ptr
 .rodata.str1.4
                0x00000000080075f8        0x2 /usr/lib/gcc/arm-none-eabi/5.4.1/../../../arm-none-eabi/lib/armv7-m/libc.a(lib_a-impure.o)
 *fill*         0x00000000080075fa        0x2 
 .rodata        0x00000000080075fc       0x20 /usr/lib/gcc/arm-none-eabi/5.4.1/../../../arm-none-eabi/lib/armv7-m/libc.a(lib_a-vfprintf.o)
 .rodata.str1.4
                0x000000000800761c       0x42 /usr/lib/gcc/arm-none-eabi/5.4.1/../../../arm-none-eabi/lib/armv7-m/libc.a(lib_a-vfprintf.o)
 *fill*         0x000000000800765e        0x2 
 .rodata.str1.4
                0x0000000008007660       0x10 /usr/lib/gcc/arm-none-eabi/5.4.1/../../../arm-none-eabi/lib/armv7-m/libc.a(lib_a-dtoa.o)
                                         0x12 (size before relaxing)
 .rodata.str1.4
                0x0000000008007670        0xc /usr/lib/gcc/arm-none-eabi/5.4.1/../../../arm-none-eabi/lib/armv7-m/libc.a(lib_a-locale.o)
                                         0x12 (size before relaxing)
 *fill*         0x000000000800767c        0x4 
 .rodata        0x0000000008007680      0x128 /usr/lib/gcc/arm-none-eabi/5.4.1/../../../arm-none-eabi/lib/armv7-m/libc.a(lib_a-mprec.o)
                0x0000000008007690                __mprec_tens
                0x0000000008007758                __mprec_tinytens
                0x0000000008007780                __mprec_bigtens
 .rodata        0x00000000080077a8       0x20 /usr/lib/gcc/arm-none-eabi/5.4.1/../../../arm-none-eabi/lib/armv7-m/libc.a(lib_a-vfiprintf.o)
 .rodata.str1.4
                0x00000000080077c8       0x2f /usr/lib/gcc/arm-none-eabi/5.4.1/../../../arm-none-eabi/lib/armv7-m/libc.a(lib_a-vfiprintf.o)
                0x00000000080077f8                . = ALIGN (0x4)

.glue_7         0x00000000080077c8        0x0
 .glue_7        0x00000000080077c8        0x0 linker stubs

.glue_7t        0x00000000080077c8        0x0
 .glue_7t       0x00000000080077c8        0x0 linker stubs

.vfp11_veneer   0x00000000080077c8        0x0
 .vfp11_veneer  0x00000000080077c8        0x0 linker stubs

.v4_bx          0x00000000080077c8        0x0
 .v4_bx         0x00000000080077c8        0x0 linker stubs

.iplt           0x00000000080077c8        0x0
 .iplt          0x00000000080077c8        0x0 usart-semihosting.o

.preinit_array  0x00000000080077c8        0x0
                0x00000000080077c8                . = ALIGN (0x4)
                0x00000000080077c8                __preinit_array_start = .
 *(.preinit_array)
                0x00000000080077c8                __preinit_array_end = .

.init_array     0x00000000080077c8        0x0
                0x00000000080077c8                . = ALIGN (0x4)
                0x00000000080077c8                __init_array_start = .
 *(SORT(.init_array.*))
 *(.init_array)
                0x00000000080077c8                __init_array_end = .

.fini_array     0x00000000080077c8        0x0
                0x00000000080077c8                . = ALIGN (0x4)
                0x00000000080077c8                __fini_array_start = .
 *(.fini_array)
 *(SORT(.fini_array.*))
                0x00000000080077c8                __fini_array_end = .

.ARM.extab
 *(.ARM.extab*)

.ARM.exidx      0x00000000080077c8        0x8
                0x00000000080077c8                __exidx_start = .
 *(.ARM.exidx*)
 .ARM.exidx     0x00000000080077c8        0x8 /usr/lib/gcc/arm-none-eabi/5.4.1/armv7-m/libgcc.a(_udivmoddi4.o)
                0x00000000080077d0                __exidx_end = .

.rel.dyn        0x00000000080077d0        0x0
 .rel.iplt      0x00000000080077d0        0x0 usart-semihosting.o
                0x00000000080077d0                . = ALIGN (0x4)
                0x00000000080077d0                _etext = .

.data           0x0000000020000000      0x8d0 load address 0x00000000080077d0
                0x0000000020000000                _data = .
 *(.data*)
 .data          0x0000000020000000        0x4 /usr/lib/gcc/arm-none-eabi/5.4.1/../../../arm-none-eabi/lib/armv7-m/librdimon.a(rdimon-syscalls.o)
                0x0000000020000000                __heap_limit
 .data.rcc_apb1_frequency
                0x0000000020000004        0x4 /home/ryan/Desktop/libopencm3/libopencm3-examples/libopencm3/lib/libopencm3_stm32l1.a(rcc.o)
                0x0000000020000004                rcc_apb1_frequency
 .data.rcc_apb2_frequency
                0x0000000020000008        0x4 /home/ryan/Desktop/libopencm3/libopencm3-examples/libopencm3/lib/libopencm3_stm32l1.a(rcc.o)
                0x0000000020000008                rcc_apb2_frequency
 *fill*         0x000000002000000c        0x4 
 .data          0x0000000020000010      0x430 /usr/lib/gcc/arm-none-eabi/5.4.1/../../../arm-none-eabi/lib/armv7-m/libc.a(lib_a-impure.o)
                0x0000000020000010                _impure_ptr
 .data          0x0000000020000440      0x410 /usr/lib/gcc/arm-none-eabi/5.4.1/../../../arm-none-eabi/lib/armv7-m/libc.a(lib_a-mallocr.o)
                0x0000000020000440                __malloc_av_
                0x0000000020000848                __malloc_sbrk_base
                0x000000002000084c                __malloc_trim_threshold
 .data          0x0000000020000850       0x7c /usr/lib/gcc/arm-none-eabi/5.4.1/../../../arm-none-eabi/lib/armv7-m/libc.a(lib_a-locale.o)
                0x0000000020000870                __mb_cur_max
 .data          0x00000000200008cc        0x4 /usr/lib/gcc/arm-none-eabi/5.4.1/../../../arm-none-eabi/lib/armv7-m/libc.a(lib_a-wctomb_r.o)
                0x00000000200008cc                __wctomb
                0x00000000200008d0                . = ALIGN (0x4)
                0x00000000200008d0                _edata = .
                0x00000000080077d0                _data_loadaddr = LOADADDR (.data)

.igot.plt       0x00000000200008d0        0x0 load address 0x00000000080080a0
 .igot.plt      0x00000000200008d0        0x0 usart-semihosting.o

.bss            0x00000000200008d0       0xe8 load address 0x00000000080080a0
 *(.bss*)
 .bss           0x00000000200008d0       0xb0 /usr/lib/gcc/arm-none-eabi/5.4.1/../../../arm-none-eabi/lib/armv7-m/librdimon.a(rdimon-syscalls.o)
 .bss           0x0000000020000980       0x34 /usr/lib/gcc/arm-none-eabi/5.4.1/../../../arm-none-eabi/lib/armv7-m/libc.a(lib_a-mallocr.o)
                0x0000000020000980                __malloc_top_pad
                0x0000000020000984                __malloc_current_mallinfo
                0x00000000200009ac                __malloc_max_sbrked_mem
                0x00000000200009b0                __malloc_max_total_mem
 *(COMMON)
 COMMON         0x00000000200009b4        0x4 /usr/lib/gcc/arm-none-eabi/5.4.1/../../../arm-none-eabi/lib/armv7-m/libc.a(lib_a-reent.o)
                0x00000000200009b4                errno
                0x00000000200009b8                . = ALIGN (0x4)
                0x00000000200009b8                _ebss = .

/DISCARD/
 *(.eh_frame)
                0x00000000200009b8                . = ALIGN (0x4)
                0x00000000200009b8                end = .
                0x0000000020004000                PROVIDE (_stack, (ORIGIN (ram) + LENGTH (ram)))
OUTPUT(usart-semihosting.elf elf32-littlearm)

.debug_info     0x0000000000000000    0x1d326
 .debug_info    0x0000000000000000      0x60a usart-semihosting.o
 .debug_info    0x000000000000060a     0x1f9b /usr/lib/gcc/arm-none-eabi/5.4.1/../../../arm-none-eabi/lib/armv7-m/librdimon.a(rdimon-syscalls.o)
 .debug_info    0x00000000000025a5      0x22c /home/ryan/Desktop/libopencm3/libopencm3-examples/libopencm3/lib/libopencm3_stm32l1.a(gpio_common_all.o)
 .debug_info    0x00000000000027d1      0x1eb /home/ryan/Desktop/libopencm3/libopencm3-examples/libopencm3/lib/libopencm3_stm32l1.a(gpio_common_f0234.o)
 .debug_info    0x00000000000029bc      0x4b2 /home/ryan/Desktop/libopencm3/libopencm3-examples/libopencm3/lib/libopencm3_stm32l1.a(usart_common_all.o)
 .debug_info    0x0000000000002e6e      0x17a /home/ryan/Desktop/libopencm3/libopencm3-examples/libopencm3/lib/libopencm3_stm32l1.a(usart_common_f124.o)
 .debug_info    0x0000000000002fe8      0x612 /home/ryan/Desktop/libopencm3/libopencm3-examples/libopencm3/lib/libopencm3_stm32l1.a(rcc_common_all.o)
 .debug_info    0x00000000000035fa      0x2a8 /home/ryan/Desktop/libopencm3/libopencm3-examples/libopencm3/lib/libopencm3_stm32l1.a(vector.o)
 .debug_info    0x00000000000038a2      0xb8c /home/ryan/Desktop/libopencm3/libopencm3-examples/libopencm3/lib/libopencm3_stm32l1.a(rcc.o)
 .debug_info    0x000000000000442e      0x890 /usr/lib/gcc/arm-none-eabi/5.4.1/../../../arm-none-eabi/lib/armv7-m/libc.a(lib_a-errno.o)
 .debug_info    0x0000000000004cbe      0xd41 /usr/lib/gcc/arm-none-eabi/5.4.1/../../../arm-none-eabi/lib/armv7-m/libc.a(lib_a-findfp.o)
 .debug_info    0x00000000000059ff      0x9a5 /usr/lib/gcc/arm-none-eabi/5.4.1/../../../arm-none-eabi/lib/armv7-m/libc.a(lib_a-fwalk.o)
 .debug_info    0x00000000000063a4      0x89b /usr/lib/gcc/arm-none-eabi/5.4.1/../../../arm-none-eabi/lib/armv7-m/libc.a(lib_a-impure.o)
 .debug_info    0x0000000000006c3f      0xd4d /usr/lib/gcc/arm-none-eabi/5.4.1/../../../arm-none-eabi/lib/armv7-m/libc.a(lib_a-mallocr.o)
 .debug_info    0x000000000000798c      0x11e /usr/lib/gcc/arm-none-eabi/5.4.1/../../../arm-none-eabi/lib/armv7-m/libc.a(lib_a-memset.o)
 .debug_info    0x0000000000007aaa      0x8a8 /usr/lib/gcc/arm-none-eabi/5.4.1/../../../arm-none-eabi/lib/armv7-m/libc.a(lib_a-mlock.o)
 .debug_info    0x0000000000008352      0x98d /usr/lib/gcc/arm-none-eabi/5.4.1/../../../arm-none-eabi/lib/armv7-m/libc.a(lib_a-printf.o)
 .debug_info    0x0000000000008cdf      0x8f5 /usr/lib/gcc/arm-none-eabi/5.4.1/../../../arm-none-eabi/lib/armv7-m/libc.a(lib_a-sbrkr.o)
 .debug_info    0x00000000000095d4      0xb29 /usr/lib/gcc/arm-none-eabi/5.4.1/../../../arm-none-eabi/lib/armv7-m/libc.a(lib_a-stdio.o)
 .debug_info    0x000000000000a0fd       0xbc /usr/lib/gcc/arm-none-eabi/5.4.1/../../../arm-none-eabi/lib/armv7-m/libc.a(lib_a-strlen-stub.o)
 .debug_info    0x000000000000a1b9     0x16f9 /usr/lib/gcc/arm-none-eabi/5.4.1/../../../arm-none-eabi/lib/armv7-m/libc.a(lib_a-vfprintf.o)
 .debug_info    0x000000000000b8b2      0x933 /usr/lib/gcc/arm-none-eabi/5.4.1/../../../arm-none-eabi/lib/armv7-m/libc.a(lib_a-writer.o)
 .debug_info    0x000000000000c1e5      0x92b /usr/lib/gcc/arm-none-eabi/5.4.1/../../../arm-none-eabi/lib/armv7-m/libc.a(lib_a-wsetup.o)
 .debug_info    0x000000000000cb10      0x8eb /usr/lib/gcc/arm-none-eabi/5.4.1/../../../arm-none-eabi/lib/armv7-m/libc.a(lib_a-closer.o)
 .debug_info    0x000000000000d3fb     0x1260 /usr/lib/gcc/arm-none-eabi/5.4.1/../../../arm-none-eabi/lib/armv7-m/libc.a(lib_a-dtoa.o)
 .debug_info    0x000000000000e65b      0xa18 /usr/lib/gcc/arm-none-eabi/5.4.1/../../../arm-none-eabi/lib/armv7-m/libc.a(lib_a-fclose.o)
 .debug_info    0x000000000000f073      0xa85 /usr/lib/gcc/arm-none-eabi/5.4.1/../../../arm-none-eabi/lib/armv7-m/libc.a(lib_a-fflush.o)
 .debug_info    0x000000000000faf8      0xc01 /usr/lib/gcc/arm-none-eabi/5.4.1/../../../arm-none-eabi/lib/armv7-m/libc.a(lib_a-freer.o)
 .debug_info    0x00000000000106f9      0xc1c /usr/lib/gcc/arm-none-eabi/5.4.1/../../../arm-none-eabi/lib/armv7-m/libc.a(lib_a-locale.o)
 .debug_info    0x0000000000011315      0x916 /usr/lib/gcc/arm-none-eabi/5.4.1/../../../arm-none-eabi/lib/armv7-m/libc.a(lib_a-lseekr.o)
 .debug_info    0x0000000000011c2b      0xc1c /usr/lib/gcc/arm-none-eabi/5.4.1/../../../arm-none-eabi/lib/armv7-m/libc.a(lib_a-makebuf.o)
 .debug_info    0x0000000000012847      0x132 /usr/lib/gcc/arm-none-eabi/5.4.1/../../../arm-none-eabi/lib/armv7-m/libc.a(lib_a-memchr-stub.o)
 .debug_info    0x0000000000012979       0xc2 /usr/lib/gcc/arm-none-eabi/5.4.1/../../../arm-none-eabi/lib/armv7-m/libc.a(lib_a-memcpy.o)
 .debug_info    0x0000000000012a3b     0x16bc /usr/lib/gcc/arm-none-eabi/5.4.1/../../../arm-none-eabi/lib/armv7-m/libc.a(lib_a-mprec.o)
 .debug_info    0x00000000000140f7      0x92c /usr/lib/gcc/arm-none-eabi/5.4.1/../../../arm-none-eabi/lib/armv7-m/libc.a(lib_a-readr.o)
 .debug_info    0x0000000000014a23      0x9fc /usr/lib/gcc/arm-none-eabi/5.4.1/../../../arm-none-eabi/lib/armv7-m/libc.a(lib_a-reent.o)
 .debug_info    0x000000000001541f       0xc2 /usr/lib/gcc/arm-none-eabi/5.4.1/../../../arm-none-eabi/lib/armv7-m/libc.a(lib_a-strcmp.o)
 .debug_info    0x00000000000154e1     0x14bc /usr/lib/gcc/arm-none-eabi/5.4.1/../../../arm-none-eabi/lib/armv7-m/libc.a(lib_a-vfiprintf.o)
 .debug_info    0x000000000001699d      0x9c8 /usr/lib/gcc/arm-none-eabi/5.4.1/../../../arm-none-eabi/lib/armv7-m/libc.a(lib_a-callocr.o)
 .debug_info    0x0000000000017365      0xb3f /usr/lib/gcc/arm-none-eabi/5.4.1/../../../arm-none-eabi/lib/armv7-m/libc.a(lib_a-fputwc.o)
 .debug_info    0x0000000000017ea4      0xacc /usr/lib/gcc/arm-none-eabi/5.4.1/../../../arm-none-eabi/lib/armv7-m/libc.a(lib_a-fstatr.o)
 .debug_info    0x0000000000018970      0xbf0 /usr/lib/gcc/arm-none-eabi/5.4.1/../../../arm-none-eabi/lib/armv7-m/libc.a(lib_a-fvwrite.o)
 .debug_info    0x0000000000019560      0x8eb /usr/lib/gcc/arm-none-eabi/5.4.1/../../../arm-none-eabi/lib/armv7-m/libc.a(lib_a-isattyr.o)
 .debug_info    0x0000000000019e4b      0x138 /usr/lib/gcc/arm-none-eabi/5.4.1/../../../arm-none-eabi/lib/armv7-m/libc.a(lib_a-memmove.o)
 .debug_info    0x0000000000019f83      0xc72 /usr/lib/gcc/arm-none-eabi/5.4.1/../../../arm-none-eabi/lib/armv7-m/libc.a(lib_a-reallocr.o)
 .debug_info    0x000000000001abf5      0x9b3 /usr/lib/gcc/arm-none-eabi/5.4.1/../../../arm-none-eabi/lib/armv7-m/libc.a(lib_a-wbuf.o)
 .debug_info    0x000000000001b5a8      0xa86 /usr/lib/gcc/arm-none-eabi/5.4.1/../../../arm-none-eabi/lib/armv7-m/libc.a(lib_a-wcrtomb.o)
 .debug_info    0x000000000001c02e      0x9bc /usr/lib/gcc/arm-none-eabi/5.4.1/../../../arm-none-eabi/lib/armv7-m/libc.a(lib_a-wctomb_r.o)
 .debug_info    0x000000000001c9ea       0xba /usr/lib/gcc/arm-none-eabi/5.4.1/armv7-m/libgcc.a(_arm_addsubdf3.o)
 .debug_info    0x000000000001caa4       0xba /usr/lib/gcc/arm-none-eabi/5.4.1/armv7-m/libgcc.a(_arm_muldivdf3.o)
 .debug_info    0x000000000001cb5e       0xba /usr/lib/gcc/arm-none-eabi/5.4.1/armv7-m/libgcc.a(_arm_cmpdf2.o)
 .debug_info    0x000000000001cc18       0xba /usr/lib/gcc/arm-none-eabi/5.4.1/armv7-m/libgcc.a(_arm_unorddf2.o)
 .debug_info    0x000000000001ccd2       0xba /usr/lib/gcc/arm-none-eabi/5.4.1/armv7-m/libgcc.a(_arm_fixdfsi.o)
 .debug_info    0x000000000001cd8c       0xb5 /usr/lib/gcc/arm-none-eabi/5.4.1/armv7-m/libgcc.a(_aeabi_uldivmod.o)
 .debug_info    0x000000000001ce41      0x42c /usr/lib/gcc/arm-none-eabi/5.4.1/armv7-m/libgcc.a(_udivmoddi4.o)
 .debug_info    0x000000000001d26d       0xb9 /usr/lib/gcc/arm-none-eabi/5.4.1/armv7-m/libgcc.a(_dvmd_tls.o)

.debug_abbrev   0x0000000000000000     0x5f28
 .debug_abbrev  0x0000000000000000       0xf7 usart-semihosting.o
 .debug_abbrev  0x00000000000000f7      0x495 /usr/lib/gcc/arm-none-eabi/5.4.1/../../../arm-none-eabi/lib/armv7-m/librdimon.a(rdimon-syscalls.o)
 .debug_abbrev  0x000000000000058c      0x10e /home/ryan/Desktop/libopencm3/libopencm3-examples/libopencm3/lib/libopencm3_stm32l1.a(gpio_common_all.o)
 .debug_abbrev  0x000000000000069a       0xb7 /home/ryan/Desktop/libopencm3/libopencm3-examples/libopencm3/lib/libopencm3_stm32l1.a(gpio_common_f0234.o)
 .debug_abbrev  0x0000000000000751      0x10f /home/ryan/Desktop/libopencm3/libopencm3-examples/libopencm3/lib/libopencm3_stm32l1.a(usart_common_all.o)
 .debug_abbrev  0x0000000000000860       0x8e /home/ryan/Desktop/libopencm3/libopencm3-examples/libopencm3/lib/libopencm3_stm32l1.a(usart_common_f124.o)
 .debug_abbrev  0x00000000000008ee      0x11d /home/ryan/Desktop/libopencm3/libopencm3-examples/libopencm3/lib/libopencm3_stm32l1.a(rcc_common_all.o)
 .debug_abbrev  0x0000000000000a0b      0x146 /home/ryan/Desktop/libopencm3/libopencm3-examples/libopencm3/lib/libopencm3_stm32l1.a(vector.o)
 .debug_abbrev  0x0000000000000b51      0x2a3 /home/ryan/Desktop/libopencm3/libopencm3-examples/libopencm3/lib/libopencm3_stm32l1.a(rcc.o)
 .debug_abbrev  0x0000000000000df4      0x18f /usr/lib/gcc/arm-none-eabi/5.4.1/../../../arm-none-eabi/lib/armv7-m/libc.a(lib_a-errno.o)
 .debug_abbrev  0x0000000000000f83      0x358 /usr/lib/gcc/arm-none-eabi/5.4.1/../../../arm-none-eabi/lib/armv7-m/libc.a(lib_a-findfp.o)
 .debug_abbrev  0x00000000000012db      0x1c2 /usr/lib/gcc/arm-none-eabi/5.4.1/../../../arm-none-eabi/lib/armv7-m/libc.a(lib_a-fwalk.o)
 .debug_abbrev  0x000000000000149d      0x180 /usr/lib/gcc/arm-none-eabi/5.4.1/../../../arm-none-eabi/lib/armv7-m/libc.a(lib_a-impure.o)
 .debug_abbrev  0x000000000000161d      0x29d /usr/lib/gcc/arm-none-eabi/5.4.1/../../../arm-none-eabi/lib/armv7-m/libc.a(lib_a-mallocr.o)
 .debug_abbrev  0x00000000000018ba       0x9f /usr/lib/gcc/arm-none-eabi/5.4.1/../../../arm-none-eabi/lib/armv7-m/libc.a(lib_a-memset.o)
 .debug_abbrev  0x0000000000001959      0x1ac /usr/lib/gcc/arm-none-eabi/5.4.1/../../../arm-none-eabi/lib/armv7-m/libc.a(lib_a-mlock.o)
 .debug_abbrev  0x0000000000001b05      0x22a /usr/lib/gcc/arm-none-eabi/5.4.1/../../../arm-none-eabi/lib/armv7-m/libc.a(lib_a-printf.o)
 .debug_abbrev  0x0000000000001d2f      0x1fb /usr/lib/gcc/arm-none-eabi/5.4.1/../../../arm-none-eabi/lib/armv7-m/libc.a(lib_a-sbrkr.o)
 .debug_abbrev  0x0000000000001f2a      0x22a /usr/lib/gcc/arm-none-eabi/5.4.1/../../../arm-none-eabi/lib/armv7-m/libc.a(lib_a-stdio.o)
 .debug_abbrev  0x0000000000002154       0x70 /usr/lib/gcc/arm-none-eabi/5.4.1/../../../arm-none-eabi/lib/armv7-m/libc.a(lib_a-strlen-stub.o)
 .debug_abbrev  0x00000000000021c4      0x3a9 /usr/lib/gcc/arm-none-eabi/5.4.1/../../../arm-none-eabi/lib/armv7-m/libc.a(lib_a-vfprintf.o)
 .debug_abbrev  0x000000000000256d      0x1fb /usr/lib/gcc/arm-none-eabi/5.4.1/../../../arm-none-eabi/lib/armv7-m/libc.a(lib_a-writer.o)
 .debug_abbrev  0x0000000000002768      0x209 /usr/lib/gcc/arm-none-eabi/5.4.1/../../../arm-none-eabi/lib/armv7-m/libc.a(lib_a-wsetup.o)
 .debug_abbrev  0x0000000000002971      0x1f6 /usr/lib/gcc/arm-none-eabi/5.4.1/../../../arm-none-eabi/lib/armv7-m/libc.a(lib_a-closer.o)
 .debug_abbrev  0x0000000000002b67      0x29e /usr/lib/gcc/arm-none-eabi/5.4.1/../../../arm-none-eabi/lib/armv7-m/libc.a(lib_a-dtoa.o)
 .debug_abbrev  0x0000000000002e05      0x293 /usr/lib/gcc/arm-none-eabi/5.4.1/../../../arm-none-eabi/lib/armv7-m/libc.a(lib_a-fclose.o)
 .debug_abbrev  0x0000000000003098      0x292 /usr/lib/gcc/arm-none-eabi/5.4.1/../../../arm-none-eabi/lib/armv7-m/libc.a(lib_a-fflush.o)
 .debug_abbrev  0x000000000000332a      0x264 /usr/lib/gcc/arm-none-eabi/5.4.1/../../../arm-none-eabi/lib/armv7-m/libc.a(lib_a-freer.o)
 .debug_abbrev  0x000000000000358e      0x2a8 /usr/lib/gcc/arm-none-eabi/5.4.1/../../../arm-none-eabi/lib/armv7-m/libc.a(lib_a-locale.o)
 .debug_abbrev  0x0000000000003836      0x205 /usr/lib/gcc/arm-none-eabi/5.4.1/../../../arm-none-eabi/lib/armv7-m/libc.a(lib_a-lseekr.o)
 .debug_abbrev  0x0000000000003a3b      0x296 /usr/lib/gcc/arm-none-eabi/5.4.1/../../../arm-none-eabi/lib/armv7-m/libc.a(lib_a-makebuf.o)
 .debug_abbrev  0x0000000000003cd1       0xab /usr/lib/gcc/arm-none-eabi/5.4.1/../../../arm-none-eabi/lib/armv7-m/libc.a(lib_a-memchr-stub.o)
 .debug_abbrev  0x0000000000003d7c       0x14 /usr/lib/gcc/arm-none-eabi/5.4.1/../../../arm-none-eabi/lib/armv7-m/libc.a(lib_a-memcpy.o)
 .debug_abbrev  0x0000000000003d90      0x399 /usr/lib/gcc/arm-none-eabi/5.4.1/../../../arm-none-eabi/lib/armv7-m/libc.a(lib_a-mprec.o)
 .debug_abbrev  0x0000000000004129      0x1f6 /usr/lib/gcc/arm-none-eabi/5.4.1/../../../arm-none-eabi/lib/armv7-m/libc.a(lib_a-readr.o)
 .debug_abbrev  0x000000000000431f      0x25c /usr/lib/gcc/arm-none-eabi/5.4.1/../../../arm-none-eabi/lib/armv7-m/libc.a(lib_a-reent.o)
 .debug_abbrev  0x000000000000457b       0x14 /usr/lib/gcc/arm-none-eabi/5.4.1/../../../arm-none-eabi/lib/armv7-m/libc.a(lib_a-strcmp.o)
 .debug_abbrev  0x000000000000458f      0x3b2 /usr/lib/gcc/arm-none-eabi/5.4.1/../../../arm-none-eabi/lib/armv7-m/libc.a(lib_a-vfiprintf.o)
 .debug_abbrev  0x0000000000004941      0x1fc /usr/lib/gcc/arm-none-eabi/5.4.1/../../../arm-none-eabi/lib/armv7-m/libc.a(lib_a-callocr.o)
 .debug_abbrev  0x0000000000004b3d      0x2f2 /usr/lib/gcc/arm-none-eabi/5.4.1/../../../arm-none-eabi/lib/armv7-m/libc.a(lib_a-fputwc.o)
 .debug_abbrev  0x0000000000004e2f      0x205 /usr/lib/gcc/arm-none-eabi/5.4.1/../../../arm-none-eabi/lib/armv7-m/libc.a(lib_a-fstatr.o)
 .debug_abbrev  0x0000000000005034      0x21c /usr/lib/gcc/arm-none-eabi/5.4.1/../../../arm-none-eabi/lib/armv7-m/libc.a(lib_a-fvwrite.o)
 .debug_abbrev  0x0000000000005250      0x1f6 /usr/lib/gcc/arm-none-eabi/5.4.1/../../../arm-none-eabi/lib/armv7-m/libc.a(lib_a-isattyr.o)
 .debug_abbrev  0x0000000000005446       0xab /usr/lib/gcc/arm-none-eabi/5.4.1/../../../arm-none-eabi/lib/armv7-m/libc.a(lib_a-memmove.o)
 .debug_abbrev  0x00000000000054f1      0x231 /usr/lib/gcc/arm-none-eabi/5.4.1/../../../arm-none-eabi/lib/armv7-m/libc.a(lib_a-reallocr.o)
 .debug_abbrev  0x0000000000005722      0x242 /usr/lib/gcc/arm-none-eabi/5.4.1/../../../arm-none-eabi/lib/armv7-m/libc.a(lib_a-wbuf.o)
 .debug_abbrev  0x0000000000005964      0x227 /usr/lib/gcc/arm-none-eabi/5.4.1/../../../arm-none-eabi/lib/armv7-m/libc.a(lib_a-wcrtomb.o)
 .debug_abbrev  0x0000000000005b8b      0x210 /usr/lib/gcc/arm-none-eabi/5.4.1/../../../arm-none-eabi/lib/armv7-m/libc.a(lib_a-wctomb_r.o)
 .debug_abbrev  0x0000000000005d9b       0x14 /usr/lib/gcc/arm-none-eabi/5.4.1/armv7-m/libgcc.a(_arm_addsubdf3.o)
 .debug_abbrev  0x0000000000005daf       0x14 /usr/lib/gcc/arm-none-eabi/5.4.1/armv7-m/libgcc.a(_arm_muldivdf3.o)
 .debug_abbrev  0x0000000000005dc3       0x14 /usr/lib/gcc/arm-none-eabi/5.4.1/armv7-m/libgcc.a(_arm_cmpdf2.o)
 .debug_abbrev  0x0000000000005dd7       0x14 /usr/lib/gcc/arm-none-eabi/5.4.1/armv7-m/libgcc.a(_arm_unorddf2.o)
 .debug_abbrev  0x0000000000005deb       0x14 /usr/lib/gcc/arm-none-eabi/5.4.1/armv7-m/libgcc.a(_arm_fixdfsi.o)
 .debug_abbrev  0x0000000000005dff       0x14 /usr/lib/gcc/arm-none-eabi/5.4.1/armv7-m/libgcc.a(_aeabi_uldivmod.o)
 .debug_abbrev  0x0000000000005e13      0x101 /usr/lib/gcc/arm-none-eabi/5.4.1/armv7-m/libgcc.a(_udivmoddi4.o)
 .debug_abbrev  0x0000000000005f14       0x14 /usr/lib/gcc/arm-none-eabi/5.4.1/armv7-m/libgcc.a(_dvmd_tls.o)

.debug_loc      0x0000000000000000    0x109a0
 .debug_loc     0x0000000000000000       0xae usart-semihosting.o
 .debug_loc     0x00000000000000ae      0xfde /usr/lib/gcc/arm-none-eabi/5.4.1/../../../arm-none-eabi/lib/armv7-m/librdimon.a(rdimon-syscalls.o)
 .debug_loc     0x000000000000108c       0x97 /home/ryan/Desktop/libopencm3/libopencm3-examples/libopencm3/lib/libopencm3_stm32l1.a(gpio_common_all.o)
 .debug_loc     0x0000000000001123       0xdd /home/ryan/Desktop/libopencm3/libopencm3-examples/libopencm3/lib/libopencm3_stm32l1.a(gpio_common_f0234.o)
 .debug_loc     0x0000000000001200      0x1ca /home/ryan/Desktop/libopencm3/libopencm3-examples/libopencm3/lib/libopencm3_stm32l1.a(usart_common_all.o)
 .debug_loc     0x00000000000013ca       0x63 /home/ryan/Desktop/libopencm3/libopencm3-examples/libopencm3/lib/libopencm3_stm32l1.a(usart_common_f124.o)
 .debug_loc     0x000000000000142d      0x108 /home/ryan/Desktop/libopencm3/libopencm3-examples/libopencm3/lib/libopencm3_stm32l1.a(rcc_common_all.o)
 .debug_loc     0x0000000000001535       0xdf /home/ryan/Desktop/libopencm3/libopencm3-examples/libopencm3/lib/libopencm3_stm32l1.a(vector.o)
 .debug_loc     0x0000000000001614      0x4c7 /home/ryan/Desktop/libopencm3/libopencm3-examples/libopencm3/lib/libopencm3_stm32l1.a(rcc.o)
 .debug_loc     0x0000000000001adb      0x2e9 /usr/lib/gcc/arm-none-eabi/5.4.1/../../../arm-none-eabi/lib/armv7-m/libc.a(lib_a-findfp.o)
 .debug_loc     0x0000000000001dc4      0x1f1 /usr/lib/gcc/arm-none-eabi/5.4.1/../../../arm-none-eabi/lib/armv7-m/libc.a(lib_a-fwalk.o)
 .debug_loc     0x0000000000001fb5      0xc88 /usr/lib/gcc/arm-none-eabi/5.4.1/../../../arm-none-eabi/lib/armv7-m/libc.a(lib_a-mallocr.o)
 .debug_loc     0x0000000000002c3d      0x1ae /usr/lib/gcc/arm-none-eabi/5.4.1/../../../arm-none-eabi/lib/armv7-m/libc.a(lib_a-memset.o)
 .debug_loc     0x0000000000002deb       0x34 /usr/lib/gcc/arm-none-eabi/5.4.1/../../../arm-none-eabi/lib/armv7-m/libc.a(lib_a-printf.o)
 .debug_loc     0x0000000000002e1f       0x4d /usr/lib/gcc/arm-none-eabi/5.4.1/../../../arm-none-eabi/lib/armv7-m/libc.a(lib_a-sbrkr.o)
 .debug_loc     0x0000000000002e6c      0x2bf /usr/lib/gcc/arm-none-eabi/5.4.1/../../../arm-none-eabi/lib/armv7-m/libc.a(lib_a-stdio.o)
 .debug_loc     0x000000000000312b       0x21 /usr/lib/gcc/arm-none-eabi/5.4.1/../../../arm-none-eabi/lib/armv7-m/libc.a(lib_a-strlen-stub.o)
 .debug_loc     0x000000000000314c     0x2be6 /usr/lib/gcc/arm-none-eabi/5.4.1/../../../arm-none-eabi/lib/armv7-m/libc.a(lib_a-vfprintf.o)
 .debug_loc     0x0000000000005d32       0xb0 /usr/lib/gcc/arm-none-eabi/5.4.1/../../../arm-none-eabi/lib/armv7-m/libc.a(lib_a-writer.o)
 .debug_loc     0x0000000000005de2       0x8c /usr/lib/gcc/arm-none-eabi/5.4.1/../../../arm-none-eabi/lib/armv7-m/libc.a(lib_a-wsetup.o)
 .debug_loc     0x0000000000005e6e       0x4d /usr/lib/gcc/arm-none-eabi/5.4.1/../../../arm-none-eabi/lib/armv7-m/libc.a(lib_a-closer.o)
 .debug_loc     0x0000000000005ebb     0x2974 /usr/lib/gcc/arm-none-eabi/5.4.1/../../../arm-none-eabi/lib/armv7-m/libc.a(lib_a-dtoa.o)
 .debug_loc     0x000000000000882f      0x151 /usr/lib/gcc/arm-none-eabi/5.4.1/../../../arm-none-eabi/lib/armv7-m/libc.a(lib_a-fclose.o)
 .debug_loc     0x0000000000008980      0x29f /usr/lib/gcc/arm-none-eabi/5.4.1/../../../arm-none-eabi/lib/armv7-m/libc.a(lib_a-fflush.o)
 .debug_loc     0x0000000000008c1f      0x535 /usr/lib/gcc/arm-none-eabi/5.4.1/../../../arm-none-eabi/lib/armv7-m/libc.a(lib_a-freer.o)
 .debug_loc     0x0000000000009154      0x147 /usr/lib/gcc/arm-none-eabi/5.4.1/../../../arm-none-eabi/lib/armv7-m/libc.a(lib_a-locale.o)
 .debug_loc     0x000000000000929b       0xb0 /usr/lib/gcc/arm-none-eabi/5.4.1/../../../arm-none-eabi/lib/armv7-m/libc.a(lib_a-lseekr.o)
 .debug_loc     0x000000000000934b      0x120 /usr/lib/gcc/arm-none-eabi/5.4.1/../../../arm-none-eabi/lib/armv7-m/libc.a(lib_a-makebuf.o)
 .debug_loc     0x000000000000946b      0x1ba /usr/lib/gcc/arm-none-eabi/5.4.1/../../../arm-none-eabi/lib/armv7-m/libc.a(lib_a-memchr-stub.o)
 .debug_loc     0x0000000000009625     0x1f21 /usr/lib/gcc/arm-none-eabi/5.4.1/../../../arm-none-eabi/lib/armv7-m/libc.a(lib_a-mprec.o)
 .debug_loc     0x000000000000b546       0xb0 /usr/lib/gcc/arm-none-eabi/5.4.1/../../../arm-none-eabi/lib/armv7-m/libc.a(lib_a-readr.o)
 .debug_loc     0x000000000000b5f6      0x11d /usr/lib/gcc/arm-none-eabi/5.4.1/../../../arm-none-eabi/lib/armv7-m/libc.a(lib_a-reent.o)
 .debug_loc     0x000000000000b713     0x1dc1 /usr/lib/gcc/arm-none-eabi/5.4.1/../../../arm-none-eabi/lib/armv7-m/libc.a(lib_a-vfiprintf.o)
 .debug_loc     0x000000000000d4d4      0x291 /usr/lib/gcc/arm-none-eabi/5.4.1/../../../arm-none-eabi/lib/armv7-m/libc.a(lib_a-callocr.o)
 .debug_loc     0x000000000000d765      0x2f2 /usr/lib/gcc/arm-none-eabi/5.4.1/../../../arm-none-eabi/lib/armv7-m/libc.a(lib_a-fputwc.o)
 .debug_loc     0x000000000000da57       0x84 /usr/lib/gcc/arm-none-eabi/5.4.1/../../../arm-none-eabi/lib/armv7-m/libc.a(lib_a-fstatr.o)
 .debug_loc     0x000000000000dadb      0x66c /usr/lib/gcc/arm-none-eabi/5.4.1/../../../arm-none-eabi/lib/armv7-m/libc.a(lib_a-fvwrite.o)
 .debug_loc     0x000000000000e147       0x4d /usr/lib/gcc/arm-none-eabi/5.4.1/../../../arm-none-eabi/lib/armv7-m/libc.a(lib_a-isattyr.o)
 .debug_loc     0x000000000000e194      0x2aa /usr/lib/gcc/arm-none-eabi/5.4.1/../../../arm-none-eabi/lib/armv7-m/libc.a(lib_a-memmove.o)
 .debug_loc     0x000000000000e43e     0x1252 /usr/lib/gcc/arm-none-eabi/5.4.1/../../../arm-none-eabi/lib/armv7-m/libc.a(lib_a-reallocr.o)
 .debug_loc     0x000000000000f690      0x133 /usr/lib/gcc/arm-none-eabi/5.4.1/../../../arm-none-eabi/lib/armv7-m/libc.a(lib_a-wbuf.o)
 .debug_loc     0x000000000000f7c3      0x1fa /usr/lib/gcc/arm-none-eabi/5.4.1/../../../arm-none-eabi/lib/armv7-m/libc.a(lib_a-wcrtomb.o)
 .debug_loc     0x000000000000f9bd      0x124 /usr/lib/gcc/arm-none-eabi/5.4.1/../../../arm-none-eabi/lib/armv7-m/libc.a(lib_a-wctomb_r.o)
 .debug_loc     0x000000000000fae1      0xebf /usr/lib/gcc/arm-none-eabi/5.4.1/armv7-m/libgcc.a(_udivmoddi4.o)

.debug_aranges  0x0000000000000000      0x910
 .debug_aranges
                0x0000000000000000       0x20 usart-semihosting.o
 .debug_aranges
                0x0000000000000020       0x20 /usr/lib/gcc/arm-none-eabi/5.4.1/../../../arm-none-eabi/lib/armv7-m/librdimon.a(rdimon-syscalls.o)
 .debug_aranges
                0x0000000000000040       0x50 /home/ryan/Desktop/libopencm3/libopencm3-examples/libopencm3/lib/libopencm3_stm32l1.a(gpio_common_all.o)
 .debug_aranges
                0x0000000000000090       0x30 /home/ryan/Desktop/libopencm3/libopencm3-examples/libopencm3/lib/libopencm3_stm32l1.a(gpio_common_f0234.o)
 .debug_aranges
                0x00000000000000c0       0xb8 /home/ryan/Desktop/libopencm3/libopencm3-examples/libopencm3/lib/libopencm3_stm32l1.a(usart_common_all.o)
 .debug_aranges
                0x0000000000000178       0x40 /home/ryan/Desktop/libopencm3/libopencm3-examples/libopencm3/lib/libopencm3_stm32l1.a(usart_common_f124.o)
 .debug_aranges
                0x00000000000001b8       0x68 /home/ryan/Desktop/libopencm3/libopencm3-examples/libopencm3/lib/libopencm3_stm32l1.a(rcc_common_all.o)
 .debug_aranges
                0x0000000000000220       0x30 /home/ryan/Desktop/libopencm3/libopencm3-examples/libopencm3/lib/libopencm3_stm32l1.a(vector.o)
 .debug_aranges
                0x0000000000000250       0xe8 /home/ryan/Desktop/libopencm3/libopencm3-examples/libopencm3/lib/libopencm3_stm32l1.a(rcc.o)
 .debug_aranges
                0x0000000000000338       0x20 /usr/lib/gcc/arm-none-eabi/5.4.1/../../../arm-none-eabi/lib/armv7-m/libc.a(lib_a-errno.o)
 .debug_aranges
                0x0000000000000358       0x20 /usr/lib/gcc/arm-none-eabi/5.4.1/../../../arm-none-eabi/lib/armv7-m/libc.a(lib_a-findfp.o)
 .debug_aranges
                0x0000000000000378       0x20 /usr/lib/gcc/arm-none-eabi/5.4.1/../../../arm-none-eabi/lib/armv7-m/libc.a(lib_a-fwalk.o)
 .debug_aranges
                0x0000000000000398       0x18 /usr/lib/gcc/arm-none-eabi/5.4.1/../../../arm-none-eabi/lib/armv7-m/libc.a(lib_a-impure.o)
 .debug_aranges
                0x00000000000003b0       0x20 /usr/lib/gcc/arm-none-eabi/5.4.1/../../../arm-none-eabi/lib/armv7-m/libc.a(lib_a-mallocr.o)
 .debug_aranges
                0x00000000000003d0       0x20 /usr/lib/gcc/arm-none-eabi/5.4.1/../../../arm-none-eabi/lib/armv7-m/libc.a(lib_a-memset.o)
 .debug_aranges
                0x00000000000003f0       0x20 /usr/lib/gcc/arm-none-eabi/5.4.1/../../../arm-none-eabi/lib/armv7-m/libc.a(lib_a-mlock.o)
 .debug_aranges
                0x0000000000000410       0x20 /usr/lib/gcc/arm-none-eabi/5.4.1/../../../arm-none-eabi/lib/armv7-m/libc.a(lib_a-printf.o)
 .debug_aranges
                0x0000000000000430       0x20 /usr/lib/gcc/arm-none-eabi/5.4.1/../../../arm-none-eabi/lib/armv7-m/libc.a(lib_a-sbrkr.o)
 .debug_aranges
                0x0000000000000450       0x20 /usr/lib/gcc/arm-none-eabi/5.4.1/../../../arm-none-eabi/lib/armv7-m/libc.a(lib_a-stdio.o)
 .debug_aranges
                0x0000000000000470       0x20 /usr/lib/gcc/arm-none-eabi/5.4.1/../../../arm-none-eabi/lib/armv7-m/libc.a(lib_a-strlen-stub.o)
 .debug_aranges
                0x0000000000000490       0x20 /usr/lib/gcc/arm-none-eabi/5.4.1/../../../arm-none-eabi/lib/armv7-m/libc.a(lib_a-vfprintf.o)
 .debug_aranges
                0x00000000000004b0       0x20 /usr/lib/gcc/arm-none-eabi/5.4.1/../../../arm-none-eabi/lib/armv7-m/libc.a(lib_a-writer.o)
 .debug_aranges
                0x00000000000004d0       0x20 /usr/lib/gcc/arm-none-eabi/5.4.1/../../../arm-none-eabi/lib/armv7-m/libc.a(lib_a-wsetup.o)
 .debug_aranges
                0x00000000000004f0       0x20 /usr/lib/gcc/arm-none-eabi/5.4.1/../../../arm-none-eabi/lib/armv7-m/libc.a(lib_a-closer.o)
 .debug_aranges
                0x0000000000000510       0x20 /usr/lib/gcc/arm-none-eabi/5.4.1/../../../arm-none-eabi/lib/armv7-m/libc.a(lib_a-dtoa.o)
 .debug_aranges
                0x0000000000000530       0x20 /usr/lib/gcc/arm-none-eabi/5.4.1/../../../arm-none-eabi/lib/armv7-m/libc.a(lib_a-fclose.o)
 .debug_aranges
                0x0000000000000550       0x20 /usr/lib/gcc/arm-none-eabi/5.4.1/../../../arm-none-eabi/lib/armv7-m/libc.a(lib_a-fflush.o)
 .debug_aranges
                0x0000000000000570       0x20 /usr/lib/gcc/arm-none-eabi/5.4.1/../../../arm-none-eabi/lib/armv7-m/libc.a(lib_a-freer.o)
 .debug_aranges
                0x0000000000000590       0x20 /usr/lib/gcc/arm-none-eabi/5.4.1/../../../arm-none-eabi/lib/armv7-m/libc.a(lib_a-locale.o)
 .debug_aranges
                0x00000000000005b0       0x20 /usr/lib/gcc/arm-none-eabi/5.4.1/../../../arm-none-eabi/lib/armv7-m/libc.a(lib_a-lseekr.o)
 .debug_aranges
                0x00000000000005d0       0x20 /usr/lib/gcc/arm-none-eabi/5.4.1/../../../arm-none-eabi/lib/armv7-m/libc.a(lib_a-makebuf.o)
 .debug_aranges
                0x00000000000005f0       0x20 /usr/lib/gcc/arm-none-eabi/5.4.1/../../../arm-none-eabi/lib/armv7-m/libc.a(lib_a-memchr-stub.o)
 .debug_aranges
                0x0000000000000610       0x20 /usr/lib/gcc/arm-none-eabi/5.4.1/../../../arm-none-eabi/lib/armv7-m/libc.a(lib_a-memcpy.o)
 .debug_aranges
                0x0000000000000630       0x20 /usr/lib/gcc/arm-none-eabi/5.4.1/../../../arm-none-eabi/lib/armv7-m/libc.a(lib_a-mprec.o)
 .debug_aranges
                0x0000000000000650       0x20 /usr/lib/gcc/arm-none-eabi/5.4.1/../../../arm-none-eabi/lib/armv7-m/libc.a(lib_a-readr.o)
 .debug_aranges
                0x0000000000000670       0x20 /usr/lib/gcc/arm-none-eabi/5.4.1/../../../arm-none-eabi/lib/armv7-m/libc.a(lib_a-reent.o)
 .debug_aranges
                0x0000000000000690       0x20 /usr/lib/gcc/arm-none-eabi/5.4.1/../../../arm-none-eabi/lib/armv7-m/libc.a(lib_a-strcmp.o)
 .debug_aranges
                0x00000000000006b0       0x20 /usr/lib/gcc/arm-none-eabi/5.4.1/../../../arm-none-eabi/lib/armv7-m/libc.a(lib_a-vfiprintf.o)
 .debug_aranges
                0x00000000000006d0       0x20 /usr/lib/gcc/arm-none-eabi/5.4.1/../../../arm-none-eabi/lib/armv7-m/libc.a(lib_a-callocr.o)
 .debug_aranges
                0x00000000000006f0       0x20 /usr/lib/gcc/arm-none-eabi/5.4.1/../../../arm-none-eabi/lib/armv7-m/libc.a(lib_a-fputwc.o)
 .debug_aranges
                0x0000000000000710       0x20 /usr/lib/gcc/arm-none-eabi/5.4.1/../../../arm-none-eabi/lib/armv7-m/libc.a(lib_a-fstatr.o)
 .debug_aranges
                0x0000000000000730       0x20 /usr/lib/gcc/arm-none-eabi/5.4.1/../../../arm-none-eabi/lib/armv7-m/libc.a(lib_a-fvwrite.o)
 .debug_aranges
                0x0000000000000750       0x20 /usr/lib/gcc/arm-none-eabi/5.4.1/../../../arm-none-eabi/lib/armv7-m/libc.a(lib_a-isattyr.o)
 .debug_aranges
                0x0000000000000770       0x20 /usr/lib/gcc/arm-none-eabi/5.4.1/../../../arm-none-eabi/lib/armv7-m/libc.a(lib_a-memmove.o)
 .debug_aranges
                0x0000000000000790       0x20 /usr/lib/gcc/arm-none-eabi/5.4.1/../../../arm-none-eabi/lib/armv7-m/libc.a(lib_a-reallocr.o)
 .debug_aranges
                0x00000000000007b0       0x20 /usr/lib/gcc/arm-none-eabi/5.4.1/../../../arm-none-eabi/lib/armv7-m/libc.a(lib_a-wbuf.o)
 .debug_aranges
                0x00000000000007d0       0x20 /usr/lib/gcc/arm-none-eabi/5.4.1/../../../arm-none-eabi/lib/armv7-m/libc.a(lib_a-wcrtomb.o)
 .debug_aranges
                0x00000000000007f0       0x20 /usr/lib/gcc/arm-none-eabi/5.4.1/../../../arm-none-eabi/lib/armv7-m/libc.a(lib_a-wctomb_r.o)
 .debug_aranges
                0x0000000000000810       0x20 /usr/lib/gcc/arm-none-eabi/5.4.1/armv7-m/libgcc.a(_arm_addsubdf3.o)
 .debug_aranges
                0x0000000000000830       0x20 /usr/lib/gcc/arm-none-eabi/5.4.1/armv7-m/libgcc.a(_arm_muldivdf3.o)
 .debug_aranges
                0x0000000000000850       0x20 /usr/lib/gcc/arm-none-eabi/5.4.1/armv7-m/libgcc.a(_arm_cmpdf2.o)
 .debug_aranges
                0x0000000000000870       0x20 /usr/lib/gcc/arm-none-eabi/5.4.1/armv7-m/libgcc.a(_arm_unorddf2.o)
 .debug_aranges
                0x0000000000000890       0x20 /usr/lib/gcc/arm-none-eabi/5.4.1/armv7-m/libgcc.a(_arm_fixdfsi.o)
 .debug_aranges
                0x00000000000008b0       0x20 /usr/lib/gcc/arm-none-eabi/5.4.1/armv7-m/libgcc.a(_aeabi_uldivmod.o)
 .debug_aranges
                0x00000000000008d0       0x20 /usr/lib/gcc/arm-none-eabi/5.4.1/armv7-m/libgcc.a(_udivmoddi4.o)
 .debug_aranges
                0x00000000000008f0       0x20 /usr/lib/gcc/arm-none-eabi/5.4.1/armv7-m/libgcc.a(_dvmd_tls.o)

.debug_ranges   0x0000000000000000      0xf90
 .debug_ranges  0x0000000000000000       0x28 usart-semihosting.o
 .debug_ranges  0x0000000000000028      0x348 /usr/lib/gcc/arm-none-eabi/5.4.1/../../../arm-none-eabi/lib/armv7-m/librdimon.a(rdimon-syscalls.o)
 .debug_ranges  0x0000000000000370       0x40 /home/ryan/Desktop/libopencm3/libopencm3-examples/libopencm3/lib/libopencm3_stm32l1.a(gpio_common_all.o)
 .debug_ranges  0x00000000000003b0       0x20 /home/ryan/Desktop/libopencm3/libopencm3-examples/libopencm3/lib/libopencm3_stm32l1.a(gpio_common_f0234.o)
 .debug_ranges  0x00000000000003d0       0xa8 /home/ryan/Desktop/libopencm3/libopencm3-examples/libopencm3/lib/libopencm3_stm32l1.a(usart_common_all.o)
 .debug_ranges  0x0000000000000478       0x30 /home/ryan/Desktop/libopencm3/libopencm3-examples/libopencm3/lib/libopencm3_stm32l1.a(usart_common_f124.o)
 .debug_ranges  0x00000000000004a8       0x58 /home/ryan/Desktop/libopencm3/libopencm3-examples/libopencm3/lib/libopencm3_stm32l1.a(rcc_common_all.o)
 .debug_ranges  0x0000000000000500       0x20 /home/ryan/Desktop/libopencm3/libopencm3-examples/libopencm3/lib/libopencm3_stm32l1.a(vector.o)
 .debug_ranges  0x0000000000000520       0xf0 /home/ryan/Desktop/libopencm3/libopencm3-examples/libopencm3/lib/libopencm3_stm32l1.a(rcc.o)
 .debug_ranges  0x0000000000000610       0x68 /usr/lib/gcc/arm-none-eabi/5.4.1/../../../arm-none-eabi/lib/armv7-m/libc.a(lib_a-findfp.o)
 .debug_ranges  0x0000000000000678       0x40 /usr/lib/gcc/arm-none-eabi/5.4.1/../../../arm-none-eabi/lib/armv7-m/libc.a(lib_a-mallocr.o)
 .debug_ranges  0x00000000000006b8       0x10 /usr/lib/gcc/arm-none-eabi/5.4.1/../../../arm-none-eabi/lib/armv7-m/libc.a(lib_a-strlen-stub.o)
 .debug_ranges  0x00000000000006c8      0x128 /usr/lib/gcc/arm-none-eabi/5.4.1/../../../arm-none-eabi/lib/armv7-m/libc.a(lib_a-vfprintf.o)
 .debug_ranges  0x00000000000007f0       0x28 /usr/lib/gcc/arm-none-eabi/5.4.1/../../../arm-none-eabi/lib/armv7-m/libc.a(lib_a-writer.o)
 .debug_ranges  0x0000000000000818       0x28 /usr/lib/gcc/arm-none-eabi/5.4.1/../../../arm-none-eabi/lib/armv7-m/libc.a(lib_a-wsetup.o)
 .debug_ranges  0x0000000000000840       0x20 /usr/lib/gcc/arm-none-eabi/5.4.1/../../../arm-none-eabi/lib/armv7-m/libc.a(lib_a-closer.o)
 .debug_ranges  0x0000000000000860       0x30 /usr/lib/gcc/arm-none-eabi/5.4.1/../../../arm-none-eabi/lib/armv7-m/libc.a(lib_a-fclose.o)
 .debug_ranges  0x0000000000000890       0x60 /usr/lib/gcc/arm-none-eabi/5.4.1/../../../arm-none-eabi/lib/armv7-m/libc.a(lib_a-fflush.o)
 .debug_ranges  0x00000000000008f0       0x20 /usr/lib/gcc/arm-none-eabi/5.4.1/../../../arm-none-eabi/lib/armv7-m/libc.a(lib_a-locale.o)
 .debug_ranges  0x0000000000000910       0x28 /usr/lib/gcc/arm-none-eabi/5.4.1/../../../arm-none-eabi/lib/armv7-m/libc.a(lib_a-lseekr.o)
 .debug_ranges  0x0000000000000938       0x18 /usr/lib/gcc/arm-none-eabi/5.4.1/../../../arm-none-eabi/lib/armv7-m/libc.a(lib_a-makebuf.o)
 .debug_ranges  0x0000000000000950       0x90 /usr/lib/gcc/arm-none-eabi/5.4.1/../../../arm-none-eabi/lib/armv7-m/libc.a(lib_a-mprec.o)
 .debug_ranges  0x00000000000009e0       0x28 /usr/lib/gcc/arm-none-eabi/5.4.1/../../../arm-none-eabi/lib/armv7-m/libc.a(lib_a-readr.o)
 .debug_ranges  0x0000000000000a08      0x1f8 /usr/lib/gcc/arm-none-eabi/5.4.1/../../../arm-none-eabi/lib/armv7-m/libc.a(lib_a-vfiprintf.o)
 .debug_ranges  0x0000000000000c00       0x40 /usr/lib/gcc/arm-none-eabi/5.4.1/../../../arm-none-eabi/lib/armv7-m/libc.a(lib_a-callocr.o)
 .debug_ranges  0x0000000000000c40       0x48 /usr/lib/gcc/arm-none-eabi/5.4.1/../../../arm-none-eabi/lib/armv7-m/libc.a(lib_a-fputwc.o)
 .debug_ranges  0x0000000000000c88       0x20 /usr/lib/gcc/arm-none-eabi/5.4.1/../../../arm-none-eabi/lib/armv7-m/libc.a(lib_a-fstatr.o)
 .debug_ranges  0x0000000000000ca8       0x28 /usr/lib/gcc/arm-none-eabi/5.4.1/../../../arm-none-eabi/lib/armv7-m/libc.a(lib_a-fvwrite.o)
 .debug_ranges  0x0000000000000cd0       0x20 /usr/lib/gcc/arm-none-eabi/5.4.1/../../../arm-none-eabi/lib/armv7-m/libc.a(lib_a-isattyr.o)
 .debug_ranges  0x0000000000000cf0      0x198 /usr/lib/gcc/arm-none-eabi/5.4.1/../../../arm-none-eabi/lib/armv7-m/libc.a(lib_a-reallocr.o)
 .debug_ranges  0x0000000000000e88       0x18 /usr/lib/gcc/arm-none-eabi/5.4.1/../../../arm-none-eabi/lib/armv7-m/libc.a(lib_a-wbuf.o)
 .debug_ranges  0x0000000000000ea0       0xf0 /usr/lib/gcc/arm-none-eabi/5.4.1/armv7-m/libgcc.a(_udivmoddi4.o)

.debug_macro    0x0000000000000000     0x3fe4
 .debug_macro   0x0000000000000000      0x213 usart-semihosting.o
 .debug_macro   0x0000000000000213      0x874 usart-semihosting.o
 .debug_macro   0x0000000000000a87       0x22 usart-semihosting.o
 .debug_macro   0x0000000000000aa9       0x4f usart-semihosting.o
 .debug_macro   0x0000000000000af8       0x44 usart-semihosting.o
 .debug_macro   0x0000000000000b3c       0xfd usart-semihosting.o
 .debug_macro   0x0000000000000c39       0x5e usart-semihosting.o
 .debug_macro   0x0000000000000c97      0x1df usart-semihosting.o
 .debug_macro   0x0000000000000e76       0x22 usart-semihosting.o
 .debug_macro   0x0000000000000e98       0xfa usart-semihosting.o
 .debug_macro   0x0000000000000f92       0x58 usart-semihosting.o
 .debug_macro   0x0000000000000fea      0x184 usart-semihosting.o
 .debug_macro   0x000000000000116e       0x8e usart-semihosting.o
 .debug_macro   0x00000000000011fc       0x58 usart-semihosting.o
 .debug_macro   0x0000000000001254      0x706 usart-semihosting.o
 .debug_macro   0x000000000000195a       0x76 usart-semihosting.o
 .debug_macro   0x00000000000019d0      0x2e6 usart-semihosting.o
 .debug_macro   0x0000000000001cb6       0x8e usart-semihosting.o
 .debug_macro   0x0000000000001d44      0x273 usart-semihosting.o
 .debug_macro   0x0000000000001fb7       0x52 usart-semihosting.o
 .debug_macro   0x0000000000002009       0x35 usart-semihosting.o
 .debug_macro   0x000000000000203e       0x9c usart-semihosting.o
 .debug_macro   0x00000000000020da       0x16 usart-semihosting.o
 .debug_macro   0x00000000000020f0       0x97 usart-semihosting.o
 .debug_macro   0x0000000000002187      0x330 usart-semihosting.o
 .debug_macro   0x00000000000024b7       0xf6 usart-semihosting.o
 .debug_macro   0x00000000000025ad       0x10 usart-semihosting.o
 .debug_macro   0x00000000000025bd       0x52 usart-semihosting.o
 .debug_macro   0x000000000000260f       0x1f usart-semihosting.o
 .debug_macro   0x000000000000262e       0x43 usart-semihosting.o
 .debug_macro   0x0000000000002671       0x20 usart-semihosting.o
 .debug_macro   0x0000000000002691      0x187 usart-semihosting.o
 .debug_macro   0x0000000000002818       0x10 usart-semihosting.o
 .debug_macro   0x0000000000002828       0xb6 usart-semihosting.o
 .debug_macro   0x00000000000028de       0x16 usart-semihosting.o
 .debug_macro   0x00000000000028f4      0x143 usart-semihosting.o
 .debug_macro   0x0000000000002a37       0xb9 /home/ryan/Desktop/libopencm3/libopencm3-examples/libopencm3/lib/libopencm3_stm32l1.a(gpio_common_all.o)
 .debug_macro   0x0000000000002af0      0x86e /home/ryan/Desktop/libopencm3/libopencm3-examples/libopencm3/lib/libopencm3_stm32l1.a(gpio_common_all.o)
 .debug_macro   0x000000000000335e       0xb9 /home/ryan/Desktop/libopencm3/libopencm3-examples/libopencm3/lib/libopencm3_stm32l1.a(gpio_common_f0234.o)
 .debug_macro   0x0000000000003417      0x10d /home/ryan/Desktop/libopencm3/libopencm3-examples/libopencm3/lib/libopencm3_stm32l1.a(usart_common_all.o)
 .debug_macro   0x0000000000003524      0x10d /home/ryan/Desktop/libopencm3/libopencm3-examples/libopencm3/lib/libopencm3_stm32l1.a(usart_common_f124.o)
 .debug_macro   0x0000000000003631      0x101 /home/ryan/Desktop/libopencm3/libopencm3-examples/libopencm3/lib/libopencm3_stm32l1.a(rcc_common_all.o)
 .debug_macro   0x0000000000003732       0xd0 /home/ryan/Desktop/libopencm3/libopencm3-examples/libopencm3/lib/libopencm3_stm32l1.a(vector.o)
 .debug_macro   0x0000000000003802      0x3a1 /home/ryan/Desktop/libopencm3/libopencm3-examples/libopencm3/lib/libopencm3_stm32l1.a(vector.o)
 .debug_macro   0x0000000000003ba3       0x6a /home/ryan/Desktop/libopencm3/libopencm3-examples/libopencm3/lib/libopencm3_stm32l1.a(vector.o)
 .debug_macro   0x0000000000003c0d      0x160 /home/ryan/Desktop/libopencm3/libopencm3-examples/libopencm3/lib/libopencm3_stm32l1.a(vector.o)
 .debug_macro   0x0000000000003d6d      0x107 /home/ryan/Desktop/libopencm3/libopencm3-examples/libopencm3/lib/libopencm3_stm32l1.a(rcc.o)
 .debug_macro   0x0000000000003e74      0x15a /home/ryan/Desktop/libopencm3/libopencm3-examples/libopencm3/lib/libopencm3_stm32l1.a(rcc.o)
 .debug_macro   0x0000000000003fce       0x16 /home/ryan/Desktop/libopencm3/libopencm3-examples/libopencm3/lib/libopencm3_stm32l1.a(rcc.o)

.debug_line     0x0000000000000000     0x7e6c
 .debug_line    0x0000000000000000      0x46a usart-semihosting.o
 .debug_line    0x000000000000046a      0x5d4 /usr/lib/gcc/arm-none-eabi/5.4.1/../../../arm-none-eabi/lib/armv7-m/librdimon.a(rdimon-syscalls.o)
 .debug_line    0x0000000000000a3e      0x295 /home/ryan/Desktop/libopencm3/libopencm3-examples/libopencm3/lib/libopencm3_stm32l1.a(gpio_common_all.o)
 .debug_line    0x0000000000000cd3      0x285 /home/ryan/Desktop/libopencm3/libopencm3-examples/libopencm3/lib/libopencm3_stm32l1.a(gpio_common_f0234.o)
 .debug_line    0x0000000000000f58      0x403 /home/ryan/Desktop/libopencm3/libopencm3-examples/libopencm3/lib/libopencm3_stm32l1.a(usart_common_all.o)
 .debug_line    0x000000000000135b      0x2ee /home/ryan/Desktop/libopencm3/libopencm3-examples/libopencm3/lib/libopencm3_stm32l1.a(usart_common_f124.o)
 .debug_line    0x0000000000001649      0x2f8 /home/ryan/Desktop/libopencm3/libopencm3-examples/libopencm3/lib/libopencm3_stm32l1.a(rcc_common_all.o)
 .debug_line    0x0000000000001941      0x2a7 /home/ryan/Desktop/libopencm3/libopencm3-examples/libopencm3/lib/libopencm3_stm32l1.a(vector.o)
 .debug_line    0x0000000000001be8      0x4bf /home/ryan/Desktop/libopencm3/libopencm3-examples/libopencm3/lib/libopencm3_stm32l1.a(rcc.o)
 .debug_line    0x00000000000020a7      0x101 /usr/lib/gcc/arm-none-eabi/5.4.1/../../../arm-none-eabi/lib/armv7-m/libc.a(lib_a-errno.o)
 .debug_line    0x00000000000021a8      0x249 /usr/lib/gcc/arm-none-eabi/5.4.1/../../../arm-none-eabi/lib/armv7-m/libc.a(lib_a-findfp.o)
 .debug_line    0x00000000000023f1      0x17f /usr/lib/gcc/arm-none-eabi/5.4.1/../../../arm-none-eabi/lib/armv7-m/libc.a(lib_a-fwalk.o)
 .debug_line    0x0000000000002570       0xe6 /usr/lib/gcc/arm-none-eabi/5.4.1/../../../arm-none-eabi/lib/armv7-m/libc.a(lib_a-impure.o)
 .debug_line    0x0000000000002656      0x36c /usr/lib/gcc/arm-none-eabi/5.4.1/../../../arm-none-eabi/lib/armv7-m/libc.a(lib_a-mallocr.o)
 .debug_line    0x00000000000029c2      0x10e /usr/lib/gcc/arm-none-eabi/5.4.1/../../../arm-none-eabi/lib/armv7-m/libc.a(lib_a-memset.o)
 .debug_line    0x0000000000002ad0       0xf5 /usr/lib/gcc/arm-none-eabi/5.4.1/../../../arm-none-eabi/lib/armv7-m/libc.a(lib_a-mlock.o)
 .debug_line    0x0000000000002bc5      0x169 /usr/lib/gcc/arm-none-eabi/5.4.1/../../../arm-none-eabi/lib/armv7-m/libc.a(lib_a-printf.o)
 .debug_line    0x0000000000002d2e      0x14b /usr/lib/gcc/arm-none-eabi/5.4.1/../../../arm-none-eabi/lib/armv7-m/libc.a(lib_a-sbrkr.o)
 .debug_line    0x0000000000002e79      0x182 /usr/lib/gcc/arm-none-eabi/5.4.1/../../../arm-none-eabi/lib/armv7-m/libc.a(lib_a-stdio.o)
 .debug_line    0x0000000000002ffb       0xeb /usr/lib/gcc/arm-none-eabi/5.4.1/../../../arm-none-eabi/lib/armv7-m/libc.a(lib_a-strlen-stub.o)
 .debug_line    0x00000000000030e6      0xb2e /usr/lib/gcc/arm-none-eabi/5.4.1/../../../arm-none-eabi/lib/armv7-m/libc.a(lib_a-vfprintf.o)
 .debug_line    0x0000000000003c14      0x14e /usr/lib/gcc/arm-none-eabi/5.4.1/../../../arm-none-eabi/lib/armv7-m/libc.a(lib_a-writer.o)
 .debug_line    0x0000000000003d62      0x1a7 /usr/lib/gcc/arm-none-eabi/5.4.1/../../../arm-none-eabi/lib/armv7-m/libc.a(lib_a-wsetup.o)
 .debug_line    0x0000000000003f09      0x14c /usr/lib/gcc/arm-none-eabi/5.4.1/../../../arm-none-eabi/lib/armv7-m/libc.a(lib_a-closer.o)
 .debug_line    0x0000000000004055      0x689 /usr/lib/gcc/arm-none-eabi/5.4.1/../../../arm-none-eabi/lib/armv7-m/libc.a(lib_a-dtoa.o)
 .debug_line    0x00000000000046de      0x189 /usr/lib/gcc/arm-none-eabi/5.4.1/../../../arm-none-eabi/lib/armv7-m/libc.a(lib_a-fclose.o)
 .debug_line    0x0000000000004867      0x225 /usr/lib/gcc/arm-none-eabi/5.4.1/../../../arm-none-eabi/lib/armv7-m/libc.a(lib_a-fflush.o)
 .debug_line    0x0000000000004a8c      0x24b /usr/lib/gcc/arm-none-eabi/5.4.1/../../../arm-none-eabi/lib/armv7-m/libc.a(lib_a-freer.o)
 .debug_line    0x0000000000004cd7      0x187 /usr/lib/gcc/arm-none-eabi/5.4.1/../../../arm-none-eabi/lib/armv7-m/libc.a(lib_a-locale.o)
 .debug_line    0x0000000000004e5e      0x14e /usr/lib/gcc/arm-none-eabi/5.4.1/../../../arm-none-eabi/lib/armv7-m/libc.a(lib_a-lseekr.o)
 .debug_line    0x0000000000004fac      0x24d /usr/lib/gcc/arm-none-eabi/5.4.1/../../../arm-none-eabi/lib/armv7-m/libc.a(lib_a-makebuf.o)
 .debug_line    0x00000000000051f9      0x121 /usr/lib/gcc/arm-none-eabi/5.4.1/../../../arm-none-eabi/lib/armv7-m/libc.a(lib_a-memchr-stub.o)
 .debug_line    0x000000000000531a       0xbb /usr/lib/gcc/arm-none-eabi/5.4.1/../../../arm-none-eabi/lib/armv7-m/libc.a(lib_a-memcpy.o)
 .debug_line    0x00000000000053d5      0x5cb /usr/lib/gcc/arm-none-eabi/5.4.1/../../../arm-none-eabi/lib/armv7-m/libc.a(lib_a-mprec.o)
 .debug_line    0x00000000000059a0      0x14d /usr/lib/gcc/arm-none-eabi/5.4.1/../../../arm-none-eabi/lib/armv7-m/libc.a(lib_a-readr.o)
 .debug_line    0x0000000000005aed      0x176 /usr/lib/gcc/arm-none-eabi/5.4.1/../../../arm-none-eabi/lib/armv7-m/libc.a(lib_a-reent.o)
 .debug_line    0x0000000000005c63      0x100 /usr/lib/gcc/arm-none-eabi/5.4.1/../../../arm-none-eabi/lib/armv7-m/libc.a(lib_a-strcmp.o)
 .debug_line    0x0000000000005d63      0x8d1 /usr/lib/gcc/arm-none-eabi/5.4.1/../../../arm-none-eabi/lib/armv7-m/libc.a(lib_a-vfiprintf.o)
 .debug_line    0x0000000000006634      0x121 /usr/lib/gcc/arm-none-eabi/5.4.1/../../../arm-none-eabi/lib/armv7-m/libc.a(lib_a-callocr.o)
 .debug_line    0x0000000000006755      0x1dd /usr/lib/gcc/arm-none-eabi/5.4.1/../../../arm-none-eabi/lib/armv7-m/libc.a(lib_a-fputwc.o)
 .debug_line    0x0000000000006932      0x1cb /usr/lib/gcc/arm-none-eabi/5.4.1/../../../arm-none-eabi/lib/armv7-m/libc.a(lib_a-fstatr.o)
 .debug_line    0x0000000000006afd      0x2ac /usr/lib/gcc/arm-none-eabi/5.4.1/../../../arm-none-eabi/lib/armv7-m/libc.a(lib_a-fvwrite.o)
 .debug_line    0x0000000000006da9      0x14d /usr/lib/gcc/arm-none-eabi/5.4.1/../../../arm-none-eabi/lib/armv7-m/libc.a(lib_a-isattyr.o)
 .debug_line    0x0000000000006ef6      0x11d /usr/lib/gcc/arm-none-eabi/5.4.1/../../../arm-none-eabi/lib/armv7-m/libc.a(lib_a-memmove.o)
 .debug_line    0x0000000000007013      0x2a9 /usr/lib/gcc/arm-none-eabi/5.4.1/../../../arm-none-eabi/lib/armv7-m/libc.a(lib_a-reallocr.o)
 .debug_line    0x00000000000072bc      0x1c0 /usr/lib/gcc/arm-none-eabi/5.4.1/../../../arm-none-eabi/lib/armv7-m/libc.a(lib_a-wbuf.o)
 .debug_line    0x000000000000747c      0x16e /usr/lib/gcc/arm-none-eabi/5.4.1/../../../arm-none-eabi/lib/armv7-m/libc.a(lib_a-wcrtomb.o)
 .debug_line    0x00000000000075ea      0x16f /usr/lib/gcc/arm-none-eabi/5.4.1/../../../arm-none-eabi/lib/armv7-m/libc.a(lib_a-wctomb_r.o)
 .debug_line    0x0000000000007759      0x176 /usr/lib/gcc/arm-none-eabi/5.4.1/armv7-m/libgcc.a(_arm_addsubdf3.o)
 .debug_line    0x00000000000078cf      0x19a /usr/lib/gcc/arm-none-eabi/5.4.1/armv7-m/libgcc.a(_arm_muldivdf3.o)
 .debug_line    0x0000000000007a69       0xb7 /usr/lib/gcc/arm-none-eabi/5.4.1/armv7-m/libgcc.a(_arm_cmpdf2.o)
 .debug_line    0x0000000000007b20       0x6c /usr/lib/gcc/arm-none-eabi/5.4.1/armv7-m/libgcc.a(_arm_unorddf2.o)
 .debug_line    0x0000000000007b8c       0x77 /usr/lib/gcc/arm-none-eabi/5.4.1/armv7-m/libgcc.a(_arm_fixdfsi.o)
 .debug_line    0x0000000000007c03       0x5e /usr/lib/gcc/arm-none-eabi/5.4.1/armv7-m/libgcc.a(_aeabi_uldivmod.o)
 .debug_line    0x0000000000007c61      0x1ad /usr/lib/gcc/arm-none-eabi/5.4.1/armv7-m/libgcc.a(_udivmoddi4.o)
 .debug_line    0x0000000000007e0e       0x5e /usr/lib/gcc/arm-none-eabi/5.4.1/armv7-m/libgcc.a(_dvmd_tls.o)

.debug_str      0x0000000000000000    0x1057d
 .debug_str     0x0000000000000000     0xb419 usart-semihosting.o
                                       0xb61e (size before relaxing)
 .debug_str     0x000000000000b419      0x6ff /usr/lib/gcc/arm-none-eabi/5.4.1/../../../arm-none-eabi/lib/armv7-m/librdimon.a(rdimon-syscalls.o)
                                        0x8c3 (size before relaxing)
 .debug_str     0x000000000000bb18      0x14b /home/ryan/Desktop/libopencm3/libopencm3-examples/libopencm3/lib/libopencm3_stm32l1.a(gpio_common_all.o)
                                       0x4fc7 (size before relaxing)
 .debug_str     0x000000000000bc63       0x83 /home/ryan/Desktop/libopencm3/libopencm3-examples/libopencm3/lib/libopencm3_stm32l1.a(gpio_common_f0234.o)
                                       0x4fe9 (size before relaxing)
 .debug_str     0x000000000000bce6      0x1b5 /home/ryan/Desktop/libopencm3/libopencm3-examples/libopencm3/lib/libopencm3_stm32l1.a(usart_common_all.o)
                                       0x74f7 (size before relaxing)
 .debug_str     0x000000000000be9b       0x2d /home/ryan/Desktop/libopencm3/libopencm3-examples/libopencm3/lib/libopencm3_stm32l1.a(usart_common_f124.o)
                                       0x730b (size before relaxing)
 .debug_str     0x000000000000bec8      0x316 /home/ryan/Desktop/libopencm3/libopencm3-examples/libopencm3/lib/libopencm3_stm32l1.a(rcc_common_all.o)
                                       0x6a5d (size before relaxing)
 .debug_str     0x000000000000c1de     0x21f2 /home/ryan/Desktop/libopencm3/libopencm3-examples/libopencm3/lib/libopencm3_stm32l1.a(vector.o)
                                       0x59c8 (size before relaxing)
 .debug_str     0x000000000000e3d0      0xc01 /home/ryan/Desktop/libopencm3/libopencm3-examples/libopencm3/lib/libopencm3_stm32l1.a(rcc.o)
                                       0x7435 (size before relaxing)
 .debug_str     0x000000000000efd1       0xde /usr/lib/gcc/arm-none-eabi/5.4.1/../../../arm-none-eabi/lib/armv7-m/libc.a(lib_a-errno.o)
                                        0x546 (size before relaxing)
 .debug_str     0x000000000000f0af      0x176 /usr/lib/gcc/arm-none-eabi/5.4.1/../../../arm-none-eabi/lib/armv7-m/libc.a(lib_a-findfp.o)
                                        0x674 (size before relaxing)
 .debug_str     0x000000000000f225       0x3b /usr/lib/gcc/arm-none-eabi/5.4.1/../../../arm-none-eabi/lib/armv7-m/libc.a(lib_a-fwalk.o)
                                        0x563 (size before relaxing)
 .debug_str     0x000000000000f260       0x92 /usr/lib/gcc/arm-none-eabi/5.4.1/../../../arm-none-eabi/lib/armv7-m/libc.a(lib_a-impure.o)
                                        0x55e (size before relaxing)
 .debug_str     0x000000000000f2f2      0x279 /usr/lib/gcc/arm-none-eabi/5.4.1/../../../arm-none-eabi/lib/armv7-m/libc.a(lib_a-mallocr.o)
                                        0x763 (size before relaxing)
 .debug_str     0x000000000000f56b       0x9c /usr/lib/gcc/arm-none-eabi/5.4.1/../../../arm-none-eabi/lib/armv7-m/libc.a(lib_a-memset.o)
                                        0x1a1 (size before relaxing)
 .debug_str     0x000000000000f607       0x42 /usr/lib/gcc/arm-none-eabi/5.4.1/../../../arm-none-eabi/lib/armv7-m/libc.a(lib_a-mlock.o)
                                        0x559 (size before relaxing)
 .debug_str     0x000000000000f649       0x48 /usr/lib/gcc/arm-none-eabi/5.4.1/../../../arm-none-eabi/lib/armv7-m/libc.a(lib_a-printf.o)
                                        0x582 (size before relaxing)
 .debug_str     0x000000000000f691       0x2c /usr/lib/gcc/arm-none-eabi/5.4.1/../../../arm-none-eabi/lib/armv7-m/libc.a(lib_a-sbrkr.o)
                                        0x555 (size before relaxing)
 .debug_str     0x000000000000f6bd       0x8c /usr/lib/gcc/arm-none-eabi/5.4.1/../../../arm-none-eabi/lib/armv7-m/libc.a(lib_a-stdio.o)
                                        0x5b2 (size before relaxing)
 .debug_str     0x000000000000f749       0x9a /usr/lib/gcc/arm-none-eabi/5.4.1/../../../arm-none-eabi/lib/armv7-m/libc.a(lib_a-strlen-stub.o)
                                        0x19f (size before relaxing)
 .debug_str     0x000000000000f7e3      0x250 /usr/lib/gcc/arm-none-eabi/5.4.1/../../../arm-none-eabi/lib/armv7-m/libc.a(lib_a-vfprintf.o)
                                        0x7c4 (size before relaxing)
 .debug_str     0x000000000000fa33       0x2d /usr/lib/gcc/arm-none-eabi/5.4.1/../../../arm-none-eabi/lib/armv7-m/libc.a(lib_a-writer.o)
                                        0x552 (size before relaxing)
 .debug_str     0x000000000000fa60       0x3a /usr/lib/gcc/arm-none-eabi/5.4.1/../../../arm-none-eabi/lib/armv7-m/libc.a(lib_a-wsetup.o)
                                        0x57d (size before relaxing)
 .debug_str     0x000000000000fa9a       0x2d /usr/lib/gcc/arm-none-eabi/5.4.1/../../../arm-none-eabi/lib/armv7-m/libc.a(lib_a-closer.o)
                                        0x542 (size before relaxing)
 .debug_str     0x000000000000fac7      0x151 /usr/lib/gcc/arm-none-eabi/5.4.1/../../../arm-none-eabi/lib/armv7-m/libc.a(lib_a-dtoa.o)
                                        0x69d (size before relaxing)
 .debug_str     0x000000000000fc18       0x49 /usr/lib/gcc/arm-none-eabi/5.4.1/../../../arm-none-eabi/lib/armv7-m/libc.a(lib_a-fclose.o)
                                        0x5ab (size before relaxing)
 .debug_str     0x000000000000fc61       0x45 /usr/lib/gcc/arm-none-eabi/5.4.1/../../../arm-none-eabi/lib/armv7-m/libc.a(lib_a-fflush.o)
                                        0x5be (size before relaxing)
 .debug_str     0x000000000000fca6       0x34 /usr/lib/gcc/arm-none-eabi/5.4.1/../../../arm-none-eabi/lib/armv7-m/libc.a(lib_a-freer.o)
                                        0x6ad (size before relaxing)
 .debug_str     0x000000000000fcda      0x25c /usr/lib/gcc/arm-none-eabi/5.4.1/../../../arm-none-eabi/lib/armv7-m/libc.a(lib_a-locale.o)
                                        0x7bb (size before relaxing)
 .debug_str     0x000000000000ff36       0x2d /usr/lib/gcc/arm-none-eabi/5.4.1/../../../arm-none-eabi/lib/armv7-m/libc.a(lib_a-lseekr.o)
                                        0x550 (size before relaxing)
 .debug_str     0x000000000000ff63       0x66 /usr/lib/gcc/arm-none-eabi/5.4.1/../../../arm-none-eabi/lib/armv7-m/libc.a(lib_a-makebuf.o)
                                        0x6d8 (size before relaxing)
 .debug_str     0x000000000000ffc9       0x4e /usr/lib/gcc/arm-none-eabi/5.4.1/../../../arm-none-eabi/lib/armv7-m/libc.a(lib_a-memchr-stub.o)
                                        0x1b9 (size before relaxing)
 .debug_str     0x0000000000010017       0x98 /usr/lib/gcc/arm-none-eabi/5.4.1/../../../arm-none-eabi/lib/armv7-m/libc.a(lib_a-mprec.o)
                                        0x657 (size before relaxing)
 .debug_str     0x00000000000100af       0x2c /usr/lib/gcc/arm-none-eabi/5.4.1/../../../arm-none-eabi/lib/armv7-m/libc.a(lib_a-readr.o)
                                        0x550 (size before relaxing)
 .debug_str     0x00000000000100db       0x58 /usr/lib/gcc/arm-none-eabi/5.4.1/../../../arm-none-eabi/lib/armv7-m/libc.a(lib_a-reent.o)
                                        0x57d (size before relaxing)
 .debug_str     0x0000000000010133       0x2e /usr/lib/gcc/arm-none-eabi/5.4.1/../../../arm-none-eabi/lib/armv7-m/libc.a(lib_a-vfiprintf.o)
                                        0x726 (size before relaxing)
 .debug_str     0x0000000000010161        0xf /usr/lib/gcc/arm-none-eabi/5.4.1/../../../arm-none-eabi/lib/armv7-m/libc.a(lib_a-callocr.o)
                                        0x597 (size before relaxing)
 .debug_str     0x0000000000010170       0x55 /usr/lib/gcc/arm-none-eabi/5.4.1/../../../arm-none-eabi/lib/armv7-m/libc.a(lib_a-fputwc.o)
                                        0x5c3 (size before relaxing)
 .debug_str     0x00000000000101c5       0x33 /usr/lib/gcc/arm-none-eabi/5.4.1/../../../arm-none-eabi/lib/armv7-m/libc.a(lib_a-fstatr.o)
                                        0x68d (size before relaxing)
 .debug_str     0x00000000000101f8       0x5f /usr/lib/gcc/arm-none-eabi/5.4.1/../../../arm-none-eabi/lib/armv7-m/libc.a(lib_a-fvwrite.o)
                                        0x5f0 (size before relaxing)
 .debug_str     0x0000000000010257       0x2e /usr/lib/gcc/arm-none-eabi/5.4.1/../../../arm-none-eabi/lib/armv7-m/libc.a(lib_a-isattyr.o)
                                        0x54c (size before relaxing)
 .debug_str     0x0000000000010285       0x50 /usr/lib/gcc/arm-none-eabi/5.4.1/../../../arm-none-eabi/lib/armv7-m/libc.a(lib_a-memmove.o)
                                        0x1c0 (size before relaxing)
 .debug_str     0x00000000000102d5       0x4e /usr/lib/gcc/arm-none-eabi/5.4.1/../../../arm-none-eabi/lib/armv7-m/libc.a(lib_a-reallocr.o)
                                        0x63f (size before relaxing)
 .debug_str     0x0000000000010323       0x33 /usr/lib/gcc/arm-none-eabi/5.4.1/../../../arm-none-eabi/lib/armv7-m/libc.a(lib_a-wbuf.o)
                                        0x582 (size before relaxing)
 .debug_str     0x0000000000010356       0x47 /usr/lib/gcc/arm-none-eabi/5.4.1/../../../arm-none-eabi/lib/armv7-m/libc.a(lib_a-wcrtomb.o)
                                        0x595 (size before relaxing)
 .debug_str     0x000000000001039d       0x50 /usr/lib/gcc/arm-none-eabi/5.4.1/../../../arm-none-eabi/lib/armv7-m/libc.a(lib_a-wctomb_r.o)
                                        0x59e (size before relaxing)
 .debug_str     0x00000000000103ed      0x190 /usr/lib/gcc/arm-none-eabi/5.4.1/armv7-m/libgcc.a(_udivmoddi4.o)
                                        0x225 (size before relaxing)

.comment        0x0000000000000000       0x2b
 .comment       0x0000000000000000       0x2b usart-semihosting.o
                                         0x2c (size before relaxing)
 .comment       0x000000000000002b       0x2c /usr/lib/gcc/arm-none-eabi/5.4.1/../../../arm-none-eabi/lib/armv7-m/librdimon.a(rdimon-syscalls.o)
 .comment       0x000000000000002b       0x2c /home/ryan/Desktop/libopencm3/libopencm3-examples/libopencm3/lib/libopencm3_stm32l1.a(gpio_common_all.o)
 .comment       0x000000000000002b       0x2c /home/ryan/Desktop/libopencm3/libopencm3-examples/libopencm3/lib/libopencm3_stm32l1.a(gpio_common_f0234.o)
 .comment       0x000000000000002b       0x2c /home/ryan/Desktop/libopencm3/libopencm3-examples/libopencm3/lib/libopencm3_stm32l1.a(usart_common_all.o)
 .comment       0x000000000000002b       0x2c /home/ryan/Desktop/libopencm3/libopencm3-examples/libopencm3/lib/libopencm3_stm32l1.a(usart_common_f124.o)
 .comment       0x000000000000002b       0x2c /home/ryan/Desktop/libopencm3/libopencm3-examples/libopencm3/lib/libopencm3_stm32l1.a(rcc_common_all.o)
 .comment       0x000000000000002b       0x2c /home/ryan/Desktop/libopencm3/libopencm3-examples/libopencm3/lib/libopencm3_stm32l1.a(vector.o)
 .comment       0x000000000000002b       0x2c /home/ryan/Desktop/libopencm3/libopencm3-examples/libopencm3/lib/libopencm3_stm32l1.a(rcc.o)
 .comment       0x000000000000002b       0x2c /usr/lib/gcc/arm-none-eabi/5.4.1/../../../arm-none-eabi/lib/armv7-m/libc.a(lib_a-errno.o)
 .comment       0x000000000000002b       0x2c /usr/lib/gcc/arm-none-eabi/5.4.1/../../../arm-none-eabi/lib/armv7-m/libc.a(lib_a-findfp.o)
 .comment       0x000000000000002b       0x2c /usr/lib/gcc/arm-none-eabi/5.4.1/../../../arm-none-eabi/lib/armv7-m/libc.a(lib_a-fwalk.o)
 .comment       0x000000000000002b       0x2c /usr/lib/gcc/arm-none-eabi/5.4.1/../../../arm-none-eabi/lib/armv7-m/libc.a(lib_a-impure.o)
 .comment       0x000000000000002b       0x2c /usr/lib/gcc/arm-none-eabi/5.4.1/../../../arm-none-eabi/lib/armv7-m/libc.a(lib_a-mallocr.o)
 .comment       0x000000000000002b       0x2c /usr/lib/gcc/arm-none-eabi/5.4.1/../../../arm-none-eabi/lib/armv7-m/libc.a(lib_a-memset.o)
 .comment       0x000000000000002b       0x2c /usr/lib/gcc/arm-none-eabi/5.4.1/../../../arm-none-eabi/lib/armv7-m/libc.a(lib_a-mlock.o)
 .comment       0x000000000000002b       0x2c /usr/lib/gcc/arm-none-eabi/5.4.1/../../../arm-none-eabi/lib/armv7-m/libc.a(lib_a-printf.o)
 .comment       0x000000000000002b       0x2c /usr/lib/gcc/arm-none-eabi/5.4.1/../../../arm-none-eabi/lib/armv7-m/libc.a(lib_a-sbrkr.o)
 .comment       0x000000000000002b       0x2c /usr/lib/gcc/arm-none-eabi/5.4.1/../../../arm-none-eabi/lib/armv7-m/libc.a(lib_a-stdio.o)
 .comment       0x000000000000002b       0x2c /usr/lib/gcc/arm-none-eabi/5.4.1/../../../arm-none-eabi/lib/armv7-m/libc.a(lib_a-strlen-stub.o)
 .comment       0x000000000000002b       0x2c /usr/lib/gcc/arm-none-eabi/5.4.1/../../../arm-none-eabi/lib/armv7-m/libc.a(lib_a-vfprintf.o)
 .comment       0x000000000000002b       0x2c /usr/lib/gcc/arm-none-eabi/5.4.1/../../../arm-none-eabi/lib/armv7-m/libc.a(lib_a-writer.o)
 .comment       0x000000000000002b       0x2c /usr/lib/gcc/arm-none-eabi/5.4.1/../../../arm-none-eabi/lib/armv7-m/libc.a(lib_a-wsetup.o)
 .comment       0x000000000000002b       0x2c /usr/lib/gcc/arm-none-eabi/5.4.1/../../../arm-none-eabi/lib/armv7-m/libc.a(lib_a-closer.o)
 .comment       0x000000000000002b       0x2c /usr/lib/gcc/arm-none-eabi/5.4.1/../../../arm-none-eabi/lib/armv7-m/libc.a(lib_a-dtoa.o)
 .comment       0x000000000000002b       0x2c /usr/lib/gcc/arm-none-eabi/5.4.1/../../../arm-none-eabi/lib/armv7-m/libc.a(lib_a-fclose.o)
 .comment       0x000000000000002b       0x2c /usr/lib/gcc/arm-none-eabi/5.4.1/../../../arm-none-eabi/lib/armv7-m/libc.a(lib_a-fflush.o)
 .comment       0x000000000000002b       0x2c /usr/lib/gcc/arm-none-eabi/5.4.1/../../../arm-none-eabi/lib/armv7-m/libc.a(lib_a-freer.o)
 .comment       0x000000000000002b       0x2c /usr/lib/gcc/arm-none-eabi/5.4.1/../../../arm-none-eabi/lib/armv7-m/libc.a(lib_a-locale.o)
 .comment       0x000000000000002b       0x2c /usr/lib/gcc/arm-none-eabi/5.4.1/../../../arm-none-eabi/lib/armv7-m/libc.a(lib_a-lseekr.o)
 .comment       0x000000000000002b       0x2c /usr/lib/gcc/arm-none-eabi/5.4.1/../../../arm-none-eabi/lib/armv7-m/libc.a(lib_a-makebuf.o)
 .comment       0x000000000000002b       0x2c /usr/lib/gcc/arm-none-eabi/5.4.1/../../../arm-none-eabi/lib/armv7-m/libc.a(lib_a-memchr-stub.o)
 .comment       0x000000000000002b       0x2c /usr/lib/gcc/arm-none-eabi/5.4.1/../../../arm-none-eabi/lib/armv7-m/libc.a(lib_a-mprec.o)
 .comment       0x000000000000002b       0x2c /usr/lib/gcc/arm-none-eabi/5.4.1/../../../arm-none-eabi/lib/armv7-m/libc.a(lib_a-readr.o)
 .comment       0x000000000000002b       0x2c /usr/lib/gcc/arm-none-eabi/5.4.1/../../../arm-none-eabi/lib/armv7-m/libc.a(lib_a-reent.o)
 .comment       0x000000000000002b       0x2c /usr/lib/gcc/arm-none-eabi/5.4.1/../../../arm-none-eabi/lib/armv7-m/libc.a(lib_a-vfiprintf.o)
 .comment       0x000000000000002b       0x2c /usr/lib/gcc/arm-none-eabi/5.4.1/../../../arm-none-eabi/lib/armv7-m/libc.a(lib_a-callocr.o)
 .comment       0x000000000000002b       0x2c /usr/lib/gcc/arm-none-eabi/5.4.1/../../../arm-none-eabi/lib/armv7-m/libc.a(lib_a-fputwc.o)
 .comment       0x000000000000002b       0x2c /usr/lib/gcc/arm-none-eabi/5.4.1/../../../arm-none-eabi/lib/armv7-m/libc.a(lib_a-fstatr.o)
 .comment       0x000000000000002b       0x2c /usr/lib/gcc/arm-none-eabi/5.4.1/../../../arm-none-eabi/lib/armv7-m/libc.a(lib_a-fvwrite.o)
 .comment       0x000000000000002b       0x2c /usr/lib/gcc/arm-none-eabi/5.4.1/../../../arm-none-eabi/lib/armv7-m/libc.a(lib_a-isattyr.o)