Archive member included to satisfy reference by file (symbol)

/home/ryan/Desktop/libopencm3/libopencm3-examples/libopencm3/lib/libopencm3_lm4f.a(gpio.o)
                              usb_to_serial_cdcacm.o (gpio_enable_ahb_aperture)
/home/ryan/Desktop/libopencm3/libopencm3-examples/libopencm3/lib/libopencm3_lm4f.a(vector.o)
                              (reset_handler)
/home/ryan/Desktop/libopencm3/libopencm3-examples/libopencm3/lib/libopencm3_lm4f.a(systemcontrol.o)
                              uart.o (periph_clock_enable)
/home/ryan/Desktop/libopencm3/libopencm3-examples/libopencm3/lib/libopencm3_lm4f.a(rcc.o)
                              usb_to_serial_cdcacm.o (rcc_sysclk_config)
/home/ryan/Desktop/libopencm3/libopencm3-examples/libopencm3/lib/libopencm3_lm4f.a(uart.o)
                              uart.o (uart_enable)
/home/ryan/Desktop/libopencm3/libopencm3-examples/libopencm3/lib/libopencm3_lm4f.a(usb_lm4f.o)
                              usb_cdcacm.o (usb_enable_interrupts)
/home/ryan/Desktop/libopencm3/libopencm3-examples/libopencm3/lib/libopencm3_lm4f.a(usb.o)
                              usb_cdcacm.o (usbd_init)
/home/ryan/Desktop/libopencm3/libopencm3-examples/libopencm3/lib/libopencm3_lm4f.a(usb_control.o)
                              usb_cdcacm.o (usbd_register_control_callback)
/home/ryan/Desktop/libopencm3/libopencm3-examples/libopencm3/lib/libopencm3_lm4f.a(usb_standard.o)
                              usb_cdcacm.o (usbd_register_set_config_callback)
/home/ryan/Desktop/libopencm3/libopencm3-examples/libopencm3/lib/libopencm3_lm4f.a(nvic.o)
                              uart.o (nvic_enable_irq)
/usr/lib/gcc/arm-none-eabi/5.4.1/../../../arm-none-eabi/lib/armv7e-m/fpu/libc.a(lib_a-memcpy.o)
                              /home/ryan/Desktop/libopencm3/libopencm3-examples/libopencm3/lib/libopencm3_lm4f.a(rcc.o) (memcpy)
/usr/lib/gcc/arm-none-eabi/5.4.1/../../../arm-none-eabi/lib/armv7e-m/fpu/libc.a(lib_a-strlen.o)
                              /home/ryan/Desktop/libopencm3/libopencm3-examples/libopencm3/lib/libopencm3_lm4f.a(usb_standard.o) (strlen)

Discarded input sections

 .group         0x0000000000000000        0x8 uart.o
 .group         0x0000000000000000        0x8 uart.o
 .group         0x0000000000000000        0x8 uart.o
 .group         0x0000000000000000        0x8 uart.o
 .group         0x0000000000000000        0x8 uart.o
 .group         0x0000000000000000        0x8 uart.o
 .group         0x0000000000000000        0x8 uart.o
 .group         0x0000000000000000        0x8 uart.o
 .group         0x0000000000000000        0x8 uart.o
 .group         0x0000000000000000        0x8 uart.o
 .group         0x0000000000000000        0x8 uart.o
 .group         0x0000000000000000        0x8 uart.o
 .group         0x0000000000000000        0x8 uart.o
 .group         0x0000000000000000        0x8 uart.o
 .group         0x0000000000000000        0x8 uart.o
 .group         0x0000000000000000        0x8 uart.o
 .group         0x0000000000000000        0x8 uart.o
 .text          0x0000000000000000        0x0 uart.o
 .data          0x0000000000000000        0x0 uart.o
 .bss           0x0000000000000000        0x0 uart.o
 .group         0x0000000000000000        0x8 usb_cdcacm.o
 .group         0x0000000000000000        0x8 usb_cdcacm.o
 .group         0x0000000000000000        0x8 usb_cdcacm.o
 .group         0x0000000000000000        0x8 usb_cdcacm.o
 .group         0x0000000000000000        0x8 usb_cdcacm.o
 .group         0x0000000000000000        0x8 usb_cdcacm.o
 .group         0x0000000000000000        0x8 usb_cdcacm.o
 .group         0x0000000000000000        0x8 usb_cdcacm.o
 .group         0x0000000000000000        0x8 usb_cdcacm.o
 .group         0x0000000000000000        0x8 usb_cdcacm.o
 .group         0x0000000000000000        0x8 usb_cdcacm.o
 .group         0x0000000000000000        0x8 usb_cdcacm.o
 .group         0x0000000000000000        0x8 usb_cdcacm.o
 .group         0x0000000000000000        0x8 usb_cdcacm.o
 .group         0x0000000000000000        0x8 usb_cdcacm.o
 .group         0x0000000000000000        0x8 usb_cdcacm.o
 .group         0x0000000000000000        0x8 usb_cdcacm.o
 .group         0x0000000000000000        0x8 usb_cdcacm.o
 .group         0x0000000000000000        0x8 usb_cdcacm.o
 .group         0x0000000000000000        0x8 usb_cdcacm.o
 .group         0x0000000000000000        0x8 usb_cdcacm.o
 .group         0x0000000000000000        0x8 usb_cdcacm.o
 .group         0x0000000000000000        0x8 usb_cdcacm.o
 .group         0x0000000000000000        0x8 usb_cdcacm.o
 .group         0x0000000000000000        0x8 usb_cdcacm.o
 .group         0x0000000000000000        0x8 usb_cdcacm.o
 .group         0x0000000000000000        0x8 usb_cdcacm.o
 .group         0x0000000000000000        0x8 usb_cdcacm.o
 .group         0x0000000000000000        0x8 usb_cdcacm.o
 .group         0x0000000000000000        0x8 usb_cdcacm.o
[...]
Memory Configuration

Name             Origin             Length             Attributes
rom              0x0000000000000000 0x0000000000040000 xr
ram              0x0000000020000000 0x0000000000008000 xrw
*default*        0x0000000000000000 0xffffffffffffffff

Linker script and memory map

LOAD uart.o
LOAD usb_cdcacm.o
LOAD usb_to_serial_cdcacm.o
LOAD /home/ryan/Desktop/libopencm3/libopencm3-examples/libopencm3/lib/libopencm3_lm4f.a
START GROUP
LOAD /usr/lib/gcc/arm-none-eabi/5.4.1/../../../arm-none-eabi/lib/armv7e-m/fpu/libc.a
LOAD /usr/lib/gcc/arm-none-eabi/5.4.1/armv7e-m/fpu/libgcc.a
LOAD /usr/lib/gcc/arm-none-eabi/5.4.1/../../../arm-none-eabi/lib/armv7e-m/fpu/libnosys.a
END GROUP
START GROUP
LOAD /usr/lib/gcc/arm-none-eabi/5.4.1/armv7e-m/fpu/libgcc.a
LOAD /usr/lib/gcc/arm-none-eabi/5.4.1/../../../arm-none-eabi/lib/armv7e-m/fpu/libg.a
LOAD /usr/lib/gcc/arm-none-eabi/5.4.1/../../../arm-none-eabi/lib/armv7e-m/fpu/libc.a
END GROUP

.text           0x0000000000000000     0x1b94
 *(.vectors)
 .vectors       0x0000000000000000      0x26c /home/ryan/Desktop/libopencm3/libopencm3-examples/libopencm3/lib/libopencm3_lm4f.a(vector.o)
                0x0000000000000000                vector_table
 *(.text*)
 .text.uart_init
                0x000000000000026c       0x6c uart.o
                0x000000000000026c                uart_init
 .text.uart_get_ctl_line_state
                0x00000000000002d8        0xc uart.o
                0x00000000000002d8                uart_get_ctl_line_state
 .text.uart_set_ctl_line_state
                0x00000000000002e4       0x20 uart.o
                0x00000000000002e4                uart_set_ctl_line_state
 .text.uart1_isr
                0x0000000000000304       0x28 uart.o
                0x0000000000000304                uart1_isr
 .text.cdcacm_set_config
                0x000000000000032c       0x4c usb_cdcacm.o
 .text.cdcacm_data_rx_cb
                0x0000000000000378       0x1c usb_cdcacm.o
 .text.cdcacm_control_request
                0x0000000000000394       0x3a usb_cdcacm.o
 *fill*         0x00000000000003ce        0x2 
 .text.cdcacm_send_data
                0x00000000000003d0       0x14 usb_cdcacm.o
                0x00000000000003d0                cdcacm_send_data
 .text.cdcacm_line_state_changed_cb
                0x00000000000003e4       0x40 usb_cdcacm.o
                0x00000000000003e4                cdcacm_line_state_changed_cb
 .text.cdcacm_init
                0x0000000000000424       0x70 usb_cdcacm.o
                0x0000000000000424                cdcacm_init
 .text.usb0_isr
                0x0000000000000494        0xc usb_cdcacm.o
                0x0000000000000494                usb0_isr
 .text.glue_data_received_cb
                0x00000000000004a0       0x18 usb_to_serial_cdcacm.o
                0x00000000000004a0                glue_data_received_cb
 .text.glue_set_line_state_cb
                0x00000000000004b8       0x18 usb_to_serial_cdcacm.o
                0x00000000000004b8                glue_set_line_state_cb
 .text.glue_set_line_coding_cb
                0x00000000000004d0       0x60 usb_to_serial_cdcacm.o
                0x00000000000004d0                glue_set_line_coding_cb
 .text.glue_send_data_cb
                0x0000000000000530       0x30 usb_to_serial_cdcacm.o
                0x0000000000000530                glue_send_data_cb
 .text.startup.main
                0x0000000000000560       0x8c usb_to_serial_cdcacm.o
                0x0000000000000560                main
 .text.gpio_enable_ahb_aperture
                0x00000000000005ec       0x10 /home/ryan/Desktop/libopencm3/libopencm3-examples/libopencm3/lib/libopencm3_lm4f.a(gpio.o)
                0x00000000000005ec                gpio_enable_ahb_aperture
 .text.gpio_mode_setup
                0x00000000000005fc       0x92 /home/ryan/Desktop/libopencm3/libopencm3-examples/libopencm3/lib/libopencm3_lm4f.a(gpio.o)
                0x00000000000005fc                gpio_mode_setup
 .text.gpio_set_output_config
                0x000000000000068e       0x5e /home/ryan/Desktop/libopencm3/libopencm3-examples/libopencm3/lib/libopencm3_lm4f.a(gpio.o)
                0x000000000000068e                gpio_set_output_config
 .text.gpio_set_af
                0x00000000000006ec       0x52 /home/ryan/Desktop/libopencm3/libopencm3-examples/libopencm3/lib/libopencm3_lm4f.a(gpio.o)
                0x00000000000006ec                gpio_set_af
 .text.blocking_handler
                0x000000000000073e        0x2 /home/ryan/Desktop/libopencm3/libopencm3-examples/libopencm3/lib/libopencm3_lm4f.a(vector.o)
                0x000000000000073e                ssi0_isr
                0x000000000000073e                timer3b_isr
                0x000000000000073e                pwm1_3_isr
                0x000000000000073e                gpiom_isr
                0x000000000000073e                adc1ss1_isr
                0x000000000000073e                uart0_isr
                0x000000000000073e                timer0a_isr
                0x000000000000073e                i2c0_isr
                0x000000000000073e                udmaerr_isr
                0x000000000000073e                udma_isr
                0x000000000000073e                gpiop4_isr
                0x000000000000073e                gpioq2_isr
                0x000000000000073e                gpiog_isr
                0x000000000000073e                blocking_handler
                0x000000000000073e                uart2_isr
                0x000000000000073e                gpioq5_isr
                0x000000000000073e                pwm1_0_isr
                0x000000000000073e                pwm0_0_isr
                0x000000000000073e                timer5b_isr
                0x000000000000073e                watchdog_isr
                0x000000000000073e                i2c1_isr
                0x000000000000073e                i2c2_isr
                0x000000000000073e                gpiop2_isr
                0x000000000000073e                wtimer5a_isr
                0x000000000000073e                usage_fault_handler
                0x000000000000073e                comp2_isr
                0x000000000000073e                pwm0_fault_isr
                0x000000000000073e                wtimer4b_isr
                0x000000000000073e                i2c3_isr
                0x000000000000073e                lpc0_isr
                0x000000000000073e                pwm1_2_isr
                0x000000000000073e                epi0_isr
                0x000000000000073e                pwm0_2_isr
                0x000000000000073e                gpiop1_isr
                0x000000000000073e                eth_isr
                0x000000000000073e                gpioq1_isr
                0x000000000000073e                uart6_isr
                0x000000000000073e                timer2b_isr
                0x000000000000073e                wtimer3b_isr
                0x000000000000073e                fan0_isr
                0x000000000000073e                adc1ss3_isr
                0x000000000000073e                qei0_isr
                0x000000000000073e                wtimer5b_isr
                0x000000000000073e                ssi3_isr
                0x000000000000073e                gpiof_isr
                0x000000000000073e                gpiol_isr
                0x000000000000073e                flash_isr
                0x000000000000073e                uart4_isr
                0x000000000000073e                comp0_isr
                0x000000000000073e                gpioq6_isr
                0x000000000000073e                gpiop0_isr
                0x000000000000073e                hard_fault_handler
                0x000000000000073e                gpiop6_isr
                0x000000000000073e                sysctl_isr
                0x000000000000073e                qei1_isr
                0x000000000000073e                timer4b_isr
                0x000000000000073e                gpioa_isr
                0x000000000000073e                gpioq0_isr
                0x000000000000073e                gpiob_isr
                0x000000000000073e                adc0ss3_isr
                0x000000000000073e                comp1_isr
                0x000000000000073e                gpioe_isr
                0x000000000000073e                wtimer0b_isr
                0x000000000000073e                pwm0_1_isr
                0x000000000000073e                wtimer2a_isr
                0x000000000000073e                wtimer1b_isr
                0x000000000000073e                wtimer2b_isr
                0x000000000000073e                gpioq4_isr
                0x000000000000073e                wtimer0a_isr
                0x000000000000073e                adc0ss1_isr
                0x000000000000073e                uart5_isr
                0x000000000000073e                timer1b_isr
                0x000000000000073e                wtimer3a_isr
                0x000000000000073e                i2c5_isr
                0x000000000000073e                can2_isr
                0x000000000000073e                gpion_isr
                0x000000000000073e                adc0ss2_isr
                0x000000000000073e                gpioj_isr
                0x000000000000073e                gpioh_isr
                0x000000000000073e                gpioq7_isr
                0x000000000000073e                mem_manage_handler
                0x000000000000073e                gpiod_isr
                0x000000000000073e                pwm0_3_isr
                0x000000000000073e                ssi2_isr
                0x000000000000073e                timer5a_isr
                0x000000000000073e                gpiop7_isr
                0x000000000000073e                gpioc_isr
                0x000000000000073e                gpioq3_isr
                0x000000000000073e                uart7_isr
                0x000000000000073e                pwm1_fault_isr
                0x000000000000073e                hibernate_isr
                0x000000000000073e                gpiop5_isr
                0x000000000000073e                i2s0_isr
                0x000000000000073e                adc1ss2_isr
                0x000000000000073e                peci0_isr
                0x000000000000073e                timer3a_isr
                0x000000000000073e                can0_isr
                0x000000000000073e                i2c4_isr
                0x000000000000073e                sysexc_isr
                0x000000000000073e                gpiop3_isr
                0x000000000000073e                timer4a_isr
                0x000000000000073e                can1_isr
                0x000000000000073e                timer1a_isr
                0x000000000000073e                adc0ss0_isr
                0x000000000000073e                ssi1_isr
                0x000000000000073e                wtimer4a_isr
                0x000000000000073e                wtimer1a_isr
                0x000000000000073e                bus_fault_handler
                0x000000000000073e                gpiok_isr
                0x000000000000073e                pwm1_1_isr
                0x000000000000073e                timer2a_isr
                0x000000000000073e                uart3_isr
                0x000000000000073e                adc1ss0_isr
                0x000000000000073e                timer0b_isr
 .text.null_handler
                0x0000000000000740        0x2 /home/ryan/Desktop/libopencm3/libopencm3-examples/libopencm3/lib/libopencm3_lm4f.a(vector.o)
                0x0000000000000740                null_handler
                0x0000000000000740                sv_call_handler
                0x0000000000000740                pend_sv_handler
                0x0000000000000740                debug_monitor_handler
                0x0000000000000740                sys_tick_handler
                0x0000000000000740                nmi_handler
 *fill*         0x0000000000000742        0x2 
 .text.reset_handler
                0x0000000000000744       0x98 /home/ryan/Desktop/libopencm3/libopencm3-examples/libopencm3/lib/libopencm3_lm4f.a(vector.o)
                0x0000000000000744                reset_handler
 .text.periph_clock_enable
                0x00000000000007dc       0x1c /home/ryan/Desktop/libopencm3/libopencm3-examples/libopencm3/lib/libopencm3_lm4f.a(systemcontrol.o)
                0x00000000000007dc                periph_clock_enable
 .text.rcc_configure_xtal
                0x00000000000007f8       0x18 /home/ryan/Desktop/libopencm3/libopencm3-examples/libopencm3/lib/libopencm3_lm4f.a(rcc.o)
                0x00000000000007f8                rcc_configure_xtal
 .text.rcc_enable_main_osc
                0x0000000000000810       0x10 /home/ryan/Desktop/libopencm3/libopencm3-examples/libopencm3/lib/libopencm3_lm4f.a(rcc.o)
                0x0000000000000810                rcc_enable_main_osc
 .text.rcc_enable_rcc2
                0x0000000000000820       0x10 /home/ryan/Desktop/libopencm3/libopencm3-examples/libopencm3/lib/libopencm3_lm4f.a(rcc.o)
                0x0000000000000820                rcc_enable_rcc2
 .text.rcc_pll_on
                0x0000000000000830       0x10 /home/ryan/Desktop/libopencm3/libopencm3-examples/libopencm3/lib/libopencm3_lm4f.a(rcc.o)
                0x0000000000000830                rcc_pll_on
 .text.rcc_set_osc_source
                0x0000000000000840       0x18 /home/ryan/Desktop/libopencm3/libopencm3-examples/libopencm3/lib/libopencm3_lm4f.a(rcc.o)
                0x0000000000000840                rcc_set_osc_source
 .text.rcc_pll_bypass_disable
                0x0000000000000858       0x10 /home/ryan/Desktop/libopencm3/libopencm3-examples/libopencm3/lib/libopencm3_lm4f.a(rcc.o)
                0x0000000000000858                rcc_pll_bypass_disable
 .text.rcc_pll_bypass_enable
                0x0000000000000868       0x10 /home/ryan/Desktop/libopencm3/libopencm3-examples/libopencm3/lib/libopencm3_lm4f.a(rcc.o)
                0x0000000000000868                rcc_pll_bypass_enable
 .text.rcc_set_pll_divisor
                0x0000000000000878       0x28 /home/ryan/Desktop/libopencm3/libopencm3-examples/libopencm3/lib/libopencm3_lm4f.a(rcc.o)
                0x0000000000000878                rcc_set_pll_divisor
 .text.rcc_usb_pll_on
                0x00000000000008a0       0x10 /home/ryan/Desktop/libopencm3/libopencm3-examples/libopencm3/lib/libopencm3_lm4f.a(rcc.o)
                0x00000000000008a0                rcc_usb_pll_on
 .text.rcc_wait_for_pll_ready
                0x00000000000008b0       0x10 /home/ryan/Desktop/libopencm3/libopencm3-examples/libopencm3/lib/libopencm3_lm4f.a(rcc.o)
                0x00000000000008b0                rcc_wait_for_pll_ready
 .text.rcc_change_pll_divisor
                0x00000000000008c0       0x28 /home/ryan/Desktop/libopencm3/libopencm3-examples/libopencm3/lib/libopencm3_lm4f.a(rcc.o)
                0x00000000000008c0                rcc_change_pll_divisor
 .text.rcc_get_system_clock_frequency
                0x00000000000008e8        0xc /home/ryan/Desktop/libopencm3/libopencm3-examples/libopencm3/lib/libopencm3_lm4f.a(rcc.o)
                0x00000000000008e8                rcc_get_system_clock_frequency
 .text.rcc_sysclk_config
                0x00000000000008f4       0x88 /home/ryan/Desktop/libopencm3/libopencm3-examples/libopencm3/lib/libopencm3_lm4f.a(rcc.o)
                0x00000000000008f4                rcc_sysclk_config
 .text.uart_enable
                0x000000000000097c        0xe /home/ryan/Desktop/libopencm3/libopencm3-examples/libopencm3/lib/libopencm3_lm4f.a(uart.o)
                0x000000000000097c                uart_enable
 .text.uart_disable
                0x000000000000098a        0xa /home/ryan/Desktop/libopencm3/libopencm3-examples/libopencm3/lib/libopencm3_lm4f.a(uart.o)
                0x000000000000098a                uart_disable
 .text.uart_set_baudrate
                0x0000000000000994       0x30 /home/ryan/Desktop/libopencm3/libopencm3-examples/libopencm3/lib/libopencm3_lm4f.a(uart.o)
                0x0000000000000994                uart_set_baudrate
 .text.uart_set_databits
                0x00000000000009c4       0x10 /home/ryan/Desktop/libopencm3/libopencm3-examples/libopencm3/lib/libopencm3_lm4f.a(uart.o)
                0x00000000000009c4                uart_set_databits
 .text.uart_set_stopbits
                0x00000000000009d4       0x12 /home/ryan/Desktop/libopencm3/libopencm3-examples/libopencm3/lib/libopencm3_lm4f.a(uart.o)
                0x00000000000009d4                uart_set_stopbits
 .text.uart_set_parity
                0x00000000000009e6       0x36 /home/ryan/Desktop/libopencm3/libopencm3-examples/libopencm3/lib/libopencm3_lm4f.a(uart.o)
                0x00000000000009e6                uart_set_parity
 .text.uart_clock_from_piosc
                0x0000000000000a1c        0x8 /home/ryan/Desktop/libopencm3/libopencm3-examples/libopencm3/lib/libopencm3_lm4f.a(uart.o)
                0x0000000000000a1c                uart_clock_from_piosc
 .text.uart_recv
                0x0000000000000a24        0x6 /home/ryan/Desktop/libopencm3/libopencm3-examples/libopencm3/lib/libopencm3_lm4f.a(uart.o)
                0x0000000000000a24                uart_recv
 .text.uart_wait_send_ready
                0x0000000000000a2a        0x8 /home/ryan/Desktop/libopencm3/libopencm3-examples/libopencm3/lib/libopencm3_lm4f.a(uart.o)
                0x0000000000000a2a                uart_wait_send_ready
 .text.uart_send_blocking
                0x0000000000000a32        0xc /home/ryan/Desktop/libopencm3/libopencm3-examples/libopencm3/lib/libopencm3_lm4f.a(uart.o)
                0x0000000000000a32                uart_send_blocking
 .text.uart_enable_interrupts
                0x0000000000000a3e        0x8 /home/ryan/Desktop/libopencm3/libopencm3-examples/libopencm3/lib/libopencm3_lm4f.a(uart.o)
                0x0000000000000a3e                uart_enable_interrupts
 .text.uart_enable_rx_interrupt
                0x0000000000000a46        0x6 /home/ryan/Desktop/libopencm3/libopencm3-examples/libopencm3/lib/libopencm3_lm4f.a(uart.o)
                0x0000000000000a46                uart_enable_rx_interrupt
 .text.uart_clear_interrupt_flag
                0x0000000000000a4c        0x8 /home/ryan/Desktop/libopencm3/libopencm3-examples/libopencm3/lib/libopencm3_lm4f.a(uart.o)
                0x0000000000000a4c                uart_clear_interrupt_flag
 .text.lm4f_set_address
                0x0000000000000a54       0x10 /home/ryan/Desktop/libopencm3/libopencm3-examples/libopencm3/lib/libopencm3_lm4f.a(usb_lm4f.o)
 .text.lm4f_ep_setup
                0x0000000000000a64      0x13c /home/ryan/Desktop/libopencm3/libopencm3-examples/libopencm3/lib/libopencm3_lm4f.a(usb_lm4f.o)
 .text.lm4f_endpoints_reset
                0x0000000000000ba0        0x8 /home/ryan/Desktop/libopencm3/libopencm3-examples/libopencm3/lib/libopencm3_lm4f.a(usb_lm4f.o)
 .text.lm4f_ep_stall_get
                0x0000000000000ba8       0x44 /home/ryan/Desktop/libopencm3/libopencm3-examples/libopencm3/lib/libopencm3_lm4f.a(usb_lm4f.o)
 .text.lm4f_ep_nak_set
                0x0000000000000bec        0x2 /home/ryan/Desktop/libopencm3/libopencm3-examples/libopencm3/lib/libopencm3_lm4f.a(usb_lm4f.o)
 *fill*         0x0000000000000bee        0x2 
 .text.lm4f_ep_write_packet
                0x0000000000000bf0       0x88 /home/ryan/Desktop/libopencm3/libopencm3-examples/libopencm3/lib/libopencm3_lm4f.a(usb_lm4f.o)
 .text.lm4f_ep_read_packet
                0x0000000000000c78       0x80 /home/ryan/Desktop/libopencm3/libopencm3-examples/libopencm3/lib/libopencm3_lm4f.a(usb_lm4f.o)
 .text.lm4f_poll
                0x0000000000000cf8       0xc4 /home/ryan/Desktop/libopencm3/libopencm3-examples/libopencm3/lib/libopencm3_lm4f.a(usb_lm4f.o)
 .text.lm4f_usbd_init
                0x0000000000000dbc       0x6c /home/ryan/Desktop/libopencm3/libopencm3-examples/libopencm3/lib/libopencm3_lm4f.a(usb_lm4f.o)
 .text.lm4f_ep_stall_set
                0x0000000000000e28       0x50 /home/ryan/Desktop/libopencm3/libopencm3-examples/libopencm3/lib/libopencm3_lm4f.a(usb_lm4f.o)
 .text.lm4f_disconnect
                0x0000000000000e78       0x18 /home/ryan/Desktop/libopencm3/libopencm3-examples/libopencm3/lib/libopencm3_lm4f.a(usb_lm4f.o)
 .text.usb_enable_interrupts
                0x0000000000000e90       0x2c /home/ryan/Desktop/libopencm3/libopencm3-examples/libopencm3/lib/libopencm3_lm4f.a(usb_lm4f.o)
                0x0000000000000e90                usb_enable_interrupts
 .text.usbd_init
                0x0000000000000ebc       0x58 /home/ryan/Desktop/libopencm3/libopencm3-examples/libopencm3/lib/libopencm3_lm4f.a(usb.o)
                0x0000000000000ebc                usbd_init
 .text.usbd_poll
                0x0000000000000f14        0x8 /home/ryan/Desktop/libopencm3/libopencm3-examples/libopencm3/lib/libopencm3_lm4f.a(usb.o)
                0x0000000000000f14                usbd_poll
 .text.usbd_ep_setup
                0x0000000000000f1c       0x10 /home/ryan/Desktop/libopencm3/libopencm3-examples/libopencm3/lib/libopencm3_lm4f.a(usb.o)
                0x0000000000000f1c                usbd_ep_setup
 .text._usbd_reset
                0x0000000000000f2c       0x34 /home/ryan/Desktop/libopencm3/libopencm3-examples/libopencm3/lib/libopencm3_lm4f.a(usb.o)
                0x0000000000000f2c                _usbd_reset
 .text.usbd_ep_write_packet
                0x0000000000000f60       0x10 /home/ryan/Desktop/libopencm3/libopencm3-examples/libopencm3/lib/libopencm3_lm4f.a(usb.o)
                0x0000000000000f60                usbd_ep_write_packet
 .text.usbd_ep_read_packet
                0x0000000000000f70       0x10 /home/ryan/Desktop/libopencm3/libopencm3-examples/libopencm3/lib/libopencm3_lm4f.a(usb.o)
                0x0000000000000f70                usbd_ep_read_packet
 .text.usbd_ep_stall_set
                0x0000000000000f80        0x8 /home/ryan/Desktop/libopencm3/libopencm3-examples/libopencm3/lib/libopencm3_lm4f.a(usb.o)
                0x0000000000000f80                usbd_ep_stall_set
 .text.usbd_ep_stall_get
                0x0000000000000f88        0x8 /home/ryan/Desktop/libopencm3/libopencm3-examples/libopencm3/lib/libopencm3_lm4f.a(usb.o)
                0x0000000000000f88                usbd_ep_stall_get
 .text.usbd_ep_nak_set
                0x0000000000000f90        0x8 /home/ryan/Desktop/libopencm3/libopencm3-examples/libopencm3/lib/libopencm3_lm4f.a(usb.o)
                0x0000000000000f90                usbd_ep_nak_set
 .text.stall_transaction
                0x0000000000000f98       0x14 /home/ryan/Desktop/libopencm3/libopencm3-examples/libopencm3/lib/libopencm3_lm4f.a(usb_control.o)
 .text.usb_control_recv_chunk
                0x0000000000000fac       0x3c /home/ryan/Desktop/libopencm3/libopencm3-examples/libopencm3/lib/libopencm3_lm4f.a(usb_control.o)
 .text.usb_control_send_chunk
                0x0000000000000fe8       0x56 /home/ryan/Desktop/libopencm3/libopencm3-examples/libopencm3/lib/libopencm3_lm4f.a(usb_control.o)
 .text.usb_control_request_dispatch
                0x000000000000103e       0x62 /home/ryan/Desktop/libopencm3/libopencm3-examples/libopencm3/lib/libopencm3_lm4f.a(usb_control.o)
 .text.usb_control_setup_read
                0x00000000000010a0       0x6a /home/ryan/Desktop/libopencm3/libopencm3-examples/libopencm3/lib/libopencm3_lm4f.a(usb_control.o)
 .text.usbd_register_control_callback
                0x000000000000110a       0x26 /home/ryan/Desktop/libopencm3/libopencm3-examples/libopencm3/lib/libopencm3_lm4f.a(usb_control.o)
                0x000000000000110a                usbd_register_control_callback
 .text._usbd_control_setup
                0x0000000000001130       0x70 /home/ryan/Desktop/libopencm3/libopencm3-examples/libopencm3/lib/libopencm3_lm4f.a(usb_control.o)
                0x0000000000001130                _usbd_control_setup
 .text._usbd_control_out
                0x00000000000011a0       0x86 /home/ryan/Desktop/libopencm3/libopencm3-examples/libopencm3/lib/libopencm3_lm4f.a(usb_control.o)
                0x00000000000011a0                _usbd_control_out
 .text._usbd_control_in
                0x0000000000001226       0x64 /home/ryan/Desktop/libopencm3/libopencm3-examples/libopencm3/lib/libopencm3_lm4f.a(usb_control.o)
                0x0000000000001226                _usbd_control_in
 .text.usb_standard_set_configuration
                0x000000000000128a       0x96 /home/ryan/Desktop/libopencm3/libopencm3-examples/libopencm3/lib/libopencm3_lm4f.a(usb_standard.o)
 .text.usb_standard_get_configuration
                0x0000000000001320       0x22 /home/ryan/Desktop/libopencm3/libopencm3-examples/libopencm3/lib/libopencm3_lm4f.a(usb_standard.o)
 .text.usb_standard_get_interface
                0x0000000000001342       0x38 /home/ryan/Desktop/libopencm3/libopencm3-examples/libopencm3/lib/libopencm3_lm4f.a(usb_standard.o)
 .text.usb_standard_interface_get_status
                0x000000000000137a       0x18 /home/ryan/Desktop/libopencm3/libopencm3-examples/libopencm3/lib/libopencm3_lm4f.a(usb_standard.o)
 .text.usb_standard_endpoint_get_status
                0x0000000000001392       0x2a /home/ryan/Desktop/libopencm3/libopencm3-examples/libopencm3/lib/libopencm3_lm4f.a(usb_standard.o)
 .text.usb_standard_endpoint_stall
                0x00000000000013bc       0x10 /home/ryan/Desktop/libopencm3/libopencm3-examples/libopencm3/lib/libopencm3_lm4f.a(usb_standard.o)
 .text.usb_standard_endpoint_unstall
                0x00000000000013cc       0x10 /home/ryan/Desktop/libopencm3/libopencm3-examples/libopencm3/lib/libopencm3_lm4f.a(usb_standard.o)
 .text.usb_standard_set_address
                0x00000000000013dc       0x2a /home/ryan/Desktop/libopencm3/libopencm3-examples/libopencm3/lib/libopencm3_lm4f.a(usb_standard.o)
 .text.usb_standard_set_interface
                0x0000000000001406       0x4e /home/ryan/Desktop/libopencm3/libopencm3-examples/libopencm3/lib/libopencm3_lm4f.a(usb_standard.o)
 .text.usb_standard_get_descriptor
                0x0000000000001454      0x25e /home/ryan/Desktop/libopencm3/libopencm3-examples/libopencm3/lib/libopencm3_lm4f.a(usb_standard.o)
 .text.usb_standard_device_get_status
                0x00000000000016b2       0x18 /home/ryan/Desktop/libopencm3/libopencm3-examples/libopencm3/lib/libopencm3_lm4f.a(usb_standard.o)
 .text.usbd_register_set_config_callback
                0x00000000000016ca       0x24 /home/ryan/Desktop/libopencm3/libopencm3-examples/libopencm3/lib/libopencm3_lm4f.a(usb_standard.o)
                0x00000000000016ca                usbd_register_set_config_callback
 *fill*         0x00000000000016ee        0x2 
 .text._usbd_standard_request_device
                0x00000000000016f0       0x20 /home/ryan/Desktop/libopencm3/libopencm3-examples/libopencm3/lib/libopencm3_lm4f.a(usb_standard.o)
                0x00000000000016f0                _usbd_standard_request_device
 .text._usbd_standard_request_interface
                0x0000000000001710       0x20 /home/ryan/Desktop/libopencm3/libopencm3-examples/libopencm3/lib/libopencm3_lm4f.a(usb_standard.o)
                0x0000000000001710                _usbd_standard_request_interface
 .text._usbd_standard_request_endpoint
                0x0000000000001730       0x40 /home/ryan/Desktop/libopencm3/libopencm3-examples/libopencm3/lib/libopencm3_lm4f.a(usb_standard.o)
                0x0000000000001730                _usbd_standard_request_endpoint
 .text._usbd_standard_request
                0x0000000000001770       0x38 /home/ryan/Desktop/libopencm3/libopencm3-examples/libopencm3/lib/libopencm3_lm4f.a(usb_standard.o)
                0x0000000000001770                _usbd_standard_request
 .text.nvic_enable_irq
                0x00000000000017a8       0x1c /home/ryan/Desktop/libopencm3/libopencm3-examples/libopencm3/lib/libopencm3_lm4f.a(nvic.o)
                0x00000000000017a8                nvic_enable_irq
 .text          0x00000000000017c4      0x134 /usr/lib/gcc/arm-none-eabi/5.4.1/../../../arm-none-eabi/lib/armv7e-m/fpu/libc.a(lib_a-memcpy.o)
                0x00000000000017c4                memcpy
 *fill*         0x00000000000018f8        0x8 
 .text          0x0000000000001900       0xdc /usr/lib/gcc/arm-none-eabi/5.4.1/../../../arm-none-eabi/lib/armv7e-m/fpu/libc.a(lib_a-strlen.o)
                0x0000000000001900                strlen
                0x00000000000019dc                . = ALIGN (0x4)
 *(.rodata*)
 .rodata.dev    0x00000000000019dc       0x12 usb_cdcacm.o
 .rodata.data_endp
                0x00000000000019ee       0x1e usb_cdcacm.o
 .rodata.config
                0x0000000000001a0c        0xd usb_cdcacm.o
 *fill*         0x0000000000001a19        0x3 
 .rodata.ifaces
                0x0000000000001a1c       0x20 usb_cdcacm.o
 .rodata.comm_iface
                0x0000000000001a3c       0x15 usb_cdcacm.o
 .rodata.str1.1
                0x0000000000001a51       0x2a usb_cdcacm.o
 .rodata.data_iface
                0x0000000000001a7b       0x15 usb_cdcacm.o
 .rodata.comm_endp
                0x0000000000001a90        0xf usb_cdcacm.o
 .rodata.cdcacm_functional_descriptors
                0x0000000000001a9f       0x13 usb_cdcacm.o
 *fill*         0x0000000000001ab2        0x2 
 .rodata        0x0000000000001ab4       0x54 /home/ryan/Desktop/libopencm3/libopencm3-examples/libopencm3/lib/libopencm3_lm4f.a(rcc.o)
 .rodata.lm4f_usb_driver
                0x0000000000001b08       0x34 /home/ryan/Desktop/libopencm3/libopencm3-examples/libopencm3/lib/libopencm3_lm4f.a(usb_lm4f.o)
                0x0000000000001b08                lm4f_usb_driver
 .rodata.CSWTCH.24
                0x0000000000001b3c       0x28 /home/ryan/Desktop/libopencm3/libopencm3-examples/libopencm3/lib/libopencm3_lm4f.a(usb_standard.o)
 .rodata.CSWTCH.26
                0x0000000000001b64       0x30 /home/ryan/Desktop/libopencm3/libopencm3-examples/libopencm3/lib/libopencm3_lm4f.a(usb_standard.o)
                0x0000000000001b94                . = ALIGN (0x4)

.glue_7         0x0000000000001b94        0x0
 .glue_7        0x0000000000001b94        0x0 linker stubs

.glue_7t        0x0000000000001b94        0x0
 .glue_7t       0x0000000000001b94        0x0 linker stubs

.vfp11_veneer   0x0000000000001b94        0x0
 .vfp11_veneer  0x0000000000001b94        0x0 linker stubs

.v4_bx          0x0000000000001b94        0x0
 .v4_bx         0x0000000000001b94        0x0 linker stubs

.iplt           0x0000000000001b94        0x0
 .iplt          0x0000000000001b94        0x0 uart.o

.rel.dyn        0x0000000000001b94        0x0
 .rel.iplt      0x0000000000001b94        0x0 uart.o

.preinit_array  0x0000000000001b94        0x0
                0x0000000000001b94                . = ALIGN (0x4)
                0x0000000000001b94                __preinit_array_start = .
 *(.preinit_array)
                0x0000000000001b94                __preinit_array_end = .

.init_array     0x0000000000001b94        0x0
                0x0000000000001b94                . = ALIGN (0x4)
                0x0000000000001b94                __init_array_start = .
 *(SORT(.init_array.*))
 *(.init_array)
                0x0000000000001b94                __init_array_end = .

.fini_array     0x0000000000001b94        0x0
                0x0000000000001b94                . = ALIGN (0x4)
                0x0000000000001b94                __fini_array_start = .
 *(.fini_array)
 *(SORT(.fini_array.*))
                0x0000000000001b94                __fini_array_end = .

.ARM.extab
 *(.ARM.extab*)

.ARM.exidx      0x0000000000001b94        0x0
                0x0000000000001b94                __exidx_start = .
 *(.ARM.exidx*)
                0x0000000000001b94                __exidx_end = .
                0x0000000000001b94                . = ALIGN (0x4)
                0x0000000000001b94                _etext = .

.data           0x0000000020000000       0x14 load address 0x0000000000001b94
                0x0000000020000000                _data = .
 *(.data*)
 .data.usb_strings
                0x0000000020000000       0x10 usb_cdcacm.o
 .data.lm4f_rcc_sysclk_freq
                0x0000000020000010        0x4 /home/ryan/Desktop/libopencm3/libopencm3-examples/libopencm3/lib/libopencm3_lm4f.a(rcc.o)
                0x0000000020000010                lm4f_rcc_sysclk_freq
                0x0000000020000014                . = ALIGN (0x4)
                0x0000000020000014                _edata = .
                0x0000000000001b94                _data_loadaddr = LOADADDR (.data)

.igot.plt       0x0000000020000014        0x0 load address 0x0000000000001ba8
 .igot.plt      0x0000000020000014        0x0 uart.o

.bss            0x0000000020000014      0x184 load address 0x0000000000001ba8
 *(.bss*)
 .bss.usbd_control_buffer
                0x0000000020000014       0x80 usb_cdcacm.o
                0x0000000020000014                usbd_control_buffer
 .bss.acm_dev   0x0000000020000094        0x4 usb_cdcacm.o
                0x0000000020000094                acm_dev
 .bss.oldlinestate.4963
                0x0000000020000098        0x1 usb_to_serial_cdcacm.o
 *fill*         0x0000000020000099        0x3 
 .bss.usbd_dev  0x000000002000009c       0xfc /home/ryan/Desktop/libopencm3/libopencm3-examples/libopencm3/lib/libopencm3_lm4f.a(usb_lm4f.o)
 *(COMMON)
                0x0000000020000198                . = ALIGN (0x4)
                0x0000000020000198                _ebss = .

/DISCARD/
 *(.eh_frame)
                0x0000000020000198                . = ALIGN (0x4)
                0x0000000020000198                end = .
                0x0000000020008000                PROVIDE (_stack, (ORIGIN (ram) + LENGTH (ram)))
OUTPUT(usb_to_serial_cdcacm.elf elf32-littlearm)

.debug_info     0x0000000000000000     0x9125
 .debug_info    0x0000000000000000      0xa46 uart.o
 .debug_info    0x0000000000000a46     0x1313 usb_cdcacm.o
 .debug_info    0x0000000000001d59     0x10a5 usb_to_serial_cdcacm.o
 .debug_info    0x0000000000002dfe      0x35e /home/ryan/Desktop/libopencm3/libopencm3-examples/libopencm3/lib/libopencm3_lm4f.a(gpio.o)
 .debug_info    0x000000000000315c      0x2b7 /home/ryan/Desktop/libopencm3/libopencm3-examples/libopencm3/lib/libopencm3_lm4f.a(vector.o)
 .debug_info    0x0000000000003413      0x642 /home/ryan/Desktop/libopencm3/libopencm3-examples/libopencm3/lib/libopencm3_lm4f.a(systemcontrol.o)
 .debug_info    0x0000000000003a55      0x505 /home/ryan/Desktop/libopencm3/libopencm3-examples/libopencm3/lib/libopencm3_lm4f.a(rcc.o)
 .debug_info    0x0000000000003f5a      0x819 /home/ryan/Desktop/libopencm3/libopencm3-examples/libopencm3/lib/libopencm3_lm4f.a(uart.o)
 .debug_info    0x0000000000004773     0x14dd /home/ryan/Desktop/libopencm3/libopencm3-examples/libopencm3/lib/libopencm3_lm4f.a(usb_lm4f.o)
 .debug_info    0x0000000000005c50      0xdad /home/ryan/Desktop/libopencm3/libopencm3-examples/libopencm3/lib/libopencm3_lm4f.a(usb.o)
 .debug_info    0x00000000000069fd      0xf3c /home/ryan/Desktop/libopencm3/libopencm3-examples/libopencm3/lib/libopencm3_lm4f.a(usb_control.o)
 .debug_info    0x0000000000007939     0x1445 /home/ryan/Desktop/libopencm3/libopencm3-examples/libopencm3/lib/libopencm3_lm4f.a(usb_standard.o)
 .debug_info    0x0000000000008d7e      0x214 /home/ryan/Desktop/libopencm3/libopencm3-examples/libopencm3/lib/libopencm3_lm4f.a(nvic.o)
 .debug_info    0x0000000000008f92       0xca /usr/lib/gcc/arm-none-eabi/5.4.1/../../../arm-none-eabi/lib/armv7e-m/fpu/libc.a(lib_a-memcpy.o)
 .debug_info    0x000000000000905c       0xc9 /usr/lib/gcc/arm-none-eabi/5.4.1/../../../arm-none-eabi/lib/armv7e-m/fpu/libc.a(lib_a-strlen.o)

.debug_abbrev   0x0000000000000000     0x1b46
 .debug_abbrev  0x0000000000000000      0x1c3 uart.o
 .debug_abbrev  0x00000000000001c3      0x33b usb_cdcacm.o
 .debug_abbrev  0x00000000000004fe      0x24d usb_to_serial_cdcacm.o
 .debug_abbrev  0x000000000000074b      0x121 /home/ryan/Desktop/libopencm3/libopencm3-examples/libopencm3/lib/libopencm3_lm4f.a(gpio.o)
 .debug_abbrev  0x000000000000086c      0x155 /home/ryan/Desktop/libopencm3/libopencm3-examples/libopencm3/lib/libopencm3_lm4f.a(vector.o)
 .debug_abbrev  0x00000000000009c1       0x9e /home/ryan/Desktop/libopencm3/libopencm3-examples/libopencm3/lib/libopencm3_lm4f.a(systemcontrol.o)
 .debug_abbrev  0x0000000000000a5f      0x21a /home/ryan/Desktop/libopencm3/libopencm3-examples/libopencm3/lib/libopencm3_lm4f.a(rcc.o)
 .debug_abbrev  0x0000000000000c79      0x1c1 /home/ryan/Desktop/libopencm3/libopencm3-examples/libopencm3/lib/libopencm3_lm4f.a(uart.o)
 .debug_abbrev  0x0000000000000e3a      0x348 /home/ryan/Desktop/libopencm3/libopencm3-examples/libopencm3/lib/libopencm3_lm4f.a(usb_lm4f.o)
 .debug_abbrev  0x0000000000001182      0x201 /home/ryan/Desktop/libopencm3/libopencm3-examples/libopencm3/lib/libopencm3_lm4f.a(usb.o)
 .debug_abbrev  0x0000000000001383      0x30c /home/ryan/Desktop/libopencm3/libopencm3-examples/libopencm3/lib/libopencm3_lm4f.a(usb_control.o)
 .debug_abbrev  0x000000000000168f      0x3e9 /home/ryan/Desktop/libopencm3/libopencm3-examples/libopencm3/lib/libopencm3_lm4f.a(usb_standard.o)
 .debug_abbrev  0x0000000000001a78       0xa6 /home/ryan/Desktop/libopencm3/libopencm3-examples/libopencm3/lib/libopencm3_lm4f.a(nvic.o)
 .debug_abbrev  0x0000000000001b1e       0x14 /usr/lib/gcc/arm-none-eabi/5.4.1/../../../arm-none-eabi/lib/armv7e-m/fpu/libc.a(lib_a-memcpy.o)
 .debug_abbrev  0x0000000000001b32       0x14 /usr/lib/gcc/arm-none-eabi/5.4.1/../../../arm-none-eabi/lib/armv7e-m/fpu/libc.a(lib_a-strlen.o)

.debug_loc      0x0000000000000000     0x392b
 .debug_loc     0x0000000000000000       0xa0 uart.o
 .debug_loc     0x00000000000000a0      0x393 usb_cdcacm.o
 .debug_loc     0x0000000000000433      0x590 usb_to_serial_cdcacm.o
 .debug_loc     0x00000000000009c3      0x370 /home/ryan/Desktop/libopencm3/libopencm3-examples/libopencm3/lib/libopencm3_lm4f.a(gpio.o)
 .debug_loc     0x0000000000000d33       0xdf /home/ryan/Desktop/libopencm3/libopencm3-examples/libopencm3/lib/libopencm3_lm4f.a(vector.o)
 .debug_loc     0x0000000000000e12       0x42 /home/ryan/Desktop/libopencm3/libopencm3-examples/libopencm3/lib/libopencm3_lm4f.a(systemcontrol.o)
 .debug_loc     0x0000000000000e54      0x14d /home/ryan/Desktop/libopencm3/libopencm3-examples/libopencm3/lib/libopencm3_lm4f.a(rcc.o)
 .debug_loc     0x0000000000000fa1      0x3b2 /home/ryan/Desktop/libopencm3/libopencm3-examples/libopencm3/lib/libopencm3_lm4f.a(uart.o)
 .debug_loc     0x0000000000001353      0x824 /home/ryan/Desktop/libopencm3/libopencm3-examples/libopencm3/lib/libopencm3_lm4f.a(usb_lm4f.o)
 .debug_loc     0x0000000000001b77      0x4b1 /home/ryan/Desktop/libopencm3/libopencm3-examples/libopencm3/lib/libopencm3_lm4f.a(usb.o)
 .debug_loc     0x0000000000002028      0x66e /home/ryan/Desktop/libopencm3/libopencm3-examples/libopencm3/lib/libopencm3_lm4f.a(usb_control.o)
 .debug_loc     0x0000000000002696     0x116c /home/ryan/Desktop/libopencm3/libopencm3-examples/libopencm3/lib/libopencm3_lm4f.a(usb_standard.o)
 .debug_loc     0x0000000000003802      0x129 /home/ryan/Desktop/libopencm3/libopencm3-examples/libopencm3/lib/libopencm3_lm4f.a(nvic.o)

.debug_aranges  0x0000000000000000      0x5c8
 .debug_aranges
                0x0000000000000000       0x38 uart.o
 .debug_aranges
                0x0000000000000038       0x50 usb_cdcacm.o
 .debug_aranges
                0x0000000000000088       0x40 usb_to_serial_cdcacm.o
 .debug_aranges
                0x00000000000000c8       0x58 /home/ryan/Desktop/libopencm3/libopencm3-examples/libopencm3/lib/libopencm3_lm4f.a(gpio.o)
 .debug_aranges
                0x0000000000000120       0x30 /home/ryan/Desktop/libopencm3/libopencm3-examples/libopencm3/lib/libopencm3_lm4f.a(vector.o)
 .debug_aranges
                0x0000000000000150       0x28 /home/ryan/Desktop/libopencm3/libopencm3-examples/libopencm3/lib/libopencm3_lm4f.a(systemcontrol.o)
 .debug_aranges
                0x0000000000000178       0xb0 /home/ryan/Desktop/libopencm3/libopencm3-examples/libopencm3/lib/libopencm3_lm4f.a(rcc.o)
 .debug_aranges
                0x0000000000000228      0x100 /home/ryan/Desktop/libopencm3/libopencm3-examples/libopencm3/lib/libopencm3_lm4f.a(uart.o)
 .debug_aranges
                0x0000000000000328       0x80 /home/ryan/Desktop/libopencm3/libopencm3-examples/libopencm3/lib/libopencm3_lm4f.a(usb_lm4f.o)
 .debug_aranges
                0x00000000000003a8       0x88 /home/ryan/Desktop/libopencm3/libopencm3-examples/libopencm3/lib/libopencm3_lm4f.a(usb.o)
 .debug_aranges
                0x0000000000000430       0x60 /home/ryan/Desktop/libopencm3/libopencm3-examples/libopencm3/lib/libopencm3_lm4f.a(usb_control.o)
 .debug_aranges
                0x0000000000000490       0x98 /home/ryan/Desktop/libopencm3/libopencm3-examples/libopencm3/lib/libopencm3_lm4f.a(usb_standard.o)
 .debug_aranges
                0x0000000000000528       0x60 /home/ryan/Desktop/libopencm3/libopencm3-examples/libopencm3/lib/libopencm3_lm4f.a(nvic.o)
 .debug_aranges
                0x0000000000000588       0x20 /usr/lib/gcc/arm-none-eabi/5.4.1/../../../arm-none-eabi/lib/armv7e-m/fpu/libc.a(lib_a-memcpy.o)
 .debug_aranges
                0x00000000000005a8       0x20 /usr/lib/gcc/arm-none-eabi/5.4.1/../../../arm-none-eabi/lib/armv7e-m/fpu/libc.a(lib_a-strlen.o)

.debug_ranges   0x0000000000000000      0x600
 .debug_ranges  0x0000000000000000       0x40 uart.o
 .debug_ranges  0x0000000000000040       0x88 usb_cdcacm.o
 .debug_ranges  0x00000000000000c8       0x48 usb_to_serial_cdcacm.o
 .debug_ranges  0x0000000000000110       0x48 /home/ryan/Desktop/libopencm3/libopencm3-examples/libopencm3/lib/libopencm3_lm4f.a(gpio.o)
 .debug_ranges  0x0000000000000158       0x20 /home/ryan/Desktop/libopencm3/libopencm3-examples/libopencm3/lib/libopencm3_lm4f.a(vector.o)
 .debug_ranges  0x0000000000000178       0x18 /home/ryan/Desktop/libopencm3/libopencm3-examples/libopencm3/lib/libopencm3_lm4f.a(systemcontrol.o)
 .debug_ranges  0x0000000000000190       0xa0 /home/ryan/Desktop/libopencm3/libopencm3-examples/libopencm3/lib/libopencm3_lm4f.a(rcc.o)
 .debug_ranges  0x0000000000000230       0xf0 /home/ryan/Desktop/libopencm3/libopencm3-examples/libopencm3/lib/libopencm3_lm4f.a(uart.o)
 .debug_ranges  0x0000000000000320       0xb8 /home/ryan/Desktop/libopencm3/libopencm3-examples/libopencm3/lib/libopencm3_lm4f.a(usb_lm4f.o)
 .debug_ranges  0x00000000000003d8       0x78 /home/ryan/Desktop/libopencm3/libopencm3-examples/libopencm3/lib/libopencm3_lm4f.a(usb.o)
 .debug_ranges  0x0000000000000450       0x80 /home/ryan/Desktop/libopencm3/libopencm3-examples/libopencm3/lib/libopencm3_lm4f.a(usb_control.o)
 .debug_ranges  0x00000000000004d0       0xe0 /home/ryan/Desktop/libopencm3/libopencm3-examples/libopencm3/lib/libopencm3_lm4f.a(usb_standard.o)
 .debug_ranges  0x00000000000005b0       0x50 /home/ryan/Desktop/libopencm3/libopencm3-examples/libopencm3/lib/libopencm3_lm4f.a(nvic.o)

.debug_macro    0x0000000000000000     0x5385
 .debug_macro   0x0000000000000000       0xfc uart.o
 .debug_macro   0x00000000000000fc      0x886 uart.o
 .debug_macro   0x0000000000000982       0x22 uart.o
 .debug_macro   0x00000000000009a4       0x4f uart.o
 .debug_macro   0x00000000000009f3       0x44 uart.o
 .debug_macro   0x0000000000000a37       0xfd uart.o
 .debug_macro   0x0000000000000b34       0x5e uart.o
 .debug_macro   0x0000000000000b92      0x1df uart.o
 .debug_macro   0x0000000000000d71       0x22 uart.o
 .debug_macro   0x0000000000000d93       0xfa uart.o
 .debug_macro   0x0000000000000e8d       0xee uart.o
 .debug_macro   0x0000000000000f7b      0x184 uart.o
 .debug_macro   0x00000000000010ff       0x65 uart.o
 .debug_macro   0x0000000000001164      0x696 uart.o
 .debug_macro   0x00000000000017fa      0x357 uart.o
 .debug_macro   0x0000000000001b51       0x58 uart.o
 .debug_macro   0x0000000000001ba9       0x64 uart.o
 .debug_macro   0x0000000000001c0d      0x2a5 uart.o
 .debug_macro   0x0000000000001eb2      0x1d9 usb_cdcacm.o
 .debug_macro   0x000000000000208b       0x52 usb_cdcacm.o
 .debug_macro   0x00000000000020dd       0x35 usb_cdcacm.o
 .debug_macro   0x0000000000002112       0x9c usb_cdcacm.o
 .debug_macro   0x00000000000021ae       0x16 usb_cdcacm.o
 .debug_macro   0x00000000000021c4      0x10e usb_cdcacm.o
 .debug_macro   0x00000000000022d2       0x86 usb_cdcacm.o
 .debug_macro   0x0000000000002358       0x52 usb_cdcacm.o
 .debug_macro   0x00000000000023aa       0x1f usb_cdcacm.o
 .debug_macro   0x00000000000023c9       0x43 usb_cdcacm.o
 .debug_macro   0x000000000000240c       0x20 usb_cdcacm.o
 .debug_macro   0x000000000000242c      0x187 usb_cdcacm.o
 .debug_macro   0x00000000000025b3      0x330 usb_cdcacm.o
 .debug_macro   0x00000000000028e3       0x22 usb_cdcacm.o
 .debug_macro   0x0000000000002905      0x19c usb_cdcacm.o
 .debug_macro   0x0000000000002aa1       0x10 usb_cdcacm.o
 .debug_macro   0x0000000000002ab1      0x3a1 usb_cdcacm.o
 .debug_macro   0x0000000000002e52       0x6a usb_cdcacm.o
 .debug_macro   0x0000000000002ebc      0x33d usb_cdcacm.o
 .debug_macro   0x00000000000031f9      0x111 usb_to_serial_cdcacm.o
 .debug_macro   0x000000000000330a      0x3a7 usb_to_serial_cdcacm.o
 .debug_macro   0x00000000000036b1       0xb0 /home/ryan/Desktop/libopencm3/libopencm3-examples/libopencm3/lib/libopencm3_lm4f.a(gpio.o)
 .debug_macro   0x0000000000003761       0xd5 /home/ryan/Desktop/libopencm3/libopencm3-examples/libopencm3/lib/libopencm3_lm4f.a(vector.o)
 .debug_macro   0x0000000000003836       0x93 /home/ryan/Desktop/libopencm3/libopencm3-examples/libopencm3/lib/libopencm3_lm4f.a(systemcontrol.o)
 .debug_macro   0x00000000000038c9      0x690 /home/ryan/Desktop/libopencm3/libopencm3-examples/libopencm3/lib/libopencm3_lm4f.a(systemcontrol.o)
 .debug_macro   0x0000000000003f59       0x9d /home/ryan/Desktop/libopencm3/libopencm3-examples/libopencm3/lib/libopencm3_lm4f.a(rcc.o)
 .debug_macro   0x0000000000003ff6       0xac /home/ryan/Desktop/libopencm3/libopencm3-examples/libopencm3/lib/libopencm3_lm4f.a(uart.o)
 .debug_macro   0x00000000000040a2       0xe8 /home/ryan/Desktop/libopencm3/libopencm3-examples/libopencm3/lib/libopencm3_lm4f.a(uart.o)
 .debug_macro   0x000000000000418a      0x351 /home/ryan/Desktop/libopencm3/libopencm3-examples/libopencm3/lib/libopencm3_lm4f.a(uart.o)
 .debug_macro   0x00000000000044db       0xd4 /home/ryan/Desktop/libopencm3/libopencm3-examples/libopencm3/lib/libopencm3_lm4f.a(usb_lm4f.o)
 .debug_macro   0x00000000000045af      0x337 /home/ryan/Desktop/libopencm3/libopencm3-examples/libopencm3/lib/libopencm3_lm4f.a(usb_lm4f.o)
 .debug_macro   0x00000000000048e6       0x1c /home/ryan/Desktop/libopencm3/libopencm3-examples/libopencm3/lib/libopencm3_lm4f.a(usb_lm4f.o)
 .debug_macro   0x0000000000004902      0x14a /home/ryan/Desktop/libopencm3/libopencm3-examples/libopencm3/lib/libopencm3_lm4f.a(usb.o)
 .debug_macro   0x0000000000004a4c       0x4c /home/ryan/Desktop/libopencm3/libopencm3-examples/libopencm3/lib/libopencm3_lm4f.a(usb.o)
 .debug_macro   0x0000000000004a98       0x55 /home/ryan/Desktop/libopencm3/libopencm3-examples/libopencm3/lib/libopencm3_lm4f.a(usb.o)
 .debug_macro   0x0000000000004aed      0x16d /home/ryan/Desktop/libopencm3/libopencm3-examples/libopencm3/lib/libopencm3_lm4f.a(usb.o)
 .debug_macro   0x0000000000004c5a       0x4a /home/ryan/Desktop/libopencm3/libopencm3-examples/libopencm3/lib/libopencm3_lm4f.a(usb.o)
 .debug_macro   0x0000000000004ca4       0x10 /home/ryan/Desktop/libopencm3/libopencm3-examples/libopencm3/lib/libopencm3_lm4f.a(usb.o)
 .debug_macro   0x0000000000004cb4       0x35 /home/ryan/Desktop/libopencm3/libopencm3-examples/libopencm3/lib/libopencm3_lm4f.a(usb.o)
 .debug_macro   0x0000000000004ce9      0x196 /home/ryan/Desktop/libopencm3/libopencm3-examples/libopencm3/lib/libopencm3_lm4f.a(usb.o)
 .debug_macro   0x0000000000004e7f      0x158 /home/ryan/Desktop/libopencm3/libopencm3-examples/libopencm3/lib/libopencm3_lm4f.a(usb_control.o)
 .debug_macro   0x0000000000004fd7      0x14a /home/ryan/Desktop/libopencm3/libopencm3-examples/libopencm3/lib/libopencm3_lm4f.a(usb_standard.o)
 .debug_macro   0x0000000000005121       0xb4 /home/ryan/Desktop/libopencm3/libopencm3-examples/libopencm3/lib/libopencm3_lm4f.a(nvic.o)
 .debug_macro   0x00000000000051d5      0x1b0 /home/ryan/Desktop/libopencm3/libopencm3-examples/libopencm3/lib/libopencm3_lm4f.a(nvic.o)

.debug_line     0x0000000000000000     0x2d5e
 .debug_line    0x0000000000000000      0x3cc uart.o
 .debug_line    0x00000000000003cc      0x4bd usb_cdcacm.o
 .debug_line    0x0000000000000889      0x469 usb_to_serial_cdcacm.o
 .debug_line    0x0000000000000cf2      0x25e /home/ryan/Desktop/libopencm3/libopencm3-examples/libopencm3/lib/libopencm3_lm4f.a(gpio.o)
 .debug_line    0x0000000000000f50      0x2c5 /home/ryan/Desktop/libopencm3/libopencm3-examples/libopencm3/lib/libopencm3_lm4f.a(vector.o)
 .debug_line    0x0000000000001215      0x1a0 /home/ryan/Desktop/libopencm3/libopencm3-examples/libopencm3/lib/libopencm3_lm4f.a(systemcontrol.o)
 .debug_line    0x00000000000013b5      0x304 /home/ryan/Desktop/libopencm3/libopencm3-examples/libopencm3/lib/libopencm3_lm4f.a(rcc.o)
 .debug_line    0x00000000000016b9      0x3ad /home/ryan/Desktop/libopencm3/libopencm3-examples/libopencm3/lib/libopencm3_lm4f.a(uart.o)
 .debug_line    0x0000000000001a66      0x428 /home/ryan/Desktop/libopencm3/libopencm3-examples/libopencm3/lib/libopencm3_lm4f.a(usb_lm4f.o)
 .debug_line    0x0000000000001e8e      0x31e /home/ryan/Desktop/libopencm3/libopencm3-examples/libopencm3/lib/libopencm3_lm4f.a(usb.o)
 .debug_line    0x00000000000021ac      0x364 /home/ryan/Desktop/libopencm3/libopencm3-examples/libopencm3/lib/libopencm3_lm4f.a(usb_control.o)
 .debug_line    0x0000000000002510      0x492 /home/ryan/Desktop/libopencm3/libopencm3-examples/libopencm3/lib/libopencm3_lm4f.a(usb_standard.o)
 .debug_line    0x00000000000029a2      0x255 /home/ryan/Desktop/libopencm3/libopencm3-examples/libopencm3/lib/libopencm3_lm4f.a(nvic.o)
 .debug_line    0x0000000000002bf7       0xbb /usr/lib/gcc/arm-none-eabi/5.4.1/../../../arm-none-eabi/lib/armv7e-m/fpu/libc.a(lib_a-memcpy.o)
 .debug_line    0x0000000000002cb2       0xac /usr/lib/gcc/arm-none-eabi/5.4.1/../../../arm-none-eabi/lib/armv7e-m/fpu/libc.a(lib_a-strlen.o)

.debug_str      0x0000000000000000    0x114d9
 .debug_str     0x0000000000000000     0x8c83 uart.o
                                       0x8e11 (size before relaxing)
 .debug_str     0x0000000000008c83     0x58dd usb_cdcacm.o
                                       0xd62a (size before relaxing)
 .debug_str     0x000000000000e560      0x4a6 usb_to_serial_cdcacm.o
                                       0xa3ce (size before relaxing)
 .debug_str     0x000000000000ea06      0x233 /home/ryan/Desktop/libopencm3/libopencm3-examples/libopencm3/lib/libopencm3_lm4f.a(gpio.o)
                                       0x68ea (size before relaxing)
 .debug_str     0x000000000000ec39      0xf89 /home/ryan/Desktop/libopencm3/libopencm3-examples/libopencm3/lib/libopencm3_lm4f.a(vector.o)
                                       0x6489 (size before relaxing)
 .debug_str     0x000000000000fbc2       0x2c /home/ryan/Desktop/libopencm3/libopencm3-examples/libopencm3/lib/libopencm3_lm4f.a(systemcontrol.o)
                                       0x6605 (size before relaxing)
 .debug_str     0x000000000000fbee      0x1f0 /home/ryan/Desktop/libopencm3/libopencm3-examples/libopencm3/lib/libopencm3_lm4f.a(rcc.o)
                                       0x622f (size before relaxing)
 .debug_str     0x000000000000fdde      0x313 /home/ryan/Desktop/libopencm3/libopencm3-examples/libopencm3/lib/libopencm3_lm4f.a(uart.o)
                                       0x73f1 (size before relaxing)
 .debug_str     0x00000000000100f1      0x535 /home/ryan/Desktop/libopencm3/libopencm3-examples/libopencm3/lib/libopencm3_lm4f.a(usb_lm4f.o)
                                       0x858b (size before relaxing)
 .debug_str     0x0000000000010626       0xeb /home/ryan/Desktop/libopencm3/libopencm3-examples/libopencm3/lib/libopencm3_lm4f.a(usb.o)
                                       0x711e (size before relaxing)
 .debug_str     0x0000000000010711      0x15c /home/ryan/Desktop/libopencm3/libopencm3-examples/libopencm3/lib/libopencm3_lm4f.a(usb_control.o)
                                       0x71b2 (size before relaxing)
 .debug_str     0x000000000001086d      0x28f /home/ryan/Desktop/libopencm3/libopencm3-examples/libopencm3/lib/libopencm3_lm4f.a(usb_standard.o)
                                       0x72b5 (size before relaxing)
 .debug_str     0x0000000000010afc      0x9dd /home/ryan/Desktop/libopencm3/libopencm3-examples/libopencm3/lib/libopencm3_lm4f.a(nvic.o)
                                       0x4d19 (size before relaxing)

.comment        0x0000000000000000       0x2b
 .comment       0x0000000000000000       0x2b uart.o
                                         0x2c (size before relaxing)
 .comment       0x000000000000002b       0x2c usb_cdcacm.o
 .comment       0x000000000000002b       0x2c usb_to_serial_cdcacm.o
 .comment       0x000000000000002b       0x2c /home/ryan/Desktop/libopencm3/libopencm3-examples/libopencm3/lib/libopencm3_lm4f.a(gpio.o)
 .comment       0x000000000000002b       0x2c /home/ryan/Desktop/libopencm3/libopencm3-examples/libopencm3/lib/libopencm3_lm4f.a(vector.o)
 .comment       0x000000000000002b       0x2c /home/ryan/Desktop/libopencm3/libopencm3-examples/libopencm3/lib/libopencm3_lm4f.a(systemcontrol.o)
 .comment       0x000000000000002b       0x2c /home/ryan/Desktop/libopencm3/libopencm3-examples/libopencm3/lib/libopencm3_lm4f.a(rcc.o)
 .comment       0x000000000000002b       0x2c /home/ryan/Desktop/libopencm3/libopencm3-examples/libopencm3/lib/libopencm3_lm4f.a(uart.o)
 .comment       0x000000000000002b       0x2c /home/ryan/Desktop/libopencm3/libopencm3-examples/libopencm3/lib/libopencm3_lm4f.a(usb_lm4f.o)
 .comment       0x000000000000002b       0x2c /home/ryan/Desktop/libopencm3/libopencm3-examples/libopencm3/lib/libopencm3_lm4f.a(usb.o)
 .comment       0x000000000000002b       0x2c /home/ryan/Desktop/libopencm3/libopencm3-examples/libopencm3/lib/libopencm3_lm4f.a(usb_control.o)
 .comment       0x000000000000002b       0x2c /home/ryan/Desktop/libopencm3/libopencm3-examples/libopencm3/lib/libopencm3_lm4f.a(usb_standard.o)
 .comment       0x000000000000002b       0x2c /home/ryan/Desktop/libopencm3/libopencm3-examples/libopencm3/lib/libopencm3_lm4f.a(nvic.o)

.ARM.attributes
                0x0000000000000000       0x37
 .ARM.attributes
                0x0000000000000000       0x39 uart.o
 .ARM.attributes
                0x0000000000000039       0x39 usb_cdcacm.o
 .ARM.attributes
                0x0000000000000072       0x39 usb_to_serial_cdcacm.o
 .ARM.attributes
                0x00000000000000ab       0x39 /home/ryan/Desktop/libopencm3/libopencm3-examples/libopencm3/lib/libopencm3_lm4f.a(gpio.o)
 .ARM.attributes
                0x00000000000000e4       0x39 /home/ryan/Desktop/libopencm3/libopencm3-examples/libopencm3/lib/libopencm3_lm4f.a(vector.o)
 .ARM.attributes
                0x000000000000011d       0x39 /home/ryan/Desktop/libopencm3/libopencm3-examples/libopencm3/lib/libopencm3_lm4f.a(systemcontrol.o)
 .ARM.attributes
                0x0000000000000156       0x39 /home/ryan/Desktop/libopencm3/libopencm3-examples/libopencm3/lib/libopencm3_lm4f.a(rcc.o)
 .ARM.attributes
                0x000000000000018f       0x39 /home/ryan/Desktop/libopencm3/libopencm3-examples/libopencm3/lib/libopencm3_lm4f.a(uart.o)
 .ARM.attributes
                0x00000000000001c8       0x39 /home/ryan/Desktop/libopencm3/libopencm3-examples/libopencm3/lib/libopencm3_lm4f.a(usb_lm4f.o)
 .ARM.attributes
                0x0000000000000201       0x39 /home/ryan/Desktop/libopencm3/libopencm3-examples/libopencm3/lib/libopencm3_lm4f.a(usb.o)
 .ARM.attributes
                0x000000000000023a       0x39 /home/ryan/Desktop/libopencm3/libopencm3-examples/libopencm3/lib/libopencm3_lm4f.a(usb_control.o)
 .ARM.attributes
                0x0000000000000273       0x39 /home/ryan/Desktop/libopencm3/libopencm3-examples/libopencm3/lib/libopencm3_lm4f.a(usb_standard.o)
 .ARM.attributes
                0x00000000000002ac       0x39 /home/ryan/Desktop/libopencm3/libopencm3-examples/libopencm3/lib/libopencm3_lm4f.a(nvic.o)
 .ARM.attributes
                0x00000000000002e5       0x20 /usr/lib/gcc/arm-none-eabi/5.4.1/../../../arm-none-eabi/lib/armv7e-m/fpu/libc.a(lib_a-memcpy.o)
 .ARM.attributes
                0x0000000000000305       0x20 /usr/lib/gcc/arm-none-eabi/5.4.1/../../../arm-none-eabi/lib/armv7e-m/fpu/libc.a(lib_a-strlen.o)

.debug_frame    0x0000000000000000      0xcc0
 .debug_frame   0x0000000000000000       0x68 uart.o
 .debug_frame   0x0000000000000068       0xc8 usb_cdcacm.o
 .debug_frame   0x0000000000000130       0x90 usb_to_serial_cdcacm.o
 .debug_frame   0x00000000000001c0       0xc4 /home/ryan/Desktop/libopencm3/libopencm3-examples/libopencm3/lib/libopencm3_lm4f.a(gpio.o)
 .debug_frame   0x0000000000000284       0x40 /home/ryan/Desktop/libopencm3/libopencm3-examples/libopencm3/lib/libopencm3_lm4f.a(vector.o)
 .debug_frame   0x00000000000002c4       0x30 /home/ryan/Desktop/libopencm3/libopencm3-examples/libopencm3/lib/libopencm3_lm4f.a(systemcontrol.o)
 .debug_frame   0x00000000000002f4      0x168 /home/ryan/Desktop/libopencm3/libopencm3-examples/libopencm3/lib/libopencm3_lm4f.a(rcc.o)
 .debug_frame   0x000000000000045c      0x1fc /home/ryan/Desktop/libopencm3/libopencm3-examples/libopencm3/lib/libopencm3_lm4f.a(uart.o)
 .debug_frame   0x0000000000000658      0x13c /home/ryan/Desktop/libopencm3/libopencm3-examples/libopencm3/lib/libopencm3_lm4f.a(usb_lm4f.o)
 .debug_frame   0x0000000000000794      0x13c /home/ryan/Desktop/libopencm3/libopencm3-examples/libopencm3/lib/libopencm3_lm4f.a(usb.o)
 .debug_frame   0x00000000000008d0      0x164 /home/ryan/Desktop/libopencm3/libopencm3-examples/libopencm3/lib/libopencm3_lm4f.a(usb_control.o)
 .debug_frame   0x0000000000000a34      0x1ec /home/ryan/Desktop/libopencm3/libopencm3-examples/libopencm3/lib/libopencm3_lm4f.a(usb_standard.o)
 .debug_frame   0x0000000000000c20       0xa0 /home/ryan/Desktop/libopencm3/libopencm3-examples/libopencm3/lib/libopencm3_lm4f.a(nvic.o)

Cross Reference Table

Symbol                                            File
__fini_array_end                                  /home/ryan/Desktop/libopencm3/libopencm3-examples/libopencm3/lib/libopencm3_lm4f.a(vector.o)
__fini_array_start                                /home/ryan/Desktop/libopencm3/libopencm3-examples/libopencm3/lib/libopencm3_lm4f.a(vector.o)
__init_array_end                                  /home/ryan/Desktop/libopencm3/libopencm3-examples/libopencm3/lib/libopencm3_lm4f.a(vector.o)
__init_array_start                                /home/ryan/Desktop/libopencm3/libopencm3-examples/libopencm3/lib/libopencm3_lm4f.a(vector.o)
__preinit_array_end                               /home/ryan/Desktop/libopencm3/libopencm3-examples/libopencm3/lib/libopencm3_lm4f.a(vector.o)
__preinit_array_start                             /home/ryan/Desktop/libopencm3/libopencm3-examples/libopencm3/lib/libopencm3_lm4f.a(vector.o)
_data                                             /home/ryan/Desktop/libopencm3/libopencm3-examples/libopencm3/lib/libopencm3_lm4f.a(vector.o)
_data_loadaddr                                    /home/ryan/Desktop/libopencm3/libopencm3-examples/libopencm3/lib/libopencm3_lm4f.a(vector.o)
_ebss                                             /home/ryan/Desktop/libopencm3/libopencm3-examples/libopencm3/lib/libopencm3_lm4f.a(vector.o)
_edata                                            /home/ryan/Desktop/libopencm3/libopencm3-examples/libopencm3/lib/libopencm3_lm4f.a(vector.o)
_stack                                            /home/ryan/Desktop/libopencm3/libopencm3-examples/libopencm3/lib/libopencm3_lm4f.a(vector.o)
_usbd_control_in                                  /home/ryan/Desktop/libopencm3/libopencm3-examples/libopencm3/lib/libopencm3_lm4f.a(usb_control.o)
                                                  /home/ryan/Desktop/libopencm3/libopencm3-examples/libopencm3/lib/libopencm3_lm4f.a(usb.o)
_usbd_control_out                                 /home/ryan/Desktop/libopencm3/libopencm3-examples/libopencm3/lib/libopencm3_lm4f.a(usb_control.o)
                                                  /home/ryan/Desktop/libopencm3/libopencm3-examples/libopencm3/lib/libopencm3_lm4f.a(usb.o)
_usbd_control_setup                               /home/ryan/Desktop/libopencm3/libopencm3-examples/libopencm3/lib/libopencm3_lm4f.a(usb_control.o)
                                                  /home/ryan/Desktop/libopencm3/libopencm3-examples/libopencm3/lib/libopencm3_lm4f.a(usb.o)
_usbd_reset                                       /home/ryan/Desktop/libopencm3/libopencm3-examples/libopencm3/lib/libopencm3_lm4f.a(usb.o)
                                                  /home/ryan/Desktop/libopencm3/libopencm3-examples/libopencm3/lib/libopencm3_lm4f.a(usb_lm4f.o)
_usbd_standard_request                            /home/ryan/Desktop/libopencm3/libopencm3-examples/libopencm3/lib/libopencm3_lm4f.a(usb_standard.o)
                                                  /home/ryan/Desktop/libopencm3/libopencm3-examples/libopencm3/lib/libopencm3_lm4f.a(usb_control.o)
_usbd_standard_request_device                     /home/ryan/Desktop/libopencm3/libopencm3-examples/libopencm3/lib/libopencm3_lm4f.a(usb_standard.o)
_usbd_standard_request_endpoint                   /home/ryan/Desktop/libopencm3/libopencm3-examples/libopencm3/lib/libopencm3_lm4f.a(usb_standard.o)
_usbd_standard_request_interface                  /home/ryan/Desktop/libopencm3/libopencm3-examples/libopencm3/lib/libopencm3_lm4f.a(usb_standard.o)
acm_dev                                           usb_cdcacm.o
adc0ss0_isr                                       /home/ryan/Desktop/libopencm3/libopencm3-examples/libopencm3/lib/libopencm3_lm4f.a(vector.o)
adc0ss1_isr                                       /home/ryan/Desktop/libopencm3/libopencm3-examples/libopencm3/lib/libopencm3_lm4f.a(vector.o)
adc0ss2_isr                                       /home/ryan/Desktop/libopencm3/libopencm3-examples/libopencm3/lib/libopencm3_lm4f.a(vector.o)
adc0ss3_isr                                       /home/ryan/Desktop/libopencm3/libopencm3-examples/libopencm3/lib/libopencm3_lm4f.a(vector.o)
adc1ss0_isr                                       /home/ryan/Desktop/libopencm3/libopencm3-examples/libopencm3/lib/libopencm3_lm4f.a(vector.o)
adc1ss1_isr                                       /home/ryan/Desktop/libopencm3/libopencm3-examples/libopencm3/lib/libopencm3_lm4f.a(vector.o)
adc1ss2_isr                                       /home/ryan/Desktop/libopencm3/libopencm3-examples/libopencm3/lib/libopencm3_lm4f.a(vector.o)
adc1ss3_isr                                       /home/ryan/Desktop/libopencm3/libopencm3-examples/libopencm3/lib/libopencm3_lm4f.a(vector.o)
blocking_handler                                  /home/ryan/Desktop/libopencm3/libopencm3-examples/libopencm3/lib/libopencm3_lm4f.a(vector.o)
bus_fault_handler                                 /home/ryan/Desktop/libopencm3/libopencm3-examples/libopencm3/lib/libopencm3_lm4f.a(vector.o)
can0_isr                                          /home/ryan/Desktop/libopencm3/libopencm3-examples/libopencm3/lib/libopencm3_lm4f.a(vector.o)
can1_isr                                          /home/ryan/Desktop/libopencm3/libopencm3-examples/libopencm3/lib/libopencm3_lm4f.a(vector.o)
can2_isr                                          /home/ryan/Desktop/libopencm3/libopencm3-examples/libopencm3/lib/libopencm3_lm4f.a(vector.o)
cdcacm_init                                       usb_cdcacm.o
                                                  usb_to_serial_cdcacm.o
cdcacm_line_state_changed_cb                      usb_cdcacm.o
                                                  usb_to_serial_cdcacm.o
cdcacm_send_data                                  usb_cdcacm.o
                                                  usb_to_serial_cdcacm.o
comp0_isr                                         /home/ryan/Desktop/libopencm3/libopencm3-examples/libopencm3/lib/libopencm3_lm4f.a(vector.o)
comp1_isr                                         /home/ryan/Desktop/libopencm3/libopencm3-examples/libopencm3/lib/libopencm3_lm4f.a(vector.o)
comp2_isr                                         /home/ryan/Desktop/libopencm3/libopencm3-examples/libopencm3/lib/libopencm3_lm4f.a(vector.o)
debug_monitor_handler                             /home/ryan/Desktop/libopencm3/libopencm3-examples/libopencm3/lib/libopencm3_lm4f.a(vector.o)
epi0_isr                                          /home/ryan/Desktop/libopencm3/libopencm3-examples/libopencm3/lib/libopencm3_lm4f.a(vector.o)
eth_isr                                           /home/ryan/Desktop/libopencm3/libopencm3-examples/libopencm3/lib/libopencm3_lm4f.a(vector.o)
fan0_isr                                          /home/ryan/Desktop/libopencm3/libopencm3-examples/libopencm3/lib/libopencm3_lm4f.a(vector.o)
flash_isr                                         /home/ryan/Desktop/libopencm3/libopencm3-examples/libopencm3/lib/libopencm3_lm4f.a(vector.o)
glue_data_received_cb                             usb_to_serial_cdcacm.o
                                                  uart.o
glue_send_data_cb                                 usb_to_serial_cdcacm.o
                                                  usb_cdcacm.o
glue_set_line_coding_cb                           usb_to_serial_cdcacm.o
                                                  usb_cdcacm.o
glue_set_line_state_cb                            usb_to_serial_cdcacm.o
                                                  usb_cdcacm.o
gpio_configure_trigger                            /home/ryan/Desktop/libopencm3/libopencm3-examples/libopencm3/lib/libopencm3_lm4f.a(gpio.o)
gpio_disable_interrupts                           /home/ryan/Desktop/libopencm3/libopencm3-examples/libopencm3/lib/libopencm3_lm4f.a(gpio.o)
gpio_enable_ahb_aperture                          /home/ryan/Desktop/libopencm3/libopencm3-examples/libopencm3/lib/libopencm3_lm4f.a(gpio.o)
                                                  usb_to_serial_cdcacm.o
gpio_enable_interrupts                            /home/ryan/Desktop/libopencm3/libopencm3-examples/libopencm3/lib/libopencm3_lm4f.a(gpio.o)
gpio_mode_setup                                   /home/ryan/Desktop/libopencm3/libopencm3-examples/libopencm3/lib/libopencm3_lm4f.a(gpio.o)
                                                  usb_to_serial_cdcacm.o
                                                  usb_cdcacm.o
                                                  uart.o
gpio_set_af                                       /home/ryan/Desktop/libopencm3/libopencm3-examples/libopencm3/lib/libopencm3_lm4f.a(gpio.o)
                                                  uart.o
gpio_set_output_config                            /home/ryan/Desktop/libopencm3/libopencm3-examples/libopencm3/lib/libopencm3_lm4f.a(gpio.o)
                                                  usb_to_serial_cdcacm.o
gpio_toggle                                       /home/ryan/Desktop/libopencm3/libopencm3-examples/libopencm3/lib/libopencm3_lm4f.a(gpio.o)
gpio_unlock_commit                                /home/ryan/Desktop/libopencm3/libopencm3-examples/libopencm3/lib/libopencm3_lm4f.a(gpio.o)
gpioa_isr                                         /home/ryan/Desktop/libopencm3/libopencm3-examples/libopencm3/lib/libopencm3_lm4f.a(vector.o)
gpiob_isr                                         /home/ryan/Desktop/libopencm3/libopencm3-examples/libopencm3/lib/libopencm3_lm4f.a(vector.o)
gpioc_isr                                         /home/ryan/Desktop/libopencm3/libopencm3-examples/libopencm3/lib/libopencm3_lm4f.a(vector.o)
gpiod_isr                                         /home/ryan/Desktop/libopencm3/libopencm3-examples/libopencm3/lib/libopencm3_lm4f.a(vector.o)
gpioe_isr                                         /home/ryan/Desktop/libopencm3/libopencm3-examples/libopencm3/lib/libopencm3_lm4f.a(vector.o)
gpiof_isr                                         /home/ryan/Desktop/libopencm3/libopencm3-examples/libopencm3/lib/libopencm3_lm4f.a(vector.o)
gpiog_isr                                         /home/ryan/Desktop/libopencm3/libopencm3-examples/libopencm3/lib/libopencm3_lm4f.a(vector.o)
gpioh_isr                                         /home/ryan/Desktop/libopencm3/libopencm3-examples/libopencm3/lib/libopencm3_lm4f.a(vector.o)
gpioj_isr                                         /home/ryan/Desktop/libopencm3/libopencm3-examples/libopencm3/lib/libopencm3_lm4f.a(vector.o)
gpiok_isr                                         /home/ryan/Desktop/libopencm3/libopencm3-examples/libopencm3/lib/libopencm3_lm4f.a(vector.o)
gpiol_isr                                         /home/ryan/Desktop/libopencm3/libopencm3-examples/libopencm3/lib/libopencm3_lm4f.a(vector.o)
gpiom_isr                                         /home/ryan/Desktop/libopencm3/libopencm3-examples/libopencm3/lib/libopencm3_lm4f.a(vector.o)
gpion_isr                                         /home/ryan/Desktop/libopencm3/libopencm3-examples/libopencm3/lib/libopencm3_lm4f.a(vector.o)
gpiop0_isr                                        /home/ryan/Desktop/libopencm3/libopencm3-examples/libopencm3/lib/libopencm3_lm4f.a(vector.o)
gpiop1_isr                                        /home/ryan/Desktop/libopencm3/libopencm3-examples/libopencm3/lib/libopencm3_lm4f.a(vector.o)
gpiop2_isr                                        /home/ryan/Desktop/libopencm3/libopencm3-examples/libopencm3/lib/libopencm3_lm4f.a(vector.o)
gpiop3_isr                                        /home/ryan/Desktop/libopencm3/libopencm3-examples/libopencm3/lib/libopencm3_lm4f.a(vector.o)
gpiop4_isr                                        /home/ryan/Desktop/libopencm3/libopencm3-examples/libopencm3/lib/libopencm3_lm4f.a(vector.o)
gpiop5_isr                                        /home/ryan/Desktop/libopencm3/libopencm3-examples/libopencm3/lib/libopencm3_lm4f.a(vector.o)
gpiop6_isr                                        /home/ryan/Desktop/libopencm3/libopencm3-examples/libopencm3/lib/libopencm3_lm4f.a(vector.o)
gpiop7_isr                                        /home/ryan/Desktop/libopencm3/libopencm3-examples/libopencm3/lib/libopencm3_lm4f.a(vector.o)
gpioq0_isr                                        /home/ryan/Desktop/libopencm3/libopencm3-examples/libopencm3/lib/libopencm3_lm4f.a(vector.o)
gpioq1_isr                                        /home/ryan/Desktop/libopencm3/libopencm3-examples/libopencm3/lib/libopencm3_lm4f.a(vector.o)
gpioq2_isr                                        /home/ryan/Desktop/libopencm3/libopencm3-examples/libopencm3/lib/libopencm3_lm4f.a(vector.o)
gpioq3_isr                                        /home/ryan/Desktop/libopencm3/libopencm3-examples/libopencm3/lib/libopencm3_lm4f.a(vector.o)
gpioq4_isr                                        /home/ryan/Desktop/libopencm3/libopencm3-examples/libopencm3/lib/libopencm3_lm4f.a(vector.o)
gpioq5_isr                                        /home/ryan/Desktop/libopencm3/libopencm3-examples/libopencm3/lib/libopencm3_lm4f.a(vector.o)
gpioq6_isr                                        /home/ryan/Desktop/libopencm3/libopencm3-examples/libopencm3/lib/libopencm3_lm4f.a(vector.o)
gpioq7_isr                                        /home/ryan/Desktop/libopencm3/libopencm3-examples/libopencm3/lib/libopencm3_lm4f.a(vector.o)
hard_fault_handler                                /home/ryan/Desktop/libopencm3/libopencm3-examples/libopencm3/lib/libopencm3_lm4f.a(vector.o)
hibernate_isr                                     /home/ryan/Desktop/libopencm3/libopencm3-examples/libopencm3/lib/libopencm3_lm4f.a(vector.o)
i2c0_isr                                          /home/ryan/Desktop/libopencm3/libopencm3-examples/libopencm3/lib/libopencm3_lm4f.a(vector.o)
i2c1_isr                                          /home/ryan/Desktop/libopencm3/libopencm3-examples/libopencm3/lib/libopencm3_lm4f.a(vector.o)
i2c2_isr                                          /home/ryan/Desktop/libopencm3/libopencm3-examples/libopencm3/lib/libopencm3_lm4f.a(vector.o)
i2c3_isr                                          /home/ryan/Desktop/libopencm3/libopencm3-examples/libopencm3/lib/libopencm3_lm4f.a(vector.o)
i2c4_isr                                          /home/ryan/Desktop/libopencm3/libopencm3-examples/libopencm3/lib/libopencm3_lm4f.a(vector.o)
i2c5_isr                                          /home/ryan/Desktop/libopencm3/libopencm3-examples/libopencm3/lib/libopencm3_lm4f.a(vector.o)
i2s0_isr                                          /home/ryan/Desktop/libopencm3/libopencm3-examples/libopencm3/lib/libopencm3_lm4f.a(vector.o)
lm4f_rcc_sysclk_freq                              /home/ryan/Desktop/libopencm3/libopencm3-examples/libopencm3/lib/libopencm3_lm4f.a(rcc.o)
lm4f_usb_driver                                   /home/ryan/Desktop/libopencm3/libopencm3-examples/libopencm3/lib/libopencm3_lm4f.a(usb_lm4f.o)
                                                  usb_cdcacm.o
lpc0_isr                                          /home/ryan/Desktop/libopencm3/libopencm3-examples/libopencm3/lib/libopencm3_lm4f.a(vector.o)
main                                              usb_to_serial_cdcacm.o
                                                  /home/ryan/Desktop/libopencm3/libopencm3-examples/libopencm3/lib/libopencm3_lm4f.a(vector.o)
mem_manage_handler                                /home/ryan/Desktop/libopencm3/libopencm3-examples/libopencm3/lib/libopencm3_lm4f.a(vector.o)
memcpy                                            /usr/lib/gcc/arm-none-eabi/5.4.1/../../../arm-none-eabi/lib/armv7e-m/fpu/libc.a(lib_a-memcpy.o)
                                                  /home/ryan/Desktop/libopencm3/libopencm3-examples/libopencm3/lib/libopencm3_lm4f.a(usb_standard.o)
                                                  /home/ryan/Desktop/libopencm3/libopencm3-examples/libopencm3/lib/libopencm3_lm4f.a(rcc.o)
nmi_handler                                       /home/ryan/Desktop/libopencm3/libopencm3-examples/libopencm3/lib/libopencm3_lm4f.a(vector.o)
null_handler                                      /home/ryan/Desktop/libopencm3/libopencm3-examples/libopencm3/lib/libopencm3_lm4f.a(vector.o)
nvic_clear_pending_irq                            /home/ryan/Desktop/libopencm3/libopencm3-examples/libopencm3/lib/libopencm3_lm4f.a(nvic.o)
nvic_disable_irq                                  /home/ryan/Desktop/libopencm3/libopencm3-examples/libopencm3/lib/libopencm3_lm4f.a(nvic.o)
nvic_enable_irq                                   /home/ryan/Desktop/libopencm3/libopencm3-examples/libopencm3/lib/libopencm3_lm4f.a(nvic.o)
                                                  usb_cdcacm.o
                                                  uart.o
nvic_generate_software_interrupt                  /home/ryan/Desktop/libopencm3/libopencm3-examples/libopencm3/lib/libopencm3_lm4f.a(nvic.o)
nvic_get_active_irq                               /home/ryan/Desktop/libopencm3/libopencm3-examples/libopencm3/lib/libopencm3_lm4f.a(nvic.o)
nvic_get_irq_enabled                              /home/ryan/Desktop/libopencm3/libopencm3-examples/libopencm3/lib/libopencm3_lm4f.a(nvic.o)
nvic_get_pending_irq                              /home/ryan/Desktop/libopencm3/libopencm3-examples/libopencm3/lib/libopencm3_lm4f.a(nvic.o)
nvic_set_pending_irq                              /home/ryan/Desktop/libopencm3/libopencm3-examples/libopencm3/lib/libopencm3_lm4f.a(nvic.o)
nvic_set_priority                                 /home/ryan/Desktop/libopencm3/libopencm3-examples/libopencm3/lib/libopencm3_lm4f.a(nvic.o)
peci0_isr                                         /home/ryan/Desktop/libopencm3/libopencm3-examples/libopencm3/lib/libopencm3_lm4f.a(vector.o)
pend_sv_handler                                   /home/ryan/Desktop/libopencm3/libopencm3-examples/libopencm3/lib/libopencm3_lm4f.a(vector.o)
periph_clock_disable                              /home/ryan/Desktop/libopencm3/libopencm3-examples/libopencm3/lib/libopencm3_lm4f.a(systemcontrol.o)
periph_clock_enable                               /home/ryan/Desktop/libopencm3/libopencm3-examples/libopencm3/lib/libopencm3_lm4f.a(systemcontrol.o)
                                                  /home/ryan/Desktop/libopencm3/libopencm3-examples/libopencm3/lib/libopencm3_lm4f.a(usb_lm4f.o)
                                                  usb_to_serial_cdcacm.o
                                                  usb_cdcacm.o
                                                  uart.o
pwm0_0_isr                                        /home/ryan/Desktop/libopencm3/libopencm3-examples/libopencm3/lib/libopencm3_lm4f.a(vector.o)
pwm0_1_isr                                        /home/ryan/Desktop/libopencm3/libopencm3-examples/libopencm3/lib/libopencm3_lm4f.a(vector.o)
pwm0_2_isr                                        /home/ryan/Desktop/libopencm3/libopencm3-examples/libopencm3/lib/libopencm3_lm4f.a(vector.o)
pwm0_3_isr                                        /home/ryan/Desktop/libopencm3/libopencm3-examples/libopencm3/lib/libopencm3_lm4f.a(vector.o)
pwm0_fault_isr                                    /home/ryan/Desktop/libopencm3/libopencm3-examples/libopencm3/lib/libopencm3_lm4f.a(vector.o)
pwm1_0_isr                                        /home/ryan/Desktop/libopencm3/libopencm3-examples/libopencm3/lib/libopencm3_lm4f.a(vector.o)
pwm1_1_isr                                        /home/ryan/Desktop/libopencm3/libopencm3-examples/libopencm3/lib/libopencm3_lm4f.a(vector.o)
pwm1_2_isr                                        /home/ryan/Desktop/libopencm3/libopencm3-examples/libopencm3/lib/libopencm3_lm4f.a(vector.o)
pwm1_3_isr                                        /home/ryan/Desktop/libopencm3/libopencm3-examples/libopencm3/lib/libopencm3_lm4f.a(vector.o)
pwm1_fault_isr                                    /home/ryan/Desktop/libopencm3/libopencm3-examples/libopencm3/lib/libopencm3_lm4f.a(vector.o)
qei0_isr                                          /home/ryan/Desktop/libopencm3/libopencm3-examples/libopencm3/lib/libopencm3_lm4f.a(vector.o)
qei1_isr                                          /home/ryan/Desktop/libopencm3/libopencm3-examples/libopencm3/lib/libopencm3_lm4f.a(vector.o)
rcc_change_pll_divisor                            /home/ryan/Desktop/libopencm3/libopencm3-examples/libopencm3/lib/libopencm3_lm4f.a(rcc.o)
rcc_configure_xtal                                /home/ryan/Desktop/libopencm3/libopencm3-examples/libopencm3/lib/libopencm3_lm4f.a(rcc.o)
rcc_disable_interal_osc                           /home/ryan/Desktop/libopencm3/libopencm3-examples/libopencm3/lib/libopencm3_lm4f.a(rcc.o)
rcc_disable_main_osc                              /home/ryan/Desktop/libopencm3/libopencm3-examples/libopencm3/lib/libopencm3_lm4f.a(rcc.o)
rcc_enable_interal_osc                            /home/ryan/Desktop/libopencm3/libopencm3-examples/libopencm3/lib/libopencm3_lm4f.a(rcc.o)
rcc_enable_main_osc                               /home/ryan/Desktop/libopencm3/libopencm3-examples/libopencm3/lib/libopencm3_lm4f.a(rcc.o)
rcc_enable_rcc2                                   /home/ryan/Desktop/libopencm3/libopencm3-examples/libopencm3/lib/libopencm3_lm4f.a(rcc.o)
rcc_get_system_clock_frequency                    /home/ryan/Desktop/libopencm3/libopencm3-examples/libopencm3/lib/libopencm3_lm4f.a(rcc.o)
                                                  /home/ryan/Desktop/libopencm3/libopencm3-examples/libopencm3/lib/libopencm3_lm4f.a(uart.o)
rcc_pll_bypass_disable                            /home/ryan/Desktop/libopencm3/libopencm3-examples/libopencm3/lib/libopencm3_lm4f.a(rcc.o)
rcc_pll_bypass_enable                             /home/ryan/Desktop/libopencm3/libopencm3-examples/libopencm3/lib/libopencm3_lm4f.a(rcc.o)
rcc_pll_off                                       /home/ryan/Desktop/libopencm3/libopencm3-examples/libopencm3/lib/libopencm3_lm4f.a(rcc.o)
rcc_pll_on                                        /home/ryan/Desktop/libopencm3/libopencm3-examples/libopencm3/lib/libopencm3_lm4f.a(rcc.o)
rcc_set_osc_source                                /home/ryan/Desktop/libopencm3/libopencm3-examples/libopencm3/lib/libopencm3_lm4f.a(rcc.o)
rcc_set_pll_divisor                               /home/ryan/Desktop/libopencm3/libopencm3-examples/libopencm3/lib/libopencm3_lm4f.a(rcc.o)
rcc_set_pwm_divisor                               /home/ryan/Desktop/libopencm3/libopencm3-examples/libopencm3/lib/libopencm3_lm4f.a(rcc.o)
rcc_sysclk_config                                 /home/ryan/Desktop/libopencm3/libopencm3-examples/libopencm3/lib/libopencm3_lm4f.a(rcc.o)
                                                  usb_to_serial_cdcacm.o
rcc_usb_pll_off                                   /home/ryan/Desktop/libopencm3/libopencm3-examples/libopencm3/lib/libopencm3_lm4f.a(rcc.o)
rcc_usb_pll_on                                    /home/ryan/Desktop/libopencm3/libopencm3-examples/libopencm3/lib/libopencm3_lm4f.a(rcc.o)
                                                  /home/ryan/Desktop/libopencm3/libopencm3-examples/libopencm3/lib/libopencm3_lm4f.a(usb_lm4f.o)
rcc_wait_for_pll_ready                            /home/ryan/Desktop/libopencm3/libopencm3-examples/libopencm3/lib/libopencm3_lm4f.a(rcc.o)
reset_handler                                     /home/ryan/Desktop/libopencm3/libopencm3-examples/libopencm3/lib/libopencm3_lm4f.a(vector.o)
ssi0_isr                                          /home/ryan/Desktop/libopencm3/libopencm3-examples/libopencm3/lib/libopencm3_lm4f.a(vector.o)
ssi1_isr                                          /home/ryan/Desktop/libopencm3/libopencm3-examples/libopencm3/lib/libopencm3_lm4f.a(vector.o)
ssi2_isr                                          /home/ryan/Desktop/libopencm3/libopencm3-examples/libopencm3/lib/libopencm3_lm4f.a(vector.o)
ssi3_isr                                          /home/ryan/Desktop/libopencm3/libopencm3-examples/libopencm3/lib/libopencm3_lm4f.a(vector.o)
strlen                                            /usr/lib/gcc/arm-none-eabi/5.4.1/../../../arm-none-eabi/lib/armv7e-m/fpu/libc.a(lib_a-strlen.o)
                                                  /home/ryan/Desktop/libopencm3/libopencm3-examples/libopencm3/lib/libopencm3_lm4f.a(usb_standard.o)
sv_call_handler                                   /home/ryan/Desktop/libopencm3/libopencm3-examples/libopencm3/lib/libopencm3_lm4f.a(vector.o)
sys_tick_handler                                  /home/ryan/Desktop/libopencm3/libopencm3-examples/libopencm3/lib/libopencm3_lm4f.a(vector.o)
sysctl_isr                                        /home/ryan/Desktop/libopencm3/libopencm3-examples/libopencm3/lib/libopencm3_lm4f.a(vector.o)
sysexc_isr                                        /home/ryan/Desktop/libopencm3/libopencm3-examples/libopencm3/lib/libopencm3_lm4f.a(vector.o)
timer0a_isr                                       /home/ryan/Desktop/libopencm3/libopencm3-examples/libopencm3/lib/libopencm3_lm4f.a(vector.o)
timer0b_isr                                       /home/ryan/Desktop/libopencm3/libopencm3-examples/libopencm3/lib/libopencm3_lm4f.a(vector.o)
timer1a_isr                                       /home/ryan/Desktop/libopencm3/libopencm3-examples/libopencm3/lib/libopencm3_lm4f.a(vector.o)
timer1b_isr                                       /home/ryan/Desktop/libopencm3/libopencm3-examples/libopencm3/lib/libopencm3_lm4f.a(vector.o)
timer2a_isr                                       /home/ryan/Desktop/libopencm3/libopencm3-examples/libopencm3/lib/libopencm3_lm4f.a(vector.o)
timer2b_isr                                       /home/ryan/Desktop/libopencm3/libopencm3-examples/libopencm3/lib/libopencm3_lm4f.a(vector.o)
timer3a_isr                                       /home/ryan/Desktop/libopencm3/libopencm3-examples/libopencm3/lib/libopencm3_lm4f.a(vector.o)
timer3b_isr                                       /home/ryan/Desktop/libopencm3/libopencm3-examples/libopencm3/lib/libopencm3_lm4f.a(vector.o)
timer4a_isr                                       /home/ryan/Desktop/libopencm3/libopencm3-examples/libopencm3/lib/libopencm3_lm4f.a(vector.o)
timer4b_isr                                       /home/ryan/Desktop/libopencm3/libopencm3-examples/libopencm3/lib/libopencm3_lm4f.a(vector.o)
timer5a_isr                                       /home/ryan/Desktop/libopencm3/libopencm3-examples/libopencm3/lib/libopencm3_lm4f.a(vector.o)
timer5b_isr                                       /home/ryan/Desktop/libopencm3/libopencm3-examples/libopencm3/lib/libopencm3_lm4f.a(vector.o)
uart0_isr                                         /home/ryan/Desktop/libopencm3/libopencm3-examples/libopencm3/lib/libopencm3_lm4f.a(vector.o)
uart1_isr                                         uart.o
uart2_isr                                         /home/ryan/Desktop/libopencm3/libopencm3-examples/libopencm3/lib/libopencm3_lm4f.a(vector.o)
uart3_isr                                         /home/ryan/Desktop/libopencm3/libopencm3-examples/libopencm3/lib/libopencm3_lm4f.a(vector.o)
uart4_isr                                         /home/ryan/Desktop/libopencm3/libopencm3-examples/libopencm3/lib/libopencm3_lm4f.a(vector.o)
uart5_isr                                         /home/ryan/Desktop/libopencm3/libopencm3-examples/libopencm3/lib/libopencm3_lm4f.a(vector.o)
uart6_isr                                         /home/ryan/Desktop/libopencm3/libopencm3-examples/libopencm3/lib/libopencm3_lm4f.a(vector.o)
uart7_isr                                         /home/ryan/Desktop/libopencm3/libopencm3-examples/libopencm3/lib/libopencm3_lm4f.a(vector.o)
uart_clear_interrupt_flag                         /home/ryan/Desktop/libopencm3/libopencm3-examples/libopencm3/lib/libopencm3_lm4f.a(uart.o)
                                                  uart.o
uart_clock_from_piosc                             /home/ryan/Desktop/libopencm3/libopencm3-examples/libopencm3/lib/libopencm3_lm4f.a(uart.o)
                                                  uart.o
uart_clock_from_sysclk                            /home/ryan/Desktop/libopencm3/libopencm3-examples/libopencm3/lib/libopencm3_lm4f.a(uart.o)
uart_disable                                      /home/ryan/Desktop/libopencm3/libopencm3-examples/libopencm3/lib/libopencm3_lm4f.a(uart.o)
                                                  usb_to_serial_cdcacm.o
                                                  uart.o
uart_disable_fifo                                 /home/ryan/Desktop/libopencm3/libopencm3-examples/libopencm3/lib/libopencm3_lm4f.a(uart.o)
uart_disable_interrupts                           /home/ryan/Desktop/libopencm3/libopencm3-examples/libopencm3/lib/libopencm3_lm4f.a(uart.o)
uart_disable_rx_dma                               /home/ryan/Desktop/libopencm3/libopencm3-examples/libopencm3/lib/libopencm3_lm4f.a(uart.o)
uart_disable_rx_interrupt                         /home/ryan/Desktop/libopencm3/libopencm3-examples/libopencm3/lib/libopencm3_lm4f.a(uart.o)
uart_disable_tx_dma                               /home/ryan/Desktop/libopencm3/libopencm3-examples/libopencm3/lib/libopencm3_lm4f.a(uart.o)
uart_disable_tx_interrupt                         /home/ryan/Desktop/libopencm3/libopencm3-examples/libopencm3/lib/libopencm3_lm4f.a(uart.o)
uart_enable                                       /home/ryan/Desktop/libopencm3/libopencm3-examples/libopencm3/lib/libopencm3_lm4f.a(uart.o)
                                                  usb_to_serial_cdcacm.o
                                                  uart.o
uart_enable_fifo                                  /home/ryan/Desktop/libopencm3/libopencm3-examples/libopencm3/lib/libopencm3_lm4f.a(uart.o)
uart_enable_interrupts                            /home/ryan/Desktop/libopencm3/libopencm3-examples/libopencm3/lib/libopencm3_lm4f.a(uart.o)
uart_enable_rx_dma                                /home/ryan/Desktop/libopencm3/libopencm3-examples/libopencm3/lib/libopencm3_lm4f.a(uart.o)
uart_enable_rx_interrupt                          /home/ryan/Desktop/libopencm3/libopencm3-examples/libopencm3/lib/libopencm3_lm4f.a(uart.o)
                                                  uart.o
uart_enable_tx_dma                                /home/ryan/Desktop/libopencm3/libopencm3-examples/libopencm3/lib/libopencm3_lm4f.a(uart.o)
uart_enable_tx_interrupt                          /home/ryan/Desktop/libopencm3/libopencm3-examples/libopencm3/lib/libopencm3_lm4f.a(uart.o)
uart_get_ctl_line_state                           uart.o
                                                  usb_to_serial_cdcacm.o
uart_init                                         uart.o
                                                  usb_to_serial_cdcacm.o
uart_recv                                         /home/ryan/Desktop/libopencm3/libopencm3-examples/libopencm3/lib/libopencm3_lm4f.a(uart.o)
                                                  uart.o
uart_recv_blocking                                /home/ryan/Desktop/libopencm3/libopencm3-examples/libopencm3/lib/libopencm3_lm4f.a(uart.o)
uart_send                                         /home/ryan/Desktop/libopencm3/libopencm3-examples/libopencm3/lib/libopencm3_lm4f.a(uart.o)
uart_send_blocking                                /home/ryan/Desktop/libopencm3/libopencm3-examples/libopencm3/lib/libopencm3_lm4f.a(uart.o)
                                                  usb_to_serial_cdcacm.o
uart_set_baudrate                                 /home/ryan/Desktop/libopencm3/libopencm3-examples/libopencm3/lib/libopencm3_lm4f.a(uart.o)
                                                  usb_to_serial_cdcacm.o
uart_set_ctl_line_state                           uart.o
                                                  usb_to_serial_cdcacm.o
uart_set_databits                                 /home/ryan/Desktop/libopencm3/libopencm3-examples/libopencm3/lib/libopencm3_lm4f.a(uart.o)
                                                  usb_to_serial_cdcacm.o
uart_set_fifo_trigger_levels                      /home/ryan/Desktop/libopencm3/libopencm3-examples/libopencm3/lib/libopencm3_lm4f.a(uart.o)
uart_set_flow_control                             /home/ryan/Desktop/libopencm3/libopencm3-examples/libopencm3/lib/libopencm3_lm4f.a(uart.o)
uart_set_parity                                   /home/ryan/Desktop/libopencm3/libopencm3-examples/libopencm3/lib/libopencm3_lm4f.a(uart.o)
                                                  usb_to_serial_cdcacm.o
uart_set_stopbits                                 /home/ryan/Desktop/libopencm3/libopencm3-examples/libopencm3/lib/libopencm3_lm4f.a(uart.o)
                                                  usb_to_serial_cdcacm.o
uart_wait_recv_ready                              /home/ryan/Desktop/libopencm3/libopencm3-examples/libopencm3/lib/libopencm3_lm4f.a(uart.o)
uart_wait_send_ready                              /home/ryan/Desktop/libopencm3/libopencm3-examples/libopencm3/lib/libopencm3_lm4f.a(uart.o)
udma_isr                                          /home/ryan/Desktop/libopencm3/libopencm3-examples/libopencm3/lib/libopencm3_lm4f.a(vector.o)
udmaerr_isr                                       /home/ryan/Desktop/libopencm3/libopencm3-examples/libopencm3/lib/libopencm3_lm4f.a(vector.o)
usage_fault_handler                               /home/ryan/Desktop/libopencm3/libopencm3-examples/libopencm3/lib/libopencm3_lm4f.a(vector.o)
usb0_isr                                          usb_cdcacm.o
usb_disable_interrupts                            /home/ryan/Desktop/libopencm3/libopencm3-examples/libopencm3/lib/libopencm3_lm4f.a(usb_lm4f.o)
usb_enable_interrupts                             /home/ryan/Desktop/libopencm3/libopencm3-examples/libopencm3/lib/libopencm3_lm4f.a(usb_lm4f.o)
                                                  usb_cdcacm.o
usbd_control_buffer                               usb_cdcacm.o
usbd_disconnect                                   /home/ryan/Desktop/libopencm3/libopencm3-examples/libopencm3/lib/libopencm3_lm4f.a(usb.o)
usbd_ep_nak_set                                   /home/ryan/Desktop/libopencm3/libopencm3-examples/libopencm3/lib/libopencm3_lm4f.a(usb.o)
                                                  /home/ryan/Desktop/libopencm3/libopencm3-examples/libopencm3/lib/libopencm3_lm4f.a(usb_control.o)
usbd_ep_read_packet                               /home/ryan/Desktop/libopencm3/libopencm3-examples/libopencm3/lib/libopencm3_lm4f.a(usb.o)
                                                  /home/ryan/Desktop/libopencm3/libopencm3-examples/libopencm3/lib/libopencm3_lm4f.a(usb_control.o)
                                                  usb_cdcacm.o
usbd_ep_setup                                     /home/ryan/Desktop/libopencm3/libopencm3-examples/libopencm3/lib/libopencm3_lm4f.a(usb.o)
                                                  usb_cdcacm.o
usbd_ep_stall_get                                 /home/ryan/Desktop/libopencm3/libopencm3-examples/libopencm3/lib/libopencm3_lm4f.a(usb.o)
                                                  /home/ryan/Desktop/libopencm3/libopencm3-examples/libopencm3/lib/libopencm3_lm4f.a(usb_standard.o)
usbd_ep_stall_set                                 /home/ryan/Desktop/libopencm3/libopencm3-examples/libopencm3/lib/libopencm3_lm4f.a(usb.o)
                                                  /home/ryan/Desktop/libopencm3/libopencm3-examples/libopencm3/lib/libopencm3_lm4f.a(usb_standard.o)
                                                  /home/ryan/Desktop/libopencm3/libopencm3-examples/libopencm3/lib/libopencm3_lm4f.a(usb_control.o)
usbd_ep_write_packet                              /home/ryan/Desktop/libopencm3/libopencm3-examples/libopencm3/lib/libopencm3_lm4f.a(usb.o)
                                                  /home/ryan/Desktop/libopencm3/libopencm3-examples/libopencm3/lib/libopencm3_lm4f.a(usb_control.o)
                                                  usb_cdcacm.o
usbd_init                                         /home/ryan/Desktop/libopencm3/libopencm3-examples/libopencm3/lib/libopencm3_lm4f.a(usb.o)
                                                  usb_cdcacm.o
usbd_poll                                         /home/ryan/Desktop/libopencm3/libopencm3-examples/libopencm3/lib/libopencm3_lm4f.a(usb.o)
                                                  usb_cdcacm.o