Archive member included to satisfy reference by file (symbol)

/home/ryan/Desktop/libopencm3/libopencm3-examples/libopencm3/lib/libopencm3_lm4f.a(gpio.o)
                              miniblink.o (gpio_enable_ahb_aperture)
/home/ryan/Desktop/libopencm3/libopencm3-examples/libopencm3/lib/libopencm3_lm4f.a(vector.o)
                              (reset_handler)
/home/ryan/Desktop/libopencm3/libopencm3-examples/libopencm3/lib/libopencm3_lm4f.a(systemcontrol.o)
                              miniblink.o (periph_clock_enable)
/home/ryan/Desktop/libopencm3/libopencm3-examples/libopencm3/lib/libopencm3_lm4f.a(rcc.o)
                              miniblink.o (rcc_pll_bypass_enable)
/home/ryan/Desktop/libopencm3/libopencm3-examples/libopencm3/lib/libopencm3_lm4f.a(nvic.o)
                              miniblink.o (nvic_enable_irq)
/usr/lib/gcc/arm-none-eabi/5.4.1/../../../arm-none-eabi/lib/armv7e-m/fpu/libc.a(lib_a-memcpy.o)
                              /home/ryan/Desktop/libopencm3/libopencm3-examples/libopencm3/lib/libopencm3_lm4f.a(rcc.o) (memcpy)

Discarded input sections

 .group         0x0000000000000000        0x8 miniblink.o
 .group         0x0000000000000000        0x8 miniblink.o
 .group         0x0000000000000000        0x8 miniblink.o
 .group         0x0000000000000000        0x8 miniblink.o
 .group         0x0000000000000000        0x8 miniblink.o
 .group         0x0000000000000000        0x8 miniblink.o
 .group         0x0000000000000000        0x8 miniblink.o
 .group         0x0000000000000000        0x8 miniblink.o
 .group         0x0000000000000000        0x8 miniblink.o
 .group         0x0000000000000000        0x8 miniblink.o
 .group         0x0000000000000000        0x8 miniblink.o
 .group         0x0000000000000000        0x8 miniblink.o
 .group         0x0000000000000000        0x8 miniblink.o
 .group         0x0000000000000000        0x8 miniblink.o
 .group         0x0000000000000000        0x8 miniblink.o
 .group         0x0000000000000000        0x8 miniblink.o
 .group         0x0000000000000000        0x8 miniblink.o
 .group         0x0000000000000000        0x8 miniblink.o
 .group         0x0000000000000000        0x8 miniblink.o
 .group         0x0000000000000000        0x8 miniblink.o
 .group         0x0000000000000000        0x8 miniblink.o
 .group         0x0000000000000000        0x8 miniblink.o
 .group         0x0000000000000000        0x8 miniblink.o
 .group         0x0000000000000000        0x8 miniblink.o
 .group         0x0000000000000000        0x8 miniblink.o
 .group         0x0000000000000000        0x8 miniblink.o
 .group         0x0000000000000000        0x8 miniblink.o
 .group         0x0000000000000000        0x8 miniblink.o
 .group         0x0000000000000000        0x8 miniblink.o
 .group         0x0000000000000000        0x8 miniblink.o
 .group         0x0000000000000000        0x8 miniblink.o
 .group         0x0000000000000000        0x8 miniblink.o
 .text          0x0000000000000000        0x0 miniblink.o
 .data          0x0000000000000000        0x0 miniblink.o
 .bss           0x0000000000000000        0x0 miniblink.o
 .group         0x0000000000000000        0x8 /home/ryan/Desktop/libopencm3/libopencm3-examples/libopencm3/lib/libopencm3_lm4f.a(gpio.o)
 .group         0x0000000000000000        0x8 /home/ryan/Desktop/libopencm3/libopencm3-examples/libopencm3/lib/libopencm3_lm4f.a(gpio.o)
 .group         0x0000000000000000        0x8 /home/ryan/Desktop/libopencm3/libopencm3-examples/libopencm3/lib/libopencm3_lm4f.a(gpio.o)
 .group         0x0000000000000000        0x8 /home/ryan/Desktop/libopencm3/libopencm3-examples/libopencm3/lib/libopencm3_lm4f.a(gpio.o)
 .group         0x0000000000000000        0x8 /home/ryan/Desktop/libopencm3/libopencm3-examples/libopencm3/lib/libopencm3_lm4f.a(gpio.o)
 .group         0x0000000000000000        0x8 /home/ryan/Desktop/libopencm3/libopencm3-examples/libopencm3/lib/libopencm3_lm4f.a(gpio.o)
 .group         0x0000000000000000        0x8 /home/ryan/Desktop/libopencm3/libopencm3-examples/libopencm3/lib/libopencm3_lm4f.a(gpio.o)
 .group         0x0000000000000000        0x8 /home/ryan/Desktop/libopencm3/libopencm3-examples/libopencm3/lib/libopencm3_lm4f.a(gpio.o)
 .group         0x0000000000000000        0x8 /home/ryan/Desktop/libopencm3/libopencm3-examples/libopencm3/lib/libopencm3_lm4f.a(gpio.o)
 .group         0x0000000000000000        0x8 /home/ryan/Desktop/libopencm3/libopencm3-examples/libopencm3/lib/libopencm3_lm4f.a(gpio.o)
 .group         0x0000000000000000        0x8 /home/ryan/Desktop/libopencm3/libopencm3-examples/libopencm3/lib/libopencm3_lm4f.a(gpio.o)
 .group         0x0000000000000000        0x8 /home/ryan/Desktop/libopencm3/libopencm3-examples/libopencm3/lib/libopencm3_lm4f.a(gpio.o)
 .text          0x0000000000000000        0x0 /home/ryan/Desktop/libopencm3/libopencm3-examples/libopencm3/lib/libopencm3_lm4f.a(gpio.o)
 .data          0x0000000000000000        0x0 /home/ryan/Desktop/libopencm3/libopencm3-examples/libopencm3/lib/libopencm3_lm4f.a(gpio.o)
 .bss           0x0000000000000000        0x0 /home/ryan/Desktop/libopencm3/libopencm3-examples/libopencm3/lib/libopencm3_lm4f.a(gpio.o)
 .text.gpio_set_af
                0x0000000000000000       0x52 /home/ryan/Desktop/libopencm3/libopencm3-examples/libopencm3/lib/libopencm3_lm4f.a(gpio.o)
 .text.gpio_toggle
                0x0000000000000000        0xe /home/ryan/Desktop/libopencm3/libopencm3-examples/libopencm3/lib/libopencm3_lm4f.a(gpio.o)
 .debug_macro   0x0000000000000000      0x886 /home/ryan/Desktop/libopencm3/libopencm3-examples/libopencm3/lib/libopencm3_lm4f.a(gpio.o)
 .debug_macro   0x0000000000000000       0x22 /home/ryan/Desktop/libopencm3/libopencm3-examples/libopencm3/lib/libopencm3_lm4f.a(gpio.o)
 .debug_macro   0x0000000000000000       0x4f /home/ryan/Desktop/libopencm3/libopencm3-examples/libopencm3/lib/libopencm3_lm4f.a(gpio.o)
 .debug_macro   0x0000000000000000       0x44 /home/ryan/Desktop/libopencm3/libopencm3-examples/libopencm3/lib/libopencm3_lm4f.a(gpio.o)
 .debug_macro   0x0000000000000000       0xfd /home/ryan/Desktop/libopencm3/libopencm3-examples/libopencm3/lib/libopencm3_lm4f.a(gpio.o)
 .debug_macro   0x0000000000000000       0x5e /home/ryan/Desktop/libopencm3/libopencm3-examples/libopencm3/lib/libopencm3_lm4f.a(gpio.o)
 .debug_macro   0x0000000000000000      0x1df /home/ryan/Desktop/libopencm3/libopencm3-examples/libopencm3/lib/libopencm3_lm4f.a(gpio.o)
 .debug_macro   0x0000000000000000       0x22 /home/ryan/Desktop/libopencm3/libopencm3-examples/libopencm3/lib/libopencm3_lm4f.a(gpio.o)
 .debug_macro   0x0000000000000000       0xfa /home/ryan/Desktop/libopencm3/libopencm3-examples/libopencm3/lib/libopencm3_lm4f.a(gpio.o)
 .debug_macro   0x0000000000000000       0xee /home/ryan/Desktop/libopencm3/libopencm3-examples/libopencm3/lib/libopencm3_lm4f.a(gpio.o)
 .group         0x0000000000000000        0x8 /home/ryan/Desktop/libopencm3/libopencm3-examples/libopencm3/lib/libopencm3_lm4f.a(vector.o)
 .group         0x0000000000000000        0x8 /home/ryan/Desktop/libopencm3/libopencm3-examples/libopencm3/lib/libopencm3_lm4f.a(vector.o)
 .group         0x0000000000000000        0x8 /home/ryan/Desktop/libopencm3/libopencm3-examples/libopencm3/lib/libopencm3_lm4f.a(vector.o)
 .group         0x0000000000000000        0x8 /home/ryan/Desktop/libopencm3/libopencm3-examples/libopencm3/lib/libopencm3_lm4f.a(vector.o)
 .group         0x0000000000000000        0x8 /home/ryan/Desktop/libopencm3/libopencm3-examples/libopencm3/lib/libopencm3_lm4f.a(vector.o)
 .group         0x0000000000000000        0x8 /home/ryan/Desktop/libopencm3/libopencm3-examples/libopencm3/lib/libopencm3_lm4f.a(vector.o)
 .group         0x0000000000000000        0x8 /home/ryan/Desktop/libopencm3/libopencm3-examples/libopencm3/lib/libopencm3_lm4f.a(vector.o)
 .group         0x0000000000000000        0x8 /home/ryan/Desktop/libopencm3/libopencm3-examples/libopencm3/lib/libopencm3_lm4f.a(vector.o)
 .group         0x0000000000000000        0x8 /home/ryan/Desktop/libopencm3/libopencm3-examples/libopencm3/lib/libopencm3_lm4f.a(vector.o)
 .group         0x0000000000000000        0x8 /home/ryan/Desktop/libopencm3/libopencm3-examples/libopencm3/lib/libopencm3_lm4f.a(vector.o)
 .group         0x0000000000000000        0x8 /home/ryan/Desktop/libopencm3/libopencm3-examples/libopencm3/lib/libopencm3_lm4f.a(vector.o)
 .group         0x0000000000000000        0x8 /home/ryan/Desktop/libopencm3/libopencm3-examples/libopencm3/lib/libopencm3_lm4f.a(vector.o)
 .group         0x0000000000000000        0x8 /home/ryan/Desktop/libopencm3/libopencm3-examples/libopencm3/lib/libopencm3_lm4f.a(vector.o)
 .text          0x0000000000000000        0x0 /home/ryan/Desktop/libopencm3/libopencm3-examples/libopencm3/lib/libopencm3_lm4f.a(vector.o)
 .data          0x0000000000000000        0x0 /home/ryan/Desktop/libopencm3/libopencm3-examples/libopencm3/lib/libopencm3_lm4f.a(vector.o)
 .bss           0x0000000000000000        0x0 /home/ryan/Desktop/libopencm3/libopencm3-examples/libopencm3/lib/libopencm3_lm4f.a(vector.o)
 .debug_macro   0x0000000000000000      0x886 /home/ryan/Desktop/libopencm3/libopencm3-examples/libopencm3/lib/libopencm3_lm4f.a(vector.o)
 .debug_macro   0x0000000000000000       0x58 /home/ryan/Desktop/libopencm3/libopencm3-examples/libopencm3/lib/libopencm3_lm4f.a(vector.o)
 .debug_macro   0x0000000000000000       0x22 /home/ryan/Desktop/libopencm3/libopencm3-examples/libopencm3/lib/libopencm3_lm4f.a(vector.o)
 .debug_macro   0x0000000000000000       0x4f /home/ryan/Desktop/libopencm3/libopencm3-examples/libopencm3/lib/libopencm3_lm4f.a(vector.o)
 .debug_macro   0x0000000000000000       0x44 /home/ryan/Desktop/libopencm3/libopencm3-examples/libopencm3/lib/libopencm3_lm4f.a(vector.o)
 .debug_macro   0x0000000000000000       0xfd /home/ryan/Desktop/libopencm3/libopencm3-examples/libopencm3/lib/libopencm3_lm4f.a(vector.o)
 .debug_macro   0x0000000000000000       0x5e /home/ryan/Desktop/libopencm3/libopencm3-examples/libopencm3/lib/libopencm3_lm4f.a(vector.o)
 .debug_macro   0x0000000000000000      0x1df /home/ryan/Desktop/libopencm3/libopencm3-examples/libopencm3/lib/libopencm3_lm4f.a(vector.o)
 .debug_macro   0x0000000000000000       0x22 /home/ryan/Desktop/libopencm3/libopencm3-examples/libopencm3/lib/libopencm3_lm4f.a(vector.o)
 .debug_macro   0x0000000000000000       0xfa /home/ryan/Desktop/libopencm3/libopencm3-examples/libopencm3/lib/libopencm3_lm4f.a(vector.o)
 .debug_macro   0x0000000000000000      0x2a5 /home/ryan/Desktop/libopencm3/libopencm3-examples/libopencm3/lib/libopencm3_lm4f.a(vector.o)
 .group         0x0000000000000000        0x8 /home/ryan/Desktop/libopencm3/libopencm3-examples/libopencm3/lib/libopencm3_lm4f.a(systemcontrol.o)
 .group         0x0000000000000000        0x8 /home/ryan/Desktop/libopencm3/libopencm3-examples/libopencm3/lib/libopencm3_lm4f.a(systemcontrol.o)
 .group         0x0000000000000000        0x8 /home/ryan/Desktop/libopencm3/libopencm3-examples/libopencm3/lib/libopencm3_lm4f.a(systemcontrol.o)
 .group         0x0000000000000000        0x8 /home/ryan/Desktop/libopencm3/libopencm3-examples/libopencm3/lib/libopencm3_lm4f.a(systemcontrol.o)
 .group         0x0000000000000000        0x8 /home/ryan/Desktop/libopencm3/libopencm3-examples/libopencm3/lib/libopencm3_lm4f.a(systemcontrol.o)
 .group         0x0000000000000000        0x8 /home/ryan/Desktop/libopencm3/libopencm3-examples/libopencm3/lib/libopencm3_lm4f.a(systemcontrol.o)
 .group         0x0000000000000000        0x8 /home/ryan/Desktop/libopencm3/libopencm3-examples/libopencm3/lib/libopencm3_lm4f.a(systemcontrol.o)
 .group         0x0000000000000000        0x8 /home/ryan/Desktop/libopencm3/libopencm3-examples/libopencm3/lib/libopencm3_lm4f.a(systemcontrol.o)
 .group         0x0000000000000000        0x8 /home/ryan/Desktop/libopencm3/libopencm3-examples/libopencm3/lib/libopencm3_lm4f.a(systemcontrol.o)
 .group         0x0000000000000000        0x8 /home/ryan/Desktop/libopencm3/libopencm3-examples/libopencm3/lib/libopencm3_lm4f.a(systemcontrol.o)
 .group         0x0000000000000000        0x8 /home/ryan/Desktop/libopencm3/libopencm3-examples/libopencm3/lib/libopencm3_lm4f.a(systemcontrol.o)
 .text          0x0000000000000000        0x0 /home/ryan/Desktop/libopencm3/libopencm3-examples/libopencm3/lib/libopencm3_lm4f.a(systemcontrol.o)
 .data          0x0000000000000000        0x0 /home/ryan/Desktop/libopencm3/libopencm3-examples/libopencm3/lib/libopencm3_lm4f.a(systemcontrol.o)
 .bss           0x0000000000000000        0x0 /home/ryan/Desktop/libopencm3/libopencm3-examples/libopencm3/lib/libopencm3_lm4f.a(systemcontrol.o)
 .text.periph_clock_disable
                0x0000000000000000       0x1e /home/ryan/Desktop/libopencm3/libopencm3-examples/libopencm3/lib/libopencm3_lm4f.a(systemcontrol.o)
 .debug_macro   0x0000000000000000      0x886 /home/ryan/Desktop/libopencm3/libopencm3-examples/libopencm3/lib/libopencm3_lm4f.a(systemcontrol.o)
 .debug_macro   0x0000000000000000       0x22 /home/ryan/Desktop/libopencm3/libopencm3-examples/libopencm3/lib/libopencm3_lm4f.a(systemcontrol.o)
 .debug_macro   0x0000000000000000       0x4f /home/ryan/Desktop/libopencm3/libopencm3-examples/libopencm3/lib/libopencm3_lm4f.a(systemcontrol.o)
 .debug_macro   0x0000000000000000       0x44 /home/ryan/Desktop/libopencm3/libopencm3-examples/libopencm3/lib/libopencm3_lm4f.a(systemcontrol.o)
 .debug_macro   0x0000000000000000       0xfd /home/ryan/Desktop/libopencm3/libopencm3-examples/libopencm3/lib/libopencm3_lm4f.a(systemcontrol.o)
 .debug_macro   0x0000000000000000       0x5e /home/ryan/Desktop/libopencm3/libopencm3-examples/libopencm3/lib/libopencm3_lm4f.a(systemcontrol.o)
 .debug_macro   0x0000000000000000      0x1df /home/ryan/Desktop/libopencm3/libopencm3-examples/libopencm3/lib/libopencm3_lm4f.a(systemcontrol.o)
 .debug_macro   0x0000000000000000       0x22 /home/ryan/Desktop/libopencm3/libopencm3-examples/libopencm3/lib/libopencm3_lm4f.a(systemcontrol.o)
 .debug_macro   0x0000000000000000       0xfa /home/ryan/Desktop/libopencm3/libopencm3-examples/libopencm3/lib/libopencm3_lm4f.a(systemcontrol.o)
 .debug_macro   0x0000000000000000       0xee /home/ryan/Desktop/libopencm3/libopencm3-examples/libopencm3/lib/libopencm3_lm4f.a(systemcontrol.o)
 .debug_macro   0x0000000000000000      0x690 /home/ryan/Desktop/libopencm3/libopencm3-examples/libopencm3/lib/libopencm3_lm4f.a(systemcontrol.o)
 .group         0x0000000000000000        0x8 /home/ryan/Desktop/libopencm3/libopencm3-examples/libopencm3/lib/libopencm3_lm4f.a(rcc.o)
 .group         0x0000000000000000        0x8 /home/ryan/Desktop/libopencm3/libopencm3-examples/libopencm3/lib/libopencm3_lm4f.a(rcc.o)
 .group         0x0000000000000000        0x8 /home/ryan/Desktop/libopencm3/libopencm3-examples/libopencm3/lib/libopencm3_lm4f.a(rcc.o)
 .group         0x0000000000000000        0x8 /home/ryan/Desktop/libopencm3/libopencm3-examples/libopencm3/lib/libopencm3_lm4f.a(rcc.o)
 .group         0x0000000000000000        0x8 /home/ryan/Desktop/libopencm3/libopencm3-examples/libopencm3/lib/libopencm3_lm4f.a(rcc.o)
 .group         0x0000000000000000        0x8 /home/ryan/Desktop/libopencm3/libopencm3-examples/libopencm3/lib/libopencm3_lm4f.a(rcc.o)
 .group         0x0000000000000000        0x8 /home/ryan/Desktop/libopencm3/libopencm3-examples/libopencm3/lib/libopencm3_lm4f.a(rcc.o)
 .group         0x0000000000000000        0x8 /home/ryan/Desktop/libopencm3/libopencm3-examples/libopencm3/lib/libopencm3_lm4f.a(rcc.o)
 .group         0x0000000000000000        0x8 /home/ryan/Desktop/libopencm3/libopencm3-examples/libopencm3/lib/libopencm3_lm4f.a(rcc.o)
 .group         0x0000000000000000        0x8 /home/ryan/Desktop/libopencm3/libopencm3-examples/libopencm3/lib/libopencm3_lm4f.a(rcc.o)
 .group         0x0000000000000000        0x8 /home/ryan/Desktop/libopencm3/libopencm3-examples/libopencm3/lib/libopencm3_lm4f.a(rcc.o)
 .text          0x0000000000000000        0x0 /home/ryan/Desktop/libopencm3/libopencm3-examples/libopencm3/lib/libopencm3_lm4f.a(rcc.o)
 .data          0x0000000000000000        0x0 /home/ryan/Desktop/libopencm3/libopencm3-examples/libopencm3/lib/libopencm3_lm4f.a(rcc.o)
 .bss           0x0000000000000000        0x0 /home/ryan/Desktop/libopencm3/libopencm3-examples/libopencm3/lib/libopencm3_lm4f.a(rcc.o)
 .text.rcc_disable_main_osc
                0x0000000000000000       0x10 /home/ryan/Desktop/libopencm3/libopencm3-examples/libopencm3/lib/libopencm3_lm4f.a(rcc.o)
 .text.rcc_disable_interal_osc
                0x0000000000000000       0x10 /home/ryan/Desktop/libopencm3/libopencm3-examples/libopencm3/lib/libopencm3_lm4f.a(rcc.o)
 .text.rcc_enable_interal_osc
                0x0000000000000000       0x10 /home/ryan/Desktop/libopencm3/libopencm3-examples/libopencm3/lib/libopencm3_lm4f.a(rcc.o)
 .text.rcc_pll_off
                0x0000000000000000       0x10 /home/ryan/Desktop/libopencm3/libopencm3-examples/libopencm3/lib/libopencm3_lm4f.a(rcc.o)
 .text.rcc_set_pwm_divisor
                0x0000000000000000       0x18 /home/ryan/Desktop/libopencm3/libopencm3-examples/libopencm3/lib/libopencm3_lm4f.a(rcc.o)
 .text.rcc_usb_pll_off
                0x0000000000000000       0x10 /home/ryan/Desktop/libopencm3/libopencm3-examples/libopencm3/lib/libopencm3_lm4f.a(rcc.o)
 .text.rcc_usb_pll_on
                0x0000000000000000       0x10 /home/ryan/Desktop/libopencm3/libopencm3-examples/libopencm3/lib/libopencm3_lm4f.a(rcc.o)
 .text.rcc_get_system_clock_frequency
                0x0000000000000000        0xc /home/ryan/Desktop/libopencm3/libopencm3-examples/libopencm3/lib/libopencm3_lm4f.a(rcc.o)
 .debug_macro   0x0000000000000000      0x886 /home/ryan/Desktop/libopencm3/libopencm3-examples/libopencm3/lib/libopencm3_lm4f.a(rcc.o)
 .debug_macro   0x0000000000000000       0x22 /home/ryan/Desktop/libopencm3/libopencm3-examples/libopencm3/lib/libopencm3_lm4f.a(rcc.o)
 .debug_macro   0x0000000000000000       0x4f /home/ryan/Desktop/libopencm3/libopencm3-examples/libopencm3/lib/libopencm3_lm4f.a(rcc.o)
 .debug_macro   0x0000000000000000       0x44 /home/ryan/Desktop/libopencm3/libopencm3-examples/libopencm3/lib/libopencm3_lm4f.a(rcc.o)
 .debug_macro   0x0000000000000000       0xfd /home/ryan/Desktop/libopencm3/libopencm3-examples/libopencm3/lib/libopencm3_lm4f.a(rcc.o)
 .debug_macro   0x0000000000000000       0x5e /home/ryan/Desktop/libopencm3/libopencm3-examples/libopencm3/lib/libopencm3_lm4f.a(rcc.o)
 .debug_macro   0x0000000000000000      0x1df /home/ryan/Desktop/libopencm3/libopencm3-examples/libopencm3/lib/libopencm3_lm4f.a(rcc.o)
 .debug_macro   0x0000000000000000       0x22 /home/ryan/Desktop/libopencm3/libopencm3-examples/libopencm3/lib/libopencm3_lm4f.a(rcc.o)
 .debug_macro   0x0000000000000000       0xfa /home/ryan/Desktop/libopencm3/libopencm3-examples/libopencm3/lib/libopencm3_lm4f.a(rcc.o)
 .debug_macro   0x0000000000000000       0xee /home/ryan/Desktop/libopencm3/libopencm3-examples/libopencm3/lib/libopencm3_lm4f.a(rcc.o)
 .debug_macro   0x0000000000000000      0x690 /home/ryan/Desktop/libopencm3/libopencm3-examples/libopencm3/lib/libopencm3_lm4f.a(rcc.o)
 .group         0x0000000000000000        0x8 /home/ryan/Desktop/libopencm3/libopencm3-examples/libopencm3/lib/libopencm3_lm4f.a(nvic.o)
 .group         0x0000000000000000        0x8 /home/ryan/Desktop/libopencm3/libopencm3-examples/libopencm3/lib/libopencm3_lm4f.a(nvic.o)
 .group         0x0000000000000000        0x8 /home/ryan/Desktop/libopencm3/libopencm3-examples/libopencm3/lib/libopencm3_lm4f.a(nvic.o)
 .group         0x0000000000000000        0x8 /home/ryan/Desktop/libopencm3/libopencm3-examples/libopencm3/lib/libopencm3_lm4f.a(nvic.o)
 .group         0x0000000000000000        0x8 /home/ryan/Desktop/libopencm3/libopencm3-examples/libopencm3/lib/libopencm3_lm4f.a(nvic.o)
 .group         0x0000000000000000        0x8 /home/ryan/Desktop/libopencm3/libopencm3-examples/libopencm3/lib/libopencm3_lm4f.a(nvic.o)
 .group         0x0000000000000000        0x8 /home/ryan/Desktop/libopencm3/libopencm3-examples/libopencm3/lib/libopencm3_lm4f.a(nvic.o)
 .group         0x0000000000000000        0x8 /home/ryan/Desktop/libopencm3/libopencm3-examples/libopencm3/lib/libopencm3_lm4f.a(nvic.o)
 .group         0x0000000000000000        0x8 /home/ryan/Desktop/libopencm3/libopencm3-examples/libopencm3/lib/libopencm3_lm4f.a(nvic.o)
 .group         0x0000000000000000        0x8 /home/ryan/Desktop/libopencm3/libopencm3-examples/libopencm3/lib/libopencm3_lm4f.a(nvic.o)
 .group         0x0000000000000000        0x8 /home/ryan/Desktop/libopencm3/libopencm3-examples/libopencm3/lib/libopencm3_lm4f.a(nvic.o)
 .group         0x0000000000000000        0x8 /home/ryan/Desktop/libopencm3/libopencm3-examples/libopencm3/lib/libopencm3_lm4f.a(nvic.o)
 .group         0x0000000000000000        0x8 /home/ryan/Desktop/libopencm3/libopencm3-examples/libopencm3/lib/libopencm3_lm4f.a(nvic.o)
 .text          0x0000000000000000        0x0 /home/ryan/Desktop/libopencm3/libopencm3-examples/libopencm3/lib/libopencm3_lm4f.a(nvic.o)
 .data          0x0000000000000000        0x0 /home/ryan/Desktop/libopencm3/libopencm3-examples/libopencm3/lib/libopencm3_lm4f.a(nvic.o)
 .bss           0x0000000000000000        0x0 /home/ryan/Desktop/libopencm3/libopencm3-examples/libopencm3/lib/libopencm3_lm4f.a(nvic.o)
 .text.nvic_disable_irq
                0x0000000000000000       0x1c /home/ryan/Desktop/libopencm3/libopencm3-examples/libopencm3/lib/libopencm3_lm4f.a(nvic.o)
 .text.nvic_get_pending_irq
                0x0000000000000000       0x24 /home/ryan/Desktop/libopencm3/libopencm3-examples/libopencm3/lib/libopencm3_lm4f.a(nvic.o)
 .text.nvic_set_pending_irq
                0x0000000000000000       0x1c /home/ryan/Desktop/libopencm3/libopencm3-examples/libopencm3/lib/libopencm3_lm4f.a(nvic.o)
 .text.nvic_clear_pending_irq
                0x0000000000000000       0x1c /home/ryan/Desktop/libopencm3/libopencm3-examples/libopencm3/lib/libopencm3_lm4f.a(nvic.o)
 .text.nvic_get_irq_enabled
                0x0000000000000000       0x24 /home/ryan/Desktop/libopencm3/libopencm3-examples/libopencm3/lib/libopencm3_lm4f.a(nvic.o)
 .text.nvic_set_priority
                0x0000000000000000       0x20 /home/ryan/Desktop/libopencm3/libopencm3-examples/libopencm3/lib/libopencm3_lm4f.a(nvic.o)
 .text.nvic_get_active_irq
                0x0000000000000000       0x24 /home/ryan/Desktop/libopencm3/libopencm3-examples/libopencm3/lib/libopencm3_lm4f.a(nvic.o)
 .text.nvic_generate_software_interrupt
                0x0000000000000000       0x14 /home/ryan/Desktop/libopencm3/libopencm3-examples/libopencm3/lib/libopencm3_lm4f.a(nvic.o)
 .debug_macro   0x0000000000000000      0x886 /home/ryan/Desktop/libopencm3/libopencm3-examples/libopencm3/lib/libopencm3_lm4f.a(nvic.o)
 .debug_macro   0x0000000000000000       0x22 /home/ryan/Desktop/libopencm3/libopencm3-examples/libopencm3/lib/libopencm3_lm4f.a(nvic.o)
 .debug_macro   0x0000000000000000       0x4f /home/ryan/Desktop/libopencm3/libopencm3-examples/libopencm3/lib/libopencm3_lm4f.a(nvic.o)
 .debug_macro   0x0000000000000000       0x44 /home/ryan/Desktop/libopencm3/libopencm3-examples/libopencm3/lib/libopencm3_lm4f.a(nvic.o)
 .debug_macro   0x0000000000000000       0xfd /home/ryan/Desktop/libopencm3/libopencm3-examples/libopencm3/lib/libopencm3_lm4f.a(nvic.o)
 .debug_macro   0x0000000000000000       0x5e /home/ryan/Desktop/libopencm3/libopencm3-examples/libopencm3/lib/libopencm3_lm4f.a(nvic.o)
 .debug_macro   0x0000000000000000      0x1df /home/ryan/Desktop/libopencm3/libopencm3-examples/libopencm3/lib/libopencm3_lm4f.a(nvic.o)
 .debug_macro   0x0000000000000000       0x22 /home/ryan/Desktop/libopencm3/libopencm3-examples/libopencm3/lib/libopencm3_lm4f.a(nvic.o)
 .debug_macro   0x0000000000000000       0xfa /home/ryan/Desktop/libopencm3/libopencm3-examples/libopencm3/lib/libopencm3_lm4f.a(nvic.o)
 .debug_macro   0x0000000000000000       0x58 /home/ryan/Desktop/libopencm3/libopencm3-examples/libopencm3/lib/libopencm3_lm4f.a(nvic.o)
 .debug_macro   0x0000000000000000       0x64 /home/ryan/Desktop/libopencm3/libopencm3-examples/libopencm3/lib/libopencm3_lm4f.a(nvic.o)
 .debug_macro   0x0000000000000000      0x2a5 /home/ryan/Desktop/libopencm3/libopencm3-examples/libopencm3/lib/libopencm3_lm4f.a(nvic.o)
 .data          0x0000000000000000        0x0 /usr/lib/gcc/arm-none-eabi/5.4.1/../../../arm-none-eabi/lib/armv7e-m/fpu/libc.a(lib_a-memcpy.o)
 .bss           0x0000000000000000        0x0 /usr/lib/gcc/arm-none-eabi/5.4.1/../../../arm-none-eabi/lib/armv7e-m/fpu/libc.a(lib_a-memcpy.o)

Memory Configuration

Name             Origin             Length             Attributes
rom              0x0000000000000000 0x0000000000040000 xr
ram              0x0000000020000000 0x0000000000008000 xrw
*default*        0x0000000000000000 0xffffffffffffffff

Linker script and memory map

LOAD miniblink.o
LOAD /home/ryan/Desktop/libopencm3/libopencm3-examples/libopencm3/lib/libopencm3_lm4f.a
START GROUP
LOAD /usr/lib/gcc/arm-none-eabi/5.4.1/../../../arm-none-eabi/lib/armv7e-m/fpu/libc.a
LOAD /usr/lib/gcc/arm-none-eabi/5.4.1/armv7e-m/fpu/libgcc.a
LOAD /usr/lib/gcc/arm-none-eabi/5.4.1/../../../arm-none-eabi/lib/armv7e-m/fpu/libnosys.a
END GROUP
START GROUP
LOAD /usr/lib/gcc/arm-none-eabi/5.4.1/armv7e-m/fpu/libgcc.a
LOAD /usr/lib/gcc/arm-none-eabi/5.4.1/../../../arm-none-eabi/lib/armv7e-m/fpu/libg.a
LOAD /usr/lib/gcc/arm-none-eabi/5.4.1/../../../arm-none-eabi/lib/armv7e-m/fpu/libc.a
END GROUP

.text           0x0000000000000000      0x924
 *(.vectors)
 .vectors       0x0000000000000000      0x26c /home/ryan/Desktop/libopencm3/libopencm3-examples/libopencm3/lib/libopencm3_lm4f.a(vector.o)
                0x0000000000000000                vector_table
 *(.text*)
 .text.delay    0x000000000000026c       0x10 miniblink.o
 .text.startup.main
                0x000000000000027c       0xa0 miniblink.o
                0x000000000000027c                main
 .text.gpiof_isr
                0x000000000000031c       0x84 miniblink.o
                0x000000000000031c                gpiof_isr
 .text.gpio_enable_ahb_aperture
                0x00000000000003a0       0x10 /home/ryan/Desktop/libopencm3/libopencm3-examples/libopencm3/lib/libopencm3_lm4f.a(gpio.o)
                0x00000000000003a0                gpio_enable_ahb_aperture
 .text.gpio_mode_setup
                0x00000000000003b0       0x92 /home/ryan/Desktop/libopencm3/libopencm3-examples/libopencm3/lib/libopencm3_lm4f.a(gpio.o)
                0x00000000000003b0                gpio_mode_setup
 .text.gpio_set_output_config
                0x0000000000000442       0x5e /home/ryan/Desktop/libopencm3/libopencm3-examples/libopencm3/lib/libopencm3_lm4f.a(gpio.o)
                0x0000000000000442                gpio_set_output_config
 .text.gpio_unlock_commit
                0x00000000000004a0       0x20 /home/ryan/Desktop/libopencm3/libopencm3-examples/libopencm3/lib/libopencm3_lm4f.a(gpio.o)
                0x00000000000004a0                gpio_unlock_commit
 .text.gpio_configure_trigger
                0x00000000000004c0       0x88 /home/ryan/Desktop/libopencm3/libopencm3-examples/libopencm3/lib/libopencm3_lm4f.a(gpio.o)
                0x00000000000004c0                gpio_configure_trigger
 .text.gpio_disable_interrupts
                0x0000000000000548        0xc /home/ryan/Desktop/libopencm3/libopencm3-examples/libopencm3/lib/libopencm3_lm4f.a(gpio.o)
                0x0000000000000548                gpio_disable_interrupts
 .text.gpio_enable_interrupts
                0x0000000000000554        0x4 /home/ryan/Desktop/libopencm3/libopencm3-examples/libopencm3/lib/libopencm3_lm4f.a(gpio.o)
                0x0000000000000554                gpio_enable_interrupts
 .text.blocking_handler
                0x0000000000000558        0x2 /home/ryan/Desktop/libopencm3/libopencm3-examples/libopencm3/lib/libopencm3_lm4f.a(vector.o)
                0x0000000000000558                ssi0_isr
                0x0000000000000558                timer3b_isr
                0x0000000000000558                pwm1_3_isr
                0x0000000000000558                gpiom_isr
                0x0000000000000558                adc1ss1_isr
                0x0000000000000558                uart0_isr
                0x0000000000000558                timer0a_isr
                0x0000000000000558                i2c0_isr
                0x0000000000000558                udmaerr_isr
                0x0000000000000558                udma_isr
                0x0000000000000558                gpiop4_isr
                0x0000000000000558                gpioq2_isr
                0x0000000000000558                gpiog_isr
                0x0000000000000558                blocking_handler
                0x0000000000000558                uart2_isr
                0x0000000000000558                gpioq5_isr
                0x0000000000000558                pwm1_0_isr
                0x0000000000000558                pwm0_0_isr
                0x0000000000000558                timer5b_isr
                0x0000000000000558                watchdog_isr
                0x0000000000000558                i2c1_isr
                0x0000000000000558                i2c2_isr
                0x0000000000000558                gpiop2_isr
                0x0000000000000558                wtimer5a_isr
                0x0000000000000558                usage_fault_handler
                0x0000000000000558                comp2_isr
                0x0000000000000558                pwm0_fault_isr
                0x0000000000000558                wtimer4b_isr
                0x0000000000000558                i2c3_isr
                0x0000000000000558                lpc0_isr
                0x0000000000000558                pwm1_2_isr
                0x0000000000000558                epi0_isr
                0x0000000000000558                pwm0_2_isr
                0x0000000000000558                gpiop1_isr
                0x0000000000000558                eth_isr
                0x0000000000000558                gpioq1_isr
                0x0000000000000558                uart6_isr
                0x0000000000000558                timer2b_isr
                0x0000000000000558                wtimer3b_isr
                0x0000000000000558                fan0_isr
                0x0000000000000558                adc1ss3_isr
                0x0000000000000558                qei0_isr
                0x0000000000000558                wtimer5b_isr
                0x0000000000000558                ssi3_isr
                0x0000000000000558                gpiol_isr
                0x0000000000000558                flash_isr
                0x0000000000000558                uart4_isr
                0x0000000000000558                comp0_isr
                0x0000000000000558                gpioq6_isr
                0x0000000000000558                gpiop0_isr
                0x0000000000000558                hard_fault_handler
                0x0000000000000558                gpiop6_isr
                0x0000000000000558                sysctl_isr
                0x0000000000000558                qei1_isr
                0x0000000000000558                timer4b_isr
                0x0000000000000558                gpioa_isr
                0x0000000000000558                usb0_isr
                0x0000000000000558                gpioq0_isr
                0x0000000000000558                uart1_isr
                0x0000000000000558                gpiob_isr
                0x0000000000000558                adc0ss3_isr
                0x0000000000000558                comp1_isr
                0x0000000000000558                gpioe_isr
                0x0000000000000558                wtimer0b_isr
                0x0000000000000558                pwm0_1_isr
                0x0000000000000558                wtimer2a_isr
                0x0000000000000558                wtimer1b_isr
                0x0000000000000558                wtimer2b_isr
                0x0000000000000558                gpioq4_isr
                0x0000000000000558                wtimer0a_isr
                0x0000000000000558                adc0ss1_isr
                0x0000000000000558                uart5_isr
                0x0000000000000558                timer1b_isr
                0x0000000000000558                wtimer3a_isr
                0x0000000000000558                i2c5_isr
                0x0000000000000558                can2_isr
                0x0000000000000558                gpion_isr
                0x0000000000000558                adc0ss2_isr
                0x0000000000000558                gpioj_isr
                0x0000000000000558                gpioh_isr
                0x0000000000000558                gpioq7_isr
                0x0000000000000558                mem_manage_handler
                0x0000000000000558                gpiod_isr
                0x0000000000000558                pwm0_3_isr
                0x0000000000000558                ssi2_isr
                0x0000000000000558                timer5a_isr
                0x0000000000000558                gpiop7_isr
                0x0000000000000558                gpioc_isr
                0x0000000000000558                gpioq3_isr
                0x0000000000000558                uart7_isr
                0x0000000000000558                pwm1_fault_isr
                0x0000000000000558                hibernate_isr
                0x0000000000000558                gpiop5_isr
                0x0000000000000558                i2s0_isr
                0x0000000000000558                adc1ss2_isr
                0x0000000000000558                peci0_isr
                0x0000000000000558                timer3a_isr
                0x0000000000000558                can0_isr
                0x0000000000000558                i2c4_isr
                0x0000000000000558                sysexc_isr
                0x0000000000000558                gpiop3_isr
                0x0000000000000558                timer4a_isr
                0x0000000000000558                can1_isr
                0x0000000000000558                timer1a_isr
                0x0000000000000558                adc0ss0_isr
                0x0000000000000558                ssi1_isr
                0x0000000000000558                wtimer4a_isr
                0x0000000000000558                wtimer1a_isr
                0x0000000000000558                bus_fault_handler
                0x0000000000000558                gpiok_isr
                0x0000000000000558                pwm1_1_isr
                0x0000000000000558                timer2a_isr
                0x0000000000000558                uart3_isr
                0x0000000000000558                adc1ss0_isr
                0x0000000000000558                timer0b_isr
 .text.null_handler
                0x000000000000055a        0x2 /home/ryan/Desktop/libopencm3/libopencm3-examples/libopencm3/lib/libopencm3_lm4f.a(vector.o)
                0x000000000000055a                null_handler
                0x000000000000055a                sv_call_handler
                0x000000000000055a                pend_sv_handler
                0x000000000000055a                debug_monitor_handler
                0x000000000000055a                sys_tick_handler
                0x000000000000055a                nmi_handler
 .text.reset_handler
                0x000000000000055c       0x98 /home/ryan/Desktop/libopencm3/libopencm3-examples/libopencm3/lib/libopencm3_lm4f.a(vector.o)
                0x000000000000055c                reset_handler
 .text.periph_clock_enable
                0x00000000000005f4       0x1c /home/ryan/Desktop/libopencm3/libopencm3-examples/libopencm3/lib/libopencm3_lm4f.a(systemcontrol.o)
                0x00000000000005f4                periph_clock_enable
 .text.rcc_configure_xtal
                0x0000000000000610       0x18 /home/ryan/Desktop/libopencm3/libopencm3-examples/libopencm3/lib/libopencm3_lm4f.a(rcc.o)
                0x0000000000000610                rcc_configure_xtal
 .text.rcc_enable_main_osc
                0x0000000000000628       0x10 /home/ryan/Desktop/libopencm3/libopencm3-examples/libopencm3/lib/libopencm3_lm4f.a(rcc.o)
                0x0000000000000628                rcc_enable_main_osc
 .text.rcc_enable_rcc2
                0x0000000000000638       0x10 /home/ryan/Desktop/libopencm3/libopencm3-examples/libopencm3/lib/libopencm3_lm4f.a(rcc.o)
                0x0000000000000638                rcc_enable_rcc2
 .text.rcc_pll_on
                0x0000000000000648       0x10 /home/ryan/Desktop/libopencm3/libopencm3-examples/libopencm3/lib/libopencm3_lm4f.a(rcc.o)
                0x0000000000000648                rcc_pll_on
 .text.rcc_set_osc_source
                0x0000000000000658       0x18 /home/ryan/Desktop/libopencm3/libopencm3-examples/libopencm3/lib/libopencm3_lm4f.a(rcc.o)
                0x0000000000000658                rcc_set_osc_source
 .text.rcc_pll_bypass_disable
                0x0000000000000670       0x10 /home/ryan/Desktop/libopencm3/libopencm3-examples/libopencm3/lib/libopencm3_lm4f.a(rcc.o)
                0x0000000000000670                rcc_pll_bypass_disable
 .text.rcc_pll_bypass_enable
                0x0000000000000680       0x10 /home/ryan/Desktop/libopencm3/libopencm3-examples/libopencm3/lib/libopencm3_lm4f.a(rcc.o)
                0x0000000000000680                rcc_pll_bypass_enable
 .text.rcc_set_pll_divisor
                0x0000000000000690       0x28 /home/ryan/Desktop/libopencm3/libopencm3-examples/libopencm3/lib/libopencm3_lm4f.a(rcc.o)
                0x0000000000000690                rcc_set_pll_divisor
 .text.rcc_wait_for_pll_ready
                0x00000000000006b8       0x10 /home/ryan/Desktop/libopencm3/libopencm3-examples/libopencm3/lib/libopencm3_lm4f.a(rcc.o)
                0x00000000000006b8                rcc_wait_for_pll_ready
 .text.rcc_change_pll_divisor
                0x00000000000006c8       0x28 /home/ryan/Desktop/libopencm3/libopencm3-examples/libopencm3/lib/libopencm3_lm4f.a(rcc.o)
                0x00000000000006c8                rcc_change_pll_divisor
 .text.rcc_sysclk_config
                0x00000000000006f0       0x88 /home/ryan/Desktop/libopencm3/libopencm3-examples/libopencm3/lib/libopencm3_lm4f.a(rcc.o)
                0x00000000000006f0                rcc_sysclk_config
 .text.nvic_enable_irq
                0x0000000000000778       0x1c /home/ryan/Desktop/libopencm3/libopencm3-examples/libopencm3/lib/libopencm3_lm4f.a(nvic.o)
                0x0000000000000778                nvic_enable_irq
 .text          0x0000000000000794      0x134 /usr/lib/gcc/arm-none-eabi/5.4.1/../../../arm-none-eabi/lib/armv7e-m/fpu/libc.a(lib_a-memcpy.o)
                0x0000000000000794                memcpy
                0x00000000000008c8                . = ALIGN (0x4)
 *(.rodata*)
 .rodata.plldiv
                0x00000000000008c8        0x6 miniblink.o
 *fill*         0x00000000000008ce        0x2 
 .rodata        0x00000000000008d0       0x54 /home/ryan/Desktop/libopencm3/libopencm3-examples/libopencm3/lib/libopencm3_lm4f.a(rcc.o)
                0x0000000000000924                . = ALIGN (0x4)

.glue_7         0x0000000000000924        0x0
 .glue_7        0x0000000000000924        0x0 linker stubs

.glue_7t        0x0000000000000924        0x0
 .glue_7t       0x0000000000000924        0x0 linker stubs

.vfp11_veneer   0x0000000000000924        0x0
 .vfp11_veneer  0x0000000000000924        0x0 linker stubs

.v4_bx          0x0000000000000924        0x0
 .v4_bx         0x0000000000000924        0x0 linker stubs

.iplt           0x0000000000000924        0x0
 .iplt          0x0000000000000924        0x0 miniblink.o

.rel.dyn        0x0000000000000924        0x0
 .rel.iplt      0x0000000000000924        0x0 miniblink.o

.preinit_array  0x0000000000000924        0x0
                0x0000000000000924                . = ALIGN (0x4)
                0x0000000000000924                __preinit_array_start = .
 *(.preinit_array)
                0x0000000000000924                __preinit_array_end = .

.init_array     0x0000000000000924        0x0
                0x0000000000000924                . = ALIGN (0x4)
                0x0000000000000924                __init_array_start = .
 *(SORT(.init_array.*))
 *(.init_array)
                0x0000000000000924                __init_array_end = .

.fini_array     0x0000000000000924        0x0
                0x0000000000000924                . = ALIGN (0x4)
                0x0000000000000924                __fini_array_start = .
 *(.fini_array)
 *(SORT(.fini_array.*))
                0x0000000000000924                __fini_array_end = .

.ARM.extab
 *(.ARM.extab*)

.ARM.exidx      0x0000000000000924        0x0
                0x0000000000000924                __exidx_start = .
 *(.ARM.exidx*)
                0x0000000000000924                __exidx_end = .
                0x0000000000000924                . = ALIGN (0x4)
                0x0000000000000924                _etext = .

.data           0x0000000020000000        0x4 load address 0x0000000000000924
                0x0000000020000000                _data = .
 *(.data*)
 .data.lm4f_rcc_sysclk_freq
                0x0000000020000000        0x4 /home/ryan/Desktop/libopencm3/libopencm3-examples/libopencm3/lib/libopencm3_lm4f.a(rcc.o)
                0x0000000020000000                lm4f_rcc_sysclk_freq
                0x0000000020000004                . = ALIGN (0x4)
                0x0000000020000004                _edata = .
                0x0000000000000924                _data_loadaddr = LOADADDR (.data)

.igot.plt       0x0000000020000004        0x0 load address 0x0000000000000928
 .igot.plt      0x0000000020000004        0x0 miniblink.o

.bss            0x0000000020000004        0x8 load address 0x0000000000000928
 *(.bss*)
 .bss.bypass    0x0000000020000004        0x1 miniblink.o
 *fill*         0x0000000020000005        0x3 
 .bss.ipll      0x0000000020000008        0x4 miniblink.o
 *(COMMON)
                0x000000002000000c                . = ALIGN (0x4)
                0x000000002000000c                _ebss = .

/DISCARD/
 *(.eh_frame)
                0x000000002000000c                . = ALIGN (0x4)
                0x000000002000000c                end = .
                0x0000000020008000                PROVIDE (_stack, (ORIGIN (ram) + LENGTH (ram)))
OUTPUT(miniblink.elf elf32-littlearm)

.debug_info     0x0000000000000000     0x22d1
 .debug_info    0x0000000000000000      0xe97 miniblink.o
 .debug_info    0x0000000000000e97      0x35e /home/ryan/Desktop/libopencm3/libopencm3-examples/libopencm3/lib/libopencm3_lm4f.a(gpio.o)
 .debug_info    0x00000000000011f5      0x2b7 /home/ryan/Desktop/libopencm3/libopencm3-examples/libopencm3/lib/libopencm3_lm4f.a(vector.o)
 .debug_info    0x00000000000014ac      0x642 /home/ryan/Desktop/libopencm3/libopencm3-examples/libopencm3/lib/libopencm3_lm4f.a(systemcontrol.o)
 .debug_info    0x0000000000001aee      0x505 /home/ryan/Desktop/libopencm3/libopencm3-examples/libopencm3/lib/libopencm3_lm4f.a(rcc.o)
 .debug_info    0x0000000000001ff3      0x214 /home/ryan/Desktop/libopencm3/libopencm3-examples/libopencm3/lib/libopencm3_lm4f.a(nvic.o)
 .debug_info    0x0000000000002207       0xca /usr/lib/gcc/arm-none-eabi/5.4.1/../../../arm-none-eabi/lib/armv7e-m/fpu/libc.a(lib_a-memcpy.o)

.debug_abbrev   0x0000000000000000      0x807
 .debug_abbrev  0x0000000000000000      0x21f miniblink.o
 .debug_abbrev  0x000000000000021f      0x121 /home/ryan/Desktop/libopencm3/libopencm3-examples/libopencm3/lib/libopencm3_lm4f.a(gpio.o)
 .debug_abbrev  0x0000000000000340      0x155 /home/ryan/Desktop/libopencm3/libopencm3-examples/libopencm3/lib/libopencm3_lm4f.a(vector.o)
 .debug_abbrev  0x0000000000000495       0x9e /home/ryan/Desktop/libopencm3/libopencm3-examples/libopencm3/lib/libopencm3_lm4f.a(systemcontrol.o)
 .debug_abbrev  0x0000000000000533      0x21a /home/ryan/Desktop/libopencm3/libopencm3-examples/libopencm3/lib/libopencm3_lm4f.a(rcc.o)
 .debug_abbrev  0x000000000000074d       0xa6 /home/ryan/Desktop/libopencm3/libopencm3-examples/libopencm3/lib/libopencm3_lm4f.a(nvic.o)
 .debug_abbrev  0x00000000000007f3       0x14 /usr/lib/gcc/arm-none-eabi/5.4.1/../../../arm-none-eabi/lib/armv7e-m/fpu/libc.a(lib_a-memcpy.o)

.debug_loc      0x0000000000000000      0x987
 .debug_loc     0x0000000000000000      0x280 miniblink.o
 .debug_loc     0x0000000000000280      0x370 /home/ryan/Desktop/libopencm3/libopencm3-examples/libopencm3/lib/libopencm3_lm4f.a(gpio.o)
 .debug_loc     0x00000000000005f0       0xdf /home/ryan/Desktop/libopencm3/libopencm3-examples/libopencm3/lib/libopencm3_lm4f.a(vector.o)
 .debug_loc     0x00000000000006cf       0x42 /home/ryan/Desktop/libopencm3/libopencm3-examples/libopencm3/lib/libopencm3_lm4f.a(systemcontrol.o)
 .debug_loc     0x0000000000000711      0x14d /home/ryan/Desktop/libopencm3/libopencm3-examples/libopencm3/lib/libopencm3_lm4f.a(rcc.o)
 .debug_loc     0x000000000000085e      0x129 /home/ryan/Desktop/libopencm3/libopencm3-examples/libopencm3/lib/libopencm3_lm4f.a(nvic.o)

.debug_aranges  0x0000000000000000      0x210
 .debug_aranges
                0x0000000000000000       0x30 miniblink.o
 .debug_aranges
                0x0000000000000030       0x58 /home/ryan/Desktop/libopencm3/libopencm3-examples/libopencm3/lib/libopencm3_lm4f.a(gpio.o)
 .debug_aranges
                0x0000000000000088       0x30 /home/ryan/Desktop/libopencm3/libopencm3-examples/libopencm3/lib/libopencm3_lm4f.a(vector.o)
 .debug_aranges
                0x00000000000000b8       0x28 /home/ryan/Desktop/libopencm3/libopencm3-examples/libopencm3/lib/libopencm3_lm4f.a(systemcontrol.o)
 .debug_aranges
                0x00000000000000e0       0xb0 /home/ryan/Desktop/libopencm3/libopencm3-examples/libopencm3/lib/libopencm3_lm4f.a(rcc.o)
 .debug_aranges
                0x0000000000000190       0x60 /home/ryan/Desktop/libopencm3/libopencm3-examples/libopencm3/lib/libopencm3_lm4f.a(nvic.o)
 .debug_aranges
                0x00000000000001f0       0x20 /usr/lib/gcc/arm-none-eabi/5.4.1/../../../arm-none-eabi/lib/armv7e-m/fpu/libc.a(lib_a-memcpy.o)

.debug_ranges   0x0000000000000000      0x1c0
 .debug_ranges  0x0000000000000000       0x50 miniblink.o
 .debug_ranges  0x0000000000000050       0x48 /home/ryan/Desktop/libopencm3/libopencm3-examples/libopencm3/lib/libopencm3_lm4f.a(gpio.o)
 .debug_ranges  0x0000000000000098       0x20 /home/ryan/Desktop/libopencm3/libopencm3-examples/libopencm3/lib/libopencm3_lm4f.a(vector.o)
 .debug_ranges  0x00000000000000b8       0x18 /home/ryan/Desktop/libopencm3/libopencm3-examples/libopencm3/lib/libopencm3_lm4f.a(systemcontrol.o)
 .debug_ranges  0x00000000000000d0       0xa0 /home/ryan/Desktop/libopencm3/libopencm3-examples/libopencm3/lib/libopencm3_lm4f.a(rcc.o)
 .debug_ranges  0x0000000000000170       0x50 /home/ryan/Desktop/libopencm3/libopencm3-examples/libopencm3/lib/libopencm3_lm4f.a(nvic.o)

.debug_macro    0x0000000000000000     0x378f
 .debug_macro   0x0000000000000000      0x1d7 miniblink.o
 .debug_macro   0x00000000000001d7      0x886 miniblink.o
 .debug_macro   0x0000000000000a5d       0x22 miniblink.o
 .debug_macro   0x0000000000000a7f       0x4f miniblink.o
 .debug_macro   0x0000000000000ace       0x44 miniblink.o
 .debug_macro   0x0000000000000b12       0xfd miniblink.o
 .debug_macro   0x0000000000000c0f       0x5e miniblink.o
 .debug_macro   0x0000000000000c6d      0x1df miniblink.o
 .debug_macro   0x0000000000000e4c       0x22 miniblink.o
 .debug_macro   0x0000000000000e6e       0xfa miniblink.o
 .debug_macro   0x0000000000000f68       0x58 miniblink.o
 .debug_macro   0x0000000000000fc0       0x64 miniblink.o
 .debug_macro   0x0000000000001024      0x2a5 miniblink.o
 .debug_macro   0x00000000000012c9       0xee miniblink.o
 .debug_macro   0x00000000000013b7      0x690 miniblink.o
 .debug_macro   0x0000000000001a47      0x18a miniblink.o
 .debug_macro   0x0000000000001bd1       0x52 miniblink.o
 .debug_macro   0x0000000000001c23       0x35 miniblink.o
 .debug_macro   0x0000000000001c58       0x9c miniblink.o
 .debug_macro   0x0000000000001cf4       0x16 miniblink.o
 .debug_macro   0x0000000000001d0a       0x97 miniblink.o
 .debug_macro   0x0000000000001da1      0x330 miniblink.o
 .debug_macro   0x00000000000020d1       0xf6 miniblink.o
 .debug_macro   0x00000000000021c7       0x10 miniblink.o
 .debug_macro   0x00000000000021d7       0x52 miniblink.o
 .debug_macro   0x0000000000002229       0x1f miniblink.o
 .debug_macro   0x0000000000002248       0x43 miniblink.o
 .debug_macro   0x000000000000228b       0x20 miniblink.o
 .debug_macro   0x00000000000022ab      0x187 miniblink.o
 .debug_macro   0x0000000000002432       0x10 miniblink.o
 .debug_macro   0x0000000000002442       0xb6 miniblink.o
 .debug_macro   0x00000000000024f8       0x16 miniblink.o
 .debug_macro   0x000000000000250e      0x143 miniblink.o
 .debug_macro   0x0000000000002651       0xb0 /home/ryan/Desktop/libopencm3/libopencm3-examples/libopencm3/lib/libopencm3_lm4f.a(gpio.o)
 .debug_macro   0x0000000000002701      0x184 /home/ryan/Desktop/libopencm3/libopencm3-examples/libopencm3/lib/libopencm3_lm4f.a(gpio.o)
 .debug_macro   0x0000000000002885      0x696 /home/ryan/Desktop/libopencm3/libopencm3-examples/libopencm3/lib/libopencm3_lm4f.a(gpio.o)
 .debug_macro   0x0000000000002f1b       0xd5 /home/ryan/Desktop/libopencm3/libopencm3-examples/libopencm3/lib/libopencm3_lm4f.a(vector.o)
 .debug_macro   0x0000000000002ff0      0x3a1 /home/ryan/Desktop/libopencm3/libopencm3-examples/libopencm3/lib/libopencm3_lm4f.a(vector.o)
 .debug_macro   0x0000000000003391       0x6a /home/ryan/Desktop/libopencm3/libopencm3-examples/libopencm3/lib/libopencm3_lm4f.a(vector.o)
 .debug_macro   0x00000000000033fb       0x93 /home/ryan/Desktop/libopencm3/libopencm3-examples/libopencm3/lib/libopencm3_lm4f.a(systemcontrol.o)
 .debug_macro   0x000000000000348e       0x9d /home/ryan/Desktop/libopencm3/libopencm3-examples/libopencm3/lib/libopencm3_lm4f.a(rcc.o)
 .debug_macro   0x000000000000352b       0xb4 /home/ryan/Desktop/libopencm3/libopencm3-examples/libopencm3/lib/libopencm3_lm4f.a(nvic.o)
 .debug_macro   0x00000000000035df      0x1b0 /home/ryan/Desktop/libopencm3/libopencm3-examples/libopencm3/lib/libopencm3_lm4f.a(nvic.o)

.debug_line     0x0000000000000000     0x1163
 .debug_line    0x0000000000000000      0x48c miniblink.o
 .debug_line    0x000000000000048c      0x25e /home/ryan/Desktop/libopencm3/libopencm3-examples/libopencm3/lib/libopencm3_lm4f.a(gpio.o)
 .debug_line    0x00000000000006ea      0x2c5 /home/ryan/Desktop/libopencm3/libopencm3-examples/libopencm3/lib/libopencm3_lm4f.a(vector.o)
 .debug_line    0x00000000000009af      0x1a0 /home/ryan/Desktop/libopencm3/libopencm3-examples/libopencm3/lib/libopencm3_lm4f.a(systemcontrol.o)
 .debug_line    0x0000000000000b4f      0x304 /home/ryan/Desktop/libopencm3/libopencm3-examples/libopencm3/lib/libopencm3_lm4f.a(rcc.o)
 .debug_line    0x0000000000000e53      0x255 /home/ryan/Desktop/libopencm3/libopencm3-examples/libopencm3/lib/libopencm3_lm4f.a(nvic.o)
 .debug_line    0x00000000000010a8       0xbb /usr/lib/gcc/arm-none-eabi/5.4.1/../../../arm-none-eabi/lib/armv7e-m/fpu/libc.a(lib_a-memcpy.o)

.debug_str      0x0000000000000000     0xdd72
 .debug_str     0x0000000000000000     0xae76 miniblink.o
                                       0xb091 (size before relaxing)
 .debug_str     0x000000000000ae76      0x1a7 /home/ryan/Desktop/libopencm3/libopencm3-examples/libopencm3/lib/libopencm3_lm4f.a(gpio.o)
                                       0x68ea (size before relaxing)
 .debug_str     0x000000000000b01d     0x217e /home/ryan/Desktop/libopencm3/libopencm3-examples/libopencm3/lib/libopencm3_lm4f.a(vector.o)
                                       0x6489 (size before relaxing)
 .debug_str     0x000000000000d19b       0x2c /home/ryan/Desktop/libopencm3/libopencm3-examples/libopencm3/lib/libopencm3_lm4f.a(systemcontrol.o)
                                       0x6605 (size before relaxing)
 .debug_str     0x000000000000d1c7      0x1c3 /home/ryan/Desktop/libopencm3/libopencm3-examples/libopencm3/lib/libopencm3_lm4f.a(rcc.o)
                                       0x622f (size before relaxing)
 .debug_str     0x000000000000d38a      0x9e8 /home/ryan/Desktop/libopencm3/libopencm3-examples/libopencm3/lib/libopencm3_lm4f.a(nvic.o)
                                       0x4d19 (size before relaxing)

.comment        0x0000000000000000       0x2b
 .comment       0x0000000000000000       0x2b miniblink.o
                                         0x2c (size before relaxing)
 .comment       0x000000000000002b       0x2c /home/ryan/Desktop/libopencm3/libopencm3-examples/libopencm3/lib/libopencm3_lm4f.a(gpio.o)
 .comment       0x000000000000002b       0x2c /home/ryan/Desktop/libopencm3/libopencm3-examples/libopencm3/lib/libopencm3_lm4f.a(vector.o)
 .comment       0x000000000000002b       0x2c /home/ryan/Desktop/libopencm3/libopencm3-examples/libopencm3/lib/libopencm3_lm4f.a(systemcontrol.o)
 .comment       0x000000000000002b       0x2c /home/ryan/Desktop/libopencm3/libopencm3-examples/libopencm3/lib/libopencm3_lm4f.a(rcc.o)
 .comment       0x000000000000002b       0x2c /home/ryan/Desktop/libopencm3/libopencm3-examples/libopencm3/lib/libopencm3_lm4f.a(nvic.o)

.ARM.attributes
                0x0000000000000000       0x37
 .ARM.attributes
                0x0000000000000000       0x39 miniblink.o
 .ARM.attributes
                0x0000000000000039       0x39 /home/ryan/Desktop/libopencm3/libopencm3-examples/libopencm3/lib/libopencm3_lm4f.a(gpio.o)
 .ARM.attributes
                0x0000000000000072       0x39 /home/ryan/Desktop/libopencm3/libopencm3-examples/libopencm3/lib/libopencm3_lm4f.a(vector.o)
 .ARM.attributes
                0x00000000000000ab       0x39 /home/ryan/Desktop/libopencm3/libopencm3-examples/libopencm3/lib/libopencm3_lm4f.a(systemcontrol.o)
 .ARM.attributes
                0x00000000000000e4       0x39 /home/ryan/Desktop/libopencm3/libopencm3-examples/libopencm3/lib/libopencm3_lm4f.a(rcc.o)
 .ARM.attributes
                0x000000000000011d       0x39 /home/ryan/Desktop/libopencm3/libopencm3-examples/libopencm3/lib/libopencm3_lm4f.a(nvic.o)
 .ARM.attributes
                0x0000000000000156       0x20 /usr/lib/gcc/arm-none-eabi/5.4.1/../../../arm-none-eabi/lib/armv7e-m/fpu/libc.a(lib_a-memcpy.o)

.debug_frame    0x0000000000000000      0x38c
 .debug_frame   0x0000000000000000       0x50 miniblink.o
 .debug_frame   0x0000000000000050       0xc4 /home/ryan/Desktop/libopencm3/libopencm3-examples/libopencm3/lib/libopencm3_lm4f.a(gpio.o)
 .debug_frame   0x0000000000000114       0x40 /home/ryan/Desktop/libopencm3/libopencm3-examples/libopencm3/lib/libopencm3_lm4f.a(vector.o)
 .debug_frame   0x0000000000000154       0x30 /home/ryan/Desktop/libopencm3/libopencm3-examples/libopencm3/lib/libopencm3_lm4f.a(systemcontrol.o)
 .debug_frame   0x0000000000000184      0x168 /home/ryan/Desktop/libopencm3/libopencm3-examples/libopencm3/lib/libopencm3_lm4f.a(rcc.o)
 .debug_frame   0x00000000000002ec       0xa0 /home/ryan/Desktop/libopencm3/libopencm3-examples/libopencm3/lib/libopencm3_lm4f.a(nvic.o)

Cross Reference Table

Symbol                                            File
__fini_array_end                                  /home/ryan/Desktop/libopencm3/libopencm3-examples/libopencm3/lib/libopencm3_lm4f.a(vector.o)
__fini_array_start                                /home/ryan/Desktop/libopencm3/libopencm3-examples/libopencm3/lib/libopencm3_lm4f.a(vector.o)
__init_array_end                                  /home/ryan/Desktop/libopencm3/libopencm3-examples/libopencm3/lib/libopencm3_lm4f.a(vector.o)
__init_array_start                                /home/ryan/Desktop/libopencm3/libopencm3-examples/libopencm3/lib/libopencm3_lm4f.a(vector.o)
__preinit_array_end                               /home/ryan/Desktop/libopencm3/libopencm3-examples/libopencm3/lib/libopencm3_lm4f.a(vector.o)
__preinit_array_start                             /home/ryan/Desktop/libopencm3/libopencm3-examples/libopencm3/lib/libopencm3_lm4f.a(vector.o)
_data                                             /home/ryan/Desktop/libopencm3/libopencm3-examples/libopencm3/lib/libopencm3_lm4f.a(vector.o)
_data_loadaddr                                    /home/ryan/Desktop/libopencm3/libopencm3-examples/libopencm3/lib/libopencm3_lm4f.a(vector.o)
_ebss                                             /home/ryan/Desktop/libopencm3/libopencm3-examples/libopencm3/lib/libopencm3_lm4f.a(vector.o)
_edata                                            /home/ryan/Desktop/libopencm3/libopencm3-examples/libopencm3/lib/libopencm3_lm4f.a(vector.o)
_stack                                            /home/ryan/Desktop/libopencm3/libopencm3-examples/libopencm3/lib/libopencm3_lm4f.a(vector.o)
adc0ss0_isr                                       /home/ryan/Desktop/libopencm3/libopencm3-examples/libopencm3/lib/libopencm3_lm4f.a(vector.o)
adc0ss1_isr                                       /home/ryan/Desktop/libopencm3/libopencm3-examples/libopencm3/lib/libopencm3_lm4f.a(vector.o)
adc0ss2_isr                                       /home/ryan/Desktop/libopencm3/libopencm3-examples/libopencm3/lib/libopencm3_lm4f.a(vector.o)
adc0ss3_isr                                       /home/ryan/Desktop/libopencm3/libopencm3-examples/libopencm3/lib/libopencm3_lm4f.a(vector.o)
adc1ss0_isr                                       /home/ryan/Desktop/libopencm3/libopencm3-examples/libopencm3/lib/libopencm3_lm4f.a(vector.o)
adc1ss1_isr                                       /home/ryan/Desktop/libopencm3/libopencm3-examples/libopencm3/lib/libopencm3_lm4f.a(vector.o)
adc1ss2_isr                                       /home/ryan/Desktop/libopencm3/libopencm3-examples/libopencm3/lib/libopencm3_lm4f.a(vector.o)
adc1ss3_isr                                       /home/ryan/Desktop/libopencm3/libopencm3-examples/libopencm3/lib/libopencm3_lm4f.a(vector.o)
blocking_handler                                  /home/ryan/Desktop/libopencm3/libopencm3-examples/libopencm3/lib/libopencm3_lm4f.a(vector.o)
bus_fault_handler                                 /home/ryan/Desktop/libopencm3/libopencm3-examples/libopencm3/lib/libopencm3_lm4f.a(vector.o)
can0_isr                                          /home/ryan/Desktop/libopencm3/libopencm3-examples/libopencm3/lib/libopencm3_lm4f.a(vector.o)
can1_isr                                          /home/ryan/Desktop/libopencm3/libopencm3-examples/libopencm3/lib/libopencm3_lm4f.a(vector.o)
can2_isr                                          /home/ryan/Desktop/libopencm3/libopencm3-examples/libopencm3/lib/libopencm3_lm4f.a(vector.o)
comp0_isr                                         /home/ryan/Desktop/libopencm3/libopencm3-examples/libopencm3/lib/libopencm3_lm4f.a(vector.o)
comp1_isr                                         /home/ryan/Desktop/libopencm3/libopencm3-examples/libopencm3/lib/libopencm3_lm4f.a(vector.o)
comp2_isr                                         /home/ryan/Desktop/libopencm3/libopencm3-examples/libopencm3/lib/libopencm3_lm4f.a(vector.o)
debug_monitor_handler                             /home/ryan/Desktop/libopencm3/libopencm3-examples/libopencm3/lib/libopencm3_lm4f.a(vector.o)
epi0_isr                                          /home/ryan/Desktop/libopencm3/libopencm3-examples/libopencm3/lib/libopencm3_lm4f.a(vector.o)
eth_isr                                           /home/ryan/Desktop/libopencm3/libopencm3-examples/libopencm3/lib/libopencm3_lm4f.a(vector.o)
fan0_isr                                          /home/ryan/Desktop/libopencm3/libopencm3-examples/libopencm3/lib/libopencm3_lm4f.a(vector.o)
flash_isr                                         /home/ryan/Desktop/libopencm3/libopencm3-examples/libopencm3/lib/libopencm3_lm4f.a(vector.o)
gpio_configure_trigger                            /home/ryan/Desktop/libopencm3/libopencm3-examples/libopencm3/lib/libopencm3_lm4f.a(gpio.o)
                                                  miniblink.o
gpio_disable_interrupts                           /home/ryan/Desktop/libopencm3/libopencm3-examples/libopencm3/lib/libopencm3_lm4f.a(gpio.o)
gpio_enable_ahb_aperture                          /home/ryan/Desktop/libopencm3/libopencm3-examples/libopencm3/lib/libopencm3_lm4f.a(gpio.o)
                                                  miniblink.o
gpio_enable_interrupts                            /home/ryan/Desktop/libopencm3/libopencm3-examples/libopencm3/lib/libopencm3_lm4f.a(gpio.o)
                                                  miniblink.o
gpio_mode_setup                                   /home/ryan/Desktop/libopencm3/libopencm3-examples/libopencm3/lib/libopencm3_lm4f.a(gpio.o)
                                                  miniblink.o
gpio_set_af                                       /home/ryan/Desktop/libopencm3/libopencm3-examples/libopencm3/lib/libopencm3_lm4f.a(gpio.o)
gpio_set_output_config                            /home/ryan/Desktop/libopencm3/libopencm3-examples/libopencm3/lib/libopencm3_lm4f.a(gpio.o)
                                                  miniblink.o
gpio_toggle                                       /home/ryan/Desktop/libopencm3/libopencm3-examples/libopencm3/lib/libopencm3_lm4f.a(gpio.o)
gpio_unlock_commit                                /home/ryan/Desktop/libopencm3/libopencm3-examples/libopencm3/lib/libopencm3_lm4f.a(gpio.o)
                                                  miniblink.o
gpioa_isr                                         /home/ryan/Desktop/libopencm3/libopencm3-examples/libopencm3/lib/libopencm3_lm4f.a(vector.o)
gpiob_isr                                         /home/ryan/Desktop/libopencm3/libopencm3-examples/libopencm3/lib/libopencm3_lm4f.a(vector.o)
gpioc_isr                                         /home/ryan/Desktop/libopencm3/libopencm3-examples/libopencm3/lib/libopencm3_lm4f.a(vector.o)
gpiod_isr                                         /home/ryan/Desktop/libopencm3/libopencm3-examples/libopencm3/lib/libopencm3_lm4f.a(vector.o)
gpioe_isr                                         /home/ryan/Desktop/libopencm3/libopencm3-examples/libopencm3/lib/libopencm3_lm4f.a(vector.o)
gpiof_isr                                         miniblink.o
gpiog_isr                                         /home/ryan/Desktop/libopencm3/libopencm3-examples/libopencm3/lib/libopencm3_lm4f.a(vector.o)
gpioh_isr                                         /home/ryan/Desktop/libopencm3/libopencm3-examples/libopencm3/lib/libopencm3_lm4f.a(vector.o)
gpioj_isr                                         /home/ryan/Desktop/libopencm3/libopencm3-examples/libopencm3/lib/libopencm3_lm4f.a(vector.o)
gpiok_isr                                         /home/ryan/Desktop/libopencm3/libopencm3-examples/libopencm3/lib/libopencm3_lm4f.a(vector.o)
gpiol_isr                                         /home/ryan/Desktop/libopencm3/libopencm3-examples/libopencm3/lib/libopencm3_lm4f.a(vector.o)
gpiom_isr                                         /home/ryan/Desktop/libopencm3/libopencm3-examples/libopencm3/lib/libopencm3_lm4f.a(vector.o)
gpion_isr                                         /home/ryan/Desktop/libopencm3/libopencm3-examples/libopencm3/lib/libopencm3_lm4f.a(vector.o)
gpiop0_isr                                        /home/ryan/Desktop/libopencm3/libopencm3-examples/libopencm3/lib/libopencm3_lm4f.a(vector.o)
gpiop1_isr                                        /home/ryan/Desktop/libopencm3/libopencm3-examples/libopencm3/lib/libopencm3_lm4f.a(vector.o)
gpiop2_isr                                        /home/ryan/Desktop/libopencm3/libopencm3-examples/libopencm3/lib/libopencm3_lm4f.a(vector.o)
gpiop3_isr                                        /home/ryan/Desktop/libopencm3/libopencm3-examples/libopencm3/lib/libopencm3_lm4f.a(vector.o)
gpiop4_isr                                        /home/ryan/Desktop/libopencm3/libopencm3-examples/libopencm3/lib/libopencm3_lm4f.a(vector.o)
gpiop5_isr                                        /home/ryan/Desktop/libopencm3/libopencm3-examples/libopencm3/lib/libopencm3_lm4f.a(vector.o)
gpiop6_isr                                        /home/ryan/Desktop/libopencm3/libopencm3-examples/libopencm3/lib/libopencm3_lm4f.a(vector.o)
gpiop7_isr                                        /home/ryan/Desktop/libopencm3/libopencm3-examples/libopencm3/lib/libopencm3_lm4f.a(vector.o)
gpioq0_isr                                        /home/ryan/Desktop/libopencm3/libopencm3-examples/libopencm3/lib/libopencm3_lm4f.a(vector.o)
gpioq1_isr                                        /home/ryan/Desktop/libopencm3/libopencm3-examples/libopencm3/lib/libopencm3_lm4f.a(vector.o)
gpioq2_isr                                        /home/ryan/Desktop/libopencm3/libopencm3-examples/libopencm3/lib/libopencm3_lm4f.a(vector.o)
gpioq3_isr                                        /home/ryan/Desktop/libopencm3/libopencm3-examples/libopencm3/lib/libopencm3_lm4f.a(vector.o)
gpioq4_isr                                        /home/ryan/Desktop/libopencm3/libopencm3-examples/libopencm3/lib/libopencm3_lm4f.a(vector.o)
gpioq5_isr                                        /home/ryan/Desktop/libopencm3/libopencm3-examples/libopencm3/lib/libopencm3_lm4f.a(vector.o)
gpioq6_isr                                        /home/ryan/Desktop/libopencm3/libopencm3-examples/libopencm3/lib/libopencm3_lm4f.a(vector.o)
gpioq7_isr                                        /home/ryan/Desktop/libopencm3/libopencm3-examples/libopencm3/lib/libopencm3_lm4f.a(vector.o)
hard_fault_handler                                /home/ryan/Desktop/libopencm3/libopencm3-examples/libopencm3/lib/libopencm3_lm4f.a(vector.o)
hibernate_isr                                     /home/ryan/Desktop/libopencm3/libopencm3-examples/libopencm3/lib/libopencm3_lm4f.a(vector.o)
i2c0_isr                                          /home/ryan/Desktop/libopencm3/libopencm3-examples/libopencm3/lib/libopencm3_lm4f.a(vector.o)
i2c1_isr                                          /home/ryan/Desktop/libopencm3/libopencm3-examples/libopencm3/lib/libopencm3_lm4f.a(vector.o)
i2c2_isr                                          /home/ryan/Desktop/libopencm3/libopencm3-examples/libopencm3/lib/libopencm3_lm4f.a(vector.o)
i2c3_isr                                          /home/ryan/Desktop/libopencm3/libopencm3-examples/libopencm3/lib/libopencm3_lm4f.a(vector.o)
i2c4_isr                                          /home/ryan/Desktop/libopencm3/libopencm3-examples/libopencm3/lib/libopencm3_lm4f.a(vector.o)
i2c5_isr                                          /home/ryan/Desktop/libopencm3/libopencm3-examples/libopencm3/lib/libopencm3_lm4f.a(vector.o)
i2s0_isr                                          /home/ryan/Desktop/libopencm3/libopencm3-examples/libopencm3/lib/libopencm3_lm4f.a(vector.o)
lm4f_rcc_sysclk_freq                              /home/ryan/Desktop/libopencm3/libopencm3-examples/libopencm3/lib/libopencm3_lm4f.a(rcc.o)
lpc0_isr                                          /home/ryan/Desktop/libopencm3/libopencm3-examples/libopencm3/lib/libopencm3_lm4f.a(vector.o)
main                                              miniblink.o
                                                  /home/ryan/Desktop/libopencm3/libopencm3-examples/libopencm3/lib/libopencm3_lm4f.a(vector.o)
mem_manage_handler                                /home/ryan/Desktop/libopencm3/libopencm3-examples/libopencm3/lib/libopencm3_lm4f.a(vector.o)
memcpy                                            /usr/lib/gcc/arm-none-eabi/5.4.1/../../../arm-none-eabi/lib/armv7e-m/fpu/libc.a(lib_a-memcpy.o)
                                                  /home/ryan/Desktop/libopencm3/libopencm3-examples/libopencm3/lib/libopencm3_lm4f.a(rcc.o)
nmi_handler                                       /home/ryan/Desktop/libopencm3/libopencm3-examples/libopencm3/lib/libopencm3_lm4f.a(vector.o)
null_handler                                      /home/ryan/Desktop/libopencm3/libopencm3-examples/libopencm3/lib/libopencm3_lm4f.a(vector.o)
nvic_clear_pending_irq                            /home/ryan/Desktop/libopencm3/libopencm3-examples/libopencm3/lib/libopencm3_lm4f.a(nvic.o)
nvic_disable_irq                                  /home/ryan/Desktop/libopencm3/libopencm3-examples/libopencm3/lib/libopencm3_lm4f.a(nvic.o)
nvic_enable_irq                                   /home/ryan/Desktop/libopencm3/libopencm3-examples/libopencm3/lib/libopencm3_lm4f.a(nvic.o)
                                                  miniblink.o
nvic_generate_software_interrupt                  /home/ryan/Desktop/libopencm3/libopencm3-examples/libopencm3/lib/libopencm3_lm4f.a(nvic.o)
nvic_get_active_irq                               /home/ryan/Desktop/libopencm3/libopencm3-examples/libopencm3/lib/libopencm3_lm4f.a(nvic.o)
nvic_get_irq_enabled                              /home/ryan/Desktop/libopencm3/libopencm3-examples/libopencm3/lib/libopencm3_lm4f.a(nvic.o)
nvic_get_pending_irq                              /home/ryan/Desktop/libopencm3/libopencm3-examples/libopencm3/lib/libopencm3_lm4f.a(nvic.o)
nvic_set_pending_irq                              /home/ryan/Desktop/libopencm3/libopencm3-examples/libopencm3/lib/libopencm3_lm4f.a(nvic.o)
nvic_set_priority                                 /home/ryan/Desktop/libopencm3/libopencm3-examples/libopencm3/lib/libopencm3_lm4f.a(nvic.o)
peci0_isr                                         /home/ryan/Desktop/libopencm3/libopencm3-examples/libopencm3/lib/libopencm3_lm4f.a(vector.o)
pend_sv_handler                                   /home/ryan/Desktop/libopencm3/libopencm3-examples/libopencm3/lib/libopencm3_lm4f.a(vector.o)
periph_clock_disable                              /home/ryan/Desktop/libopencm3/libopencm3-examples/libopencm3/lib/libopencm3_lm4f.a(systemcontrol.o)
periph_clock_enable                               /home/ryan/Desktop/libopencm3/libopencm3-examples/libopencm3/lib/libopencm3_lm4f.a(systemcontrol.o)
                                                  miniblink.o
pwm0_0_isr                                        /home/ryan/Desktop/libopencm3/libopencm3-examples/libopencm3/lib/libopencm3_lm4f.a(vector.o)
pwm0_1_isr                                        /home/ryan/Desktop/libopencm3/libopencm3-examples/libopencm3/lib/libopencm3_lm4f.a(vector.o)
pwm0_2_isr                                        /home/ryan/Desktop/libopencm3/libopencm3-examples/libopencm3/lib/libopencm3_lm4f.a(vector.o)
pwm0_3_isr                                        /home/ryan/Desktop/libopencm3/libopencm3-examples/libopencm3/lib/libopencm3_lm4f.a(vector.o)
pwm0_fault_isr                                    /home/ryan/Desktop/libopencm3/libopencm3-examples/libopencm3/lib/libopencm3_lm4f.a(vector.o)
pwm1_0_isr                                        /home/ryan/Desktop/libopencm3/libopencm3-examples/libopencm3/lib/libopencm3_lm4f.a(vector.o)
pwm1_1_isr                                        /home/ryan/Desktop/libopencm3/libopencm3-examples/libopencm3/lib/libopencm3_lm4f.a(vector.o)
pwm1_2_isr                                        /home/ryan/Desktop/libopencm3/libopencm3-examples/libopencm3/lib/libopencm3_lm4f.a(vector.o)
pwm1_3_isr                                        /home/ryan/Desktop/libopencm3/libopencm3-examples/libopencm3/lib/libopencm3_lm4f.a(vector.o)
pwm1_fault_isr                                    /home/ryan/Desktop/libopencm3/libopencm3-examples/libopencm3/lib/libopencm3_lm4f.a(vector.o)
qei0_isr                                          /home/ryan/Desktop/libopencm3/libopencm3-examples/libopencm3/lib/libopencm3_lm4f.a(vector.o)
qei1_isr                                          /home/ryan/Desktop/libopencm3/libopencm3-examples/libopencm3/lib/libopencm3_lm4f.a(vector.o)
rcc_change_pll_divisor                            /home/ryan/Desktop/libopencm3/libopencm3-examples/libopencm3/lib/libopencm3_lm4f.a(rcc.o)
                                                  miniblink.o
rcc_configure_xtal                                /home/ryan/Desktop/libopencm3/libopencm3-examples/libopencm3/lib/libopencm3_lm4f.a(rcc.o)
rcc_disable_interal_osc                           /home/ryan/Desktop/libopencm3/libopencm3-examples/libopencm3/lib/libopencm3_lm4f.a(rcc.o)
rcc_disable_main_osc                              /home/ryan/Desktop/libopencm3/libopencm3-examples/libopencm3/lib/libopencm3_lm4f.a(rcc.o)
rcc_enable_interal_osc                            /home/ryan/Desktop/libopencm3/libopencm3-examples/libopencm3/lib/libopencm3_lm4f.a(rcc.o)
rcc_enable_main_osc                               /home/ryan/Desktop/libopencm3/libopencm3-examples/libopencm3/lib/libopencm3_lm4f.a(rcc.o)
rcc_enable_rcc2                                   /home/ryan/Desktop/libopencm3/libopencm3-examples/libopencm3/lib/libopencm3_lm4f.a(rcc.o)
rcc_get_system_clock_frequency                    /home/ryan/Desktop/libopencm3/libopencm3-examples/libopencm3/lib/libopencm3_lm4f.a(rcc.o)
rcc_pll_bypass_disable                            /home/ryan/Desktop/libopencm3/libopencm3-examples/libopencm3/lib/libopencm3_lm4f.a(rcc.o)
rcc_pll_bypass_enable                             /home/ryan/Desktop/libopencm3/libopencm3-examples/libopencm3/lib/libopencm3_lm4f.a(rcc.o)
                                                  miniblink.o
rcc_pll_off                                       /home/ryan/Desktop/libopencm3/libopencm3-examples/libopencm3/lib/libopencm3_lm4f.a(rcc.o)
rcc_pll_on                                        /home/ryan/Desktop/libopencm3/libopencm3-examples/libopencm3/lib/libopencm3_lm4f.a(rcc.o)
rcc_set_osc_source                                /home/ryan/Desktop/libopencm3/libopencm3-examples/libopencm3/lib/libopencm3_lm4f.a(rcc.o)
rcc_set_pll_divisor                               /home/ryan/Desktop/libopencm3/libopencm3-examples/libopencm3/lib/libopencm3_lm4f.a(rcc.o)
rcc_set_pwm_divisor                               /home/ryan/Desktop/libopencm3/libopencm3-examples/libopencm3/lib/libopencm3_lm4f.a(rcc.o)
rcc_sysclk_config                                 /home/ryan/Desktop/libopencm3/libopencm3-examples/libopencm3/lib/libopencm3_lm4f.a(rcc.o)
                                                  miniblink.o
rcc_usb_pll_off                                   /home/ryan/Desktop/libopencm3/libopencm3-examples/libopencm3/lib/libopencm3_lm4f.a(rcc.o)
rcc_usb_pll_on                                    /home/ryan/Desktop/libopencm3/libopencm3-examples/libopencm3/lib/libopencm3_lm4f.a(rcc.o)
rcc_wait_for_pll_ready                            /home/ryan/Desktop/libopencm3/libopencm3-examples/libopencm3/lib/libopencm3_lm4f.a(rcc.o)
reset_handler                                     /home/ryan/Desktop/libopencm3/libopencm3-examples/libopencm3/lib/libopencm3_lm4f.a(vector.o)
ssi0_isr                                          /home/ryan/Desktop/libopencm3/libopencm3-examples/libopencm3/lib/libopencm3_lm4f.a(vector.o)
ssi1_isr                                          /home/ryan/Desktop/libopencm3/libopencm3-examples/libopencm3/lib/libopencm3_lm4f.a(vector.o)
ssi2_isr                                          /home/ryan/Desktop/libopencm3/libopencm3-examples/libopencm3/lib/libopencm3_lm4f.a(vector.o)
ssi3_isr                                          /home/ryan/Desktop/libopencm3/libopencm3-examples/libopencm3/lib/libopencm3_lm4f.a(vector.o)
sv_call_handler                                   /home/ryan/Desktop/libopencm3/libopencm3-examples/libopencm3/lib/libopencm3_lm4f.a(vector.o)
sys_tick_handler                                  /home/ryan/Desktop/libopencm3/libopencm3-examples/libopencm3/lib/libopencm3_lm4f.a(vector.o)
sysctl_isr                                        /home/ryan/Desktop/libopencm3/libopencm3-examples/libopencm3/lib/libopencm3_lm4f.a(vector.o)
sysexc_isr                                        /home/ryan/Desktop/libopencm3/libopencm3-examples/libopencm3/lib/libopencm3_lm4f.a(vector.o)
timer0a_isr                                       /home/ryan/Desktop/libopencm3/libopencm3-examples/libopencm3/lib/libopencm3_lm4f.a(vector.o)
timer0b_isr                                       /home/ryan/Desktop/libopencm3/libopencm3-examples/libopencm3/lib/libopencm3_lm4f.a(vector.o)
timer1a_isr                                       /home/ryan/Desktop/libopencm3/libopencm3-examples/libopencm3/lib/libopencm3_lm4f.a(vector.o)
timer1b_isr                                       /home/ryan/Desktop/libopencm3/libopencm3-examples/libopencm3/lib/libopencm3_lm4f.a(vector.o)
timer2a_isr                                       /home/ryan/Desktop/libopencm3/libopencm3-examples/libopencm3/lib/libopencm3_lm4f.a(vector.o)
timer2b_isr                                       /home/ryan/Desktop/libopencm3/libopencm3-examples/libopencm3/lib/libopencm3_lm4f.a(vector.o)
timer3a_isr                                       /home/ryan/Desktop/libopencm3/libopencm3-examples/libopencm3/lib/libopencm3_lm4f.a(vector.o)
timer3b_isr                                       /home/ryan/Desktop/libopencm3/libopencm3-examples/libopencm3/lib/libopencm3_lm4f.a(vector.o)
timer4a_isr                                       /home/ryan/Desktop/libopencm3/libopencm3-examples/libopencm3/lib/libopencm3_lm4f.a(vector.o)
timer4b_isr                                       /home/ryan/Desktop/libopencm3/libopencm3-examples/libopencm3/lib/libopencm3_lm4f.a(vector.o)
timer5a_isr                                       /home/ryan/Desktop/libopencm3/libopencm3-examples/libopencm3/lib/libopencm3_lm4f.a(vector.o)
timer5b_isr                                       /home/ryan/Desktop/libopencm3/libopencm3-examples/libopencm3/lib/libopencm3_lm4f.a(vector.o)
uart0_isr                                         /home/ryan/Desktop/libopencm3/libopencm3-examples/libopencm3/lib/libopencm3_lm4f.a(vector.o)
uart1_isr                                         /home/ryan/Desktop/libopencm3/libopencm3-examples/libopencm3/lib/libopencm3_lm4f.a(vector.o)
uart2_isr                                         /home/ryan/Desktop/libopencm3/libopencm3-examples/libopencm3/lib/libopencm3_lm4f.a(vector.o)
uart3_isr                                         /home/ryan/Desktop/libopencm3/libopencm3-examples/libopencm3/lib/libopencm3_lm4f.a(vector.o)
uart4_isr                                         /home/ryan/Desktop/libopencm3/libopencm3-examples/libopencm3/lib/libopencm3_lm4f.a(vector.o)
uart5_isr                                         /home/ryan/Desktop/libopencm3/libopencm3-examples/libopencm3/lib/libopencm3_lm4f.a(vector.o)
uart6_isr                                         /home/ryan/Desktop/libopencm3/libopencm3-examples/libopencm3/lib/libopencm3_lm4f.a(vector.o)
uart7_isr                                         /home/ryan/Desktop/libopencm3/libopencm3-examples/libopencm3/lib/libopencm3_lm4f.a(vector.o)
udma_isr                                          /home/ryan/Desktop/libopencm3/libopencm3-examples/libopencm3/lib/libopencm3_lm4f.a(vector.o)
udmaerr_isr                                       /home/ryan/Desktop/libopencm3/libopencm3-examples/libopencm3/lib/libopencm3_lm4f.a(vector.o)
usage_fault_handler                               /home/ryan/Desktop/libopencm3/libopencm3-examples/libopencm3/lib/libopencm3_lm4f.a(vector.o)
usb0_isr                                          /home/ryan/Desktop/libopencm3/libopencm3-examples/libopencm3/lib/libopencm3_lm4f.a(vector.o)
vector_table                                      /home/ryan/Desktop/libopencm3/libopencm3-examples/libopencm3/lib/libopencm3_lm4f.a(vector.o)
watchdog_isr                                      /home/ryan/Desktop/libopencm3/libopencm3-examples/libopencm3/lib/libopencm3_lm4f.a(vector.o)
wtimer0a_isr                                      /home/ryan/Desktop/libopencm3/libopencm3-examples/libopencm3/lib/libopencm3_lm4f.a(vector.o)
wtimer0b_isr                                      /home/ryan/Desktop/libopencm3/libopencm3-examples/libopencm3/lib/libopencm3_lm4f.a(vector.o)
wtimer1a_isr                                      /home/ryan/Desktop/libopencm3/libopencm3-examples/libopencm3/lib/libopencm3_lm4f.a(vector.o)
wtimer1b_isr                                      /home/ryan/Desktop/libopencm3/libopencm3-examples/libopencm3/lib/libopencm3_lm4f.a(vector.o)
wtimer2a_isr                                      /home/ryan/Desktop/libopencm3/libopencm3-examples/libopencm3/lib/libopencm3_lm4f.a(vector.o)
wtimer2b_isr                                      /home/ryan/Desktop/libopencm3/libopencm3-examples/libopencm3/lib/libopencm3_lm4f.a(vector.o)
wtimer3a_isr                                      /home/ryan/Desktop/libopencm3/libopencm3-examples/libopencm3/lib/libopencm3_lm4f.a(vector.o)
wtimer3b_isr                                      /home/ryan/Desktop/libopencm3/libopencm3-examples/libopencm3/lib/libopencm3_lm4f.a(vector.o)
wtimer4a_isr                                      /home/ryan/Desktop/libopencm3/libopencm3-examples/libopencm3/lib/libopencm3_lm4f.a(vector.o)
wtimer4b_isr                                      /home/ryan/Desktop/libopencm3/libopencm3-examples/libopencm3/lib/libopencm3_lm4f.a(vector.o)
wtimer5a_isr                                      /home/ryan/Desktop/libopencm3/libopencm3-examples/libopencm3/lib/libopencm3_lm4f.a(vector.o)
wtimer5b_isr                                      /home/ryan/Desktop/libopencm3/libopencm3-examples/libopencm3/lib/libopencm3_lm4f.a(vector.o)
