Archive member included to satisfy reference by file (symbol)

/home/ryan/Desktop/libopencm3/libopencm3-examples/libopencm3/lib/libopencm3_stm32f1.a(gpio.o)
                              timer.o (gpio_set_mode)
/home/ryan/Desktop/libopencm3/libopencm3-examples/libopencm3/lib/libopencm3_stm32f1.a(rcc.o)
                              timer.o (rcc_clock_setup_in_hse_16mhz_out_72mhz)
/home/ryan/Desktop/libopencm3/libopencm3-examples/libopencm3/lib/libopencm3_stm32f1.a(gpio_common_all.o)
                              timer.o (gpio_set)
/home/ryan/Desktop/libopencm3/libopencm3-examples/libopencm3/lib/libopencm3_stm32f1.a(rcc_common_all.o)
                              timer.o (rcc_periph_clock_enable)
/home/ryan/Desktop/libopencm3/libopencm3-examples/libopencm3/lib/libopencm3_stm32f1.a(flash_common_f01.o)
                              /home/ryan/Desktop/libopencm3/libopencm3-examples/libopencm3/lib/libopencm3_stm32f1.a(rcc.o) (flash_set_ws)
/home/ryan/Desktop/libopencm3/libopencm3-examples/libopencm3/lib/libopencm3_stm32f1.a(vector.o)
                              (reset_handler)
/home/ryan/Desktop/libopencm3/libopencm3-examples/libopencm3/lib/libopencm3_stm32f1.a(nvic.o)
                              timer.o (nvic_enable_irq)
/home/ryan/Desktop/libopencm3/libopencm3-examples/libopencm3/lib/libopencm3_stm32f1.a(assert.o)
                              /home/ryan/Desktop/libopencm3/libopencm3-examples/libopencm3/lib/libopencm3_stm32f1.a(rcc.o) (cm3_assert_failed)
/home/ryan/Desktop/libopencm3/libopencm3-examples/libopencm3/lib/libopencm3_stm32f1.a(flash.o)
                              /home/ryan/Desktop/libopencm3/libopencm3-examples/libopencm3/lib/libopencm3_stm32f1.a(flash_common_f01.o) (flash_get_status_flags)

Discarded input sections

 .group         0x0000000000000000        0x8 timer.o
 .group         0x0000000000000000        0x8 timer.o
 .group         0x0000000000000000        0x8 timer.o
 .group         0x0000000000000000        0x8 timer.o
 .group         0x0000000000000000        0x8 timer.o
 .group         0x0000000000000000        0x8 timer.o
 .group         0x0000000000000000        0x8 timer.o
 .group         0x0000000000000000        0x8 timer.o
 .group         0x0000000000000000        0x8 timer.o
 .group         0x0000000000000000        0x8 timer.o
 .group         0x0000000000000000        0x8 timer.o
 .group         0x0000000000000000        0x8 timer.o
 .group         0x0000000000000000        0x8 timer.o
 .group         0x0000000000000000        0x8 timer.o
 .group         0x0000000000000000        0x8 timer.o
 .group         0x0000000000000000        0x8 timer.o
 .group         0x0000000000000000        0x8 timer.o
 .group         0x0000000000000000        0x8 timer.o
 .group         0x0000000000000000        0x8 timer.o
 .text          0x0000000000000000        0x0 timer.o
 .data          0x0000000000000000        0x0 timer.o
 .bss           0x0000000000000000        0x0 timer.o
 .group         0x0000000000000000        0x8 /home/ryan/Desktop/libopencm3/libopencm3-examples/libopencm3/lib/libopencm3_stm32f1.a(gpio.o)
 .group         0x0000000000000000        0x8 /home/ryan/Desktop/libopencm3/libopencm3-examples/libopencm3/lib/libopencm3_stm32f1.a(gpio.o)
 .group         0x0000000000000000        0x8 /home/ryan/Desktop/libopencm3/libopencm3-examples/libopencm3/lib/libopencm3_stm32f1.a(gpio.o)
 .group         0x0000000000000000        0x8 /home/ryan/Desktop/libopencm3/libopencm3-examples/libopencm3/lib/libopencm3_stm32f1.a(gpio.o)
 .group         0x0000000000000000        0x8 /home/ryan/Desktop/libopencm3/libopencm3-examples/libopencm3/lib/libopencm3_stm32f1.a(gpio.o)
 .group         0x0000000000000000        0x8 /home/ryan/Desktop/libopencm3/libopencm3-examples/libopencm3/lib/libopencm3_stm32f1.a(gpio.o)
 .group         0x0000000000000000        0x8 /home/ryan/Desktop/libopencm3/libopencm3-examples/libopencm3/lib/libopencm3_stm32f1.a(gpio.o)
 .group         0x0000000000000000        0x8 /home/ryan/Desktop/libopencm3/libopencm3-examples/libopencm3/lib/libopencm3_stm32f1.a(gpio.o)
 .group         0x0000000000000000        0x8 /home/ryan/Desktop/libopencm3/libopencm3-examples/libopencm3/lib/libopencm3_stm32f1.a(gpio.o)
 .group         0x0000000000000000        0x8 /home/ryan/Desktop/libopencm3/libopencm3-examples/libopencm3/lib/libopencm3_stm32f1.a(gpio.o)
 .group         0x0000000000000000        0x8 /home/ryan/Desktop/libopencm3/libopencm3-examples/libopencm3/lib/libopencm3_stm32f1.a(gpio.o)
 .group         0x0000000000000000        0x8 /home/ryan/Desktop/libopencm3/libopencm3-examples/libopencm3/lib/libopencm3_stm32f1.a(gpio.o)
 .group         0x0000000000000000        0x8 /home/ryan/Desktop/libopencm3/libopencm3-examples/libopencm3/lib/libopencm3_stm32f1.a(gpio.o)
 .text          0x0000000000000000        0x0 /home/ryan/Desktop/libopencm3/libopencm3-examples/libopencm3/lib/libopencm3_stm32f1.a(gpio.o)
[...]
Memory Configuration

Name             Origin             Length             Attributes
rom              0x0000000008000000 0x0000000000020000 xr
ram              0x0000000020000000 0x0000000000005000 xrw
*default*        0x0000000000000000 0xffffffffffffffff

Linker script and memory map

LOAD timer.o
LOAD /home/ryan/Desktop/libopencm3/libopencm3-examples/libopencm3/lib/libopencm3_stm32f1.a
START GROUP
LOAD /usr/lib/gcc/arm-none-eabi/5.4.1/../../../arm-none-eabi/lib/armv7-m/libc.a
LOAD /usr/lib/gcc/arm-none-eabi/5.4.1/armv7-m/libgcc.a
LOAD /usr/lib/gcc/arm-none-eabi/5.4.1/../../../arm-none-eabi/lib/armv7-m/libnosys.a
END GROUP
START GROUP
LOAD /usr/lib/gcc/arm-none-eabi/5.4.1/armv7-m/libgcc.a
LOAD /usr/lib/gcc/arm-none-eabi/5.4.1/../../../arm-none-eabi/lib/armv7-m/libg.a
LOAD /usr/lib/gcc/arm-none-eabi/5.4.1/../../../arm-none-eabi/lib/armv7-m/libc.a
END GROUP

.text           0x0000000008000000      0x570
 *(.vectors)
 .vectors       0x0000000008000000      0x150 /home/ryan/Desktop/libopencm3/libopencm3-examples/libopencm3/lib/libopencm3_stm32f1.a(vector.o)
                0x0000000008000000                vector_table
 *(.text*)
 .text.tim2_isr
                0x0000000008000150       0x20 timer.o
                0x0000000008000150                tim2_isr
 .text.startup.main
                0x0000000008000170       0x84 timer.o
                0x0000000008000170                main
 .text.gpio_set_mode
                0x00000000080001f4       0x64 /home/ryan/Desktop/libopencm3/libopencm3-examples/libopencm3/lib/libopencm3_stm32f1.a(gpio.o)
                0x00000000080001f4                gpio_set_mode
 .text.rcc_osc_on.part.1
                0x0000000008000258       0x10 /home/ryan/Desktop/libopencm3/libopencm3-examples/libopencm3/lib/libopencm3_stm32f1.a(rcc.o)
 .text.rcc_is_osc_ready
                0x0000000008000268       0x5c /home/ryan/Desktop/libopencm3/libopencm3-examples/libopencm3/lib/libopencm3_stm32f1.a(rcc.o)
                0x0000000008000268                rcc_is_osc_ready
 .text.rcc_wait_for_osc_ready
                0x00000000080002c4       0x10 /home/ryan/Desktop/libopencm3/libopencm3-examples/libopencm3/lib/libopencm3_stm32f1.a(rcc.o)
                0x00000000080002c4                rcc_wait_for_osc_ready
 .text.rcc_osc_on
                0x00000000080002d4       0x54 /home/ryan/Desktop/libopencm3/libopencm3-examples/libopencm3/lib/libopencm3_stm32f1.a(rcc.o)
                0x00000000080002d4                rcc_osc_on
 .text.rcc_set_sysclk_source
                0x0000000008000328       0x14 /home/ryan/Desktop/libopencm3/libopencm3-examples/libopencm3/lib/libopencm3_stm32f1.a(rcc.o)
                0x0000000008000328                rcc_set_sysclk_source
 .text.rcc_set_pll_multiplication_factor
                0x000000000800033c       0x14 /home/ryan/Desktop/libopencm3/libopencm3-examples/libopencm3/lib/libopencm3_stm32f1.a(rcc.o)
                0x000000000800033c                rcc_set_pll_multiplication_factor
 .text.rcc_set_pll_source
                0x0000000008000350       0x14 /home/ryan/Desktop/libopencm3/libopencm3-examples/libopencm3/lib/libopencm3_stm32f1.a(rcc.o)
                0x0000000008000350                rcc_set_pll_source
 .text.rcc_set_pllxtpre
                0x0000000008000364       0x14 /home/ryan/Desktop/libopencm3/libopencm3-examples/libopencm3/lib/libopencm3_stm32f1.a(rcc.o)
                0x0000000008000364                rcc_set_pllxtpre
 .text.rcc_set_adcpre
                0x0000000008000378       0x14 /home/ryan/Desktop/libopencm3/libopencm3-examples/libopencm3/lib/libopencm3_stm32f1.a(rcc.o)
                0x0000000008000378                rcc_set_adcpre
 .text.rcc_set_ppre2
                0x000000000800038c       0x14 /home/ryan/Desktop/libopencm3/libopencm3-examples/libopencm3/lib/libopencm3_stm32f1.a(rcc.o)
                0x000000000800038c                rcc_set_ppre2
 .text.rcc_set_ppre1
                0x00000000080003a0       0x14 /home/ryan/Desktop/libopencm3/libopencm3-examples/libopencm3/lib/libopencm3_stm32f1.a(rcc.o)
                0x00000000080003a0                rcc_set_ppre1
 .text.rcc_set_hpre
                0x00000000080003b4       0x14 /home/ryan/Desktop/libopencm3/libopencm3-examples/libopencm3/lib/libopencm3_stm32f1.a(rcc.o)
                0x00000000080003b4                rcc_set_hpre
 .text.rcc_clock_setup_in_hse_16mhz_out_72mhz
                0x00000000080003c8       0x8c /home/ryan/Desktop/libopencm3/libopencm3-examples/libopencm3/lib/libopencm3_stm32f1.a(rcc.o)
                0x00000000080003c8                rcc_clock_setup_in_hse_16mhz_out_72mhz
 .text.gpio_set
                0x0000000008000454        0x4 /home/ryan/Desktop/libopencm3/libopencm3-examples/libopencm3/lib/libopencm3_stm32f1.a(gpio_common_all.o)
                0x0000000008000454                gpio_set
 .text.gpio_clear
                0x0000000008000458        0x6 /home/ryan/Desktop/libopencm3/libopencm3-examples/libopencm3/lib/libopencm3_stm32f1.a(gpio_common_all.o)
                0x0000000008000458                gpio_clear
 .text.gpio_toggle
                0x000000000800045e       0x12 /home/ryan/Desktop/libopencm3/libopencm3-examples/libopencm3/lib/libopencm3_stm32f1.a(gpio_common_all.o)
                0x000000000800045e                gpio_toggle
 .text.rcc_periph_clock_enable
                0x0000000008000470       0x1c /home/ryan/Desktop/libopencm3/libopencm3-examples/libopencm3/lib/libopencm3_stm32f1.a(rcc_common_all.o)
                0x0000000008000470                rcc_periph_clock_enable
 .text.flash_set_ws
                0x000000000800048c       0x14 /home/ryan/Desktop/libopencm3/libopencm3-examples/libopencm3/lib/libopencm3_stm32f1.a(flash_common_f01.o)
                0x000000000800048c                flash_set_ws
 .text.blocking_handler
                0x00000000080004a0        0x2 /home/ryan/Desktop/libopencm3/libopencm3-examples/libopencm3/lib/libopencm3_stm32f1.a(vector.o)
                0x00000000080004a0                usart3_isr
                0x00000000080004a0                rtc_isr
                0x00000000080004a0                tim7_isr
                0x00000000080004a0                adc1_2_isr
                0x00000000080004a0                tim1_trg_com_isr
                0x00000000080004a0                usb_hp_can_tx_isr
                0x00000000080004a0                tim6_isr
                0x00000000080004a0                usb_wakeup_isr
                0x00000000080004a0                blocking_handler
                0x00000000080004a0                tim5_isr
                0x00000000080004a0                otg_fs_isr
                0x00000000080004a0                spi1_isr
                0x00000000080004a0                exti2_isr
                0x00000000080004a0                dma1_channel6_isr
                0x00000000080004a0                can_rx1_isr
                0x00000000080004a0                dma1_channel5_isr
                0x00000000080004a0                dma2_channel5_isr
                0x00000000080004a0                usart1_isr
                0x00000000080004a0                usage_fault_handler
                0x00000000080004a0                tim8_trg_com_isr
                0x00000000080004a0                can2_rx0_isr
                0x00000000080004a0                tim1_brk_isr
                0x00000000080004a0                can2_rx1_isr
                0x00000000080004a0                tim1_cc_isr
                0x00000000080004a0                sdio_isr
                0x00000000080004a0                eth_isr
                0x00000000080004a0                dma1_channel4_isr
                0x00000000080004a0                tim8_brk_isr
                0x00000000080004a0                dma2_channel4_5_isr
                0x00000000080004a0                pvd_isr
                0x00000000080004a0                rcc_isr
                0x00000000080004a0                flash_isr
                0x00000000080004a0                uart4_isr
                0x00000000080004a0                rtc_alarm_isr
                0x00000000080004a0                exti15_10_isr
                0x00000000080004a0                hard_fault_handler
                0x00000000080004a0                exti1_isr
                0x00000000080004a0                i2c1_ev_isr
                0x00000000080004a0                dma2_channel1_isr
                0x00000000080004a0                spi2_isr
                0x00000000080004a0                tim8_up_isr
                0x00000000080004a0                dma2_channel2_isr
                0x00000000080004a0                exti3_isr
                0x00000000080004a0                adc3_isr
                0x00000000080004a0                tim3_isr
                0x00000000080004a0                usart2_isr
                0x00000000080004a0                usb_lp_can_rx0_isr
                0x00000000080004a0                i2c2_er_isr
                0x00000000080004a0                i2c2_ev_isr
                0x00000000080004a0                uart5_isr
                0x00000000080004a0                fsmc_isr
                0x00000000080004a0                dma1_channel1_isr
                0x00000000080004a0                exti4_isr
                0x00000000080004a0                mem_manage_handler
                0x00000000080004a0                can2_tx_isr
                0x00000000080004a0                exti9_5_isr
                0x00000000080004a0                dma2_channel3_isr
                0x00000000080004a0                dma1_channel7_isr
                0x00000000080004a0                tim1_up_isr
                0x00000000080004a0                can2_sce_isr
                0x00000000080004a0                tim4_isr
                0x00000000080004a0                dma1_channel2_isr
                0x00000000080004a0                i2c1_er_isr
                0x00000000080004a0                can_sce_isr
                0x00000000080004a0                tim8_cc_isr
                0x00000000080004a0                tamper_isr
                0x00000000080004a0                eth_wkup_isr
                0x00000000080004a0                bus_fault_handler
                0x00000000080004a0                wwdg_isr
                0x00000000080004a0                dma1_channel3_isr
                0x00000000080004a0                spi3_isr
                0x00000000080004a0                exti0_isr
 .text.null_handler
                0x00000000080004a2        0x2 /home/ryan/Desktop/libopencm3/libopencm3-examples/libopencm3/lib/libopencm3_stm32f1.a(vector.o)
                0x00000000080004a2                null_handler
                0x00000000080004a2                sv_call_handler
                0x00000000080004a2                pend_sv_handler
                0x00000000080004a2                debug_monitor_handler
                0x00000000080004a2                sys_tick_handler
                0x00000000080004a2                nmi_handler
 .text.reset_handler
                0x00000000080004a4       0x90 /home/ryan/Desktop/libopencm3/libopencm3-examples/libopencm3/lib/libopencm3_stm32f1.a(vector.o)
                0x00000000080004a4                reset_handler
 .text.nvic_enable_irq
                0x0000000008000534       0x1a /home/ryan/Desktop/libopencm3/libopencm3-examples/libopencm3/lib/libopencm3_stm32f1.a(nvic.o)
                0x0000000008000534                nvic_enable_irq
 *fill*         0x000000000800054e        0x2 
 .text.nvic_set_priority
                0x0000000008000550       0x20 /home/ryan/Desktop/libopencm3/libopencm3-examples/libopencm3/lib/libopencm3_stm32f1.a(nvic.o)
                0x0000000008000550                nvic_set_priority
                0x0000000008000570                . = ALIGN (0x4)
 *(.rodata*)
                0x0000000008000570                . = ALIGN (0x4)

.glue_7         0x0000000008000570        0x0
 .glue_7        0x0000000008000570        0x0 linker stubs

.glue_7t        0x0000000008000570        0x0
 .glue_7t       0x0000000008000570        0x0 linker stubs

.vfp11_veneer   0x0000000008000570        0x0
 .vfp11_veneer  0x0000000008000570        0x0 linker stubs

.v4_bx          0x0000000008000570        0x0
 .v4_bx         0x0000000008000570        0x0 linker stubs

.iplt           0x0000000008000570        0x0
 .iplt          0x0000000008000570        0x0 timer.o

.rel.dyn        0x0000000008000570        0x0
 .rel.iplt      0x0000000008000570        0x0 timer.o

.preinit_array  0x0000000008000570        0x0
                0x0000000008000570                . = ALIGN (0x4)
                0x0000000008000570                __preinit_array_start = .
 *(.preinit_array)
                0x0000000008000570                __preinit_array_end = .

.init_array     0x0000000008000570        0x0
                0x0000000008000570                . = ALIGN (0x4)
                0x0000000008000570                __init_array_start = .
 *(SORT(.init_array.*))
 *(.init_array)
                0x0000000008000570                __init_array_end = .

.fini_array     0x0000000008000570        0x0
                0x0000000008000570                . = ALIGN (0x4)
                0x0000000008000570                __fini_array_start = .
 *(.fini_array)
 *(SORT(.fini_array.*))
                0x0000000008000570                __fini_array_end = .

.ARM.extab
 *(.ARM.extab*)

.ARM.exidx      0x0000000008000570        0x0
                0x0000000008000570                __exidx_start = .
 *(.ARM.exidx*)
                0x0000000008000570                __exidx_end = .
                0x0000000008000570                . = ALIGN (0x4)
                0x0000000008000570                _etext = .

.data           0x0000000020000000        0xc load address 0x0000000008000570
                0x0000000020000000                _data = .
 *(.data*)
 .data.rcc_ahb_frequency
                0x0000000020000000        0x4 /home/ryan/Desktop/libopencm3/libopencm3-examples/libopencm3/lib/libopencm3_stm32f1.a(rcc.o)
                0x0000000020000000                rcc_ahb_frequency
 .data.rcc_apb1_frequency
                0x0000000020000004        0x4 /home/ryan/Desktop/libopencm3/libopencm3-examples/libopencm3/lib/libopencm3_stm32f1.a(rcc.o)
                0x0000000020000004                rcc_apb1_frequency
 .data.rcc_apb2_frequency
                0x0000000020000008        0x4 /home/ryan/Desktop/libopencm3/libopencm3-examples/libopencm3/lib/libopencm3_stm32f1.a(rcc.o)
                0x0000000020000008                rcc_apb2_frequency
                0x000000002000000c                . = ALIGN (0x4)
                0x000000002000000c                _edata = .
                0x0000000008000570                _data_loadaddr = LOADADDR (.data)

.igot.plt       0x000000002000000c        0x0 load address 0x000000000800057c
 .igot.plt      0x000000002000000c        0x0 timer.o

.bss            0x000000002000000c        0x0 load address 0x000000000800057c
 *(.bss*)
 *(COMMON)
                0x000000002000000c                . = ALIGN (0x4)
                0x000000002000000c                _ebss = .

/DISCARD/
 *(.eh_frame)
                0x000000002000000c                . = ALIGN (0x4)
                0x000000002000000c                end = .
                0x0000000020005000                PROVIDE (_stack, (ORIGIN (ram) + LENGTH (ram)))
OUTPUT(timer.elf elf32-littlearm)

.debug_info     0x0000000000000000     0x25ce
 .debug_info    0x0000000000000000      0x3e3 timer.o
 .debug_info    0x00000000000003e3      0x1df /home/ryan/Desktop/libopencm3/libopencm3-examples/libopencm3/lib/libopencm3_stm32f1.a(gpio.o)
 .debug_info    0x00000000000005c2     0x1120 /home/ryan/Desktop/libopencm3/libopencm3-examples/libopencm3/lib/libopencm3_stm32f1.a(rcc.o)
 .debug_info    0x00000000000016e2      0x22c /home/ryan/Desktop/libopencm3/libopencm3-examples/libopencm3/lib/libopencm3_stm32f1.a(gpio_common_all.o)
 .debug_info    0x000000000000190e      0x58c /home/ryan/Desktop/libopencm3/libopencm3-examples/libopencm3/lib/libopencm3_stm32f1.a(rcc_common_all.o)
 .debug_info    0x0000000000001e9a      0x278 /home/ryan/Desktop/libopencm3/libopencm3-examples/libopencm3/lib/libopencm3_stm32f1.a(flash_common_f01.o)
 .debug_info    0x0000000000002112      0x2a8 /home/ryan/Desktop/libopencm3/libopencm3-examples/libopencm3/lib/libopencm3_stm32f1.a(vector.o)
 .debug_info    0x00000000000023ba      0x214 /home/ryan/Desktop/libopencm3/libopencm3-examples/libopencm3/lib/libopencm3_stm32f1.a(nvic.o)

.debug_abbrev   0x0000000000000000      0x90b
 .debug_abbrev  0x0000000000000000       0xfe timer.o
 .debug_abbrev  0x00000000000000fe       0xb7 /home/ryan/Desktop/libopencm3/libopencm3-examples/libopencm3/lib/libopencm3_stm32f1.a(gpio.o)
 .debug_abbrev  0x00000000000001b5      0x272 /home/ryan/Desktop/libopencm3/libopencm3-examples/libopencm3/lib/libopencm3_stm32f1.a(rcc.o)
 .debug_abbrev  0x0000000000000427      0x10e /home/ryan/Desktop/libopencm3/libopencm3-examples/libopencm3/lib/libopencm3_stm32f1.a(gpio_common_all.o)
 .debug_abbrev  0x0000000000000535      0x11d /home/ryan/Desktop/libopencm3/libopencm3-examples/libopencm3/lib/libopencm3_stm32f1.a(rcc_common_all.o)
 .debug_abbrev  0x0000000000000652       0xcd /home/ryan/Desktop/libopencm3/libopencm3-examples/libopencm3/lib/libopencm3_stm32f1.a(flash_common_f01.o)
 .debug_abbrev  0x000000000000071f      0x146 /home/ryan/Desktop/libopencm3/libopencm3-examples/libopencm3/lib/libopencm3_stm32f1.a(vector.o)
 .debug_abbrev  0x0000000000000865       0xa6 /home/ryan/Desktop/libopencm3/libopencm3-examples/libopencm3/lib/libopencm3_stm32f1.a(nvic.o)

.debug_aranges  0x0000000000000000      0x388
 .debug_aranges
                0x0000000000000000       0x28 timer.o
 .debug_aranges
                0x0000000000000028       0x38 /home/ryan/Desktop/libopencm3/libopencm3-examples/libopencm3/lib/libopencm3_stm32f1.a(gpio.o)
 .debug_aranges
                0x0000000000000060      0x158 /home/ryan/Desktop/libopencm3/libopencm3-examples/libopencm3/lib/libopencm3_stm32f1.a(rcc.o)
 .debug_aranges
                0x00000000000001b8       0x50 /home/ryan/Desktop/libopencm3/libopencm3-examples/libopencm3/lib/libopencm3_stm32f1.a(gpio_common_all.o)
 .debug_aranges
                0x0000000000000208       0x68 /home/ryan/Desktop/libopencm3/libopencm3-examples/libopencm3/lib/libopencm3_stm32f1.a(rcc_common_all.o)
 .debug_aranges
                0x0000000000000270       0x88 /home/ryan/Desktop/libopencm3/libopencm3-examples/libopencm3/lib/libopencm3_stm32f1.a(flash_common_f01.o)
 .debug_aranges
                0x00000000000002f8       0x30 /home/ryan/Desktop/libopencm3/libopencm3-examples/libopencm3/lib/libopencm3_stm32f1.a(vector.o)
 .debug_aranges
                0x0000000000000328       0x60 /home/ryan/Desktop/libopencm3/libopencm3-examples/libopencm3/lib/libopencm3_stm32f1.a(nvic.o)

.debug_ranges   0x0000000000000000      0x368
 .debug_ranges  0x0000000000000000       0x18 timer.o
 .debug_ranges  0x0000000000000018       0x28 /home/ryan/Desktop/libopencm3/libopencm3-examples/libopencm3/lib/libopencm3_stm32f1.a(gpio.o)
 .debug_ranges  0x0000000000000040      0x1a8 /home/ryan/Desktop/libopencm3/libopencm3-examples/libopencm3/lib/libopencm3_stm32f1.a(rcc.o)
 .debug_ranges  0x00000000000001e8       0x40 /home/ryan/Desktop/libopencm3/libopencm3-examples/libopencm3/lib/libopencm3_stm32f1.a(gpio_common_all.o)
 .debug_ranges  0x0000000000000228       0x58 /home/ryan/Desktop/libopencm3/libopencm3-examples/libopencm3/lib/libopencm3_stm32f1.a(rcc_common_all.o)
 .debug_ranges  0x0000000000000280       0x78 /home/ryan/Desktop/libopencm3/libopencm3-examples/libopencm3/lib/libopencm3_stm32f1.a(flash_common_f01.o)
 .debug_ranges  0x00000000000002f8       0x20 /home/ryan/Desktop/libopencm3/libopencm3-examples/libopencm3/lib/libopencm3_stm32f1.a(vector.o)
 .debug_ranges  0x0000000000000318       0x50 /home/ryan/Desktop/libopencm3/libopencm3-examples/libopencm3/lib/libopencm3_stm32f1.a(nvic.o)

.debug_macro    0x0000000000000000     0x4572
 .debug_macro   0x0000000000000000      0x125 timer.o
 .debug_macro   0x0000000000000125      0x86e timer.o
 .debug_macro   0x0000000000000993       0x22 timer.o
 .debug_macro   0x00000000000009b5       0x4f timer.o
 .debug_macro   0x0000000000000a04       0x44 timer.o
 .debug_macro   0x0000000000000a48       0xfd timer.o
 .debug_macro   0x0000000000000b45       0x5e timer.o
 .debug_macro   0x0000000000000ba3      0x1df timer.o
 .debug_macro   0x0000000000000d82       0x22 timer.o
 .debug_macro   0x0000000000000da4       0xfa timer.o
 .debug_macro   0x0000000000000e9e       0x58 timer.o
 .debug_macro   0x0000000000000ef6      0x1b4 timer.o
 .debug_macro   0x00000000000010aa      0x82c timer.o
 .debug_macro   0x00000000000018d6       0xdc timer.o
 .debug_macro   0x00000000000019b2       0x82 timer.o
 .debug_macro   0x0000000000001a34       0x76 timer.o
 .debug_macro   0x0000000000001aaa      0xdfd timer.o
 .debug_macro   0x00000000000028a7      0xf96 timer.o
 .debug_macro   0x000000000000383d       0x6a timer.o
 .debug_macro   0x00000000000038a7      0x1a2 timer.o
 .debug_macro   0x0000000000003a49       0xb9 /home/ryan/Desktop/libopencm3/libopencm3-examples/libopencm3/lib/libopencm3_stm32f1.a(gpio.o)
 .debug_macro   0x0000000000003b02       0xe0 /home/ryan/Desktop/libopencm3/libopencm3-examples/libopencm3/lib/libopencm3_stm32f1.a(rcc.o)
 .debug_macro   0x0000000000003be2       0x16 /home/ryan/Desktop/libopencm3/libopencm3-examples/libopencm3/lib/libopencm3_stm32f1.a(rcc.o)
 .debug_macro   0x0000000000003bf8       0xb9 /home/ryan/Desktop/libopencm3/libopencm3-examples/libopencm3/lib/libopencm3_stm32f1.a(gpio_common_all.o)
 .debug_macro   0x0000000000003cb1       0xcf /home/ryan/Desktop/libopencm3/libopencm3-examples/libopencm3/lib/libopencm3_stm32f1.a(rcc_common_all.o)
 .debug_macro   0x0000000000003d80       0xb9 /home/ryan/Desktop/libopencm3/libopencm3-examples/libopencm3/lib/libopencm3_stm32f1.a(flash_common_f01.o)
 .debug_macro   0x0000000000003e39       0xd0 /home/ryan/Desktop/libopencm3/libopencm3-examples/libopencm3/lib/libopencm3_stm32f1.a(vector.o)
 .debug_macro   0x0000000000003f09      0x3a1 /home/ryan/Desktop/libopencm3/libopencm3-examples/libopencm3/lib/libopencm3_stm32f1.a(vector.o)
 .debug_macro   0x00000000000042aa       0xb4 /home/ryan/Desktop/libopencm3/libopencm3-examples/libopencm3/lib/libopencm3_stm32f1.a(nvic.o)
 .debug_macro   0x000000000000435e       0x64 /home/ryan/Desktop/libopencm3/libopencm3-examples/libopencm3/lib/libopencm3_stm32f1.a(nvic.o)
 .debug_macro   0x00000000000043c2      0x1b0 /home/ryan/Desktop/libopencm3/libopencm3-examples/libopencm3/lib/libopencm3_stm32f1.a(nvic.o)

.debug_line     0x0000000000000000     0x19c3
 .debug_line    0x0000000000000000      0x3f8 timer.o
 .debug_line    0x00000000000003f8      0x261 /home/ryan/Desktop/libopencm3/libopencm3-examples/libopencm3/lib/libopencm3_stm32f1.a(gpio.o)
 .debug_line    0x0000000000000659      0x5e9 /home/ryan/Desktop/libopencm3/libopencm3-examples/libopencm3/lib/libopencm3_stm32f1.a(rcc.o)
 .debug_line    0x0000000000000c42      0x295 /home/ryan/Desktop/libopencm3/libopencm3-examples/libopencm3/lib/libopencm3_stm32f1.a(gpio_common_all.o)
 .debug_line    0x0000000000000ed7      0x2c0 /home/ryan/Desktop/libopencm3/libopencm3-examples/libopencm3/lib/libopencm3_stm32f1.a(rcc_common_all.o)
 .debug_line    0x0000000000001197      0x320 /home/ryan/Desktop/libopencm3/libopencm3-examples/libopencm3/lib/libopencm3_stm32f1.a(flash_common_f01.o)
 .debug_line    0x00000000000014b7      0x2a7 /home/ryan/Desktop/libopencm3/libopencm3-examples/libopencm3/lib/libopencm3_stm32f1.a(vector.o)
 .debug_line    0x000000000000175e      0x265 /home/ryan/Desktop/libopencm3/libopencm3-examples/libopencm3/lib/libopencm3_stm32f1.a(nvic.o)

.debug_str      0x0000000000000000    0x122a4
 .debug_str     0x0000000000000000     0xf073 timer.o
                                       0xf1dc (size before relaxing)
 .debug_str     0x000000000000f073      0x152 /home/ryan/Desktop/libopencm3/libopencm3-examples/libopencm3/lib/libopencm3_stm32f1.a(gpio.o)
                                       0x7b71 (size before relaxing)
 .debug_str     0x000000000000f1c5      0x50c /home/ryan/Desktop/libopencm3/libopencm3-examples/libopencm3/lib/libopencm3_stm32f1.a(rcc.o)
                                       0x740f (size before relaxing)
 .debug_str     0x000000000000f6d1       0x5a /home/ryan/Desktop/libopencm3/libopencm3-examples/libopencm3/lib/libopencm3_stm32f1.a(gpio_common_all.o)
                                       0x7b65 (size before relaxing)
 .debug_str     0x000000000000f72b      0x322 /home/ryan/Desktop/libopencm3/libopencm3-examples/libopencm3/lib/libopencm3_stm32f1.a(rcc_common_all.o)
                                       0x6d21 (size before relaxing)
 .debug_str     0x000000000000fa4d      0x181 /home/ryan/Desktop/libopencm3/libopencm3-examples/libopencm3/lib/libopencm3_stm32f1.a(flash_common_f01.o)
                                       0x4c18 (size before relaxing)
 .debug_str     0x000000000000fbce     0x1d08 /home/ryan/Desktop/libopencm3/libopencm3-examples/libopencm3/lib/libopencm3_stm32f1.a(vector.o)
                                       0x5cc2 (size before relaxing)
 .debug_str     0x00000000000118d6      0x9ce /home/ryan/Desktop/libopencm3/libopencm3-examples/libopencm3/lib/libopencm3_stm32f1.a(nvic.o)
                                       0x49ce (size before relaxing)

.comment        0x0000000000000000       0x2b
 .comment       0x0000000000000000       0x2b timer.o
                                         0x2c (size before relaxing)
 .comment       0x000000000000002b       0x2c /home/ryan/Desktop/libopencm3/libopencm3-examples/libopencm3/lib/libopencm3_stm32f1.a(gpio.o)
 .comment       0x000000000000002b       0x2c /home/ryan/Desktop/libopencm3/libopencm3-examples/libopencm3/lib/libopencm3_stm32f1.a(rcc.o)
 .comment       0x000000000000002b       0x2c /home/ryan/Desktop/libopencm3/libopencm3-examples/libopencm3/lib/libopencm3_stm32f1.a(gpio_common_all.o)
 .comment       0x000000000000002b       0x2c /home/ryan/Desktop/libopencm3/libopencm3-examples/libopencm3/lib/libopencm3_stm32f1.a(rcc_common_all.o)
 .comment       0x000000000000002b       0x2c /home/ryan/Desktop/libopencm3/libopencm3-examples/libopencm3/lib/libopencm3_stm32f1.a(flash_common_f01.o)
 .comment       0x000000000000002b       0x2c /home/ryan/Desktop/libopencm3/libopencm3-examples/libopencm3/lib/libopencm3_stm32f1.a(vector.o)
 .comment       0x000000000000002b       0x2c /home/ryan/Desktop/libopencm3/libopencm3-examples/libopencm3/lib/libopencm3_stm32f1.a(nvic.o)

.ARM.attributes
                0x0000000000000000       0x33
 .ARM.attributes
                0x0000000000000000       0x33 timer.o
 .ARM.attributes
                0x0000000000000033       0x33 /home/ryan/Desktop/libopencm3/libopencm3-examples/libopencm3/lib/libopencm3_stm32f1.a(gpio.o)
 .ARM.attributes
                0x0000000000000066       0x33 /home/ryan/Desktop/libopencm3/libopencm3-examples/libopencm3/lib/libopencm3_stm32f1.a(rcc.o)
 .ARM.attributes
                0x0000000000000099       0x33 /home/ryan/Desktop/libopencm3/libopencm3-examples/libopencm3/lib/libopencm3_stm32f1.a(gpio_common_all.o)
 .ARM.attributes
                0x00000000000000cc       0x33 /home/ryan/Desktop/libopencm3/libopencm3-examples/libopencm3/lib/libopencm3_stm32f1.a(rcc_common_all.o)
 .ARM.attributes
                0x00000000000000ff       0x33 /home/ryan/Desktop/libopencm3/libopencm3-examples/libopencm3/lib/libopencm3_stm32f1.a(flash_common_f01.o)
 .ARM.attributes
                0x0000000000000132       0x33 /home/ryan/Desktop/libopencm3/libopencm3-examples/libopencm3/lib/libopencm3_stm32f1.a(vector.o)
 .ARM.attributes
                0x0000000000000165       0x33 /home/ryan/Desktop/libopencm3/libopencm3-examples/libopencm3/lib/libopencm3_stm32f1.a(nvic.o)

.debug_frame    0x0000000000000000      0x6d4
 .debug_frame   0x0000000000000000       0x40 timer.o
 .debug_frame   0x0000000000000040       0x64 /home/ryan/Desktop/libopencm3/libopencm3-examples/libopencm3/lib/libopencm3_stm32f1.a(gpio.o)
 .debug_frame   0x00000000000000a4      0x2e0 /home/ryan/Desktop/libopencm3/libopencm3-examples/libopencm3/lib/libopencm3_stm32f1.a(rcc.o)
 .debug_frame   0x0000000000000384       0x80 /home/ryan/Desktop/libopencm3/libopencm3-examples/libopencm3/lib/libopencm3_stm32f1.a(gpio_common_all.o)
 .debug_frame   0x0000000000000404       0xd0 /home/ryan/Desktop/libopencm3/libopencm3-examples/libopencm3/lib/libopencm3_stm32f1.a(rcc_common_all.o)
 .debug_frame   0x00000000000004d4      0x120 /home/ryan/Desktop/libopencm3/libopencm3-examples/libopencm3/lib/libopencm3_stm32f1.a(flash_common_f01.o)
 .debug_frame   0x00000000000005f4       0x40 /home/ryan/Desktop/libopencm3/libopencm3-examples/libopencm3/lib/libopencm3_stm32f1.a(vector.o)
 .debug_frame   0x0000000000000634       0xa0 /home/ryan/Desktop/libopencm3/libopencm3-examples/libopencm3/lib/libopencm3_stm32f1.a(nvic.o)

.debug_loc      0x0000000000000000      0xad3
 .debug_loc     0x0000000000000000      0x19f /home/ryan/Desktop/libopencm3/libopencm3-examples/libopencm3/lib/libopencm3_stm32f1.a(gpio.o)
 .debug_loc     0x000000000000019f      0x4ba /home/ryan/Desktop/libopencm3/libopencm3-examples/libopencm3/lib/libopencm3_stm32f1.a(rcc.o)
 .debug_loc     0x0000000000000659       0x97 /home/ryan/Desktop/libopencm3/libopencm3-examples/libopencm3/lib/libopencm3_stm32f1.a(gpio_common_all.o)
 .debug_loc     0x00000000000006f0      0x108 /home/ryan/Desktop/libopencm3/libopencm3-examples/libopencm3/lib/libopencm3_stm32f1.a(rcc_common_all.o)
 .debug_loc     0x00000000000007f8       0xd3 /home/ryan/Desktop/libopencm3/libopencm3-examples/libopencm3/lib/libopencm3_stm32f1.a(flash_common_f01.o)
 .debug_loc     0x00000000000008cb       0xdf /home/ryan/Desktop/libopencm3/libopencm3-examples/libopencm3/lib/libopencm3_stm32f1.a(vector.o)
 .debug_loc     0x00000000000009aa      0x129 /home/ryan/Desktop/libopencm3/libopencm3-examples/libopencm3/lib/libopencm3_stm32f1.a(nvic.o)

Cross Reference Table

Symbol                                            File
__fini_array_end                                  /home/ryan/Desktop/libopencm3/libopencm3-examples/libopencm3/lib/libopencm3_stm32f1.a(vector.o)
__fini_array_start                                /home/ryan/Desktop/libopencm3/libopencm3-examples/libopencm3/lib/libopencm3_stm32f1.a(vector.o)
__init_array_end                                  /home/ryan/Desktop/libopencm3/libopencm3-examples/libopencm3/lib/libopencm3_stm32f1.a(vector.o)
__init_array_start                                /home/ryan/Desktop/libopencm3/libopencm3-examples/libopencm3/lib/libopencm3_stm32f1.a(vector.o)
__preinit_array_end                               /home/ryan/Desktop/libopencm3/libopencm3-examples/libopencm3/lib/libopencm3_stm32f1.a(vector.o)
__preinit_array_start                             /home/ryan/Desktop/libopencm3/libopencm3-examples/libopencm3/lib/libopencm3_stm32f1.a(vector.o)
_data                                             /home/ryan/Desktop/libopencm3/libopencm3-examples/libopencm3/lib/libopencm3_stm32f1.a(vector.o)
_data_loadaddr                                    /home/ryan/Desktop/libopencm3/libopencm3-examples/libopencm3/lib/libopencm3_stm32f1.a(vector.o)
_ebss                                             /home/ryan/Desktop/libopencm3/libopencm3-examples/libopencm3/lib/libopencm3_stm32f1.a(vector.o)
_edata                                            /home/ryan/Desktop/libopencm3/libopencm3-examples/libopencm3/lib/libopencm3_stm32f1.a(vector.o)
_stack                                            /home/ryan/Desktop/libopencm3/libopencm3-examples/libopencm3/lib/libopencm3_stm32f1.a(vector.o)
adc1_2_isr                                        /home/ryan/Desktop/libopencm3/libopencm3-examples/libopencm3/lib/libopencm3_stm32f1.a(vector.o)
adc3_isr                                          /home/ryan/Desktop/libopencm3/libopencm3-examples/libopencm3/lib/libopencm3_stm32f1.a(vector.o)
blocking_handler                                  /home/ryan/Desktop/libopencm3/libopencm3-examples/libopencm3/lib/libopencm3_stm32f1.a(vector.o)
bus_fault_handler                                 /home/ryan/Desktop/libopencm3/libopencm3-examples/libopencm3/lib/libopencm3_stm32f1.a(vector.o)
can2_rx0_isr                                      /home/ryan/Desktop/libopencm3/libopencm3-examples/libopencm3/lib/libopencm3_stm32f1.a(vector.o)
can2_rx1_isr                                      /home/ryan/Desktop/libopencm3/libopencm3-examples/libopencm3/lib/libopencm3_stm32f1.a(vector.o)
can2_sce_isr                                      /home/ryan/Desktop/libopencm3/libopencm3-examples/libopencm3/lib/libopencm3_stm32f1.a(vector.o)
can2_tx_isr                                       /home/ryan/Desktop/libopencm3/libopencm3-examples/libopencm3/lib/libopencm3_stm32f1.a(vector.o)
can_rx1_isr                                       /home/ryan/Desktop/libopencm3/libopencm3-examples/libopencm3/lib/libopencm3_stm32f1.a(vector.o)
can_sce_isr                                       /home/ryan/Desktop/libopencm3/libopencm3-examples/libopencm3/lib/libopencm3_stm32f1.a(vector.o)
cm3_assert_failed                                 /home/ryan/Desktop/libopencm3/libopencm3-examples/libopencm3/lib/libopencm3_stm32f1.a(assert.o)
                                                  /home/ryan/Desktop/libopencm3/libopencm3-examples/libopencm3/lib/libopencm3_stm32f1.a(rcc.o)
cm3_assert_failed_verbose                         /home/ryan/Desktop/libopencm3/libopencm3-examples/libopencm3/lib/libopencm3_stm32f1.a(assert.o)
debug_monitor_handler                             /home/ryan/Desktop/libopencm3/libopencm3-examples/libopencm3/lib/libopencm3_stm32f1.a(vector.o)
dma1_channel1_isr                                 /home/ryan/Desktop/libopencm3/libopencm3-examples/libopencm3/lib/libopencm3_stm32f1.a(vector.o)
dma1_channel2_isr                                 /home/ryan/Desktop/libopencm3/libopencm3-examples/libopencm3/lib/libopencm3_stm32f1.a(vector.o)
dma1_channel3_isr                                 /home/ryan/Desktop/libopencm3/libopencm3-examples/libopencm3/lib/libopencm3_stm32f1.a(vector.o)
dma1_channel4_isr                                 /home/ryan/Desktop/libopencm3/libopencm3-examples/libopencm3/lib/libopencm3_stm32f1.a(vector.o)
dma1_channel5_isr                                 /home/ryan/Desktop/libopencm3/libopencm3-examples/libopencm3/lib/libopencm3_stm32f1.a(vector.o)
dma1_channel6_isr                                 /home/ryan/Desktop/libopencm3/libopencm3-examples/libopencm3/lib/libopencm3_stm32f1.a(vector.o)
dma1_channel7_isr                                 /home/ryan/Desktop/libopencm3/libopencm3-examples/libopencm3/lib/libopencm3_stm32f1.a(vector.o)
dma2_channel1_isr                                 /home/ryan/Desktop/libopencm3/libopencm3-examples/libopencm3/lib/libopencm3_stm32f1.a(vector.o)
dma2_channel2_isr                                 /home/ryan/Desktop/libopencm3/libopencm3-examples/libopencm3/lib/libopencm3_stm32f1.a(vector.o)
dma2_channel3_isr                                 /home/ryan/Desktop/libopencm3/libopencm3-examples/libopencm3/lib/libopencm3_stm32f1.a(vector.o)
dma2_channel4_5_isr                               /home/ryan/Desktop/libopencm3/libopencm3-examples/libopencm3/lib/libopencm3_stm32f1.a(vector.o)
dma2_channel5_isr                                 /home/ryan/Desktop/libopencm3/libopencm3-examples/libopencm3/lib/libopencm3_stm32f1.a(vector.o)
eth_isr                                           /home/ryan/Desktop/libopencm3/libopencm3-examples/libopencm3/lib/libopencm3_stm32f1.a(vector.o)
eth_wkup_isr                                      /home/ryan/Desktop/libopencm3/libopencm3-examples/libopencm3/lib/libopencm3_stm32f1.a(vector.o)
exti0_isr                                         /home/ryan/Desktop/libopencm3/libopencm3-examples/libopencm3/lib/libopencm3_stm32f1.a(vector.o)
exti15_10_isr                                     /home/ryan/Desktop/libopencm3/libopencm3-examples/libopencm3/lib/libopencm3_stm32f1.a(vector.o)
exti1_isr                                         /home/ryan/Desktop/libopencm3/libopencm3-examples/libopencm3/lib/libopencm3_stm32f1.a(vector.o)
exti2_isr                                         /home/ryan/Desktop/libopencm3/libopencm3-examples/libopencm3/lib/libopencm3_stm32f1.a(vector.o)
exti3_isr                                         /home/ryan/Desktop/libopencm3/libopencm3-examples/libopencm3/lib/libopencm3_stm32f1.a(vector.o)
exti4_isr                                         /home/ryan/Desktop/libopencm3/libopencm3-examples/libopencm3/lib/libopencm3_stm32f1.a(vector.o)
exti9_5_isr                                       /home/ryan/Desktop/libopencm3/libopencm3-examples/libopencm3/lib/libopencm3_stm32f1.a(vector.o)
flash_clear_bsy_flag                              /home/ryan/Desktop/libopencm3/libopencm3-examples/libopencm3/lib/libopencm3_stm32f1.a(flash_common_f01.o)
                                                  /home/ryan/Desktop/libopencm3/libopencm3-examples/libopencm3/lib/libopencm3_stm32f1.a(flash.o)
flash_clear_bsy_flag_upper                        /home/ryan/Desktop/libopencm3/libopencm3-examples/libopencm3/lib/libopencm3_stm32f1.a(flash.o)
flash_clear_eop_flag                              /home/ryan/Desktop/libopencm3/libopencm3-examples/libopencm3/lib/libopencm3_stm32f1.a(flash_common_f01.o)
                                                  /home/ryan/Desktop/libopencm3/libopencm3-examples/libopencm3/lib/libopencm3_stm32f1.a(flash.o)
flash_clear_eop_flag_upper                        /home/ryan/Desktop/libopencm3/libopencm3-examples/libopencm3/lib/libopencm3_stm32f1.a(flash.o)
flash_clear_pgerr_flag                            /home/ryan/Desktop/libopencm3/libopencm3-examples/libopencm3/lib/libopencm3_stm32f1.a(flash_common_f01.o)
                                                  /home/ryan/Desktop/libopencm3/libopencm3-examples/libopencm3/lib/libopencm3_stm32f1.a(flash.o)
flash_clear_pgerr_flag_upper                      /home/ryan/Desktop/libopencm3/libopencm3-examples/libopencm3/lib/libopencm3_stm32f1.a(flash.o)
flash_clear_status_flags                          /home/ryan/Desktop/libopencm3/libopencm3-examples/libopencm3/lib/libopencm3_stm32f1.a(flash.o)
flash_clear_wrprterr_flag                         /home/ryan/Desktop/libopencm3/libopencm3-examples/libopencm3/lib/libopencm3_stm32f1.a(flash_common_f01.o)
                                                  /home/ryan/Desktop/libopencm3/libopencm3-examples/libopencm3/lib/libopencm3_stm32f1.a(flash.o)
flash_clear_wrprterr_flag_upper                   /home/ryan/Desktop/libopencm3/libopencm3-examples/libopencm3/lib/libopencm3_stm32f1.a(flash.o)
flash_erase_all_pages                             /home/ryan/Desktop/libopencm3/libopencm3-examples/libopencm3/lib/libopencm3_stm32f1.a(flash.o)
flash_erase_option_bytes                          /home/ryan/Desktop/libopencm3/libopencm3-examples/libopencm3/lib/libopencm3_stm32f1.a(flash_common_f01.o)
flash_erase_page                                  /home/ryan/Desktop/libopencm3/libopencm3-examples/libopencm3/lib/libopencm3_stm32f1.a(flash.o)
flash_get_status_flags                            /home/ryan/Desktop/libopencm3/libopencm3-examples/libopencm3/lib/libopencm3_stm32f1.a(flash.o)
                                                  /home/ryan/Desktop/libopencm3/libopencm3-examples/libopencm3/lib/libopencm3_stm32f1.a(flash_common_f01.o)
flash_halfcycle_disable                           /home/ryan/Desktop/libopencm3/libopencm3-examples/libopencm3/lib/libopencm3_stm32f1.a(flash.o)
flash_halfcycle_enable                            /home/ryan/Desktop/libopencm3/libopencm3-examples/libopencm3/lib/libopencm3_stm32f1.a(flash.o)
flash_isr                                         /home/ryan/Desktop/libopencm3/libopencm3-examples/libopencm3/lib/libopencm3_stm32f1.a(vector.o)
flash_lock                                        /home/ryan/Desktop/libopencm3/libopencm3-examples/libopencm3/lib/libopencm3_stm32f1.a(flash_common_f01.o)
flash_lock_upper                                  /home/ryan/Desktop/libopencm3/libopencm3-examples/libopencm3/lib/libopencm3_stm32f1.a(flash.o)
flash_prefetch_buffer_disable                     /home/ryan/Desktop/libopencm3/libopencm3-examples/libopencm3/lib/libopencm3_stm32f1.a(flash_common_f01.o)
flash_prefetch_buffer_enable                      /home/ryan/Desktop/libopencm3/libopencm3-examples/libopencm3/lib/libopencm3_stm32f1.a(flash_common_f01.o)
flash_program_half_word                           /home/ryan/Desktop/libopencm3/libopencm3-examples/libopencm3/lib/libopencm3_stm32f1.a(flash.o)
                                                  /home/ryan/Desktop/libopencm3/libopencm3-examples/libopencm3/lib/libopencm3_stm32f1.a(flash_common_f01.o)
flash_program_option_bytes                        /home/ryan/Desktop/libopencm3/libopencm3-examples/libopencm3/lib/libopencm3_stm32f1.a(flash_common_f01.o)
flash_program_word                                /home/ryan/Desktop/libopencm3/libopencm3-examples/libopencm3/lib/libopencm3_stm32f1.a(flash_common_f01.o)
flash_set_ws                                      /home/ryan/Desktop/libopencm3/libopencm3-examples/libopencm3/lib/libopencm3_stm32f1.a(flash_common_f01.o)
                                                  /home/ryan/Desktop/libopencm3/libopencm3-examples/libopencm3/lib/libopencm3_stm32f1.a(rcc.o)
flash_unlock                                      /home/ryan/Desktop/libopencm3/libopencm3-examples/libopencm3/lib/libopencm3_stm32f1.a(flash_common_f01.o)
flash_unlock_option_bytes                         /home/ryan/Desktop/libopencm3/libopencm3-examples/libopencm3/lib/libopencm3_stm32f1.a(flash_common_f01.o)
flash_unlock_upper                                /home/ryan/Desktop/libopencm3/libopencm3-examples/libopencm3/lib/libopencm3_stm32f1.a(flash.o)
flash_wait_for_last_operation                     /home/ryan/Desktop/libopencm3/libopencm3-examples/libopencm3/lib/libopencm3_stm32f1.a(flash_common_f01.o)
                                                  /home/ryan/Desktop/libopencm3/libopencm3-examples/libopencm3/lib/libopencm3_stm32f1.a(flash.o)
fsmc_isr                                          /home/ryan/Desktop/libopencm3/libopencm3-examples/libopencm3/lib/libopencm3_stm32f1.a(vector.o)
gpio_clear                                        /home/ryan/Desktop/libopencm3/libopencm3-examples/libopencm3/lib/libopencm3_stm32f1.a(gpio_common_all.o)
                                                  timer.o
gpio_get                                          /home/ryan/Desktop/libopencm3/libopencm3-examples/libopencm3/lib/libopencm3_stm32f1.a(gpio_common_all.o)
gpio_port_config_lock                             /home/ryan/Desktop/libopencm3/libopencm3-examples/libopencm3/lib/libopencm3_stm32f1.a(gpio_common_all.o)
gpio_port_read                                    /home/ryan/Desktop/libopencm3/libopencm3-examples/libopencm3/lib/libopencm3_stm32f1.a(gpio_common_all.o)
gpio_port_write                                   /home/ryan/Desktop/libopencm3/libopencm3-examples/libopencm3/lib/libopencm3_stm32f1.a(gpio_common_all.o)
gpio_primary_remap                                /home/ryan/Desktop/libopencm3/libopencm3-examples/libopencm3/lib/libopencm3_stm32f1.a(gpio.o)
gpio_secondary_remap                              /home/ryan/Desktop/libopencm3/libopencm3-examples/libopencm3/lib/libopencm3_stm32f1.a(gpio.o)
gpio_set                                          /home/ryan/Desktop/libopencm3/libopencm3-examples/libopencm3/lib/libopencm3_stm32f1.a(gpio_common_all.o)
                                                  timer.o
gpio_set_eventout                                 /home/ryan/Desktop/libopencm3/libopencm3-examples/libopencm3/lib/libopencm3_stm32f1.a(gpio.o)
gpio_set_mode                                     /home/ryan/Desktop/libopencm3/libopencm3-examples/libopencm3/lib/libopencm3_stm32f1.a(gpio.o)
                                                  timer.o
gpio_toggle                                       /home/ryan/Desktop/libopencm3/libopencm3-examples/libopencm3/lib/libopencm3_stm32f1.a(gpio_common_all.o)
                                                  timer.o
hard_fault_handler                                /home/ryan/Desktop/libopencm3/libopencm3-examples/libopencm3/lib/libopencm3_stm32f1.a(vector.o)
i2c1_er_isr                                       /home/ryan/Desktop/libopencm3/libopencm3-examples/libopencm3/lib/libopencm3_stm32f1.a(vector.o)
i2c1_ev_isr                                       /home/ryan/Desktop/libopencm3/libopencm3-examples/libopencm3/lib/libopencm3_stm32f1.a(vector.o)
i2c2_er_isr                                       /home/ryan/Desktop/libopencm3/libopencm3-examples/libopencm3/lib/libopencm3_stm32f1.a(vector.o)
i2c2_ev_isr                                       /home/ryan/Desktop/libopencm3/libopencm3-examples/libopencm3/lib/libopencm3_stm32f1.a(vector.o)
main                                              timer.o
                                                  /home/ryan/Desktop/libopencm3/libopencm3-examples/libopencm3/lib/libopencm3_stm32f1.a(vector.o)
mem_manage_handler                                /home/ryan/Desktop/libopencm3/libopencm3-examples/libopencm3/lib/libopencm3_stm32f1.a(vector.o)
nmi_handler                                       /home/ryan/Desktop/libopencm3/libopencm3-examples/libopencm3/lib/libopencm3_stm32f1.a(vector.o)
null_handler                                      /home/ryan/Desktop/libopencm3/libopencm3-examples/libopencm3/lib/libopencm3_stm32f1.a(vector.o)
nvic_clear_pending_irq                            /home/ryan/Desktop/libopencm3/libopencm3-examples/libopencm3/lib/libopencm3_stm32f1.a(nvic.o)
nvic_disable_irq                                  /home/ryan/Desktop/libopencm3/libopencm3-examples/libopencm3/lib/libopencm3_stm32f1.a(nvic.o)
nvic_enable_irq                                   /home/ryan/Desktop/libopencm3/libopencm3-examples/libopencm3/lib/libopencm3_stm32f1.a(nvic.o)
                                                  timer.o
nvic_generate_software_interrupt                  /home/ryan/Desktop/libopencm3/libopencm3-examples/libopencm3/lib/libopencm3_stm32f1.a(nvic.o)
nvic_get_active_irq                               /home/ryan/Desktop/libopencm3/libopencm3-examples/libopencm3/lib/libopencm3_stm32f1.a(nvic.o)
nvic_get_irq_enabled                              /home/ryan/Desktop/libopencm3/libopencm3-examples/libopencm3/lib/libopencm3_stm32f1.a(nvic.o)
nvic_get_pending_irq                              /home/ryan/Desktop/libopencm3/libopencm3-examples/libopencm3/lib/libopencm3_stm32f1.a(nvic.o)
nvic_set_pending_irq                              /home/ryan/Desktop/libopencm3/libopencm3-examples/libopencm3/lib/libopencm3_stm32f1.a(nvic.o)
nvic_set_priority                                 /home/ryan/Desktop/libopencm3/libopencm3-examples/libopencm3/lib/libopencm3_stm32f1.a(nvic.o)
                                                  timer.o
otg_fs_isr                                        /home/ryan/Desktop/libopencm3/libopencm3-examples/libopencm3/lib/libopencm3_stm32f1.a(vector.o)
pend_sv_handler                                   /home/ryan/Desktop/libopencm3/libopencm3-examples/libopencm3/lib/libopencm3_stm32f1.a(vector.o)
pvd_isr                                           /home/ryan/Desktop/libopencm3/libopencm3-examples/libopencm3/lib/libopencm3_stm32f1.a(vector.o)
rcc_ahb_frequency                                 /home/ryan/Desktop/libopencm3/libopencm3-examples/libopencm3/lib/libopencm3_stm32f1.a(rcc.o)
rcc_apb1_frequency                                /home/ryan/Desktop/libopencm3/libopencm3-examples/libopencm3/lib/libopencm3_stm32f1.a(rcc.o)
rcc_apb2_frequency                                /home/ryan/Desktop/libopencm3/libopencm3-examples/libopencm3/lib/libopencm3_stm32f1.a(rcc.o)
rcc_backupdomain_reset                            /home/ryan/Desktop/libopencm3/libopencm3-examples/libopencm3/lib/libopencm3_stm32f1.a(rcc.o)
rcc_clock_setup_in_hse_12mhz_out_72mhz            /home/ryan/Desktop/libopencm3/libopencm3-examples/libopencm3/lib/libopencm3_stm32f1.a(rcc.o)
rcc_clock_setup_in_hse_16mhz_out_72mhz            /home/ryan/Desktop/libopencm3/libopencm3-examples/libopencm3/lib/libopencm3_stm32f1.a(rcc.o)
                                                  timer.o
rcc_clock_setup_in_hse_25mhz_out_72mhz            /home/ryan/Desktop/libopencm3/libopencm3-examples/libopencm3/lib/libopencm3_stm32f1.a(rcc.o)
rcc_clock_setup_in_hse_8mhz_out_24mhz             /home/ryan/Desktop/libopencm3/libopencm3-examples/libopencm3/lib/libopencm3_stm32f1.a(rcc.o)
rcc_clock_setup_in_hse_8mhz_out_72mhz             /home/ryan/Desktop/libopencm3/libopencm3-examples/libopencm3/lib/libopencm3_stm32f1.a(rcc.o)
rcc_clock_setup_in_hsi_out_24mhz                  /home/ryan/Desktop/libopencm3/libopencm3-examples/libopencm3/lib/libopencm3_stm32f1.a(rcc.o)
rcc_clock_setup_in_hsi_out_48mhz                  /home/ryan/Desktop/libopencm3/libopencm3-examples/libopencm3/lib/libopencm3_stm32f1.a(rcc.o)
rcc_clock_setup_in_hsi_out_64mhz                  /home/ryan/Desktop/libopencm3/libopencm3-examples/libopencm3/lib/libopencm3_stm32f1.a(rcc.o)
rcc_css_disable                                   /home/ryan/Desktop/libopencm3/libopencm3-examples/libopencm3/lib/libopencm3_stm32f1.a(rcc.o)
rcc_css_enable                                    /home/ryan/Desktop/libopencm3/libopencm3-examples/libopencm3/lib/libopencm3_stm32f1.a(rcc.o)
rcc_css_int_clear                                 /home/ryan/Desktop/libopencm3/libopencm3-examples/libopencm3/lib/libopencm3_stm32f1.a(rcc.o)
rcc_css_int_flag                                  /home/ryan/Desktop/libopencm3/libopencm3-examples/libopencm3/lib/libopencm3_stm32f1.a(rcc.o)
rcc_enable_rtc_clock                              /home/ryan/Desktop/libopencm3/libopencm3-examples/libopencm3/lib/libopencm3_stm32f1.a(rcc.o)
rcc_is_osc_ready                                  /home/ryan/Desktop/libopencm3/libopencm3-examples/libopencm3/lib/libopencm3_stm32f1.a(rcc.o)
rcc_isr                                           /home/ryan/Desktop/libopencm3/libopencm3-examples/libopencm3/lib/libopencm3_stm32f1.a(vector.o)
rcc_osc_bypass_disable                            /home/ryan/Desktop/libopencm3/libopencm3-examples/libopencm3/lib/libopencm3_stm32f1.a(rcc_common_all.o)
rcc_osc_bypass_enable                             /home/ryan/Desktop/libopencm3/libopencm3-examples/libopencm3/lib/libopencm3_stm32f1.a(rcc_common_all.o)
rcc_osc_off                                       /home/ryan/Desktop/libopencm3/libopencm3-examples/libopencm3/lib/libopencm3_stm32f1.a(rcc.o)
rcc_osc_on                                        /home/ryan/Desktop/libopencm3/libopencm3-examples/libopencm3/lib/libopencm3_stm32f1.a(rcc.o)
rcc_osc_ready_int_clear                           /home/ryan/Desktop/libopencm3/libopencm3-examples/libopencm3/lib/libopencm3_stm32f1.a(rcc.o)
rcc_osc_ready_int_disable                         /home/ryan/Desktop/libopencm3/libopencm3-examples/libopencm3/lib/libopencm3_stm32f1.a(rcc.o)
rcc_osc_ready_int_enable                          /home/ryan/Desktop/libopencm3/libopencm3-examples/libopencm3/lib/libopencm3_stm32f1.a(rcc.o)
rcc_osc_ready_int_flag                            /home/ryan/Desktop/libopencm3/libopencm3-examples/libopencm3/lib/libopencm3_stm32f1.a(rcc.o)
rcc_periph_clock_disable                          /home/ryan/Desktop/libopencm3/libopencm3-examples/libopencm3/lib/libopencm3_stm32f1.a(rcc_common_all.o)
rcc_periph_clock_enable                           /home/ryan/Desktop/libopencm3/libopencm3-examples/libopencm3/lib/libopencm3_stm32f1.a(rcc_common_all.o)
                                                  timer.o
rcc_periph_reset_hold                             /home/ryan/Desktop/libopencm3/libopencm3-examples/libopencm3/lib/libopencm3_stm32f1.a(rcc_common_all.o)
rcc_periph_reset_pulse                            /home/ryan/Desktop/libopencm3/libopencm3-examples/libopencm3/lib/libopencm3_stm32f1.a(rcc_common_all.o)
rcc_periph_reset_release                          /home/ryan/Desktop/libopencm3/libopencm3-examples/libopencm3/lib/libopencm3_stm32f1.a(rcc_common_all.o)
rcc_peripheral_clear_reset                        /home/ryan/Desktop/libopencm3/libopencm3-examples/libopencm3/lib/libopencm3_stm32f1.a(rcc_common_all.o)
rcc_peripheral_disable_clock                      /home/ryan/Desktop/libopencm3/libopencm3-examples/libopencm3/lib/libopencm3_stm32f1.a(rcc_common_all.o)
rcc_peripheral_enable_clock                       /home/ryan/Desktop/libopencm3/libopencm3-examples/libopencm3/lib/libopencm3_stm32f1.a(rcc_common_all.o)
rcc_peripheral_reset                              /home/ryan/Desktop/libopencm3/libopencm3-examples/libopencm3/lib/libopencm3_stm32f1.a(rcc_common_all.o)
rcc_rtc_clock_enabled_flag                        /home/ryan/Desktop/libopencm3/libopencm3-examples/libopencm3/lib/libopencm3_stm32f1.a(rcc.o)
rcc_set_adcpre                                    /home/ryan/Desktop/libopencm3/libopencm3-examples/libopencm3/lib/libopencm3_stm32f1.a(rcc.o)
rcc_set_hpre                                      /home/ryan/Desktop/libopencm3/libopencm3-examples/libopencm3/lib/libopencm3_stm32f1.a(rcc.o)
rcc_set_mco                                       /home/ryan/Desktop/libopencm3/libopencm3-examples/libopencm3/lib/libopencm3_stm32f1.a(rcc_common_all.o)
rcc_set_pll2_multiplication_factor                /home/ryan/Desktop/libopencm3/libopencm3-examples/libopencm3/lib/libopencm3_stm32f1.a(rcc.o)
rcc_set_pll3_multiplication_factor                /home/ryan/Desktop/libopencm3/libopencm3-examples/libopencm3/lib/libopencm3_stm32f1.a(rcc.o)
rcc_set_pll_multiplication_factor                 /home/ryan/Desktop/libopencm3/libopencm3-examples/libopencm3/lib/libopencm3_stm32f1.a(rcc.o)
rcc_set_pll_source                                /home/ryan/Desktop/libopencm3/libopencm3-examples/libopencm3/lib/libopencm3_stm32f1.a(rcc.o)
rcc_set_pllxtpre                                  /home/ryan/Desktop/libopencm3/libopencm3-examples/libopencm3/lib/libopencm3_stm32f1.a(rcc.o)
rcc_set_ppre1                                     /home/ryan/Desktop/libopencm3/libopencm3-examples/libopencm3/lib/libopencm3_stm32f1.a(rcc.o)
rcc_set_ppre2                                     /home/ryan/Desktop/libopencm3/libopencm3-examples/libopencm3/lib/libopencm3_stm32f1.a(rcc.o)
rcc_set_prediv1                                   /home/ryan/Desktop/libopencm3/libopencm3-examples/libopencm3/lib/libopencm3_stm32f1.a(rcc.o)
rcc_set_prediv1_source                            /home/ryan/Desktop/libopencm3/libopencm3-examples/libopencm3/lib/libopencm3_stm32f1.a(rcc.o)
rcc_set_prediv2                                   /home/ryan/Desktop/libopencm3/libopencm3-examples/libopencm3/lib/libopencm3_stm32f1.a(rcc.o)
rcc_set_rtc_clock_source                          /home/ryan/Desktop/libopencm3/libopencm3-examples/libopencm3/lib/libopencm3_stm32f1.a(rcc.o)
rcc_set_sysclk_source                             /home/ryan/Desktop/libopencm3/libopencm3-examples/libopencm3/lib/libopencm3_stm32f1.a(rcc.o)
rcc_set_usbpre                                    /home/ryan/Desktop/libopencm3/libopencm3-examples/libopencm3/lib/libopencm3_stm32f1.a(rcc.o)
rcc_system_clock_source                           /home/ryan/Desktop/libopencm3/libopencm3-examples/libopencm3/lib/libopencm3_stm32f1.a(rcc.o)
rcc_wait_for_osc_ready                            /home/ryan/Desktop/libopencm3/libopencm3-examples/libopencm3/lib/libopencm3_stm32f1.a(rcc.o)
reset_handler                                     /home/ryan/Desktop/libopencm3/libopencm3-examples/libopencm3/lib/libopencm3_stm32f1.a(vector.o)
rtc_alarm_isr                                     /home/ryan/Desktop/libopencm3/libopencm3-examples/libopencm3/lib/libopencm3_stm32f1.a(vector.o)
rtc_isr                                           /home/ryan/Desktop/libopencm3/libopencm3-examples/libopencm3/lib/libopencm3_stm32f1.a(vector.o)
sdio_isr                                          /home/ryan/Desktop/libopencm3/libopencm3-examples/libopencm3/lib/libopencm3_stm32f1.a(vector.o)
spi1_isr                                          /home/ryan/Desktop/libopencm3/libopencm3-examples/libopencm3/lib/libopencm3_stm32f1.a(vector.o)
spi2_isr                                          /home/ryan/Desktop/libopencm3/libopencm3-examples/libopencm3/lib/libopencm3_stm32f1.a(vector.o)
spi3_isr                                          /home/ryan/Desktop/libopencm3/libopencm3-examples/libopencm3/lib/libopencm3_stm32f1.a(vector.o)
sv_call_handler                                   /home/ryan/Desktop/libopencm3/libopencm3-examples/libopencm3/lib/libopencm3_stm32f1.a(vector.o)
sys_tick_handler                                  /home/ryan/Desktop/libopencm3/libopencm3-examples/libopencm3/lib/libopencm3_stm32f1.a(vector.o)
tamper_isr                                        /home/ryan/Desktop/libopencm3/libopencm3-examples/libopencm3/lib/libopencm3_stm32f1.a(vector.o)
tim1_brk_isr                                      /home/ryan/Desktop/libopencm3/libopencm3-examples/libopencm3/lib/libopencm3_stm32f1.a(vector.o)
tim1_cc_isr                                       /home/ryan/Desktop/libopencm3/libopencm3-examples/libopencm3/lib/libopencm3_stm32f1.a(vector.o)
tim1_trg_com_isr                                  /home/ryan/Desktop/libopencm3/libopencm3-examples/libopencm3/lib/libopencm3_stm32f1.a(vector.o)
tim1_up_isr                                       /home/ryan/Desktop/libopencm3/libopencm3-examples/libopencm3/lib/libopencm3_stm32f1.a(vector.o)
tim2_isr                                          timer.o
tim3_isr                                          /home/ryan/Desktop/libopencm3/libopencm3-examples/libopencm3/lib/libopencm3_stm32f1.a(vector.o)
tim4_isr                                          /home/ryan/Desktop/libopencm3/libopencm3-examples/libopencm3/lib/libopencm3_stm32f1.a(vector.o)
tim5_isr                                          /home/ryan/Desktop/libopencm3/libopencm3-examples/libopencm3/lib/libopencm3_stm32f1.a(vector.o)
tim6_isr                                          /home/ryan/Desktop/libopencm3/libopencm3-examples/libopencm3/lib/libopencm3_stm32f1.a(vector.o)
tim7_isr                                          /home/ryan/Desktop/libopencm3/libopencm3-examples/libopencm3/lib/libopencm3_stm32f1.a(vector.o)
tim8_brk_isr                                      /home/ryan/Desktop/libopencm3/libopencm3-examples/libopencm3/lib/libopencm3_stm32f1.a(vector.o)
tim8_cc_isr                                       /home/ryan/Desktop/libopencm3/libopencm3-examples/libopencm3/lib/libopencm3_stm32f1.a(vector.o)
tim8_trg_com_isr                                  /home/ryan/Desktop/libopencm3/libopencm3-examples/libopencm3/lib/libopencm3_stm32f1.a(vector.o)
tim8_up_isr                                       /home/ryan/Desktop/libopencm3/libopencm3-examples/libopencm3/lib/libopencm3_stm32f1.a(vector.o)
uart4_isr                                         /home/ryan/Desktop/libopencm3/libopencm3-examples/libopencm3/lib/libopencm3_stm32f1.a(vector.o)
uart5_isr                                         /home/ryan/Desktop/libopencm3/libopencm3-examples/libopencm3/lib/libopencm3_stm32f1.a(vector.o)
usage_fault_handler                               /home/ryan/Desktop/libopencm3/libopencm3-examples/libopencm3/lib/libopencm3_stm32f1.a(vector.o)
usart1_isr                                        /home/ryan/Desktop/libopencm3/libopencm3-examples/libopencm3/lib/libopencm3_stm32f1.a(vector.o)
usart2_isr                                        /home/ryan/Desktop/libopencm3/libopencm3-examples/libopencm3/lib/libopencm3_stm32f1.a(vector.o)
usart3_isr                                        /home/ryan/Desktop/libopencm3/libopencm3-examples/libopencm3/lib/libopencm3_stm32f1.a(vector.o)
usb_hp_can_tx_isr                                 /home/ryan/Desktop/libopencm3/libopencm3-examples/libopencm3/lib/libopencm3_stm32f1.a(vector.o)
usb_lp_can_rx0_isr                                /home/ryan/Desktop/libopencm3/libopencm3-examples/libopencm3/lib/libopencm3_stm32f1.a(vector.o)
usb_wakeup_isr                                    /home/ryan/Desktop/libopencm3/libopencm3-examples/libopencm3/lib/libopencm3_stm32f1.a(vector.o)
vector_table                                      /home/ryan/Desktop/libopencm3/libopencm3-examples/libopencm3/lib/libopencm3_stm32f1.a(vector.o)
wwdg_isr                                          /home/ryan/Desktop/libopencm3/libopencm3-examples/libopencm3/lib/libopencm3_stm32f1.a(vector.o)
