Archive member included to satisfy reference by file (symbol)

/home/ryan/Desktop/libopencm3/libopencm3-examples/libopencm3/lib/libopencm3_vf6xx.a(ccm.o)
                              uart-gpio.o (ccm_clock_gate_enable)
/home/ryan/Desktop/libopencm3/libopencm3-examples/libopencm3/lib/libopencm3_vf6xx.a(uart.o)
                              uart-gpio.o (uart_set_baudrate)
/home/ryan/Desktop/libopencm3/libopencm3-examples/libopencm3/lib/libopencm3_vf6xx.a(gpio.o)
                              uart-gpio.o (gpio_set)
/home/ryan/Desktop/libopencm3/libopencm3-examples/libopencm3/lib/libopencm3_vf6xx.a(iomuxc.o)
                              uart-gpio.o (iomuxc_mux)
/home/ryan/Desktop/libopencm3/libopencm3-examples/libopencm3/lib/libopencm3_vf6xx.a(vector.o)
                              (reset_handler)
/usr/lib/gcc/arm-none-eabi/5.4.1/../../../arm-none-eabi/lib/armv7e-m/fpu/libc.a(lib_a-errno.o)
                              uart-gpio.o (__errno)
/usr/lib/gcc/arm-none-eabi/5.4.1/../../../arm-none-eabi/lib/armv7e-m/fpu/libc.a(lib_a-impure.o)
                              /usr/lib/gcc/arm-none-eabi/5.4.1/../../../arm-none-eabi/lib/armv7e-m/fpu/libc.a(lib_a-errno.o) (_impure_ptr)
/usr/lib/gcc/arm-none-eabi/5.4.1/../../../arm-none-eabi/lib/armv7e-m/fpu/libc.a(lib_a-printf.o)
                              uart-gpio.o (printf)
/usr/lib/gcc/arm-none-eabi/5.4.1/../../../arm-none-eabi/lib/armv7e-m/fpu/libc.a(lib_a-vfprintf.o)
                              /usr/lib/gcc/arm-none-eabi/5.4.1/../../../arm-none-eabi/lib/armv7e-m/fpu/libc.a(lib_a-printf.o) (_vfprintf_r)
/usr/lib/gcc/arm-none-eabi/5.4.1/../../../arm-none-eabi/lib/armv7e-m/fpu/libc.a(lib_a-wsetup.o)
                              /usr/lib/gcc/arm-none-eabi/5.4.1/../../../arm-none-eabi/lib/armv7e-m/fpu/libc.a(lib_a-vfprintf.o) (__swsetup_r)
/usr/lib/gcc/arm-none-eabi/5.4.1/../../../arm-none-eabi/lib/armv7e-m/fpu/libc.a(lib_a-dtoa.o)
                              /usr/lib/gcc/arm-none-eabi/5.4.1/../../../arm-none-eabi/lib/armv7e-m/fpu/libc.a(lib_a-vfprintf.o) (_dtoa_r)
/usr/lib/gcc/arm-none-eabi/5.4.1/../../../arm-none-eabi/lib/armv7e-m/fpu/libc.a(lib_a-fflush.o)
                              /usr/lib/gcc/arm-none-eabi/5.4.1/../../../arm-none-eabi/lib/armv7e-m/fpu/libc.a(lib_a-vfprintf.o) (_fflush_r)
/usr/lib/gcc/arm-none-eabi/5.4.1/../../../arm-none-eabi/lib/armv7e-m/fpu/libc.a(lib_a-findfp.o)
                              /usr/lib/gcc/arm-none-eabi/5.4.1/../../../arm-none-eabi/lib/armv7e-m/fpu/libc.a(lib_a-vfprintf.o) (__sinit)
/usr/lib/gcc/arm-none-eabi/5.4.1/../../../arm-none-eabi/lib/armv7e-m/fpu/libc.a(lib_a-freer.o)
                              /usr/lib/gcc/arm-none-eabi/5.4.1/../../../arm-none-eabi/lib/armv7e-m/fpu/libc.a(lib_a-wsetup.o) (_free_r)
/usr/lib/gcc/arm-none-eabi/5.4.1/../../../arm-none-eabi/lib/armv7e-m/fpu/libc.a(lib_a-fwalk.o)
                              /usr/lib/gcc/arm-none-eabi/5.4.1/../../../arm-none-eabi/lib/armv7e-m/fpu/libc.a(lib_a-findfp.o) (_fwalk)
/usr/lib/gcc/arm-none-eabi/5.4.1/../../../arm-none-eabi/lib/armv7e-m/fpu/libc.a(lib_a-locale.o)
                              /usr/lib/gcc/arm-none-eabi/5.4.1/../../../arm-none-eabi/lib/armv7e-m/fpu/libc.a(lib_a-vfprintf.o) (_localeconv_r)
/usr/lib/gcc/arm-none-eabi/5.4.1/../../../arm-none-eabi/lib/armv7e-m/fpu/libc.a(lib_a-makebuf.o)
                              /usr/lib/gcc/arm-none-eabi/5.4.1/../../../arm-none-eabi/lib/armv7e-m/fpu/libc.a(lib_a-wsetup.o) (__smakebuf_r)
/usr/lib/gcc/arm-none-eabi/5.4.1/../../../arm-none-eabi/lib/armv7e-m/fpu/libc.a(lib_a-mallocr.o)
                              /usr/lib/gcc/arm-none-eabi/5.4.1/../../../arm-none-eabi/lib/armv7e-m/fpu/libc.a(lib_a-findfp.o) (_malloc_r)
/usr/lib/gcc/arm-none-eabi/5.4.1/../../../arm-none-eabi/lib/armv7e-m/fpu/libc.a(lib_a-memchr.o)
                              /usr/lib/gcc/arm-none-eabi/5.4.1/../../../arm-none-eabi/lib/armv7e-m/fpu/libc.a(lib_a-vfprintf.o) (memchr)
/usr/lib/gcc/arm-none-eabi/5.4.1/../../../arm-none-eabi/lib/armv7e-m/fpu/libc.a(lib_a-memcpy.o)
                              /usr/lib/gcc/arm-none-eabi/5.4.1/../../../arm-none-eabi/lib/armv7e-m/fpu/libc.a(lib_a-dtoa.o) (memcpy)
/usr/lib/gcc/arm-none-eabi/5.4.1/../../../arm-none-eabi/lib/armv7e-m/fpu/libc.a(lib_a-memset.o)
                              /usr/lib/gcc/arm-none-eabi/5.4.1/../../../arm-none-eabi/lib/armv7e-m/fpu/libc.a(lib_a-findfp.o) (memset)
/usr/lib/gcc/arm-none-eabi/5.4.1/../../../arm-none-eabi/lib/armv7e-m/fpu/libc.a(lib_a-mlock.o)
                              /usr/lib/gcc/arm-none-eabi/5.4.1/../../../arm-none-eabi/lib/armv7e-m/fpu/libc.a(lib_a-freer.o) (__malloc_lock)
/usr/lib/gcc/arm-none-eabi/5.4.1/../../../arm-none-eabi/lib/armv7e-m/fpu/libc.a(lib_a-mprec.o)
                              /usr/lib/gcc/arm-none-eabi/5.4.1/../../../arm-none-eabi/lib/armv7e-m/fpu/libc.a(lib_a-dtoa.o) (_Balloc)
/usr/lib/gcc/arm-none-eabi/5.4.1/../../../arm-none-eabi/lib/armv7e-m/fpu/libc.a(lib_a-sbrkr.o)
[...]
Memory Configuration

Name             Origin             Length             Attributes
pc_ram           0x000000001f000000 0x0000000000040000 xrw
ps_ram           0x000000003f040000 0x0000000000040000 xrw
*default*        0x0000000000000000 0xffffffffffffffff

Linker script and memory map

LOAD uart-gpio.o
LOAD /home/ryan/Desktop/libopencm3/libopencm3-examples/libopencm3/lib/libopencm3_vf6xx.a
START GROUP
LOAD /usr/lib/gcc/arm-none-eabi/5.4.1/../../../arm-none-eabi/lib/armv7e-m/fpu/libc.a
LOAD /usr/lib/gcc/arm-none-eabi/5.4.1/armv7e-m/fpu/libgcc.a
LOAD /usr/lib/gcc/arm-none-eabi/5.4.1/../../../arm-none-eabi/lib/armv7e-m/fpu/libnosys.a
END GROUP
START GROUP
LOAD /usr/lib/gcc/arm-none-eabi/5.4.1/armv7e-m/fpu/libgcc.a
LOAD /usr/lib/gcc/arm-none-eabi/5.4.1/../../../arm-none-eabi/lib/armv7e-m/fpu/libg.a
LOAD /usr/lib/gcc/arm-none-eabi/5.4.1/../../../arm-none-eabi/lib/armv7e-m/fpu/libc.a
END GROUP

.text           0x000000001f000000     0x77b8
 *(.vectors)
 .vectors       0x000000001f000000      0x200 /home/ryan/Desktop/libopencm3/libopencm3-examples/libopencm3/lib/libopencm3_vf6xx.a(vector.o)
                0x000000001f000000                vector_table
                0x000000001f000400                . = ALIGN (0x400)
 *fill*         0x000000001f000200      0x200 
 *(.text.reset_handler)
 .text.reset_handler
                0x000000001f000400       0xb4 /home/ryan/Desktop/libopencm3/libopencm3-examples/libopencm3/lib/libopencm3_vf6xx.a(vector.o)
                0x000000001f000400                reset_handler
 *(.text*)
 .text._write   0x000000001f0004b4       0x38 uart-gpio.o
                0x000000001f0004b4                _write
 *fill*         0x000000001f0004ec        0x4 
 .text.startup.main
                0x000000001f0004f0       0xc4 uart-gpio.o
                0x000000001f0004f0                main
 .text.ccm_clock_gate_enable
                0x000000001f0005b4       0x20 /home/ryan/Desktop/libopencm3/libopencm3-examples/libopencm3/lib/libopencm3_vf6xx.a(ccm.o)
                0x000000001f0005b4                ccm_clock_gate_enable
 .text.ccm_get_pll_pfd
                0x000000001f0005d4       0x3c /home/ryan/Desktop/libopencm3/libopencm3-examples/libopencm3/lib/libopencm3_vf6xx.a(ccm.o)
                0x000000001f0005d4                ccm_get_pll_pfd
 .text.ccm_calculate_clocks
                0x000000001f000610       0x9c /home/ryan/Desktop/libopencm3/libopencm3-examples/libopencm3/lib/libopencm3_vf6xx.a(ccm.o)
                0x000000001f000610                ccm_calculate_clocks
 .text.uart_set_baudrate
                0x000000001f0006ac       0x20 /home/ryan/Desktop/libopencm3/libopencm3-examples/libopencm3/lib/libopencm3_vf6xx.a(uart.o)
                0x000000001f0006ac                uart_set_baudrate
 .text.uart_enable
                0x000000001f0006cc        0xa /home/ryan/Desktop/libopencm3/libopencm3-examples/libopencm3/lib/libopencm3_vf6xx.a(uart.o)
                0x000000001f0006cc                uart_enable
 .text.uart_wait_send_ready
                0x000000001f0006d6        0x8 /home/ryan/Desktop/libopencm3/libopencm3-examples/libopencm3/lib/libopencm3_vf6xx.a(uart.o)
                0x000000001f0006d6                uart_wait_send_ready
 .text.uart_send_blocking
                0x000000001f0006de        0xa /home/ryan/Desktop/libopencm3/libopencm3-examples/libopencm3/lib/libopencm3_vf6xx.a(uart.o)
                0x000000001f0006de                uart_send_blocking
 .text.gpio_set
                0x000000001f0006e8       0x1a /home/ryan/Desktop/libopencm3/libopencm3-examples/libopencm3/lib/libopencm3_vf6xx.a(gpio.o)
                0x000000001f0006e8                gpio_set
 .text.gpio_get
                0x000000001f000702       0x22 /home/ryan/Desktop/libopencm3/libopencm3-examples/libopencm3/lib/libopencm3_vf6xx.a(gpio.o)
                0x000000001f000702                gpio_get
 .text.iomuxc_mux
                0x000000001f000724        0xe /home/ryan/Desktop/libopencm3/libopencm3-examples/libopencm3/lib/libopencm3_vf6xx.a(iomuxc.o)
                0x000000001f000724                iomuxc_mux
 .text.blocking_handler
                0x000000001f000732        0x2 /home/ryan/Desktop/libopencm3/libopencm3-examples/libopencm3/lib/libopencm3_vf6xx.a(vector.o)
                0x000000001f000732                adc0_isr
                0x000000001f000732                reserved18_isr
                0x000000001f000732                nfc_isr
                0x000000001f000732                wdog_m4_isr
                0x000000001f000732                reserved0_isr
                0x000000001f000732                cp1_boot_fail_isr
                0x000000001f000732                enet0_isr
                0x000000001f000732                sdhc0_isr
                0x000000001f000732                gpio2_isr
                0x000000001f000732                dma0_error_isr
                0x000000001f000732                reserved24_isr
                0x000000001f000732                gpio4_isr
                0x000000001f000732                uart0_isr
                0x000000001f000732                i2c0_isr
                0x000000001f000732                reserved26_isr
                0x000000001f000732                reserved22_isr
                0x000000001f000732                blocking_handler
                0x000000001f000732                uart2_isr
                0x000000001f000732                reserved16_isr
                0x000000001f000732                directed1_mcm_isr
                0x000000001f000732                spi1_isr
                0x000000001f000732                sai0_isr
                0x000000001f000732                dma0_isr
                0x000000001f000732                esai_bififo_isr
                0x000000001f000732                i2c1_isr
                0x000000001f000732                i2c2_isr
                0x000000001f000732                reserved8_isr
                0x000000001f000732                reserved21_isr
                0x000000001f000732                ccm_isr
                0x000000001f000732                mscm_ecc0_isr
                0x000000001f000732                asrc_isr
                0x000000001f000732                flextimer0_isr
                0x000000001f000732                enet1_1588_isr
                0x000000001f000732                directed0_sema4_isr
                0x000000001f000732                usage_fault_handler
                0x000000001f000732                directed2_isr
                0x000000001f000732                i2c3_isr
                0x000000001f000732                lptimer0_isr
                0x000000001f000732                flexcan0_isr
                0x000000001f000732                reserved4_isr
                0x000000001f000732                ccm_fxosc_isr
                0x000000001f000732                reserved5_isr
                0x000000001f000732                usbc1_isr
                0x000000001f000732                wkpu0_isr
                0x000000001f000732                reserved7_isr
                0x000000001f000732                flexcan1_isr
                0x000000001f000732                csu_alarm_isr
                0x000000001f000732                gpio3_isr
                0x000000001f000732                qspi0_isr
                0x000000001f000732                reserved13_isr
                0x000000001f000732                spi0_isr
                0x000000001f000732                gpio1_isr
                0x000000001f000732                sai3_isr
                0x000000001f000732                dma1_isr
                0x000000001f000732                qspi1_isr
                0x000000001f000732                gpio0_isr
                0x000000001f000732                mscm_ecc1_isr
                0x000000001f000732                pdb_isr
                0x000000001f000732                dac1_isr
                0x000000001f000732                reserved11_isr
                0x000000001f000732                reserved3_isr
                0x000000001f000732                uart4_isr
                0x000000001f000732                flextimer3_isr
                0x000000001f000732                cpu2cpu_int2_isr
                0x000000001f000732                hard_fault_handler
                0x000000001f000732                dcu1_isr
                0x000000001f000732                cpu2cpu_int1_isr
                0x000000001f000732                dma1_error_isr
                0x000000001f000732                spi2_isr
                0x000000001f000732                reserved14_isr
                0x000000001f000732                reserved19_isr
                0x000000001f000732                directed3_isr
                0x000000001f000732                cpu2cpu_int3_isr
                0x000000001f000732                uart1_isr
                0x000000001f000732                usbphy1_isr
                0x000000001f000732                sdhc1_isr
                0x000000001f000732                ewm_isr
                0x000000001f000732                sai1_isr
                0x000000001f000732                enet_switch_isr
                0x000000001f000732                dcu0_isr
                0x000000001f000732                reserved9_isr
                0x000000001f000732                reserved20_isr
                0x000000001f000732                mscm_actzs_isr
                0x000000001f000732                reserved10_isr
                0x000000001f000732                src_isr
                0x000000001f000732                wdog_a5_isr
                0x000000001f000732                reserved2_isr
                0x000000001f000732                uart5_isr
                0x000000001f000732                reserved1_isr
                0x000000001f000732                reserved12_isr
                0x000000001f000732                reserved15_isr
                0x000000001f000732                mem_manage_handler
                0x000000001f000732                enet1_isr
                0x000000001f000732                reserved17_isr
                0x000000001f000732                reserved6_isr
                0x000000001f000732                reserved23_isr
                0x000000001f000732                flextimer1_isr
                0x000000001f000732                sai2_isr
                0x000000001f000732                adc1_isr
                0x000000001f000732                usbc0_isr
                0x000000001f000732                spdif_isr
                0x000000001f000732                rle_isr
                0x000000001f000732                vreg_isr
                0x000000001f000732                wdog_snvs_isr
                0x000000001f000732                pit_isr
                0x000000001f000732                dac0_isr
                0x000000001f000732                viu_isr
                0x000000001f000732                cpu2cpu_int0_isr
                0x000000001f000732                reserved25_isr
                0x000000001f000732                ddrmc_isr
                0x000000001f000732                seg_lcd_isr
                0x000000001f000732                usbphy0_isr
                0x000000001f000732                bus_fault_handler
                0x000000001f000732                spi3_isr
                0x000000001f000732                uart3_isr
                0x000000001f000732                enet0_1588_isr
                0x000000001f000732                flextimer2_isr
 .text.null_handler
                0x000000001f000734        0x2 /home/ryan/Desktop/libopencm3/libopencm3-examples/libopencm3/lib/libopencm3_vf6xx.a(vector.o)
                0x000000001f000734                null_handler
                0x000000001f000734                sv_call_handler
                0x000000001f000734                pend_sv_handler
                0x000000001f000734                debug_monitor_handler
                0x000000001f000734                sys_tick_handler
                0x000000001f000734                nmi_handler
 *fill*         0x000000001f000736        0x2 
 .text          0x000000001f000738        0xc /usr/lib/gcc/arm-none-eabi/5.4.1/../../../arm-none-eabi/lib/armv7e-m/fpu/libc.a(lib_a-errno.o)
                0x000000001f000738                __errno
 .text          0x000000001f000744       0x48 /usr/lib/gcc/arm-none-eabi/5.4.1/../../../arm-none-eabi/lib/armv7e-m/fpu/libc.a(lib_a-printf.o)
                0x000000001f000744                _printf_r
                0x000000001f000764                printf
 *fill*         0x000000001f00078c        0x4 
 .text          0x000000001f000790     0x17ac /usr/lib/gcc/arm-none-eabi/5.4.1/../../../arm-none-eabi/lib/armv7e-m/fpu/libc.a(lib_a-vfprintf.o)
                0x000000001f000790                _vfprintf_r
                0x000000001f001eb8                vfprintf
 .text          0x000000001f001f3c       0xc8 /usr/lib/gcc/arm-none-eabi/5.4.1/../../../arm-none-eabi/lib/armv7e-m/fpu/libc.a(lib_a-wsetup.o)
                0x000000001f001f3c                __swsetup_r
 *fill*         0x000000001f002004        0x4 
 .text          0x000000001f002008      0xf5c /usr/lib/gcc/arm-none-eabi/5.4.1/../../../arm-none-eabi/lib/armv7e-m/fpu/libc.a(lib_a-dtoa.o)
                0x000000001f002130                _dtoa_r
 .text          0x000000001f002f64      0x198 /usr/lib/gcc/arm-none-eabi/5.4.1/../../../arm-none-eabi/lib/armv7e-m/fpu/libc.a(lib_a-fflush.o)
                0x000000001f002f64                __sflush_r
                0x000000001f0030ac                _fflush_r
                0x000000001f0030d8                fflush
 .text          0x000000001f0030fc      0x210 /usr/lib/gcc/arm-none-eabi/5.4.1/../../../arm-none-eabi/lib/armv7e-m/fpu/libc.a(lib_a-findfp.o)
                0x000000001f003100                _cleanup_r
                0x000000001f003200                __sfmoreglue
                0x000000001f003230                __sfp
                0x000000001f0032b8                _cleanup
                0x000000001f0032cc                __sinit
                0x000000001f0032d4                __sfp_lock_acquire
                0x000000001f0032d8                __sfp_lock_release
                0x000000001f0032dc                __sinit_lock_acquire
                0x000000001f0032e0                __sinit_lock_release
                0x000000001f0032e4                __fp_lock_all
                0x000000001f0032f8                __fp_unlock_all
 .text          0x000000001f00330c      0x26c /usr/lib/gcc/arm-none-eabi/5.4.1/../../../arm-none-eabi/lib/armv7e-m/fpu/libc.a(lib_a-freer.o)
                0x000000001f00330c                _malloc_trim_r
                0x000000001f0033a8                _free_r
 .text          0x000000001f003578       0xa0 /usr/lib/gcc/arm-none-eabi/5.4.1/../../../arm-none-eabi/lib/armv7e-m/fpu/libc.a(lib_a-fwalk.o)
                0x000000001f003578                _fwalk
                0x000000001f0035c4                _fwalk_reent
 .text          0x000000001f003618       0x80 /usr/lib/gcc/arm-none-eabi/5.4.1/../../../arm-none-eabi/lib/armv7e-m/fpu/libc.a(lib_a-locale.o)
                0x000000001f003618                _setlocale_r
                0x000000001f003658                __locale_charset
                0x000000001f003660                __locale_mb_cur_max
                0x000000001f00366c                __locale_msgcharset
                0x000000001f003674                __locale_cjk_lang
                0x000000001f003678                _localeconv_r
                0x000000001f003680                setlocale
                0x000000001f003690                localeconv
 .text          0x000000001f003698       0xe8 /usr/lib/gcc/arm-none-eabi/5.4.1/../../../arm-none-eabi/lib/armv7e-m/fpu/libc.a(lib_a-makebuf.o)
                0x000000001f003698                __swhatbuf_r
                0x000000001f0036f8                __smakebuf_r
 .text          0x000000001f003780      0x56c /usr/lib/gcc/arm-none-eabi/5.4.1/../../../arm-none-eabi/lib/armv7e-m/fpu/libc.a(lib_a-mallocr.o)
                0x000000001f003780                _malloc_r
 *fill*         0x000000001f003cec        0x4 
 .text          0x000000001f003cf0       0xa0 /usr/lib/gcc/arm-none-eabi/5.4.1/../../../arm-none-eabi/lib/armv7e-m/fpu/libc.a(lib_a-memchr.o)
                0x000000001f003cf0                memchr
 .text          0x000000001f003d90      0x134 /usr/lib/gcc/arm-none-eabi/5.4.1/../../../arm-none-eabi/lib/armv7e-m/fpu/libc.a(lib_a-memcpy.o)
                0x000000001f003d90                memcpy
 .text          0x000000001f003ec4       0x9c /usr/lib/gcc/arm-none-eabi/5.4.1/../../../arm-none-eabi/lib/armv7e-m/fpu/libc.a(lib_a-memset.o)
                0x000000001f003ec4                memset
 .text          0x000000001f003f60        0x8 /usr/lib/gcc/arm-none-eabi/5.4.1/../../../arm-none-eabi/lib/armv7e-m/fpu/libc.a(lib_a-mlock.o)
                0x000000001f003f60                __malloc_lock
                0x000000001f003f64                __malloc_unlock
 .text          0x000000001f003f68      0x920 /usr/lib/gcc/arm-none-eabi/5.4.1/../../../arm-none-eabi/lib/armv7e-m/fpu/libc.a(lib_a-mprec.o)
                0x000000001f003f68                _Balloc
                0x000000001f003fb4                _Bfree
                0x000000001f003fc8                __multadd
                0x000000001f004048                __s2b
                0x000000001f0040e0                __hi0bits
                0x000000001f004120                __lo0bits
                0x000000001f00417c                __i2b
                0x000000001f004190                __multiply
                0x000000001f0042c0                __pow5mult
                0x000000001f004360                __lshift
                0x000000001f004410                __mcmp
                0x000000001f004454                __mdiff
                0x000000001f004568                __ulp
                0x000000001f0045bc                __b2d
                0x000000001f00468c                __d2b
                0x000000001f004748                __ratio
                0x000000001f0047a8                _mprec_log10
                0x000000001f0047e0                __copybits
                0x000000001f004828                __any_on
 .text          0x000000001f004888       0x24 /usr/lib/gcc/arm-none-eabi/5.4.1/../../../arm-none-eabi/lib/armv7e-m/fpu/libc.a(lib_a-sbrkr.o)
                0x000000001f004888                _sbrk_r
 .text          0x000000001f0048ac       0x8c /usr/lib/gcc/arm-none-eabi/5.4.1/../../../arm-none-eabi/lib/armv7e-m/fpu/libc.a(lib_a-stdio.o)
                0x000000001f0048ac                __sread
                0x000000001f0048d0                __seofread
                0x000000001f0048d4                __swrite
                0x000000001f004910                __sseek
                0x000000001f004930                __sclose
 *fill*         0x000000001f004938        0x8 
 .text          0x000000001f004940      0x2dc /usr/lib/gcc/arm-none-eabi/5.4.1/../../../arm-none-eabi/lib/armv7e-m/fpu/libc.a(lib_a-strcmp.o)
                0x000000001f004948                strcmp
 *fill*         0x000000001f004c1c       0x24 
 .text          0x000000001f004c40       0xdc /usr/lib/gcc/arm-none-eabi/5.4.1/../../../arm-none-eabi/lib/armv7e-m/fpu/libc.a(lib_a-strlen.o)
                0x000000001f004c40                strlen
 .text          0x000000001f004d1c      0xf0c /usr/lib/gcc/arm-none-eabi/5.4.1/../../../arm-none-eabi/lib/armv7e-m/fpu/libc.a(lib_a-vfiprintf.o)
                0x000000001f004d94                __sprint_r
                0x000000001f004da8                _vfiprintf_r
                0x000000001f005ba4                vfiprintf
 .text          0x000000001f005c28       0x2c /usr/lib/gcc/arm-none-eabi/5.4.1/../../../arm-none-eabi/lib/armv7e-m/fpu/libc.a(lib_a-writer.o)
                0x000000001f005c28                _write_r
 .text          0x000000001f005c54       0x60 /usr/lib/gcc/arm-none-eabi/5.4.1/../../../arm-none-eabi/lib/armv7e-m/fpu/libc.a(lib_a-callocr.o)
                0x000000001f005c54                _calloc_r
 .text          0x000000001f005cb4       0x24 /usr/lib/gcc/arm-none-eabi/5.4.1/../../../arm-none-eabi/lib/armv7e-m/fpu/libc.a(lib_a-closer.o)
                0x000000001f005cb4                _close_r
 .text          0x000000001f005cd8       0x94 /usr/lib/gcc/arm-none-eabi/5.4.1/../../../arm-none-eabi/lib/armv7e-m/fpu/libc.a(lib_a-fclose.o)
                0x000000001f005cd8                _fclose_r
                0x000000001f005d5c                fclose
 .text          0x000000001f005d6c      0x100 /usr/lib/gcc/arm-none-eabi/5.4.1/../../../arm-none-eabi/lib/armv7e-m/fpu/libc.a(lib_a-fputwc.o)
                0x000000001f005d6c                __fputwc
                0x000000001f005e04                _fputwc_r
                0x000000001f005e2c                fputwc
 .text          0x000000001f005e6c       0x28 /usr/lib/gcc/arm-none-eabi/5.4.1/../../../arm-none-eabi/lib/armv7e-m/fpu/libc.a(lib_a-fstatr.o)
                0x000000001f005e6c                _fstat_r
 .text          0x000000001f005e94      0x304 /usr/lib/gcc/arm-none-eabi/5.4.1/../../../arm-none-eabi/lib/armv7e-m/fpu/libc.a(lib_a-fvwrite.o)
                0x000000001f005e94                __sfvwrite_r
 .text          0x000000001f006198       0x24 /usr/lib/gcc/arm-none-eabi/5.4.1/../../../arm-none-eabi/lib/armv7e-m/fpu/libc.a(lib_a-isattyr.o)
                0x000000001f006198                _isatty_r
 .text          0x000000001f0061bc       0x2c /usr/lib/gcc/arm-none-eabi/5.4.1/../../../arm-none-eabi/lib/armv7e-m/fpu/libc.a(lib_a-lseekr.o)
                0x000000001f0061bc                _lseek_r
 .text          0x000000001f0061e8       0xc8 /usr/lib/gcc/arm-none-eabi/5.4.1/../../../arm-none-eabi/lib/armv7e-m/fpu/libc.a(lib_a-memmove.o)
                0x000000001f0061e8                memmove
 .text          0x000000001f0062b0       0x2c /usr/lib/gcc/arm-none-eabi/5.4.1/../../../arm-none-eabi/lib/armv7e-m/fpu/libc.a(lib_a-readr.o)
                0x000000001f0062b0                _read_r
 .text          0x000000001f0062dc      0x3e0 /usr/lib/gcc/arm-none-eabi/5.4.1/../../../arm-none-eabi/lib/armv7e-m/fpu/libc.a(lib_a-reallocr.o)
                0x000000001f0062dc                _realloc_r
 .text          0x000000001f0066bc       0xbc /usr/lib/gcc/arm-none-eabi/5.4.1/../../../arm-none-eabi/lib/armv7e-m/fpu/libc.a(lib_a-wbuf.o)
                0x000000001f0066bc                __swbuf_r
                0x000000001f006768                __swbuf
 .text          0x000000001f006778       0xac /usr/lib/gcc/arm-none-eabi/5.4.1/../../../arm-none-eabi/lib/armv7e-m/fpu/libc.a(lib_a-wcrtomb.o)
                0x000000001f006778                _wcrtomb_r
                0x000000001f0067cc                wcrtomb
 .text          0x000000001f006824       0x4c /usr/lib/gcc/arm-none-eabi/5.4.1/../../../arm-none-eabi/lib/armv7e-m/fpu/libc.a(lib_a-wctomb_r.o)
                0x000000001f006824                __ascii_wctomb
                0x000000001f006840                _wctomb_r
 .text          0x000000001f006870      0x370 /usr/lib/gcc/arm-none-eabi/5.4.1/armv7e-m/fpu/libgcc.a(_arm_addsubdf3.o)
                0x000000001f006870                __aeabi_drsub
                0x000000001f006878                __aeabi_dsub
                0x000000001f006878                __subdf3
                0x000000001f00687c                __adddf3
                0x000000001f00687c                __aeabi_dadd
                0x000000001f006af4                __aeabi_ui2d
                0x000000001f006af4                __floatunsidf
                0x000000001f006b14                __floatsidf
                0x000000001f006b14                __aeabi_i2d
                0x000000001f006b38                __extendsfdf2
                0x000000001f006b38                __aeabi_f2d
                0x000000001f006b74                __aeabi_ul2d
                0x000000001f006b74                __floatundidf
                0x000000001f006b84                __floatdidf
                0x000000001f006b84                __aeabi_l2d
 .text          0x000000001f006be0      0x424 /usr/lib/gcc/arm-none-eabi/5.4.1/armv7e-m/fpu/libgcc.a(_arm_muldivdf3.o)
                0x000000001f006be0                __aeabi_dmul
                0x000000001f006be0                __muldf3
                0x000000001f006e34                __aeabi_ddiv
                0x000000001f006e34                __divdf3
 .text          0x000000001f007004      0x110 /usr/lib/gcc/arm-none-eabi/5.4.1/armv7e-m/fpu/libgcc.a(_arm_cmpdf2.o)
                0x000000001f007004                __gtdf2
                0x000000001f007004                __gedf2
                0x000000001f00700c                __ltdf2
                0x000000001f00700c                __ledf2
                0x000000001f007014                __cmpdf2
                0x000000001f007014                __eqdf2
                0x000000001f007014                __nedf2
                0x000000001f007090                __aeabi_cdrcmple
                0x000000001f0070a0                __aeabi_cdcmple
                0x000000001f0070a0                __aeabi_cdcmpeq
                0x000000001f0070b0                __aeabi_dcmpeq
                0x000000001f0070c4                __aeabi_dcmplt
                0x000000001f0070d8                __aeabi_dcmple
                0x000000001f0070ec                __aeabi_dcmpge
                0x000000001f007100                __aeabi_dcmpgt
 .text          0x000000001f007114       0x2c /usr/lib/gcc/arm-none-eabi/5.4.1/armv7e-m/fpu/libgcc.a(_arm_unorddf2.o)
                0x000000001f007114                __aeabi_dcmpun
                0x000000001f007114                __unorddf2
 .text          0x000000001f007140       0x50 /usr/lib/gcc/arm-none-eabi/5.4.1/armv7e-m/fpu/libgcc.a(_arm_fixdfsi.o)
                0x000000001f007140                __fixdfsi
                0x000000001f007140                __aeabi_d2iz
 .text          0x000000001f007190       0xa0 /usr/lib/gcc/arm-none-eabi/5.4.1/armv7e-m/fpu/libgcc.a(_arm_truncdfsf2.o)
                0x000000001f007190                __aeabi_d2f
                0x000000001f007190                __truncdfsf2
 .text          0x000000001f007230       0x30 /usr/lib/gcc/arm-none-eabi/5.4.1/armv7e-m/fpu/libgcc.a(_aeabi_uldivmod.o)
                0x000000001f007230                __aeabi_uldivmod
 .text          0x000000001f007260      0x2e4 /usr/lib/gcc/arm-none-eabi/5.4.1/armv7e-m/fpu/libgcc.a(_udivmoddi4.o)
                0x000000001f007260                __udivmoddi4
 .text          0x000000001f007544        0x4 /usr/lib/gcc/arm-none-eabi/5.4.1/armv7e-m/fpu/libgcc.a(_dvmd_tls.o)
                0x000000001f007544                __aeabi_ldiv0
                0x000000001f007544                __aeabi_idiv0
 .text          0x000000001f007548       0x10 /usr/lib/gcc/arm-none-eabi/5.4.1/../../../arm-none-eabi/lib/armv7e-m/fpu/libnosys.a(close.o)
                0x000000001f007548                _close
 .text          0x000000001f007558       0x10 /usr/lib/gcc/arm-none-eabi/5.4.1/../../../arm-none-eabi/lib/armv7e-m/fpu/libnosys.a(fstat.o)
                0x000000001f007558                _fstat
 .text          0x000000001f007568       0x10 /usr/lib/gcc/arm-none-eabi/5.4.1/../../../arm-none-eabi/lib/armv7e-m/fpu/libnosys.a(isatty.o)
                0x000000001f007568                _isatty
 .text          0x000000001f007578       0x10 /usr/lib/gcc/arm-none-eabi/5.4.1/../../../arm-none-eabi/lib/armv7e-m/fpu/libnosys.a(lseek.o)
                0x000000001f007578                _lseek
 .text          0x000000001f007588       0x10 /usr/lib/gcc/arm-none-eabi/5.4.1/../../../arm-none-eabi/lib/armv7e-m/fpu/libnosys.a(read.o)
                0x000000001f007588                _read
 .text          0x000000001f007598       0x1c /usr/lib/gcc/arm-none-eabi/5.4.1/../../../arm-none-eabi/lib/armv7e-m/fpu/libnosys.a(sbrk.o)
                0x000000001f007598                _sbrk
                0x000000001f0075b4                . = ALIGN (0x4)
 *(.rodata*)
 .rodata.str1.1
                0x000000001f0075b4       0x2d uart-gpio.o
                                         0x3d (size before relaxing)
 *fill*         0x000000001f0075e1        0x3 
 .rodata        0x000000001f0075e4        0x4 /usr/lib/gcc/arm-none-eabi/5.4.1/../../../arm-none-eabi/lib/armv7e-m/fpu/libc.a(lib_a-impure.o)
                0x000000001f0075e4                _global_impure_ptr
 .rodata.str1.4
                0x000000001f0075e8        0x2 /usr/lib/gcc/arm-none-eabi/5.4.1/../../../arm-none-eabi/lib/armv7e-m/fpu/libc.a(lib_a-impure.o)
 *fill*         0x000000001f0075ea        0x2 
 .rodata        0x000000001f0075ec       0x20 /usr/lib/gcc/arm-none-eabi/5.4.1/../../../arm-none-eabi/lib/armv7e-m/fpu/libc.a(lib_a-vfprintf.o)
 .rodata.str1.4
                0x000000001f00760c       0x42 /usr/lib/gcc/arm-none-eabi/5.4.1/../../../arm-none-eabi/lib/armv7e-m/fpu/libc.a(lib_a-vfprintf.o)
 *fill*         0x000000001f00764e        0x2 
 .rodata.str1.4
                0x000000001f007650       0x10 /usr/lib/gcc/arm-none-eabi/5.4.1/../../../arm-none-eabi/lib/armv7e-m/fpu/libc.a(lib_a-dtoa.o)
                                         0x12 (size before relaxing)
 .rodata.str1.4
                0x000000001f007660        0xc /usr/lib/gcc/arm-none-eabi/5.4.1/../../../arm-none-eabi/lib/armv7e-m/fpu/libc.a(lib_a-locale.o)
                                         0x12 (size before relaxing)
 *fill*         0x000000001f00766c        0x4 
 .rodata        0x000000001f007670      0x128 /usr/lib/gcc/arm-none-eabi/5.4.1/../../../arm-none-eabi/lib/armv7e-m/fpu/libc.a(lib_a-mprec.o)
                0x000000001f007680                __mprec_tens
                0x000000001f007748                __mprec_tinytens
                0x000000001f007770                __mprec_bigtens
 .rodata        0x000000001f007798       0x20 /usr/lib/gcc/arm-none-eabi/5.4.1/../../../arm-none-eabi/lib/armv7e-m/fpu/libc.a(lib_a-vfiprintf.o)
 .rodata.str1.4
                0x000000001f0077b8       0x2f /usr/lib/gcc/arm-none-eabi/5.4.1/../../../arm-none-eabi/lib/armv7e-m/fpu/libc.a(lib_a-vfiprintf.o)
                0x000000001f0077e8                . = ALIGN (0x4)

.glue_7         0x000000001f0077b8        0x0
 .glue_7        0x000000001f0077b8        0x0 linker stubs

.glue_7t        0x000000001f0077b8        0x0
 .glue_7t       0x000000001f0077b8        0x0 linker stubs

.vfp11_veneer   0x000000001f0077b8        0x0
 .vfp11_veneer  0x000000001f0077b8        0x0 linker stubs

.v4_bx          0x000000001f0077b8        0x0
 .v4_bx         0x000000001f0077b8        0x0 linker stubs

.iplt           0x000000001f0077b8        0x0
 .iplt          0x000000001f0077b8        0x0 uart-gpio.o

.preinit_array  0x000000001f0077b8        0x0
                0x000000001f0077b8                . = ALIGN (0x4)
                0x000000001f0077b8                __preinit_array_start = .
 *(.preinit_array)
                0x000000001f0077b8                __preinit_array_end = .

.init_array     0x000000001f0077b8        0x0
                0x000000001f0077b8                . = ALIGN (0x4)
                0x000000001f0077b8                __init_array_start = .
 *(SORT(.init_array.*))
 *(.init_array)
                0x000000001f0077b8                __init_array_end = .

.fini_array     0x000000001f0077b8        0x0
                0x000000001f0077b8                . = ALIGN (0x4)
                0x000000001f0077b8                __fini_array_start = .
 *(.fini_array)
 *(SORT(.fini_array.*))
                0x000000001f0077b8                __fini_array_end = .

.ARM.extab
 *(.ARM.extab*)

.ARM.exidx      0x000000001f0077b8        0x8
                0x000000001f0077b8                __exidx_start = .
 *(.ARM.exidx*)
 .ARM.exidx     0x000000001f0077b8        0x8 /usr/lib/gcc/arm-none-eabi/5.4.1/armv7e-m/fpu/libgcc.a(_udivmoddi4.o)
                0x000000001f0077c0                __exidx_end = .

.rel.dyn        0x000000001f0077c0        0x0
 .rel.iplt      0x000000001f0077c0        0x0 uart-gpio.o
                0x000000001f0077c0                . = ALIGN (0x4)
                0x000000001f0077c0                _etext = .

.data           0x000000003f040000      0x8c0 load address 0x000000001f0077c0
                0x000000003f040000                _data = .
 *(.data*)
 .data          0x000000003f040000      0x430 /usr/lib/gcc/arm-none-eabi/5.4.1/../../../arm-none-eabi/lib/armv7e-m/fpu/libc.a(lib_a-impure.o)
                0x000000003f040000                _impure_ptr
 .data          0x000000003f040430       0x7c /usr/lib/gcc/arm-none-eabi/5.4.1/../../../arm-none-eabi/lib/armv7e-m/fpu/libc.a(lib_a-locale.o)
                0x000000003f040450                __mb_cur_max
 .data          0x000000003f0404ac      0x410 /usr/lib/gcc/arm-none-eabi/5.4.1/../../../arm-none-eabi/lib/armv7e-m/fpu/libc.a(lib_a-mallocr.o)
                0x000000003f0404ac                __malloc_av_
                0x000000003f0408b4                __malloc_sbrk_base
                0x000000003f0408b8                __malloc_trim_threshold
 .data          0x000000003f0408bc        0x4 /usr/lib/gcc/arm-none-eabi/5.4.1/../../../arm-none-eabi/lib/armv7e-m/fpu/libc.a(lib_a-wctomb_r.o)
                0x000000003f0408bc                __wctomb
                0x000000003f0408c0                . = ALIGN (0x4)
                0x000000003f0408c0                _edata = .
                0x000000001f0077c0                _data_loadaddr = LOADADDR (.data)

.igot.plt       0x000000003f0408c0        0x0 load address 0x000000001f008080
 .igot.plt      0x000000003f0408c0        0x0 uart-gpio.o

.bss            0x000000003f0408c0       0x48 load address 0x000000001f008080
 *(.bss*)
 .bss.ccm_ipg_bus_clk
                0x000000003f0408c0        0x4 /home/ryan/Desktop/libopencm3/libopencm3-examples/libopencm3/lib/libopencm3_vf6xx.a(ccm.o)
                0x000000003f0408c0                ccm_ipg_bus_clk
 .bss.ccm_core_clk
                0x000000003f0408c4        0x4 /home/ryan/Desktop/libopencm3/libopencm3-examples/libopencm3/lib/libopencm3_vf6xx.a(ccm.o)
                0x000000003f0408c4                ccm_core_clk
 .bss.ccm_platform_bus_clk
                0x000000003f0408c8        0x4 /home/ryan/Desktop/libopencm3/libopencm3-examples/libopencm3/lib/libopencm3_vf6xx.a(ccm.o)
                0x000000003f0408c8                ccm_platform_bus_clk
 .bss           0x000000003f0408cc       0x34 /usr/lib/gcc/arm-none-eabi/5.4.1/../../../arm-none-eabi/lib/armv7e-m/fpu/libc.a(lib_a-mallocr.o)
                0x000000003f0408cc                __malloc_top_pad
                0x000000003f0408d0                __malloc_current_mallinfo
                0x000000003f0408f8                __malloc_max_sbrked_mem
                0x000000003f0408fc                __malloc_max_total_mem
 .bss           0x000000003f040900        0x4 /usr/lib/gcc/arm-none-eabi/5.4.1/../../../arm-none-eabi/lib/armv7e-m/fpu/libnosys.a(sbrk.o)
 *(COMMON)
 COMMON         0x000000003f040904        0x4 /usr/lib/gcc/arm-none-eabi/5.4.1/../../../arm-none-eabi/lib/armv7e-m/fpu/libc.a(lib_a-reent.o)
                0x000000003f040904                errno
                0x000000003f040908                . = ALIGN (0x4)
                0x000000003f040908                _ebss = .

/DISCARD/
 *(.eh_frame)
                0x000000003f040908                . = ALIGN (0x4)
                0x000000003f040908                end = .
                0x000000003f080000                PROVIDE (_stack, (ORIGIN (ps_ram) + LENGTH (ps_ram)))
OUTPUT(uart-gpio.elf elf32-littlearm)

.debug_info     0x0000000000000000    0x1b373
 .debug_info    0x0000000000000000      0xae9 uart-gpio.o
 .debug_info    0x0000000000000ae9      0x6f4 /home/ryan/Desktop/libopencm3/libopencm3-examples/libopencm3/lib/libopencm3_vf6xx.a(ccm.o)
 .debug_info    0x00000000000011dd      0x341 /home/ryan/Desktop/libopencm3/libopencm3-examples/libopencm3/lib/libopencm3_vf6xx.a(uart.o)
 .debug_info    0x000000000000151e      0x1b6 /home/ryan/Desktop/libopencm3/libopencm3-examples/libopencm3/lib/libopencm3_vf6xx.a(gpio.o)
 .debug_info    0x00000000000016d4      0x3ef /home/ryan/Desktop/libopencm3/libopencm3-examples/libopencm3/lib/libopencm3_vf6xx.a(iomuxc.o)
 .debug_info    0x0000000000001ac3      0x2b7 /home/ryan/Desktop/libopencm3/libopencm3-examples/libopencm3/lib/libopencm3_vf6xx.a(vector.o)
 .debug_info    0x0000000000001d7a      0x890 /usr/lib/gcc/arm-none-eabi/5.4.1/../../../arm-none-eabi/lib/armv7e-m/fpu/libc.a(lib_a-errno.o)
 .debug_info    0x000000000000260a      0x89b /usr/lib/gcc/arm-none-eabi/5.4.1/../../../arm-none-eabi/lib/armv7e-m/fpu/libc.a(lib_a-impure.o)
 .debug_info    0x0000000000002ea5      0x98d /usr/lib/gcc/arm-none-eabi/5.4.1/../../../arm-none-eabi/lib/armv7e-m/fpu/libc.a(lib_a-printf.o)
 .debug_info    0x0000000000003832     0x16d9 /usr/lib/gcc/arm-none-eabi/5.4.1/../../../arm-none-eabi/lib/armv7e-m/fpu/libc.a(lib_a-vfprintf.o)
 .debug_info    0x0000000000004f0b      0x92b /usr/lib/gcc/arm-none-eabi/5.4.1/../../../arm-none-eabi/lib/armv7e-m/fpu/libc.a(lib_a-wsetup.o)
 .debug_info    0x0000000000005836     0x1274 /usr/lib/gcc/arm-none-eabi/5.4.1/../../../arm-none-eabi/lib/armv7e-m/fpu/libc.a(lib_a-dtoa.o)
 .debug_info    0x0000000000006aaa      0xa85 /usr/lib/gcc/arm-none-eabi/5.4.1/../../../arm-none-eabi/lib/armv7e-m/fpu/libc.a(lib_a-fflush.o)
 .debug_info    0x000000000000752f      0xd41 /usr/lib/gcc/arm-none-eabi/5.4.1/../../../arm-none-eabi/lib/armv7e-m/fpu/libc.a(lib_a-findfp.o)
 .debug_info    0x0000000000008270      0xc01 /usr/lib/gcc/arm-none-eabi/5.4.1/../../../arm-none-eabi/lib/armv7e-m/fpu/libc.a(lib_a-freer.o)
 .debug_info    0x0000000000008e71      0x9a5 /usr/lib/gcc/arm-none-eabi/5.4.1/../../../arm-none-eabi/lib/armv7e-m/fpu/libc.a(lib_a-fwalk.o)
 .debug_info    0x0000000000009816      0xc1c /usr/lib/gcc/arm-none-eabi/5.4.1/../../../arm-none-eabi/lib/armv7e-m/fpu/libc.a(lib_a-locale.o)
 .debug_info    0x000000000000a432      0xc1c /usr/lib/gcc/arm-none-eabi/5.4.1/../../../arm-none-eabi/lib/armv7e-m/fpu/libc.a(lib_a-makebuf.o)
 .debug_info    0x000000000000b04e      0xd61 /usr/lib/gcc/arm-none-eabi/5.4.1/../../../arm-none-eabi/lib/armv7e-m/fpu/libc.a(lib_a-mallocr.o)
 .debug_info    0x000000000000bdaf       0xc3 /usr/lib/gcc/arm-none-eabi/5.4.1/../../../arm-none-eabi/lib/armv7e-m/fpu/libc.a(lib_a-memchr.o)
 .debug_info    0x000000000000be72       0xca /usr/lib/gcc/arm-none-eabi/5.4.1/../../../arm-none-eabi/lib/armv7e-m/fpu/libc.a(lib_a-memcpy.o)
 .debug_info    0x000000000000bf3c      0x11e /usr/lib/gcc/arm-none-eabi/5.4.1/../../../arm-none-eabi/lib/armv7e-m/fpu/libc.a(lib_a-memset.o)
 .debug_info    0x000000000000c05a      0x8a8 /usr/lib/gcc/arm-none-eabi/5.4.1/../../../arm-none-eabi/lib/armv7e-m/fpu/libc.a(lib_a-mlock.o)
 .debug_info    0x000000000000c902     0x16c1 /usr/lib/gcc/arm-none-eabi/5.4.1/../../../arm-none-eabi/lib/armv7e-m/fpu/libc.a(lib_a-mprec.o)
 .debug_info    0x000000000000dfc3      0x8f5 /usr/lib/gcc/arm-none-eabi/5.4.1/../../../arm-none-eabi/lib/armv7e-m/fpu/libc.a(lib_a-sbrkr.o)
 .debug_info    0x000000000000e8b8      0xb29 /usr/lib/gcc/arm-none-eabi/5.4.1/../../../arm-none-eabi/lib/armv7e-m/fpu/libc.a(lib_a-stdio.o)
 .debug_info    0x000000000000f3e1       0xc9 /usr/lib/gcc/arm-none-eabi/5.4.1/../../../arm-none-eabi/lib/armv7e-m/fpu/libc.a(lib_a-strcmp.o)
 .debug_info    0x000000000000f4aa       0xc9 /usr/lib/gcc/arm-none-eabi/5.4.1/../../../arm-none-eabi/lib/armv7e-m/fpu/libc.a(lib_a-strlen.o)
 .debug_info    0x000000000000f573     0x14bc /usr/lib/gcc/arm-none-eabi/5.4.1/../../../arm-none-eabi/lib/armv7e-m/fpu/libc.a(lib_a-vfiprintf.o)
 .debug_info    0x0000000000010a2f      0x933 /usr/lib/gcc/arm-none-eabi/5.4.1/../../../arm-none-eabi/lib/armv7e-m/fpu/libc.a(lib_a-writer.o)
 .debug_info    0x0000000000011362      0x9c8 /usr/lib/gcc/arm-none-eabi/5.4.1/../../../arm-none-eabi/lib/armv7e-m/fpu/libc.a(lib_a-callocr.o)
 .debug_info    0x0000000000011d2a      0x8eb /usr/lib/gcc/arm-none-eabi/5.4.1/../../../arm-none-eabi/lib/armv7e-m/fpu/libc.a(lib_a-closer.o)
 .debug_info    0x0000000000012615      0xa18 /usr/lib/gcc/arm-none-eabi/5.4.1/../../../arm-none-eabi/lib/armv7e-m/fpu/libc.a(lib_a-fclose.o)
 .debug_info    0x000000000001302d      0xb32 /usr/lib/gcc/arm-none-eabi/5.4.1/../../../arm-none-eabi/lib/armv7e-m/fpu/libc.a(lib_a-fputwc.o)
 .debug_info    0x0000000000013b5f      0xacc /usr/lib/gcc/arm-none-eabi/5.4.1/../../../arm-none-eabi/lib/armv7e-m/fpu/libc.a(lib_a-fstatr.o)
 .debug_info    0x000000000001462b      0xbf0 /usr/lib/gcc/arm-none-eabi/5.4.1/../../../arm-none-eabi/lib/armv7e-m/fpu/libc.a(lib_a-fvwrite.o)
 .debug_info    0x000000000001521b      0x8eb /usr/lib/gcc/arm-none-eabi/5.4.1/../../../arm-none-eabi/lib/armv7e-m/fpu/libc.a(lib_a-isattyr.o)
 .debug_info    0x0000000000015b06      0x916 /usr/lib/gcc/arm-none-eabi/5.4.1/../../../arm-none-eabi/lib/armv7e-m/fpu/libc.a(lib_a-lseekr.o)
 .debug_info    0x000000000001641c      0x138 /usr/lib/gcc/arm-none-eabi/5.4.1/../../../arm-none-eabi/lib/armv7e-m/fpu/libc.a(lib_a-memmove.o)
 .debug_info    0x0000000000016554      0x92c /usr/lib/gcc/arm-none-eabi/5.4.1/../../../arm-none-eabi/lib/armv7e-m/fpu/libc.a(lib_a-readr.o)
 .debug_info    0x0000000000016e80      0xc86 /usr/lib/gcc/arm-none-eabi/5.4.1/../../../arm-none-eabi/lib/armv7e-m/fpu/libc.a(lib_a-reallocr.o)
 .debug_info    0x0000000000017b06      0x9fc /usr/lib/gcc/arm-none-eabi/5.4.1/../../../arm-none-eabi/lib/armv7e-m/fpu/libc.a(lib_a-reent.o)
 .debug_info    0x0000000000018502      0x9b3 /usr/lib/gcc/arm-none-eabi/5.4.1/../../../arm-none-eabi/lib/armv7e-m/fpu/libc.a(lib_a-wbuf.o)
 .debug_info    0x0000000000018eb5      0xa86 /usr/lib/gcc/arm-none-eabi/5.4.1/../../../arm-none-eabi/lib/armv7e-m/fpu/libc.a(lib_a-wcrtomb.o)
 .debug_info    0x000000000001993b      0x9bc /usr/lib/gcc/arm-none-eabi/5.4.1/../../../arm-none-eabi/lib/armv7e-m/fpu/libc.a(lib_a-wctomb_r.o)
 .debug_info    0x000000000001a2f7       0xc2 /usr/lib/gcc/arm-none-eabi/5.4.1/armv7e-m/fpu/libgcc.a(_arm_addsubdf3.o)
 .debug_info    0x000000000001a3b9       0xc2 /usr/lib/gcc/arm-none-eabi/5.4.1/armv7e-m/fpu/libgcc.a(_arm_muldivdf3.o)
 .debug_info    0x000000000001a47b       0xc2 /usr/lib/gcc/arm-none-eabi/5.4.1/armv7e-m/fpu/libgcc.a(_arm_cmpdf2.o)
 .debug_info    0x000000000001a53d       0xc2 /usr/lib/gcc/arm-none-eabi/5.4.1/armv7e-m/fpu/libgcc.a(_arm_unorddf2.o)
 .debug_info    0x000000000001a5ff       0xc2 /usr/lib/gcc/arm-none-eabi/5.4.1/armv7e-m/fpu/libgcc.a(_arm_fixdfsi.o)
 .debug_info    0x000000000001a6c1       0xc2 /usr/lib/gcc/arm-none-eabi/5.4.1/armv7e-m/fpu/libgcc.a(_arm_truncdfsf2.o)
 .debug_info    0x000000000001a783       0xbd /usr/lib/gcc/arm-none-eabi/5.4.1/armv7e-m/fpu/libgcc.a(_aeabi_uldivmod.o)
 .debug_info    0x000000000001a840      0x42c /usr/lib/gcc/arm-none-eabi/5.4.1/armv7e-m/fpu/libgcc.a(_udivmoddi4.o)
 .debug_info    0x000000000001ac6c       0xc1 /usr/lib/gcc/arm-none-eabi/5.4.1/armv7e-m/fpu/libgcc.a(_dvmd_tls.o)
 .debug_info    0x000000000001ad2d       0xb5 /usr/lib/gcc/arm-none-eabi/5.4.1/../../../arm-none-eabi/lib/armv7e-m/fpu/libnosys.a(close.o)
 .debug_info    0x000000000001ade2      0x297 /usr/lib/gcc/arm-none-eabi/5.4.1/../../../arm-none-eabi/lib/armv7e-m/fpu/libnosys.a(fstat.o)
 .debug_info    0x000000000001b079       0xb5 /usr/lib/gcc/arm-none-eabi/5.4.1/../../../arm-none-eabi/lib/armv7e-m/fpu/libnosys.a(isatty.o)
 .debug_info    0x000000000001b12e       0xd1 /usr/lib/gcc/arm-none-eabi/5.4.1/../../../arm-none-eabi/lib/armv7e-m/fpu/libnosys.a(lseek.o)
 .debug_info    0x000000000001b1ff       0xd7 /usr/lib/gcc/arm-none-eabi/5.4.1/../../../arm-none-eabi/lib/armv7e-m/fpu/libnosys.a(read.o)
 .debug_info    0x000000000001b2d6       0x9d /usr/lib/gcc/arm-none-eabi/5.4.1/../../../arm-none-eabi/lib/armv7e-m/fpu/libnosys.a(sbrk.o)

.debug_abbrev   0x0000000000000000     0x598d
 .debug_abbrev  0x0000000000000000      0x15b uart-gpio.o
 .debug_abbrev  0x000000000000015b       0xe9 /home/ryan/Desktop/libopencm3/libopencm3-examples/libopencm3/lib/libopencm3_vf6xx.a(ccm.o)
 .debug_abbrev  0x0000000000000244      0x145 /home/ryan/Desktop/libopencm3/libopencm3-examples/libopencm3/lib/libopencm3_vf6xx.a(uart.o)
 .debug_abbrev  0x0000000000000389       0xb5 /home/ryan/Desktop/libopencm3/libopencm3-examples/libopencm3/lib/libopencm3_vf6xx.a(gpio.o)
 .debug_abbrev  0x000000000000043e       0x8a /home/ryan/Desktop/libopencm3/libopencm3-examples/libopencm3/lib/libopencm3_vf6xx.a(iomuxc.o)
 .debug_abbrev  0x00000000000004c8      0x155 /home/ryan/Desktop/libopencm3/libopencm3-examples/libopencm3/lib/libopencm3_vf6xx.a(vector.o)
 .debug_abbrev  0x000000000000061d      0x18f /usr/lib/gcc/arm-none-eabi/5.4.1/../../../arm-none-eabi/lib/armv7e-m/fpu/libc.a(lib_a-errno.o)
 .debug_abbrev  0x00000000000007ac      0x180 /usr/lib/gcc/arm-none-eabi/5.4.1/../../../arm-none-eabi/lib/armv7e-m/fpu/libc.a(lib_a-impure.o)
 .debug_abbrev  0x000000000000092c      0x22a /usr/lib/gcc/arm-none-eabi/5.4.1/../../../arm-none-eabi/lib/armv7e-m/fpu/libc.a(lib_a-printf.o)
 .debug_abbrev  0x0000000000000b56      0x3a9 /usr/lib/gcc/arm-none-eabi/5.4.1/../../../arm-none-eabi/lib/armv7e-m/fpu/libc.a(lib_a-vfprintf.o)
 .debug_abbrev  0x0000000000000eff      0x209 /usr/lib/gcc/arm-none-eabi/5.4.1/../../../arm-none-eabi/lib/armv7e-m/fpu/libc.a(lib_a-wsetup.o)
 .debug_abbrev  0x0000000000001108      0x29e /usr/lib/gcc/arm-none-eabi/5.4.1/../../../arm-none-eabi/lib/armv7e-m/fpu/libc.a(lib_a-dtoa.o)
 .debug_abbrev  0x00000000000013a6      0x292 /usr/lib/gcc/arm-none-eabi/5.4.1/../../../arm-none-eabi/lib/armv7e-m/fpu/libc.a(lib_a-fflush.o)
 .debug_abbrev  0x0000000000001638      0x358 /usr/lib/gcc/arm-none-eabi/5.4.1/../../../arm-none-eabi/lib/armv7e-m/fpu/libc.a(lib_a-findfp.o)
 .debug_abbrev  0x0000000000001990      0x264 /usr/lib/gcc/arm-none-eabi/5.4.1/../../../arm-none-eabi/lib/armv7e-m/fpu/libc.a(lib_a-freer.o)
 .debug_abbrev  0x0000000000001bf4      0x1c2 /usr/lib/gcc/arm-none-eabi/5.4.1/../../../arm-none-eabi/lib/armv7e-m/fpu/libc.a(lib_a-fwalk.o)
 .debug_abbrev  0x0000000000001db6      0x2a8 /usr/lib/gcc/arm-none-eabi/5.4.1/../../../arm-none-eabi/lib/armv7e-m/fpu/libc.a(lib_a-locale.o)
 .debug_abbrev  0x000000000000205e      0x296 /usr/lib/gcc/arm-none-eabi/5.4.1/../../../arm-none-eabi/lib/armv7e-m/fpu/libc.a(lib_a-makebuf.o)
 .debug_abbrev  0x00000000000022f4      0x29d /usr/lib/gcc/arm-none-eabi/5.4.1/../../../arm-none-eabi/lib/armv7e-m/fpu/libc.a(lib_a-mallocr.o)
 .debug_abbrev  0x0000000000002591       0x14 /usr/lib/gcc/arm-none-eabi/5.4.1/../../../arm-none-eabi/lib/armv7e-m/fpu/libc.a(lib_a-memchr.o)
 .debug_abbrev  0x00000000000025a5       0x14 /usr/lib/gcc/arm-none-eabi/5.4.1/../../../arm-none-eabi/lib/armv7e-m/fpu/libc.a(lib_a-memcpy.o)
 .debug_abbrev  0x00000000000025b9       0x9f /usr/lib/gcc/arm-none-eabi/5.4.1/../../../arm-none-eabi/lib/armv7e-m/fpu/libc.a(lib_a-memset.o)
 .debug_abbrev  0x0000000000002658      0x1ac /usr/lib/gcc/arm-none-eabi/5.4.1/../../../arm-none-eabi/lib/armv7e-m/fpu/libc.a(lib_a-mlock.o)
 .debug_abbrev  0x0000000000002804      0x399 /usr/lib/gcc/arm-none-eabi/5.4.1/../../../arm-none-eabi/lib/armv7e-m/fpu/libc.a(lib_a-mprec.o)
 .debug_abbrev  0x0000000000002b9d      0x1fb /usr/lib/gcc/arm-none-eabi/5.4.1/../../../arm-none-eabi/lib/armv7e-m/fpu/libc.a(lib_a-sbrkr.o)
 .debug_abbrev  0x0000000000002d98      0x22a /usr/lib/gcc/arm-none-eabi/5.4.1/../../../arm-none-eabi/lib/armv7e-m/fpu/libc.a(lib_a-stdio.o)
 .debug_abbrev  0x0000000000002fc2       0x14 /usr/lib/gcc/arm-none-eabi/5.4.1/../../../arm-none-eabi/lib/armv7e-m/fpu/libc.a(lib_a-strcmp.o)
 .debug_abbrev  0x0000000000002fd6       0x14 /usr/lib/gcc/arm-none-eabi/5.4.1/../../../arm-none-eabi/lib/armv7e-m/fpu/libc.a(lib_a-strlen.o)
 .debug_abbrev  0x0000000000002fea      0x3b2 /usr/lib/gcc/arm-none-eabi/5.4.1/../../../arm-none-eabi/lib/armv7e-m/fpu/libc.a(lib_a-vfiprintf.o)
 .debug_abbrev  0x000000000000339c      0x1fb /usr/lib/gcc/arm-none-eabi/5.4.1/../../../arm-none-eabi/lib/armv7e-m/fpu/libc.a(lib_a-writer.o)
 .debug_abbrev  0x0000000000003597      0x1fc /usr/lib/gcc/arm-none-eabi/5.4.1/../../../arm-none-eabi/lib/armv7e-m/fpu/libc.a(lib_a-callocr.o)
 .debug_abbrev  0x0000000000003793      0x1f6 /usr/lib/gcc/arm-none-eabi/5.4.1/../../../arm-none-eabi/lib/armv7e-m/fpu/libc.a(lib_a-closer.o)
 .debug_abbrev  0x0000000000003989      0x293 /usr/lib/gcc/arm-none-eabi/5.4.1/../../../arm-none-eabi/lib/armv7e-m/fpu/libc.a(lib_a-fclose.o)
 .debug_abbrev  0x0000000000003c1c      0x2f2 /usr/lib/gcc/arm-none-eabi/5.4.1/../../../arm-none-eabi/lib/armv7e-m/fpu/libc.a(lib_a-fputwc.o)
 .debug_abbrev  0x0000000000003f0e      0x205 /usr/lib/gcc/arm-none-eabi/5.4.1/../../../arm-none-eabi/lib/armv7e-m/fpu/libc.a(lib_a-fstatr.o)
 .debug_abbrev  0x0000000000004113      0x21c /usr/lib/gcc/arm-none-eabi/5.4.1/../../../arm-none-eabi/lib/armv7e-m/fpu/libc.a(lib_a-fvwrite.o)
 .debug_abbrev  0x000000000000432f      0x1f6 /usr/lib/gcc/arm-none-eabi/5.4.1/../../../arm-none-eabi/lib/armv7e-m/fpu/libc.a(lib_a-isattyr.o)
 .debug_abbrev  0x0000000000004525      0x205 /usr/lib/gcc/arm-none-eabi/5.4.1/../../../arm-none-eabi/lib/armv7e-m/fpu/libc.a(lib_a-lseekr.o)
 .debug_abbrev  0x000000000000472a       0xab /usr/lib/gcc/arm-none-eabi/5.4.1/../../../arm-none-eabi/lib/armv7e-m/fpu/libc.a(lib_a-memmove.o)
 .debug_abbrev  0x00000000000047d5      0x1f6 /usr/lib/gcc/arm-none-eabi/5.4.1/../../../arm-none-eabi/lib/armv7e-m/fpu/libc.a(lib_a-readr.o)
 .debug_abbrev  0x00000000000049cb      0x231 /usr/lib/gcc/arm-none-eabi/5.4.1/../../../arm-none-eabi/lib/armv7e-m/fpu/libc.a(lib_a-reallocr.o)
 .debug_abbrev  0x0000000000004bfc      0x25c /usr/lib/gcc/arm-none-eabi/5.4.1/../../../arm-none-eabi/lib/armv7e-m/fpu/libc.a(lib_a-reent.o)
 .debug_abbrev  0x0000000000004e58      0x242 /usr/lib/gcc/arm-none-eabi/5.4.1/../../../arm-none-eabi/lib/armv7e-m/fpu/libc.a(lib_a-wbuf.o)
 .debug_abbrev  0x000000000000509a      0x227 /usr/lib/gcc/arm-none-eabi/5.4.1/../../../arm-none-eabi/lib/armv7e-m/fpu/libc.a(lib_a-wcrtomb.o)
 .debug_abbrev  0x00000000000052c1      0x210 /usr/lib/gcc/arm-none-eabi/5.4.1/../../../arm-none-eabi/lib/armv7e-m/fpu/libc.a(lib_a-wctomb_r.o)
 .debug_abbrev  0x00000000000054d1       0x14 /usr/lib/gcc/arm-none-eabi/5.4.1/armv7e-m/fpu/libgcc.a(_arm_addsubdf3.o)
 .debug_abbrev  0x00000000000054e5       0x14 /usr/lib/gcc/arm-none-eabi/5.4.1/armv7e-m/fpu/libgcc.a(_arm_muldivdf3.o)
 .debug_abbrev  0x00000000000054f9       0x14 /usr/lib/gcc/arm-none-eabi/5.4.1/armv7e-m/fpu/libgcc.a(_arm_cmpdf2.o)
 .debug_abbrev  0x000000000000550d       0x14 /usr/lib/gcc/arm-none-eabi/5.4.1/armv7e-m/fpu/libgcc.a(_arm_unorddf2.o)
 .debug_abbrev  0x0000000000005521       0x14 /usr/lib/gcc/arm-none-eabi/5.4.1/armv7e-m/fpu/libgcc.a(_arm_fixdfsi.o)
 .debug_abbrev  0x0000000000005535       0x14 /usr/lib/gcc/arm-none-eabi/5.4.1/armv7e-m/fpu/libgcc.a(_arm_truncdfsf2.o)
 .debug_abbrev  0x0000000000005549       0x14 /usr/lib/gcc/arm-none-eabi/5.4.1/armv7e-m/fpu/libgcc.a(_aeabi_uldivmod.o)
 .debug_abbrev  0x000000000000555d      0x101 /usr/lib/gcc/arm-none-eabi/5.4.1/armv7e-m/fpu/libgcc.a(_udivmoddi4.o)
 .debug_abbrev  0x000000000000565e       0x14 /usr/lib/gcc/arm-none-eabi/5.4.1/armv7e-m/fpu/libgcc.a(_dvmd_tls.o)
 .debug_abbrev  0x0000000000005672       0x66 /usr/lib/gcc/arm-none-eabi/5.4.1/../../../arm-none-eabi/lib/armv7e-m/fpu/libnosys.a(close.o)
 .debug_abbrev  0x00000000000056d8       0xbb /usr/lib/gcc/arm-none-eabi/5.4.1/../../../arm-none-eabi/lib/armv7e-m/fpu/libnosys.a(fstat.o)
 .debug_abbrev  0x0000000000005793       0x66 /usr/lib/gcc/arm-none-eabi/5.4.1/../../../arm-none-eabi/lib/armv7e-m/fpu/libnosys.a(isatty.o)
 .debug_abbrev  0x00000000000057f9       0x84 /usr/lib/gcc/arm-none-eabi/5.4.1/../../../arm-none-eabi/lib/armv7e-m/fpu/libnosys.a(lseek.o)
 .debug_abbrev  0x000000000000587d       0x8d /usr/lib/gcc/arm-none-eabi/5.4.1/../../../arm-none-eabi/lib/armv7e-m/fpu/libnosys.a(read.o)
 .debug_abbrev  0x000000000000590a       0x83 /usr/lib/gcc/arm-none-eabi/5.4.1/../../../arm-none-eabi/lib/armv7e-m/fpu/libnosys.a(sbrk.o)

.debug_loc      0x0000000000000000     0xf845
 .debug_loc     0x0000000000000000      0x18e uart-gpio.o
 .debug_loc     0x000000000000018e      0x372 /home/ryan/Desktop/libopencm3/libopencm3-examples/libopencm3/lib/libopencm3_vf6xx.a(ccm.o)
 .debug_loc     0x0000000000000500      0x173 /home/ryan/Desktop/libopencm3/libopencm3-examples/libopencm3/lib/libopencm3_vf6xx.a(uart.o)
 .debug_loc     0x0000000000000673      0x179 /home/ryan/Desktop/libopencm3/libopencm3-examples/libopencm3/lib/libopencm3_vf6xx.a(gpio.o)
 .debug_loc     0x00000000000007ec       0x21 /home/ryan/Desktop/libopencm3/libopencm3-examples/libopencm3/lib/libopencm3_vf6xx.a(iomuxc.o)
 .debug_loc     0x000000000000080d       0xdf /home/ryan/Desktop/libopencm3/libopencm3-examples/libopencm3/lib/libopencm3_vf6xx.a(vector.o)
 .debug_loc     0x00000000000008ec       0x34 /usr/lib/gcc/arm-none-eabi/5.4.1/../../../arm-none-eabi/lib/armv7e-m/fpu/libc.a(lib_a-printf.o)
 .debug_loc     0x0000000000000920     0x2c5a /usr/lib/gcc/arm-none-eabi/5.4.1/../../../arm-none-eabi/lib/armv7e-m/fpu/libc.a(lib_a-vfprintf.o)
 .debug_loc     0x000000000000357a       0xa2 /usr/lib/gcc/arm-none-eabi/5.4.1/../../../arm-none-eabi/lib/armv7e-m/fpu/libc.a(lib_a-wsetup.o)
 .debug_loc     0x000000000000361c     0x29da /usr/lib/gcc/arm-none-eabi/5.4.1/../../../arm-none-eabi/lib/armv7e-m/fpu/libc.a(lib_a-dtoa.o)
 .debug_loc     0x0000000000005ff6      0x29f /usr/lib/gcc/arm-none-eabi/5.4.1/../../../arm-none-eabi/lib/armv7e-m/fpu/libc.a(lib_a-fflush.o)
 .debug_loc     0x0000000000006295      0x2f4 /usr/lib/gcc/arm-none-eabi/5.4.1/../../../arm-none-eabi/lib/armv7e-m/fpu/libc.a(lib_a-findfp.o)
 .debug_loc     0x0000000000006589      0x525 /usr/lib/gcc/arm-none-eabi/5.4.1/../../../arm-none-eabi/lib/armv7e-m/fpu/libc.a(lib_a-freer.o)
 .debug_loc     0x0000000000006aae      0x207 /usr/lib/gcc/arm-none-eabi/5.4.1/../../../arm-none-eabi/lib/armv7e-m/fpu/libc.a(lib_a-fwalk.o)
 .debug_loc     0x0000000000006cb5      0x147 /usr/lib/gcc/arm-none-eabi/5.4.1/../../../arm-none-eabi/lib/armv7e-m/fpu/libc.a(lib_a-locale.o)
 .debug_loc     0x0000000000006dfc      0x120 /usr/lib/gcc/arm-none-eabi/5.4.1/../../../arm-none-eabi/lib/armv7e-m/fpu/libc.a(lib_a-makebuf.o)
 .debug_loc     0x0000000000006f1c      0xcdf /usr/lib/gcc/arm-none-eabi/5.4.1/../../../arm-none-eabi/lib/armv7e-m/fpu/libc.a(lib_a-mallocr.o)
 .debug_loc     0x0000000000007bfb      0x1ae /usr/lib/gcc/arm-none-eabi/5.4.1/../../../arm-none-eabi/lib/armv7e-m/fpu/libc.a(lib_a-memset.o)
 .debug_loc     0x0000000000007da9     0x1f33 /usr/lib/gcc/arm-none-eabi/5.4.1/../../../arm-none-eabi/lib/armv7e-m/fpu/libc.a(lib_a-mprec.o)
 .debug_loc     0x0000000000009cdc       0x4d /usr/lib/gcc/arm-none-eabi/5.4.1/../../../arm-none-eabi/lib/armv7e-m/fpu/libc.a(lib_a-sbrkr.o)
 .debug_loc     0x0000000000009d29      0x2bf /usr/lib/gcc/arm-none-eabi/5.4.1/../../../arm-none-eabi/lib/armv7e-m/fpu/libc.a(lib_a-stdio.o)
 .debug_loc     0x0000000000009fe8     0x1dcd /usr/lib/gcc/arm-none-eabi/5.4.1/../../../arm-none-eabi/lib/armv7e-m/fpu/libc.a(lib_a-vfiprintf.o)
 .debug_loc     0x000000000000bdb5       0xb0 /usr/lib/gcc/arm-none-eabi/5.4.1/../../../arm-none-eabi/lib/armv7e-m/fpu/libc.a(lib_a-writer.o)
 .debug_loc     0x000000000000be65      0x291 /usr/lib/gcc/arm-none-eabi/5.4.1/../../../arm-none-eabi/lib/armv7e-m/fpu/libc.a(lib_a-callocr.o)
 .debug_loc     0x000000000000c0f6       0x4d /usr/lib/gcc/arm-none-eabi/5.4.1/../../../arm-none-eabi/lib/armv7e-m/fpu/libc.a(lib_a-closer.o)
 .debug_loc     0x000000000000c143      0x151 /usr/lib/gcc/arm-none-eabi/5.4.1/../../../arm-none-eabi/lib/armv7e-m/fpu/libc.a(lib_a-fclose.o)
 .debug_loc     0x000000000000c294      0x334 /usr/lib/gcc/arm-none-eabi/5.4.1/../../../arm-none-eabi/lib/armv7e-m/fpu/libc.a(lib_a-fputwc.o)
 .debug_loc     0x000000000000c5c8       0x84 /usr/lib/gcc/arm-none-eabi/5.4.1/../../../arm-none-eabi/lib/armv7e-m/fpu/libc.a(lib_a-fstatr.o)
 .debug_loc     0x000000000000c64c      0x6af /usr/lib/gcc/arm-none-eabi/5.4.1/../../../arm-none-eabi/lib/armv7e-m/fpu/libc.a(lib_a-fvwrite.o)
 .debug_loc     0x000000000000ccfb       0x4d /usr/lib/gcc/arm-none-eabi/5.4.1/../../../arm-none-eabi/lib/armv7e-m/fpu/libc.a(lib_a-isattyr.o)
 .debug_loc     0x000000000000cd48       0xb0 /usr/lib/gcc/arm-none-eabi/5.4.1/../../../arm-none-eabi/lib/armv7e-m/fpu/libc.a(lib_a-lseekr.o)
 .debug_loc     0x000000000000cdf8      0x292 /usr/lib/gcc/arm-none-eabi/5.4.1/../../../arm-none-eabi/lib/armv7e-m/fpu/libc.a(lib_a-memmove.o)
 .debug_loc     0x000000000000d08a       0xb0 /usr/lib/gcc/arm-none-eabi/5.4.1/../../../arm-none-eabi/lib/armv7e-m/fpu/libc.a(lib_a-readr.o)
 .debug_loc     0x000000000000d13a     0x1201 /usr/lib/gcc/arm-none-eabi/5.4.1/../../../arm-none-eabi/lib/armv7e-m/fpu/libc.a(lib_a-reallocr.o)
 .debug_loc     0x000000000000e33b      0x11d /usr/lib/gcc/arm-none-eabi/5.4.1/../../../arm-none-eabi/lib/armv7e-m/fpu/libc.a(lib_a-reent.o)
 .debug_loc     0x000000000000e458      0x133 /usr/lib/gcc/arm-none-eabi/5.4.1/../../../arm-none-eabi/lib/armv7e-m/fpu/libc.a(lib_a-wbuf.o)
 .debug_loc     0x000000000000e58b      0x1fa /usr/lib/gcc/arm-none-eabi/5.4.1/../../../arm-none-eabi/lib/armv7e-m/fpu/libc.a(lib_a-wcrtomb.o)
 .debug_loc     0x000000000000e785      0x124 /usr/lib/gcc/arm-none-eabi/5.4.1/../../../arm-none-eabi/lib/armv7e-m/fpu/libc.a(lib_a-wctomb_r.o)
 .debug_loc     0x000000000000e8a9      0xe94 /usr/lib/gcc/arm-none-eabi/5.4.1/armv7e-m/fpu/libgcc.a(_udivmoddi4.o)
 .debug_loc     0x000000000000f73d       0x21 /usr/lib/gcc/arm-none-eabi/5.4.1/../../../arm-none-eabi/lib/armv7e-m/fpu/libnosys.a(close.o)
 .debug_loc     0x000000000000f75e       0x21 /usr/lib/gcc/arm-none-eabi/5.4.1/../../../arm-none-eabi/lib/armv7e-m/fpu/libnosys.a(fstat.o)
 .debug_loc     0x000000000000f77f       0x21 /usr/lib/gcc/arm-none-eabi/5.4.1/../../../arm-none-eabi/lib/armv7e-m/fpu/libnosys.a(isatty.o)
 .debug_loc     0x000000000000f7a0       0x42 /usr/lib/gcc/arm-none-eabi/5.4.1/../../../arm-none-eabi/lib/armv7e-m/fpu/libnosys.a(lseek.o)
 .debug_loc     0x000000000000f7e2       0x42 /usr/lib/gcc/arm-none-eabi/5.4.1/../../../arm-none-eabi/lib/armv7e-m/fpu/libnosys.a(read.o)
 .debug_loc     0x000000000000f824       0x21 /usr/lib/gcc/arm-none-eabi/5.4.1/../../../arm-none-eabi/lib/armv7e-m/fpu/libnosys.a(sbrk.o)

.debug_aranges  0x0000000000000000      0x820
 .debug_aranges
                0x0000000000000000       0x28 uart-gpio.o
 .debug_aranges
                0x0000000000000028       0x38 /home/ryan/Desktop/libopencm3/libopencm3-examples/libopencm3/lib/libopencm3_vf6xx.a(ccm.o)
 .debug_aranges
                0x0000000000000060       0x70 /home/ryan/Desktop/libopencm3/libopencm3-examples/libopencm3/lib/libopencm3_vf6xx.a(uart.o)
 .debug_aranges
                0x00000000000000d0       0x48 /home/ryan/Desktop/libopencm3/libopencm3-examples/libopencm3/lib/libopencm3_vf6xx.a(gpio.o)
 .debug_aranges
                0x0000000000000118       0x20 /home/ryan/Desktop/libopencm3/libopencm3-examples/libopencm3/lib/libopencm3_vf6xx.a(iomuxc.o)
 .debug_aranges
                0x0000000000000138       0x30 /home/ryan/Desktop/libopencm3/libopencm3-examples/libopencm3/lib/libopencm3_vf6xx.a(vector.o)
 .debug_aranges
                0x0000000000000168       0x20 /usr/lib/gcc/arm-none-eabi/5.4.1/../../../arm-none-eabi/lib/armv7e-m/fpu/libc.a(lib_a-errno.o)
 .debug_aranges
                0x0000000000000188       0x18 /usr/lib/gcc/arm-none-eabi/5.4.1/../../../arm-none-eabi/lib/armv7e-m/fpu/libc.a(lib_a-impure.o)
 .debug_aranges
                0x00000000000001a0       0x20 /usr/lib/gcc/arm-none-eabi/5.4.1/../../../arm-none-eabi/lib/armv7e-m/fpu/libc.a(lib_a-printf.o)
 .debug_aranges
                0x00000000000001c0       0x20 /usr/lib/gcc/arm-none-eabi/5.4.1/../../../arm-none-eabi/lib/armv7e-m/fpu/libc.a(lib_a-vfprintf.o)
 .debug_aranges
                0x00000000000001e0       0x20 /usr/lib/gcc/arm-none-eabi/5.4.1/../../../arm-none-eabi/lib/armv7e-m/fpu/libc.a(lib_a-wsetup.o)
 .debug_aranges
                0x0000000000000200       0x20 /usr/lib/gcc/arm-none-eabi/5.4.1/../../../arm-none-eabi/lib/armv7e-m/fpu/libc.a(lib_a-dtoa.o)
 .debug_aranges
                0x0000000000000220       0x20 /usr/lib/gcc/arm-none-eabi/5.4.1/../../../arm-none-eabi/lib/armv7e-m/fpu/libc.a(lib_a-fflush.o)
 .debug_aranges
                0x0000000000000240       0x20 /usr/lib/gcc/arm-none-eabi/5.4.1/../../../arm-none-eabi/lib/armv7e-m/fpu/libc.a(lib_a-findfp.o)
 .debug_aranges
                0x0000000000000260       0x20 /usr/lib/gcc/arm-none-eabi/5.4.1/../../../arm-none-eabi/lib/armv7e-m/fpu/libc.a(lib_a-freer.o)
 .debug_aranges
                0x0000000000000280       0x20 /usr/lib/gcc/arm-none-eabi/5.4.1/../../../arm-none-eabi/lib/armv7e-m/fpu/libc.a(lib_a-fwalk.o)
 .debug_aranges
                0x00000000000002a0       0x20 /usr/lib/gcc/arm-none-eabi/5.4.1/../../../arm-none-eabi/lib/armv7e-m/fpu/libc.a(lib_a-locale.o)
 .debug_aranges
                0x00000000000002c0       0x20 /usr/lib/gcc/arm-none-eabi/5.4.1/../../../arm-none-eabi/lib/armv7e-m/fpu/libc.a(lib_a-makebuf.o)
 .debug_aranges
                0x00000000000002e0       0x20 /usr/lib/gcc/arm-none-eabi/5.4.1/../../../arm-none-eabi/lib/armv7e-m/fpu/libc.a(lib_a-mallocr.o)
 .debug_aranges
                0x0000000000000300       0x20 /usr/lib/gcc/arm-none-eabi/5.4.1/../../../arm-none-eabi/lib/armv7e-m/fpu/libc.a(lib_a-memchr.o)
 .debug_aranges
                0x0000000000000320       0x20 /usr/lib/gcc/arm-none-eabi/5.4.1/../../../arm-none-eabi/lib/armv7e-m/fpu/libc.a(lib_a-memcpy.o)
 .debug_aranges
                0x0000000000000340       0x20 /usr/lib/gcc/arm-none-eabi/5.4.1/../../../arm-none-eabi/lib/armv7e-m/fpu/libc.a(lib_a-memset.o)
 .debug_aranges
                0x0000000000000360       0x20 /usr/lib/gcc/arm-none-eabi/5.4.1/../../../arm-none-eabi/lib/armv7e-m/fpu/libc.a(lib_a-mlock.o)
 .debug_aranges
                0x0000000000000380       0x20 /usr/lib/gcc/arm-none-eabi/5.4.1/../../../arm-none-eabi/lib/armv7e-m/fpu/libc.a(lib_a-mprec.o)
 .debug_aranges
                0x00000000000003a0       0x20 /usr/lib/gcc/arm-none-eabi/5.4.1/../../../arm-none-eabi/lib/armv7e-m/fpu/libc.a(lib_a-sbrkr.o)
 .debug_aranges
                0x00000000000003c0       0x20 /usr/lib/gcc/arm-none-eabi/5.4.1/../../../arm-none-eabi/lib/armv7e-m/fpu/libc.a(lib_a-stdio.o)
 .debug_aranges
                0x00000000000003e0       0x20 /usr/lib/gcc/arm-none-eabi/5.4.1/../../../arm-none-eabi/lib/armv7e-m/fpu/libc.a(lib_a-strcmp.o)
 .debug_aranges
                0x0000000000000400       0x20 /usr/lib/gcc/arm-none-eabi/5.4.1/../../../arm-none-eabi/lib/armv7e-m/fpu/libc.a(lib_a-strlen.o)
 .debug_aranges
                0x0000000000000420       0x20 /usr/lib/gcc/arm-none-eabi/5.4.1/../../../arm-none-eabi/lib/armv7e-m/fpu/libc.a(lib_a-vfiprintf.o)
 .debug_aranges
                0x0000000000000440       0x20 /usr/lib/gcc/arm-none-eabi/5.4.1/../../../arm-none-eabi/lib/armv7e-m/fpu/libc.a(lib_a-writer.o)
 .debug_aranges
                0x0000000000000460       0x20 /usr/lib/gcc/arm-none-eabi/5.4.1/../../../arm-none-eabi/lib/armv7e-m/fpu/libc.a(lib_a-callocr.o)
 .debug_aranges
                0x0000000000000480       0x20 /usr/lib/gcc/arm-none-eabi/5.4.1/../../../arm-none-eabi/lib/armv7e-m/fpu/libc.a(lib_a-closer.o)
 .debug_aranges
                0x00000000000004a0       0x20 /usr/lib/gcc/arm-none-eabi/5.4.1/../../../arm-none-eabi/lib/armv7e-m/fpu/libc.a(lib_a-fclose.o)
 .debug_aranges
                0x00000000000004c0       0x20 /usr/lib/gcc/arm-none-eabi/5.4.1/../../../arm-none-eabi/lib/armv7e-m/fpu/libc.a(lib_a-fputwc.o)
 .debug_aranges
                0x00000000000004e0       0x20 /usr/lib/gcc/arm-none-eabi/5.4.1/../../../arm-none-eabi/lib/armv7e-m/fpu/libc.a(lib_a-fstatr.o)
 .debug_aranges
                0x0000000000000500       0x20 /usr/lib/gcc/arm-none-eabi/5.4.1/../../../arm-none-eabi/lib/armv7e-m/fpu/libc.a(lib_a-fvwrite.o)
 .debug_aranges
                0x0000000000000520       0x20 /usr/lib/gcc/arm-none-eabi/5.4.1/../../../arm-none-eabi/lib/armv7e-m/fpu/libc.a(lib_a-isattyr.o)
 .debug_aranges
                0x0000000000000540       0x20 /usr/lib/gcc/arm-none-eabi/5.4.1/../../../arm-none-eabi/lib/armv7e-m/fpu/libc.a(lib_a-lseekr.o)
 .debug_aranges
                0x0000000000000560       0x20 /usr/lib/gcc/arm-none-eabi/5.4.1/../../../arm-none-eabi/lib/armv7e-m/fpu/libc.a(lib_a-memmove.o)
 .debug_aranges
                0x0000000000000580       0x20 /usr/lib/gcc/arm-none-eabi/5.4.1/../../../arm-none-eabi/lib/armv7e-m/fpu/libc.a(lib_a-readr.o)
 .debug_aranges
                0x00000000000005a0       0x20 /usr/lib/gcc/arm-none-eabi/5.4.1/../../../arm-none-eabi/lib/armv7e-m/fpu/libc.a(lib_a-reallocr.o)
 .debug_aranges
                0x00000000000005c0       0x20 /usr/lib/gcc/arm-none-eabi/5.4.1/../../../arm-none-eabi/lib/armv7e-m/fpu/libc.a(lib_a-reent.o)
 .debug_aranges
                0x00000000000005e0       0x20 /usr/lib/gcc/arm-none-eabi/5.4.1/../../../arm-none-eabi/lib/armv7e-m/fpu/libc.a(lib_a-wbuf.o)
 .debug_aranges
                0x0000000000000600       0x20 /usr/lib/gcc/arm-none-eabi/5.4.1/../../../arm-none-eabi/lib/armv7e-m/fpu/libc.a(lib_a-wcrtomb.o)
 .debug_aranges
                0x0000000000000620       0x20 /usr/lib/gcc/arm-none-eabi/5.4.1/../../../arm-none-eabi/lib/armv7e-m/fpu/libc.a(lib_a-wctomb_r.o)
 .debug_aranges
                0x0000000000000640       0x20 /usr/lib/gcc/arm-none-eabi/5.4.1/armv7e-m/fpu/libgcc.a(_arm_addsubdf3.o)
 .debug_aranges
                0x0000000000000660       0x20 /usr/lib/gcc/arm-none-eabi/5.4.1/armv7e-m/fpu/libgcc.a(_arm_muldivdf3.o)
 .debug_aranges
                0x0000000000000680       0x20 /usr/lib/gcc/arm-none-eabi/5.4.1/armv7e-m/fpu/libgcc.a(_arm_cmpdf2.o)
 .debug_aranges
                0x00000000000006a0       0x20 /usr/lib/gcc/arm-none-eabi/5.4.1/armv7e-m/fpu/libgcc.a(_arm_unorddf2.o)
 .debug_aranges
                0x00000000000006c0       0x20 /usr/lib/gcc/arm-none-eabi/5.4.1/armv7e-m/fpu/libgcc.a(_arm_fixdfsi.o)
 .debug_aranges
                0x00000000000006e0       0x20 /usr/lib/gcc/arm-none-eabi/5.4.1/armv7e-m/fpu/libgcc.a(_arm_truncdfsf2.o)
 .debug_aranges
                0x0000000000000700       0x20 /usr/lib/gcc/arm-none-eabi/5.4.1/armv7e-m/fpu/libgcc.a(_aeabi_uldivmod.o)
 .debug_aranges
                0x0000000000000720       0x20 /usr/lib/gcc/arm-none-eabi/5.4.1/armv7e-m/fpu/libgcc.a(_udivmoddi4.o)
 .debug_aranges
                0x0000000000000740       0x20 /usr/lib/gcc/arm-none-eabi/5.4.1/armv7e-m/fpu/libgcc.a(_dvmd_tls.o)
 .debug_aranges
                0x0000000000000760       0x20 /usr/lib/gcc/arm-none-eabi/5.4.1/../../../arm-none-eabi/lib/armv7e-m/fpu/libnosys.a(close.o)
 .debug_aranges
                0x0000000000000780       0x20 /usr/lib/gcc/arm-none-eabi/5.4.1/../../../arm-none-eabi/lib/armv7e-m/fpu/libnosys.a(fstat.o)
 .debug_aranges
                0x00000000000007a0       0x20 /usr/lib/gcc/arm-none-eabi/5.4.1/../../../arm-none-eabi/lib/armv7e-m/fpu/libnosys.a(isatty.o)
 .debug_aranges
                0x00000000000007c0       0x20 /usr/lib/gcc/arm-none-eabi/5.4.1/../../../arm-none-eabi/lib/armv7e-m/fpu/libnosys.a(lseek.o)
 .debug_aranges
                0x00000000000007e0       0x20 /usr/lib/gcc/arm-none-eabi/5.4.1/../../../arm-none-eabi/lib/armv7e-m/fpu/libnosys.a(read.o)
 .debug_aranges
                0x0000000000000800       0x20 /usr/lib/gcc/arm-none-eabi/5.4.1/../../../arm-none-eabi/lib/armv7e-m/fpu/libnosys.a(sbrk.o)

.debug_ranges   0x0000000000000000      0xa90
 .debug_ranges  0x0000000000000000       0x30 uart-gpio.o
 .debug_ranges  0x0000000000000030       0x28 /home/ryan/Desktop/libopencm3/libopencm3-examples/libopencm3/lib/libopencm3_vf6xx.a(ccm.o)
 .debug_ranges  0x0000000000000058       0x60 /home/ryan/Desktop/libopencm3/libopencm3-examples/libopencm3/lib/libopencm3_vf6xx.a(uart.o)
 .debug_ranges  0x00000000000000b8       0x38 /home/ryan/Desktop/libopencm3/libopencm3-examples/libopencm3/lib/libopencm3_vf6xx.a(gpio.o)
 .debug_ranges  0x00000000000000f0       0x10 /home/ryan/Desktop/libopencm3/libopencm3-examples/libopencm3/lib/libopencm3_vf6xx.a(iomuxc.o)
 .debug_ranges  0x0000000000000100       0x40 /home/ryan/Desktop/libopencm3/libopencm3-examples/libopencm3/lib/libopencm3_vf6xx.a(vector.o)
 .debug_ranges  0x0000000000000140      0x150 /usr/lib/gcc/arm-none-eabi/5.4.1/../../../arm-none-eabi/lib/armv7e-m/fpu/libc.a(lib_a-vfprintf.o)
 .debug_ranges  0x0000000000000290       0x20 /usr/lib/gcc/arm-none-eabi/5.4.1/../../../arm-none-eabi/lib/armv7e-m/fpu/libc.a(lib_a-wsetup.o)
 .debug_ranges  0x00000000000002b0       0x60 /usr/lib/gcc/arm-none-eabi/5.4.1/../../../arm-none-eabi/lib/armv7e-m/fpu/libc.a(lib_a-fflush.o)
 .debug_ranges  0x0000000000000310       0x70 /usr/lib/gcc/arm-none-eabi/5.4.1/../../../arm-none-eabi/lib/armv7e-m/fpu/libc.a(lib_a-findfp.o)
 .debug_ranges  0x0000000000000380       0x20 /usr/lib/gcc/arm-none-eabi/5.4.1/../../../arm-none-eabi/lib/armv7e-m/fpu/libc.a(lib_a-locale.o)
 .debug_ranges  0x00000000000003a0       0x18 /usr/lib/gcc/arm-none-eabi/5.4.1/../../../arm-none-eabi/lib/armv7e-m/fpu/libc.a(lib_a-makebuf.o)
 .debug_ranges  0x00000000000003b8       0x40 /usr/lib/gcc/arm-none-eabi/5.4.1/../../../arm-none-eabi/lib/armv7e-m/fpu/libc.a(lib_a-mallocr.o)
 .debug_ranges  0x00000000000003f8       0xa0 /usr/lib/gcc/arm-none-eabi/5.4.1/../../../arm-none-eabi/lib/armv7e-m/fpu/libc.a(lib_a-mprec.o)
 .debug_ranges  0x0000000000000498      0x1e8 /usr/lib/gcc/arm-none-eabi/5.4.1/../../../arm-none-eabi/lib/armv7e-m/fpu/libc.a(lib_a-vfiprintf.o)
 .debug_ranges  0x0000000000000680       0x28 /usr/lib/gcc/arm-none-eabi/5.4.1/../../../arm-none-eabi/lib/armv7e-m/fpu/libc.a(lib_a-writer.o)
 .debug_ranges  0x00000000000006a8       0x40 /usr/lib/gcc/arm-none-eabi/5.4.1/../../../arm-none-eabi/lib/armv7e-m/fpu/libc.a(lib_a-callocr.o)
 .debug_ranges  0x00000000000006e8       0x20 /usr/lib/gcc/arm-none-eabi/5.4.1/../../../arm-none-eabi/lib/armv7e-m/fpu/libc.a(lib_a-closer.o)
 .debug_ranges  0x0000000000000708       0x30 /usr/lib/gcc/arm-none-eabi/5.4.1/../../../arm-none-eabi/lib/armv7e-m/fpu/libc.a(lib_a-fclose.o)
 .debug_ranges  0x0000000000000738       0x48 /usr/lib/gcc/arm-none-eabi/5.4.1/../../../arm-none-eabi/lib/armv7e-m/fpu/libc.a(lib_a-fputwc.o)
 .debug_ranges  0x0000000000000780       0x20 /usr/lib/gcc/arm-none-eabi/5.4.1/../../../arm-none-eabi/lib/armv7e-m/fpu/libc.a(lib_a-fstatr.o)
 .debug_ranges  0x00000000000007a0       0x20 /usr/lib/gcc/arm-none-eabi/5.4.1/../../../arm-none-eabi/lib/armv7e-m/fpu/libc.a(lib_a-fvwrite.o)
 .debug_ranges  0x00000000000007c0       0x20 /usr/lib/gcc/arm-none-eabi/5.4.1/../../../arm-none-eabi/lib/armv7e-m/fpu/libc.a(lib_a-isattyr.o)
 .debug_ranges  0x00000000000007e0       0x28 /usr/lib/gcc/arm-none-eabi/5.4.1/../../../arm-none-eabi/lib/armv7e-m/fpu/libc.a(lib_a-lseekr.o)
 .debug_ranges  0x0000000000000808       0x28 /usr/lib/gcc/arm-none-eabi/5.4.1/../../../arm-none-eabi/lib/armv7e-m/fpu/libc.a(lib_a-readr.o)
 .debug_ranges  0x0000000000000830      0x170 /usr/lib/gcc/arm-none-eabi/5.4.1/../../../arm-none-eabi/lib/armv7e-m/fpu/libc.a(lib_a-reallocr.o)
 .debug_ranges  0x00000000000009a0       0x18 /usr/lib/gcc/arm-none-eabi/5.4.1/../../../arm-none-eabi/lib/armv7e-m/fpu/libc.a(lib_a-wbuf.o)
 .debug_ranges  0x00000000000009b8       0xd8 /usr/lib/gcc/arm-none-eabi/5.4.1/armv7e-m/fpu/libgcc.a(_udivmoddi4.o)

.debug_macro    0x0000000000000000     0x34ea
 .debug_macro   0x0000000000000000      0x1b3 uart-gpio.o
 .debug_macro   0x00000000000001b3      0x886 uart-gpio.o
 .debug_macro   0x0000000000000a39       0x22 uart-gpio.o
 .debug_macro   0x0000000000000a5b       0x4c uart-gpio.o
 .debug_macro   0x0000000000000aa7       0x55 uart-gpio.o
 .debug_macro   0x0000000000000afc       0x35 uart-gpio.o
 .debug_macro   0x0000000000000b31       0x9c uart-gpio.o
 .debug_macro   0x0000000000000bcd       0x16 uart-gpio.o
 .debug_macro   0x0000000000000be3       0x4a uart-gpio.o
 .debug_macro   0x0000000000000c2d       0x97 uart-gpio.o
 .debug_macro   0x0000000000000cc4      0x330 uart-gpio.o
 .debug_macro   0x0000000000000ff4       0xf6 uart-gpio.o
 .debug_macro   0x00000000000010ea       0x10 uart-gpio.o
 .debug_macro   0x00000000000010fa       0x52 uart-gpio.o
 .debug_macro   0x000000000000114c       0x1f uart-gpio.o
 .debug_macro   0x000000000000116b       0x43 uart-gpio.o
 .debug_macro   0x00000000000011ae       0x20 uart-gpio.o
 .debug_macro   0x00000000000011ce      0x187 uart-gpio.o
 .debug_macro   0x0000000000001355       0x10 uart-gpio.o
 .debug_macro   0x0000000000001365       0x5e uart-gpio.o
 .debug_macro   0x00000000000013c3       0xb6 uart-gpio.o
 .debug_macro   0x0000000000001479       0x16 uart-gpio.o
 .debug_macro   0x000000000000148f      0x143 uart-gpio.o
 .debug_macro   0x00000000000015d2       0x10 uart-gpio.o
 .debug_macro   0x00000000000015e2      0x241 uart-gpio.o
 .debug_macro   0x0000000000001823       0xfd uart-gpio.o
 .debug_macro   0x0000000000001920      0x1df uart-gpio.o
 .debug_macro   0x0000000000001aff       0x22 uart-gpio.o
 .debug_macro   0x0000000000001b21       0xfa uart-gpio.o
 .debug_macro   0x0000000000001c1b       0x58 uart-gpio.o
 .debug_macro   0x0000000000001c73       0x88 uart-gpio.o
 .debug_macro   0x0000000000001cfb      0x1b4 uart-gpio.o
 .debug_macro   0x0000000000001eaf      0x1e2 uart-gpio.o
 .debug_macro   0x0000000000002091       0x52 uart-gpio.o
 .debug_macro   0x00000000000020e3       0xfa uart-gpio.o
 .debug_macro   0x00000000000021dd       0xab /home/ryan/Desktop/libopencm3/libopencm3-examples/libopencm3/lib/libopencm3_vf6xx.a(ccm.o)
 .debug_macro   0x0000000000002288       0x4f /home/ryan/Desktop/libopencm3/libopencm3-examples/libopencm3/lib/libopencm3_vf6xx.a(ccm.o)
 .debug_macro   0x00000000000022d7       0x44 /home/ryan/Desktop/libopencm3/libopencm3-examples/libopencm3/lib/libopencm3_vf6xx.a(ccm.o)
 .debug_macro   0x000000000000231b      0x36d /home/ryan/Desktop/libopencm3/libopencm3-examples/libopencm3/lib/libopencm3_vf6xx.a(ccm.o)
 .debug_macro   0x0000000000002688       0xab /home/ryan/Desktop/libopencm3/libopencm3-examples/libopencm3/lib/libopencm3_vf6xx.a(uart.o)
 .debug_macro   0x0000000000002733      0x1dc /home/ryan/Desktop/libopencm3/libopencm3-examples/libopencm3/lib/libopencm3_vf6xx.a(uart.o)
 .debug_macro   0x000000000000290f      0x1ba /home/ryan/Desktop/libopencm3/libopencm3-examples/libopencm3/lib/libopencm3_vf6xx.a(uart.o)
 .debug_macro   0x0000000000002ac9       0xab /home/ryan/Desktop/libopencm3/libopencm3-examples/libopencm3/lib/libopencm3_vf6xx.a(gpio.o)
 .debug_macro   0x0000000000002b74       0x4c /home/ryan/Desktop/libopencm3/libopencm3-examples/libopencm3/lib/libopencm3_vf6xx.a(gpio.o)
 .debug_macro   0x0000000000002bc0       0xab /home/ryan/Desktop/libopencm3/libopencm3-examples/libopencm3/lib/libopencm3_vf6xx.a(iomuxc.o)
 .debug_macro   0x0000000000002c6b       0xf4 /home/ryan/Desktop/libopencm3/libopencm3-examples/libopencm3/lib/libopencm3_vf6xx.a(iomuxc.o)
 .debug_macro   0x0000000000002d5f       0xd5 /home/ryan/Desktop/libopencm3/libopencm3-examples/libopencm3/lib/libopencm3_vf6xx.a(vector.o)
 .debug_macro   0x0000000000002e34      0x3a1 /home/ryan/Desktop/libopencm3/libopencm3-examples/libopencm3/lib/libopencm3_vf6xx.a(vector.o)
 .debug_macro   0x00000000000031d5       0x6a /home/ryan/Desktop/libopencm3/libopencm3-examples/libopencm3/lib/libopencm3_vf6xx.a(vector.o)
 .debug_macro   0x000000000000323f      0x2ab /home/ryan/Desktop/libopencm3/libopencm3-examples/libopencm3/lib/libopencm3_vf6xx.a(vector.o)

.debug_line     0x0000000000000000     0x6e1c
 .debug_line    0x0000000000000000      0x326 uart-gpio.o
 .debug_line    0x0000000000000326      0x1ef /home/ryan/Desktop/libopencm3/libopencm3-examples/libopencm3/lib/libopencm3_vf6xx.a(ccm.o)
 .debug_line    0x0000000000000515      0x25e /home/ryan/Desktop/libopencm3/libopencm3-examples/libopencm3/lib/libopencm3_vf6xx.a(uart.o)
 .debug_line    0x0000000000000773      0x1ee /home/ryan/Desktop/libopencm3/libopencm3-examples/libopencm3/lib/libopencm3_vf6xx.a(gpio.o)
 .debug_line    0x0000000000000961      0x19b /home/ryan/Desktop/libopencm3/libopencm3-examples/libopencm3/lib/libopencm3_vf6xx.a(iomuxc.o)
 .debug_line    0x0000000000000afc      0x2ba /home/ryan/Desktop/libopencm3/libopencm3-examples/libopencm3/lib/libopencm3_vf6xx.a(vector.o)
 .debug_line    0x0000000000000db6      0x104 /usr/lib/gcc/arm-none-eabi/5.4.1/../../../arm-none-eabi/lib/armv7e-m/fpu/libc.a(lib_a-errno.o)
 .debug_line    0x0000000000000eba       0xe9 /usr/lib/gcc/arm-none-eabi/5.4.1/../../../arm-none-eabi/lib/armv7e-m/fpu/libc.a(lib_a-impure.o)
 .debug_line    0x0000000000000fa3      0x170 /usr/lib/gcc/arm-none-eabi/5.4.1/../../../arm-none-eabi/lib/armv7e-m/fpu/libc.a(lib_a-printf.o)
 .debug_line    0x0000000000001113      0xae8 /usr/lib/gcc/arm-none-eabi/5.4.1/../../../arm-none-eabi/lib/armv7e-m/fpu/libc.a(lib_a-vfprintf.o)
 .debug_line    0x0000000000001bfb      0x1a9 /usr/lib/gcc/arm-none-eabi/5.4.1/../../../arm-none-eabi/lib/armv7e-m/fpu/libc.a(lib_a-wsetup.o)
 .debug_line    0x0000000000001da4      0x67b /usr/lib/gcc/arm-none-eabi/5.4.1/../../../arm-none-eabi/lib/armv7e-m/fpu/libc.a(lib_a-dtoa.o)
 .debug_line    0x000000000000241f      0x21e /usr/lib/gcc/arm-none-eabi/5.4.1/../../../arm-none-eabi/lib/armv7e-m/fpu/libc.a(lib_a-fflush.o)
 .debug_line    0x000000000000263d      0x255 /usr/lib/gcc/arm-none-eabi/5.4.1/../../../arm-none-eabi/lib/armv7e-m/fpu/libc.a(lib_a-findfp.o)
 .debug_line    0x0000000000002892      0x250 /usr/lib/gcc/arm-none-eabi/5.4.1/../../../arm-none-eabi/lib/armv7e-m/fpu/libc.a(lib_a-freer.o)
 .debug_line    0x0000000000002ae2      0x196 /usr/lib/gcc/arm-none-eabi/5.4.1/../../../arm-none-eabi/lib/armv7e-m/fpu/libc.a(lib_a-fwalk.o)
 .debug_line    0x0000000000002c78      0x18a /usr/lib/gcc/arm-none-eabi/5.4.1/../../../arm-none-eabi/lib/armv7e-m/fpu/libc.a(lib_a-locale.o)
 .debug_line    0x0000000000002e02      0x244 /usr/lib/gcc/arm-none-eabi/5.4.1/../../../arm-none-eabi/lib/armv7e-m/fpu/libc.a(lib_a-makebuf.o)
 .debug_line    0x0000000000003046      0x370 /usr/lib/gcc/arm-none-eabi/5.4.1/../../../arm-none-eabi/lib/armv7e-m/fpu/libc.a(lib_a-mallocr.o)
 .debug_line    0x00000000000033b6       0xa1 /usr/lib/gcc/arm-none-eabi/5.4.1/../../../arm-none-eabi/lib/armv7e-m/fpu/libc.a(lib_a-memchr.o)
 .debug_line    0x0000000000003457       0xbb /usr/lib/gcc/arm-none-eabi/5.4.1/../../../arm-none-eabi/lib/armv7e-m/fpu/libc.a(lib_a-memcpy.o)
 .debug_line    0x0000000000003512      0x111 /usr/lib/gcc/arm-none-eabi/5.4.1/../../../arm-none-eabi/lib/armv7e-m/fpu/libc.a(lib_a-memset.o)
 .debug_line    0x0000000000003623       0xf8 /usr/lib/gcc/arm-none-eabi/5.4.1/../../../arm-none-eabi/lib/armv7e-m/fpu/libc.a(lib_a-mlock.o)
 .debug_line    0x000000000000371b      0x5ba /usr/lib/gcc/arm-none-eabi/5.4.1/../../../arm-none-eabi/lib/armv7e-m/fpu/libc.a(lib_a-mprec.o)
 .debug_line    0x0000000000003cd5      0x14e /usr/lib/gcc/arm-none-eabi/5.4.1/../../../arm-none-eabi/lib/armv7e-m/fpu/libc.a(lib_a-sbrkr.o)
 .debug_line    0x0000000000003e23      0x188 /usr/lib/gcc/arm-none-eabi/5.4.1/../../../arm-none-eabi/lib/armv7e-m/fpu/libc.a(lib_a-stdio.o)
 .debug_line    0x0000000000003fab      0x134 /usr/lib/gcc/arm-none-eabi/5.4.1/../../../arm-none-eabi/lib/armv7e-m/fpu/libc.a(lib_a-strcmp.o)
 .debug_line    0x00000000000040df       0xac /usr/lib/gcc/arm-none-eabi/5.4.1/../../../arm-none-eabi/lib/armv7e-m/fpu/libc.a(lib_a-strlen.o)
 .debug_line    0x000000000000418b      0x878 /usr/lib/gcc/arm-none-eabi/5.4.1/../../../arm-none-eabi/lib/armv7e-m/fpu/libc.a(lib_a-vfiprintf.o)
 .debug_line    0x0000000000004a03      0x151 /usr/lib/gcc/arm-none-eabi/5.4.1/../../../arm-none-eabi/lib/armv7e-m/fpu/libc.a(lib_a-writer.o)
 .debug_line    0x0000000000004b54      0x124 /usr/lib/gcc/arm-none-eabi/5.4.1/../../../arm-none-eabi/lib/armv7e-m/fpu/libc.a(lib_a-callocr.o)
 .debug_line    0x0000000000004c78      0x14f /usr/lib/gcc/arm-none-eabi/5.4.1/../../../arm-none-eabi/lib/armv7e-m/fpu/libc.a(lib_a-closer.o)
 .debug_line    0x0000000000004dc7      0x18c /usr/lib/gcc/arm-none-eabi/5.4.1/../../../arm-none-eabi/lib/armv7e-m/fpu/libc.a(lib_a-fclose.o)
 .debug_line    0x0000000000004f53      0x1e2 /usr/lib/gcc/arm-none-eabi/5.4.1/../../../arm-none-eabi/lib/armv7e-m/fpu/libc.a(lib_a-fputwc.o)
 .debug_line    0x0000000000005135      0x1ce /usr/lib/gcc/arm-none-eabi/5.4.1/../../../arm-none-eabi/lib/armv7e-m/fpu/libc.a(lib_a-fstatr.o)
 .debug_line    0x0000000000005303      0x2b3 /usr/lib/gcc/arm-none-eabi/5.4.1/../../../arm-none-eabi/lib/armv7e-m/fpu/libc.a(lib_a-fvwrite.o)
 .debug_line    0x00000000000055b6      0x150 /usr/lib/gcc/arm-none-eabi/5.4.1/../../../arm-none-eabi/lib/armv7e-m/fpu/libc.a(lib_a-isattyr.o)
 .debug_line    0x0000000000005706      0x151 /usr/lib/gcc/arm-none-eabi/5.4.1/../../../arm-none-eabi/lib/armv7e-m/fpu/libc.a(lib_a-lseekr.o)
 .debug_line    0x0000000000005857      0x117 /usr/lib/gcc/arm-none-eabi/5.4.1/../../../arm-none-eabi/lib/armv7e-m/fpu/libc.a(lib_a-memmove.o)
 .debug_line    0x000000000000596e      0x150 /usr/lib/gcc/arm-none-eabi/5.4.1/../../../arm-none-eabi/lib/armv7e-m/fpu/libc.a(lib_a-readr.o)
 .debug_line    0x0000000000005abe      0x295 /usr/lib/gcc/arm-none-eabi/5.4.1/../../../arm-none-eabi/lib/armv7e-m/fpu/libc.a(lib_a-reallocr.o)
 .debug_line    0x0000000000005d53      0x179 /usr/lib/gcc/arm-none-eabi/5.4.1/../../../arm-none-eabi/lib/armv7e-m/fpu/libc.a(lib_a-reent.o)
 .debug_line    0x0000000000005ecc      0x1c1 /usr/lib/gcc/arm-none-eabi/5.4.1/../../../arm-none-eabi/lib/armv7e-m/fpu/libc.a(lib_a-wbuf.o)
 .debug_line    0x000000000000608d      0x171 /usr/lib/gcc/arm-none-eabi/5.4.1/../../../arm-none-eabi/lib/armv7e-m/fpu/libc.a(lib_a-wcrtomb.o)
 .debug_line    0x00000000000061fe      0x172 /usr/lib/gcc/arm-none-eabi/5.4.1/../../../arm-none-eabi/lib/armv7e-m/fpu/libc.a(lib_a-wctomb_r.o)
 .debug_line    0x0000000000006370      0x179 /usr/lib/gcc/arm-none-eabi/5.4.1/armv7e-m/fpu/libgcc.a(_arm_addsubdf3.o)
 .debug_line    0x00000000000064e9      0x19d /usr/lib/gcc/arm-none-eabi/5.4.1/armv7e-m/fpu/libgcc.a(_arm_muldivdf3.o)
 .debug_line    0x0000000000006686       0xba /usr/lib/gcc/arm-none-eabi/5.4.1/armv7e-m/fpu/libgcc.a(_arm_cmpdf2.o)
 .debug_line    0x0000000000006740       0x6f /usr/lib/gcc/arm-none-eabi/5.4.1/armv7e-m/fpu/libgcc.a(_arm_unorddf2.o)
 .debug_line    0x00000000000067af       0x7a /usr/lib/gcc/arm-none-eabi/5.4.1/armv7e-m/fpu/libgcc.a(_arm_fixdfsi.o)
 .debug_line    0x0000000000006829       0x8e /usr/lib/gcc/arm-none-eabi/5.4.1/armv7e-m/fpu/libgcc.a(_arm_truncdfsf2.o)
 .debug_line    0x00000000000068b7       0x61 /usr/lib/gcc/arm-none-eabi/5.4.1/armv7e-m/fpu/libgcc.a(_aeabi_uldivmod.o)
 .debug_line    0x0000000000006918      0x1aa /usr/lib/gcc/arm-none-eabi/5.4.1/armv7e-m/fpu/libgcc.a(_udivmoddi4.o)
 .debug_line    0x0000000000006ac2       0x61 /usr/lib/gcc/arm-none-eabi/5.4.1/armv7e-m/fpu/libgcc.a(_dvmd_tls.o)
 .debug_line    0x0000000000006b23       0x5d /usr/lib/gcc/arm-none-eabi/5.4.1/../../../arm-none-eabi/lib/armv7e-m/fpu/libnosys.a(close.o)
 .debug_line    0x0000000000006b80      0x12a /usr/lib/gcc/arm-none-eabi/5.4.1/../../../arm-none-eabi/lib/armv7e-m/fpu/libnosys.a(fstat.o)
 .debug_line    0x0000000000006caa       0x5e /usr/lib/gcc/arm-none-eabi/5.4.1/../../../arm-none-eabi/lib/armv7e-m/fpu/libnosys.a(isatty.o)
 .debug_line    0x0000000000006d08       0x5d /usr/lib/gcc/arm-none-eabi/5.4.1/../../../arm-none-eabi/lib/armv7e-m/fpu/libnosys.a(lseek.o)
 .debug_line    0x0000000000006d65       0x5c /usr/lib/gcc/arm-none-eabi/5.4.1/../../../arm-none-eabi/lib/armv7e-m/fpu/libnosys.a(read.o)
 .debug_line    0x0000000000006dc1       0x5b /usr/lib/gcc/arm-none-eabi/5.4.1/../../../arm-none-eabi/lib/armv7e-m/fpu/libnosys.a(sbrk.o)

.debug_str      0x0000000000000000     0xf76c
 .debug_str     0x0000000000000000     0x961e uart-gpio.o
                                       0x983e (size before relaxing)
 .debug_str     0x000000000000961e     0x15c6 /home/ryan/Desktop/libopencm3/libopencm3-examples/libopencm3/lib/libopencm3_vf6xx.a(ccm.o)
                                       0x6469 (size before relaxing)
 .debug_str     0x000000000000abe4       0xb7 /home/ryan/Desktop/libopencm3/libopencm3-examples/libopencm3/lib/libopencm3_vf6xx.a(uart.o)
                                       0x4ec5 (size before relaxing)
 .debug_str     0x000000000000ac9b       0x3f /home/ryan/Desktop/libopencm3/libopencm3-examples/libopencm3/lib/libopencm3_vf6xx.a(gpio.o)
                                       0x479a (size before relaxing)
 .debug_str     0x000000000000acda        0xe /home/ryan/Desktop/libopencm3/libopencm3-examples/libopencm3/lib/libopencm3_vf6xx.a(iomuxc.o)
                                       0x4d0a (size before relaxing)
 .debug_str     0x000000000000ace8     0x2e1d /home/ryan/Desktop/libopencm3/libopencm3-examples/libopencm3/lib/libopencm3_vf6xx.a(vector.o)
                                       0x665e (size before relaxing)
 .debug_str     0x000000000000db05      0x482 /usr/lib/gcc/arm-none-eabi/5.4.1/../../../arm-none-eabi/lib/armv7e-m/fpu/libc.a(lib_a-errno.o)
                                        0x596 (size before relaxing)
 .debug_str     0x000000000000df87       0x9a /usr/lib/gcc/arm-none-eabi/5.4.1/../../../arm-none-eabi/lib/armv7e-m/fpu/libc.a(lib_a-impure.o)
                                        0x5ae (size before relaxing)
 .debug_str     0x000000000000e021       0xa9 /usr/lib/gcc/arm-none-eabi/5.4.1/../../../arm-none-eabi/lib/armv7e-m/fpu/libc.a(lib_a-printf.o)
                                        0x5d2 (size before relaxing)
 .debug_str     0x000000000000e0ca      0x2b0 /usr/lib/gcc/arm-none-eabi/5.4.1/../../../arm-none-eabi/lib/armv7e-m/fpu/libc.a(lib_a-vfprintf.o)
                                        0x814 (size before relaxing)
 .debug_str     0x000000000000e37a       0x45 /usr/lib/gcc/arm-none-eabi/5.4.1/../../../arm-none-eabi/lib/armv7e-m/fpu/libc.a(lib_a-wsetup.o)
                                        0x5cd (size before relaxing)
 .debug_str     0x000000000000e3bf      0x1b3 /usr/lib/gcc/arm-none-eabi/5.4.1/../../../arm-none-eabi/lib/armv7e-m/fpu/libc.a(lib_a-dtoa.o)
                                        0x6ed (size before relaxing)
 .debug_str     0x000000000000e572       0x60 /usr/lib/gcc/arm-none-eabi/5.4.1/../../../arm-none-eabi/lib/armv7e-m/fpu/libc.a(lib_a-fflush.o)
                                        0x60e (size before relaxing)
 .debug_str     0x000000000000e5d2      0x11a /usr/lib/gcc/arm-none-eabi/5.4.1/../../../arm-none-eabi/lib/armv7e-m/fpu/libc.a(lib_a-findfp.o)
                                        0x6c4 (size before relaxing)
 .debug_str     0x000000000000e6ec      0x16f /usr/lib/gcc/arm-none-eabi/5.4.1/../../../arm-none-eabi/lib/armv7e-m/fpu/libc.a(lib_a-freer.o)
                                        0x6fd (size before relaxing)
 .debug_str     0x000000000000e85b       0x3e /usr/lib/gcc/arm-none-eabi/5.4.1/../../../arm-none-eabi/lib/armv7e-m/fpu/libc.a(lib_a-fwalk.o)
                                        0x5b3 (size before relaxing)
 .debug_str     0x000000000000e899      0x264 /usr/lib/gcc/arm-none-eabi/5.4.1/../../../arm-none-eabi/lib/armv7e-m/fpu/libc.a(lib_a-locale.o)
                                        0x80b (size before relaxing)
 .debug_str     0x000000000000eafd      0x157 /usr/lib/gcc/arm-none-eabi/5.4.1/../../../arm-none-eabi/lib/armv7e-m/fpu/libc.a(lib_a-makebuf.o)
                                        0x728 (size before relaxing)
 .debug_str     0x000000000000ec54       0xe5 /usr/lib/gcc/arm-none-eabi/5.4.1/../../../arm-none-eabi/lib/armv7e-m/fpu/libc.a(lib_a-mallocr.o)
                                        0x7b3 (size before relaxing)
 .debug_str     0x000000000000ed39       0xa4 /usr/lib/gcc/arm-none-eabi/5.4.1/../../../arm-none-eabi/lib/armv7e-m/fpu/libc.a(lib_a-memset.o)
                                        0x1f1 (size before relaxing)
 .debug_str     0x000000000000eddd       0x45 /usr/lib/gcc/arm-none-eabi/5.4.1/../../../arm-none-eabi/lib/armv7e-m/fpu/libc.a(lib_a-mlock.o)
                                        0x5a9 (size before relaxing)
 .debug_str     0x000000000000ee22       0x9b /usr/lib/gcc/arm-none-eabi/5.4.1/../../../arm-none-eabi/lib/armv7e-m/fpu/libc.a(lib_a-mprec.o)
                                        0x6a7 (size before relaxing)
 .debug_str     0x000000000000eebd       0x3a /usr/lib/gcc/arm-none-eabi/5.4.1/../../../arm-none-eabi/lib/armv7e-m/fpu/libc.a(lib_a-sbrkr.o)
                                        0x5a5 (size before relaxing)
 .debug_str     0x000000000000eef7       0x8f /usr/lib/gcc/arm-none-eabi/5.4.1/../../../arm-none-eabi/lib/armv7e-m/fpu/libc.a(lib_a-stdio.o)
                                        0x602 (size before relaxing)
 .debug_str     0x000000000000ef86       0x2e /usr/lib/gcc/arm-none-eabi/5.4.1/../../../arm-none-eabi/lib/armv7e-m/fpu/libc.a(lib_a-vfiprintf.o)
                                        0x776 (size before relaxing)
 .debug_str     0x000000000000efb4       0x30 /usr/lib/gcc/arm-none-eabi/5.4.1/../../../arm-none-eabi/lib/armv7e-m/fpu/libc.a(lib_a-writer.o)
                                        0x5a2 (size before relaxing)
 .debug_str     0x000000000000efe4        0xf /usr/lib/gcc/arm-none-eabi/5.4.1/../../../arm-none-eabi/lib/armv7e-m/fpu/libc.a(lib_a-callocr.o)
                                        0x5e7 (size before relaxing)
 .debug_str     0x000000000000eff3       0x30 /usr/lib/gcc/arm-none-eabi/5.4.1/../../../arm-none-eabi/lib/armv7e-m/fpu/libc.a(lib_a-closer.o)
                                        0x592 (size before relaxing)
 .debug_str     0x000000000000f023       0x41 /usr/lib/gcc/arm-none-eabi/5.4.1/../../../arm-none-eabi/lib/armv7e-m/fpu/libc.a(lib_a-fclose.o)
                                        0x5fb (size before relaxing)
 .debug_str     0x000000000000f064       0x58 /usr/lib/gcc/arm-none-eabi/5.4.1/../../../arm-none-eabi/lib/armv7e-m/fpu/libc.a(lib_a-fputwc.o)
                                        0x613 (size before relaxing)
 .debug_str     0x000000000000f0bc       0x3d /usr/lib/gcc/arm-none-eabi/5.4.1/../../../arm-none-eabi/lib/armv7e-m/fpu/libc.a(lib_a-fstatr.o)
                                        0x6dd (size before relaxing)
 .debug_str     0x000000000000f0f9       0x62 /usr/lib/gcc/arm-none-eabi/5.4.1/../../../arm-none-eabi/lib/armv7e-m/fpu/libc.a(lib_a-fvwrite.o)
                                        0x640 (size before relaxing)
 .debug_str     0x000000000000f15b       0x39 /usr/lib/gcc/arm-none-eabi/5.4.1/../../../arm-none-eabi/lib/armv7e-m/fpu/libc.a(lib_a-isattyr.o)
                                        0x59c (size before relaxing)
 .debug_str     0x000000000000f194       0x37 /usr/lib/gcc/arm-none-eabi/5.4.1/../../../arm-none-eabi/lib/armv7e-m/fpu/libc.a(lib_a-lseekr.o)
                                        0x5a0 (size before relaxing)
 .debug_str     0x000000000000f1cb       0x5c /usr/lib/gcc/arm-none-eabi/5.4.1/../../../arm-none-eabi/lib/armv7e-m/fpu/libc.a(lib_a-memmove.o)
                                        0x210 (size before relaxing)
 .debug_str     0x000000000000f227       0x2f /usr/lib/gcc/arm-none-eabi/5.4.1/../../../arm-none-eabi/lib/armv7e-m/fpu/libc.a(lib_a-readr.o)
                                        0x5a0 (size before relaxing)
 .debug_str     0x000000000000f256       0x4e /usr/lib/gcc/arm-none-eabi/5.4.1/../../../arm-none-eabi/lib/armv7e-m/fpu/libc.a(lib_a-reallocr.o)
                                        0x68f (size before relaxing)
 .debug_str     0x000000000000f2a4       0x5b /usr/lib/gcc/arm-none-eabi/5.4.1/../../../arm-none-eabi/lib/armv7e-m/fpu/libc.a(lib_a-reent.o)
                                        0x5cd (size before relaxing)
 .debug_str     0x000000000000f2ff       0x36 /usr/lib/gcc/arm-none-eabi/5.4.1/../../../arm-none-eabi/lib/armv7e-m/fpu/libc.a(lib_a-wbuf.o)
                                        0x5d2 (size before relaxing)
 .debug_str     0x000000000000f335       0x4a /usr/lib/gcc/arm-none-eabi/5.4.1/../../../arm-none-eabi/lib/armv7e-m/fpu/libc.a(lib_a-wcrtomb.o)
                                        0x5e5 (size before relaxing)
 .debug_str     0x000000000000f37f       0x53 /usr/lib/gcc/arm-none-eabi/5.4.1/../../../arm-none-eabi/lib/armv7e-m/fpu/libc.a(lib_a-wctomb_r.o)
                                        0x5ee (size before relaxing)
 .debug_str     0x000000000000f3d2      0x1bc /usr/lib/gcc/arm-none-eabi/5.4.1/armv7e-m/fpu/libgcc.a(_udivmoddi4.o)
                                        0x251 (size before relaxing)
 .debug_str     0x000000000000f58e       0xf5 /usr/lib/gcc/arm-none-eabi/5.4.1/../../../arm-none-eabi/lib/armv7e-m/fpu/libnosys.a(close.o)
                                        0x1a0 (size before relaxing)
 .debug_str     0x000000000000f683       0x2c /usr/lib/gcc/arm-none-eabi/5.4.1/../../../arm-none-eabi/lib/armv7e-m/fpu/libnosys.a(fstat.o)
                                        0x2e5 (size before relaxing)
 .debug_str     0x000000000000f6af       0x2d /usr/lib/gcc/arm-none-eabi/5.4.1/../../../arm-none-eabi/lib/armv7e-m/fpu/libnosys.a(isatty.o)
                                        0x1a0 (size before relaxing)
 .debug_str     0x000000000000f6dc       0x2c /usr/lib/gcc/arm-none-eabi/5.4.1/../../../arm-none-eabi/lib/armv7e-m/fpu/libnosys.a(lseek.o)
                                        0x19e (size before relaxing)
 .debug_str     0x000000000000f708       0x2b /usr/lib/gcc/arm-none-eabi/5.4.1/../../../arm-none-eabi/lib/armv7e-m/fpu/libnosys.a(read.o)
                                        0x19c (size before relaxing)
 .debug_str     0x000000000000f733       0x39 /usr/lib/gcc/arm-none-eabi/5.4.1/../../../arm-none-eabi/lib/armv7e-m/fpu/libnosys.a(sbrk.o)
                                        0x114 (size before relaxing)

.comment        0x0000000000000000       0x2b
 .comment       0x0000000000000000       0x2b uart-gpio.o
                                         0x2c (size before relaxing)
 .comment       0x000000000000002b       0x2c /home/ryan/Desktop/libopencm3/libopencm3-examples/libopencm3/lib/libopencm3_vf6xx.a(ccm.o)
 .comment       0x000000000000002b       0x2c /home/ryan/Desktop/libopencm3/libopencm3-examples/libopencm3/lib/libopencm3_vf6xx.a(uart.o)
 .comment       0x000000000000002b       0x2c /home/ryan/Desktop/libopencm3/libopencm3-examples/libopencm3/lib/libopencm3_vf6xx.a(gpio.o)
 .comment       0x000000000000002b       0x2c /home/ryan/Desktop/libopencm3/libopencm3-examples/libopencm3/lib/libopencm3_vf6xx.a(iomuxc.o)
 .comment       0x000000000000002b       0x2c /home/ryan/Desktop/libopencm3/libopencm3-examples/libopencm3/lib/libopencm3_vf6xx.a(vector.o)