Archive member included to satisfy reference by file (symbol)

/home/ryan/Desktop/libopencm3/libopencm3-examples/libopencm3/lib/libopencm3_stm32f4.a(rcc.o)
                              clock.o (rcc_clock_setup_hse_3v3)
/home/ryan/Desktop/libopencm3/libopencm3-examples/libopencm3/lib/libopencm3_stm32f4.a(gpio_common_all.o)
                              lcd.o (gpio_set)
/home/ryan/Desktop/libopencm3/libopencm3-examples/libopencm3/lib/libopencm3_stm32f4.a(gpio_common_f0234.o)
                              sdram.o (gpio_mode_setup)
/home/ryan/Desktop/libopencm3/libopencm3-examples/libopencm3/lib/libopencm3_stm32f4.a(spi_common_all.o)
                              lcd.o (spi_enable)
/home/ryan/Desktop/libopencm3/libopencm3-examples/libopencm3/lib/libopencm3_stm32f4.a(spi_common_l1f124.o)
                              lcd.o (spi_init_master)
/home/ryan/Desktop/libopencm3/libopencm3-examples/libopencm3/lib/libopencm3_stm32f4.a(usart_common_all.o)
                              mandel.o (usart_set_baudrate)
/home/ryan/Desktop/libopencm3/libopencm3-examples/libopencm3/lib/libopencm3_stm32f4.a(usart_common_f124.o)
                              /home/ryan/Desktop/libopencm3/libopencm3-examples/libopencm3/lib/libopencm3_stm32f4.a(usart_common_all.o) (usart_send)
/home/ryan/Desktop/libopencm3/libopencm3-examples/libopencm3/lib/libopencm3_stm32f4.a(flash_common_f234.o)
                              /home/ryan/Desktop/libopencm3/libopencm3-examples/libopencm3/lib/libopencm3_stm32f4.a(rcc.o) (flash_set_ws)
/home/ryan/Desktop/libopencm3/libopencm3-examples/libopencm3/lib/libopencm3_stm32f4.a(rcc_common_all.o)
                              sdram.o (rcc_periph_clock_enable)
/home/ryan/Desktop/libopencm3/libopencm3-examples/libopencm3/lib/libopencm3_stm32f4.a(fmc.o)
                              sdram.o (sdram_timing)
/home/ryan/Desktop/libopencm3/libopencm3-examples/libopencm3/lib/libopencm3_stm32f4.a(vector.o)
                              (reset_handler)
/home/ryan/Desktop/libopencm3/libopencm3-examples/libopencm3/lib/libopencm3_stm32f4.a(systick.o)
                              clock.o (systick_set_reload)
/home/ryan/Desktop/libopencm3/libopencm3-examples/libopencm3/lib/libopencm3_stm32f4.a(pwr.o)
                              /home/ryan/Desktop/libopencm3/libopencm3-examples/libopencm3/lib/libopencm3_stm32f4.a(rcc.o) (pwr_set_vos_scale)
/usr/lib/gcc/arm-none-eabi/5.4.1/../../../arm-none-eabi/lib/armv7e-m/fpu/libc.a(lib_a-printf.o)
                              lcd.o (printf)
/usr/lib/gcc/arm-none-eabi/5.4.1/../../../arm-none-eabi/lib/armv7e-m/fpu/libc.a(lib_a-puts.o)
                              mandel.o (puts)
/usr/lib/gcc/arm-none-eabi/5.4.1/../../../arm-none-eabi/lib/armv7e-m/fpu/libc.a(lib_a-strlen.o)
                              /usr/lib/gcc/arm-none-eabi/5.4.1/../../../arm-none-eabi/lib/armv7e-m/fpu/libc.a(lib_a-puts.o) (strlen)
/usr/lib/gcc/arm-none-eabi/5.4.1/../../../arm-none-eabi/lib/armv7e-m/fpu/libc.a(lib_a-vfprintf.o)
                              /usr/lib/gcc/arm-none-eabi/5.4.1/../../../arm-none-eabi/lib/armv7e-m/fpu/libc.a(lib_a-printf.o) (_vfprintf_r)
/usr/lib/gcc/arm-none-eabi/5.4.1/../../../arm-none-eabi/lib/armv7e-m/fpu/libc.a(lib_a-wsetup.o)
                              /usr/lib/gcc/arm-none-eabi/5.4.1/../../../arm-none-eabi/lib/armv7e-m/fpu/libc.a(lib_a-vfprintf.o) (__swsetup_r)
/usr/lib/gcc/arm-none-eabi/5.4.1/../../../arm-none-eabi/lib/armv7e-m/fpu/libc.a(lib_a-dtoa.o)
                              /usr/lib/gcc/arm-none-eabi/5.4.1/../../../arm-none-eabi/lib/armv7e-m/fpu/libc.a(lib_a-vfprintf.o) (_dtoa_r)
/usr/lib/gcc/arm-none-eabi/5.4.1/../../../arm-none-eabi/lib/armv7e-m/fpu/libc.a(lib_a-fflush.o)
                              /usr/lib/gcc/arm-none-eabi/5.4.1/../../../arm-none-eabi/lib/armv7e-m/fpu/libc.a(lib_a-vfprintf.o) (_fflush_r)
/usr/lib/gcc/arm-none-eabi/5.4.1/../../../arm-none-eabi/lib/armv7e-m/fpu/libc.a(lib_a-findfp.o)
                              /usr/lib/gcc/arm-none-eabi/5.4.1/../../../arm-none-eabi/lib/armv7e-m/fpu/libc.a(lib_a-puts.o) (__sinit)
/usr/lib/gcc/arm-none-eabi/5.4.1/../../../arm-none-eabi/lib/armv7e-m/fpu/libc.a(lib_a-freer.o)
                              /usr/lib/gcc/arm-none-eabi/5.4.1/../../../arm-none-eabi/lib/armv7e-m/fpu/libc.a(lib_a-wsetup.o) (_free_r)
/usr/lib/gcc/arm-none-eabi/5.4.1/../../../arm-none-eabi/lib/armv7e-m/fpu/libc.a(lib_a-fvwrite.o)
                              /usr/lib/gcc/arm-none-eabi/5.4.1/../../../arm-none-eabi/lib/armv7e-m/fpu/libc.a(lib_a-puts.o) (__sfvwrite_r)
/usr/lib/gcc/arm-none-eabi/5.4.1/../../../arm-none-eabi/lib/armv7e-m/fpu/libc.a(lib_a-fwalk.o)
                              /usr/lib/gcc/arm-none-eabi/5.4.1/../../../arm-none-eabi/lib/armv7e-m/fpu/libc.a(lib_a-findfp.o) (_fwalk)
/usr/lib/gcc/arm-none-eabi/5.4.1/../../../arm-none-eabi/lib/armv7e-m/fpu/libc.a(lib_a-impure.o)
                              /usr/lib/gcc/arm-none-eabi/5.4.1/../../../arm-none-eabi/lib/armv7e-m/fpu/libc.a(lib_a-fflush.o) (_global_impure_ptr)
[...]
Memory Configuration

Name             Origin             Length             Attributes
rom              0x0000000008000000 0x0000000000200000 xr
ram              0x0000000020000000 0x0000000000020000 xrw
*default*        0x0000000000000000 0xffffffffffffffff

Linker script and memory map

LOAD sdram.o
LOAD lcd.o
LOAD clock.o
LOAD mandel.o
LOAD /home/ryan/Desktop/libopencm3/libopencm3-examples/libopencm3/lib/libopencm3_stm32f4.a
START GROUP
LOAD /usr/lib/gcc/arm-none-eabi/5.4.1/../../../arm-none-eabi/lib/armv7e-m/fpu/libc.a
LOAD /usr/lib/gcc/arm-none-eabi/5.4.1/armv7e-m/fpu/libgcc.a
LOAD /usr/lib/gcc/arm-none-eabi/5.4.1/../../../arm-none-eabi/lib/armv7e-m/fpu/libnosys.a
END GROUP
START GROUP
LOAD /usr/lib/gcc/arm-none-eabi/5.4.1/armv7e-m/fpu/libgcc.a
LOAD /usr/lib/gcc/arm-none-eabi/5.4.1/../../../arm-none-eabi/lib/armv7e-m/fpu/libg.a
LOAD /usr/lib/gcc/arm-none-eabi/5.4.1/../../../arm-none-eabi/lib/armv7e-m/fpu/libc.a
END GROUP

.text           0x0000000008000000     0x7e60
 *(.vectors)
 .vectors       0x0000000008000000      0x1ac /home/ryan/Desktop/libopencm3/libopencm3-examples/libopencm3/lib/libopencm3_stm32f4.a(vector.o)
                0x0000000008000000                vector_table
 *(.text*)
 .text.sdram_init
                0x00000000080001ac       0xf8 sdram.o
                0x00000000080001ac                sdram_init
 .text.lcd_command
                0x00000000080002a4       0x68 lcd.o
 .text.lcd_draw_pixel
                0x000000000800030c       0x30 lcd.o
                0x000000000800030c                lcd_draw_pixel
 .text.lcd_show_frame
                0x000000000800033c       0x68 lcd.o
                0x000000000800033c                lcd_show_frame
 .text.lcd_init
                0x00000000080003a4       0xf4 lcd.o
                0x00000000080003a4                lcd_init
 .text.clock_setup
                0x0000000008000498       0x3c clock.o
                0x0000000008000498                clock_setup
 .text.sys_tick_handler
                0x00000000080004d4       0x20 clock.o
                0x00000000080004d4                sys_tick_handler
 .text.msleep   0x00000000080004f4       0x10 clock.o
                0x00000000080004f4                msleep
 .text.mandel   0x0000000008000504       0xac mandel.o
                0x0000000008000504                mandel
 .text.startup.main
                0x00000000080005b0      0x108 mandel.o
                0x00000000080005b0                main
 .text.uart_putc
                0x00000000080006b8       0x18 mandel.o
                0x00000000080006b8                uart_putc
 .text._write   0x00000000080006d0       0x34 mandel.o
                0x00000000080006d0                _write
 .text.rcc_is_osc_ready
                0x0000000008000704       0x5c /home/ryan/Desktop/libopencm3/libopencm3-examples/libopencm3/lib/libopencm3_stm32f4.a(rcc.o)
                0x0000000008000704                rcc_is_osc_ready
 .text.rcc_wait_for_osc_ready
                0x0000000008000760       0x10 /home/ryan/Desktop/libopencm3/libopencm3-examples/libopencm3/lib/libopencm3_stm32f4.a(rcc.o)
                0x0000000008000760                rcc_wait_for_osc_ready
 .text.rcc_osc_on
                0x0000000008000770       0x58 /home/ryan/Desktop/libopencm3/libopencm3-examples/libopencm3/lib/libopencm3_stm32f4.a(rcc.o)
                0x0000000008000770                rcc_osc_on
 .text.rcc_osc_off
                0x00000000080007c8       0x58 /home/ryan/Desktop/libopencm3/libopencm3-examples/libopencm3/lib/libopencm3_stm32f4.a(rcc.o)
                0x00000000080007c8                rcc_osc_off
 .text.rcc_set_sysclk_source
                0x0000000008000820       0x14 /home/ryan/Desktop/libopencm3/libopencm3-examples/libopencm3/lib/libopencm3_stm32f4.a(rcc.o)
                0x0000000008000820                rcc_set_sysclk_source
 .text.rcc_set_ppre2
                0x0000000008000834       0x14 /home/ryan/Desktop/libopencm3/libopencm3-examples/libopencm3/lib/libopencm3_stm32f4.a(rcc.o)
                0x0000000008000834                rcc_set_ppre2
 .text.rcc_set_ppre1
                0x0000000008000848       0x14 /home/ryan/Desktop/libopencm3/libopencm3-examples/libopencm3/lib/libopencm3_stm32f4.a(rcc.o)
                0x0000000008000848                rcc_set_ppre1
 .text.rcc_set_hpre
                0x000000000800085c       0x14 /home/ryan/Desktop/libopencm3/libopencm3-examples/libopencm3/lib/libopencm3_stm32f4.a(rcc.o)
                0x000000000800085c                rcc_set_hpre
 .text.rcc_set_main_pll_hse
                0x0000000008000870       0x48 /home/ryan/Desktop/libopencm3/libopencm3-examples/libopencm3/lib/libopencm3_stm32f4.a(rcc.o)
                0x0000000008000870                rcc_set_main_pll_hse
 .text.rcc_clock_setup_hse_3v3
                0x00000000080008b8       0xa8 /home/ryan/Desktop/libopencm3/libopencm3-examples/libopencm3/lib/libopencm3_stm32f4.a(rcc.o)
                0x00000000080008b8                rcc_clock_setup_hse_3v3
 .text.gpio_set
                0x0000000008000960        0x4 /home/ryan/Desktop/libopencm3/libopencm3-examples/libopencm3/lib/libopencm3_stm32f4.a(gpio_common_all.o)
                0x0000000008000960                gpio_set
 .text.gpio_clear
                0x0000000008000964        0x6 /home/ryan/Desktop/libopencm3/libopencm3-examples/libopencm3/lib/libopencm3_stm32f4.a(gpio_common_all.o)
                0x0000000008000964                gpio_clear
 .text.gpio_toggle
                0x000000000800096a       0x12 /home/ryan/Desktop/libopencm3/libopencm3-examples/libopencm3/lib/libopencm3_stm32f4.a(gpio_common_all.o)
                0x000000000800096a                gpio_toggle
 .text.gpio_mode_setup
                0x000000000800097c       0x44 /home/ryan/Desktop/libopencm3/libopencm3-examples/libopencm3/lib/libopencm3_stm32f4.a(gpio_common_f0234.o)
                0x000000000800097c                gpio_mode_setup
 .text.gpio_set_output_options
                0x00000000080009c0       0x36 /home/ryan/Desktop/libopencm3/libopencm3-examples/libopencm3/lib/libopencm3_stm32f4.a(gpio_common_f0234.o)
                0x00000000080009c0                gpio_set_output_options
 .text.gpio_set_af
                0x00000000080009f6       0x58 /home/ryan/Desktop/libopencm3/libopencm3-examples/libopencm3/lib/libopencm3_stm32f4.a(gpio_common_f0234.o)
                0x00000000080009f6                gpio_set_af
 .text.spi_enable
                0x0000000008000a4e        0xa /home/ryan/Desktop/libopencm3/libopencm3-examples/libopencm3/lib/libopencm3_stm32f4.a(spi_common_all.o)
                0x0000000008000a4e                spi_enable
 .text.spi_xfer
                0x0000000008000a58        0xe /home/ryan/Desktop/libopencm3/libopencm3-examples/libopencm3/lib/libopencm3_stm32f4.a(spi_common_all.o)
                0x0000000008000a58                spi_xfer
 .text.spi_enable_ss_output
                0x0000000008000a66        0xa /home/ryan/Desktop/libopencm3/libopencm3-examples/libopencm3/lib/libopencm3_stm32f4.a(spi_common_all.o)
                0x0000000008000a66                spi_enable_ss_output
 .text.spi_init_master
                0x0000000008000a70       0x2a /home/ryan/Desktop/libopencm3/libopencm3-examples/libopencm3/lib/libopencm3_stm32f4.a(spi_common_l1f124.o)
                0x0000000008000a70                spi_init_master
 *fill*         0x0000000008000a9a        0x2 
 .text.usart_set_baudrate
                0x0000000008000a9c       0x30 /home/ryan/Desktop/libopencm3/libopencm3-examples/libopencm3/lib/libopencm3_stm32f4.a(usart_common_all.o)
                0x0000000008000a9c                usart_set_baudrate
 .text.usart_set_databits
                0x0000000008000acc       0x12 /home/ryan/Desktop/libopencm3/libopencm3-examples/libopencm3/lib/libopencm3_stm32f4.a(usart_common_all.o)
                0x0000000008000acc                usart_set_databits
 .text.usart_set_stopbits
                0x0000000008000ade        0xc /home/ryan/Desktop/libopencm3/libopencm3-examples/libopencm3/lib/libopencm3_stm32f4.a(usart_common_all.o)
                0x0000000008000ade                usart_set_stopbits
 .text.usart_set_parity
                0x0000000008000aea        0xc /home/ryan/Desktop/libopencm3/libopencm3-examples/libopencm3/lib/libopencm3_stm32f4.a(usart_common_all.o)
                0x0000000008000aea                usart_set_parity
 .text.usart_set_mode
                0x0000000008000af6        0xc /home/ryan/Desktop/libopencm3/libopencm3-examples/libopencm3/lib/libopencm3_stm32f4.a(usart_common_all.o)
                0x0000000008000af6                usart_set_mode
 .text.usart_set_flow_control
                0x0000000008000b02        0xc /home/ryan/Desktop/libopencm3/libopencm3-examples/libopencm3/lib/libopencm3_stm32f4.a(usart_common_all.o)
                0x0000000008000b02                usart_set_flow_control
 .text.usart_enable
                0x0000000008000b0e        0xa /home/ryan/Desktop/libopencm3/libopencm3-examples/libopencm3/lib/libopencm3_stm32f4.a(usart_common_all.o)
                0x0000000008000b0e                usart_enable
 .text.flash_set_ws
                0x0000000008000b18       0x14 /home/ryan/Desktop/libopencm3/libopencm3-examples/libopencm3/lib/libopencm3_stm32f4.a(flash_common_f234.o)
                0x0000000008000b18                flash_set_ws
 .text.rcc_periph_clock_enable
                0x0000000008000b2c       0x1c /home/ryan/Desktop/libopencm3/libopencm3-examples/libopencm3/lib/libopencm3_stm32f4.a(rcc_common_all.o)
                0x0000000008000b2c                rcc_periph_clock_enable
 .text.sdram_timing
                0x0000000008000b48       0x4e /home/ryan/Desktop/libopencm3/libopencm3-examples/libopencm3/lib/libopencm3_stm32f4.a(fmc.o)
                0x0000000008000b48                sdram_timing
 *fill*         0x0000000008000b96        0x2 
 .text.sdram_command
                0x0000000008000b98       0x64 /home/ryan/Desktop/libopencm3/libopencm3-examples/libopencm3/lib/libopencm3_stm32f4.a(fmc.o)
                0x0000000008000b98                sdram_command
 .text.blocking_handler
                0x0000000008000bfc        0x2 /home/ryan/Desktop/libopencm3/libopencm3-examples/libopencm3/lib/libopencm3_stm32f4.a(vector.o)
                0x0000000008000bfc                dma2_stream1_isr
                0x0000000008000bfc                tim8_brk_tim12_isr
                0x0000000008000bfc                dma1_stream7_isr
                0x0000000008000bfc                usart3_isr
                0x0000000008000bfc                tim7_isr
                0x0000000008000bfc                dma2d_isr
                0x0000000008000bfc                uart8_isr
                0x0000000008000bfc                dma1_stream2_isr
                0x0000000008000bfc                otg_hs_isr
                0x0000000008000bfc                blocking_handler
                0x0000000008000bfc                tim5_isr
                0x0000000008000bfc                rtc_wkup_isr
                0x0000000008000bfc                otg_fs_isr
                0x0000000008000bfc                spi1_isr
                0x0000000008000bfc                i2c3_er_isr
                0x0000000008000bfc                exti2_isr
                0x0000000008000bfc                spi5_isr
                0x0000000008000bfc                usb_fs_wkup_isr
                0x0000000008000bfc                tamp_stamp_isr
                0x0000000008000bfc                can1_rx1_isr
                0x0000000008000bfc                dma2_stream0_isr
                0x0000000008000bfc                usart1_isr
                0x0000000008000bfc                i2c3_ev_isr
                0x0000000008000bfc                usage_fault_handler
                0x0000000008000bfc                can2_rx0_isr
                0x0000000008000bfc                dma1_stream6_isr
                0x0000000008000bfc                can2_rx1_isr
                0x0000000008000bfc                can1_sce_isr
                0x0000000008000bfc                tim1_cc_isr
                0x0000000008000bfc                can1_tx_isr
                0x0000000008000bfc                tim1_up_tim10_isr
                0x0000000008000bfc                sdio_isr
                0x0000000008000bfc                eth_isr
                0x0000000008000bfc                spi6_isr
                0x0000000008000bfc                dma2_stream5_isr
                0x0000000008000bfc                pvd_isr
                0x0000000008000bfc                can1_rx0_isr
                0x0000000008000bfc                rcc_isr
                0x0000000008000bfc                dma2_stream3_isr
                0x0000000008000bfc                flash_isr
                0x0000000008000bfc                uart4_isr
                0x0000000008000bfc                lcd_tft_isr
                0x0000000008000bfc                rtc_alarm_isr
                0x0000000008000bfc                exti15_10_isr
                0x0000000008000bfc                hash_rng_isr
                0x0000000008000bfc                tim1_trg_com_tim11_isr
                0x0000000008000bfc                hard_fault_handler
                0x0000000008000bfc                exti1_isr
                0x0000000008000bfc                i2c1_ev_isr
                0x0000000008000bfc                usart6_isr
                0x0000000008000bfc                spi2_isr
                0x0000000008000bfc                cryp_isr
                0x0000000008000bfc                nvic_wwdg_isr
                0x0000000008000bfc                dma1_stream1_isr
                0x0000000008000bfc                dma2_stream4_isr
                0x0000000008000bfc                exti3_isr
                0x0000000008000bfc                tim3_isr
                0x0000000008000bfc                usart2_isr
                0x0000000008000bfc                sai1_isr
                0x0000000008000bfc                fpu_isr
                0x0000000008000bfc                dma1_stream4_isr
                0x0000000008000bfc                i2c2_er_isr
                0x0000000008000bfc                i2c2_ev_isr
                0x0000000008000bfc                uart5_isr
                0x0000000008000bfc                dma2_stream6_isr
                0x0000000008000bfc                spi4_isr
                0x0000000008000bfc                adc_isr
                0x0000000008000bfc                dma2_stream7_isr
                0x0000000008000bfc                tim8_up_tim13_isr
                0x0000000008000bfc                fsmc_isr
                0x0000000008000bfc                exti4_isr
                0x0000000008000bfc                tim6_dac_isr
                0x0000000008000bfc                dma1_stream3_isr
                0x0000000008000bfc                tim8_trg_com_tim14_isr
                0x0000000008000bfc                mem_manage_handler
                0x0000000008000bfc                lcd_tft_err_isr
                0x0000000008000bfc                can2_tx_isr
                0x0000000008000bfc                exti9_5_isr
                0x0000000008000bfc                tim1_brk_tim9_isr
                0x0000000008000bfc                uart7_isr
                0x0000000008000bfc                can2_sce_isr
                0x0000000008000bfc                tim4_isr
                0x0000000008000bfc                otg_hs_wkup_isr
                0x0000000008000bfc                i2c1_er_isr
                0x0000000008000bfc                dma1_stream0_isr
                0x0000000008000bfc                tim8_cc_isr
                0x0000000008000bfc                dcmi_isr
                0x0000000008000bfc                dma2_stream2_isr
                0x0000000008000bfc                eth_wkup_isr
                0x0000000008000bfc                bus_fault_handler
                0x0000000008000bfc                otg_hs_ep1_out_isr
                0x0000000008000bfc                spi3_isr
                0x0000000008000bfc                dma1_stream5_isr
                0x0000000008000bfc                otg_hs_ep1_in_isr
                0x0000000008000bfc                tim2_isr
                0x0000000008000bfc                exti0_isr
 .text.null_handler
                0x0000000008000bfe        0x2 /home/ryan/Desktop/libopencm3/libopencm3-examples/libopencm3/lib/libopencm3_stm32f4.a(vector.o)
                0x0000000008000bfe                null_handler
                0x0000000008000bfe                sv_call_handler
                0x0000000008000bfe                pend_sv_handler
                0x0000000008000bfe                debug_monitor_handler
                0x0000000008000bfe                nmi_handler
 .text.reset_handler
                0x0000000008000c00       0x98 /home/ryan/Desktop/libopencm3/libopencm3-examples/libopencm3/lib/libopencm3_stm32f4.a(vector.o)
                0x0000000008000c00                reset_handler
 .text.systick_set_reload
                0x0000000008000c98       0x10 /home/ryan/Desktop/libopencm3/libopencm3-examples/libopencm3/lib/libopencm3_stm32f4.a(systick.o)
                0x0000000008000c98                systick_set_reload
 .text.systick_set_clocksource
                0x0000000008000ca8       0x18 /home/ryan/Desktop/libopencm3/libopencm3-examples/libopencm3/lib/libopencm3_stm32f4.a(systick.o)
                0x0000000008000ca8                systick_set_clocksource
 .text.systick_interrupt_enable
                0x0000000008000cc0       0x10 /home/ryan/Desktop/libopencm3/libopencm3-examples/libopencm3/lib/libopencm3_stm32f4.a(systick.o)
                0x0000000008000cc0                systick_interrupt_enable
 .text.systick_counter_enable
                0x0000000008000cd0       0x10 /home/ryan/Desktop/libopencm3/libopencm3-examples/libopencm3/lib/libopencm3_stm32f4.a(systick.o)
                0x0000000008000cd0                systick_counter_enable
 .text.pwr_set_vos_scale
                0x0000000008000ce0       0x20 /home/ryan/Desktop/libopencm3/libopencm3-examples/libopencm3/lib/libopencm3_stm32f4.a(pwr.o)
                0x0000000008000ce0                pwr_set_vos_scale
 .text          0x0000000008000d00       0x48 /usr/lib/gcc/arm-none-eabi/5.4.1/../../../arm-none-eabi/lib/armv7e-m/fpu/libc.a(lib_a-printf.o)
                0x0000000008000d00                _printf_r
                0x0000000008000d20                printf
 .text          0x0000000008000d48       0x78 /usr/lib/gcc/arm-none-eabi/5.4.1/../../../arm-none-eabi/lib/armv7e-m/fpu/libc.a(lib_a-puts.o)
                0x0000000008000d48                _puts_r
                0x0000000008000db0                puts
 .text          0x0000000008000dc0       0xdc /usr/lib/gcc/arm-none-eabi/5.4.1/../../../arm-none-eabi/lib/armv7e-m/fpu/libc.a(lib_a-strlen.o)
                0x0000000008000dc0                strlen
 *fill*         0x0000000008000e9c        0x4 
 .text          0x0000000008000ea0     0x17ac /usr/lib/gcc/arm-none-eabi/5.4.1/../../../arm-none-eabi/lib/armv7e-m/fpu/libc.a(lib_a-vfprintf.o)
                0x0000000008000ea0                _vfprintf_r
                0x00000000080025c8                vfprintf
 .text          0x000000000800264c       0xc8 /usr/lib/gcc/arm-none-eabi/5.4.1/../../../arm-none-eabi/lib/armv7e-m/fpu/libc.a(lib_a-wsetup.o)
                0x000000000800264c                __swsetup_r
 *fill*         0x0000000008002714        0x4 
 .text          0x0000000008002718      0xf5c /usr/lib/gcc/arm-none-eabi/5.4.1/../../../arm-none-eabi/lib/armv7e-m/fpu/libc.a(lib_a-dtoa.o)
                0x0000000008002840                _dtoa_r
 .text          0x0000000008003674      0x198 /usr/lib/gcc/arm-none-eabi/5.4.1/../../../arm-none-eabi/lib/armv7e-m/fpu/libc.a(lib_a-fflush.o)
                0x0000000008003674                __sflush_r
                0x00000000080037bc                _fflush_r
                0x00000000080037e8                fflush
 .text          0x000000000800380c      0x210 /usr/lib/gcc/arm-none-eabi/5.4.1/../../../arm-none-eabi/lib/armv7e-m/fpu/libc.a(lib_a-findfp.o)
                0x0000000008003810                _cleanup_r
                0x0000000008003910                __sfmoreglue
                0x0000000008003940                __sfp
                0x00000000080039c8                _cleanup
                0x00000000080039dc                __sinit
                0x00000000080039e4                __sfp_lock_acquire
                0x00000000080039e8                __sfp_lock_release
                0x00000000080039ec                __sinit_lock_acquire
                0x00000000080039f0                __sinit_lock_release
                0x00000000080039f4                __fp_lock_all
                0x0000000008003a08                __fp_unlock_all
 .text          0x0000000008003a1c      0x26c /usr/lib/gcc/arm-none-eabi/5.4.1/../../../arm-none-eabi/lib/armv7e-m/fpu/libc.a(lib_a-freer.o)
                0x0000000008003a1c                _malloc_trim_r
                0x0000000008003ab8                _free_r
 .text          0x0000000008003c88      0x304 /usr/lib/gcc/arm-none-eabi/5.4.1/../../../arm-none-eabi/lib/armv7e-m/fpu/libc.a(lib_a-fvwrite.o)
                0x0000000008003c88                __sfvwrite_r
 .text          0x0000000008003f8c       0xa0 /usr/lib/gcc/arm-none-eabi/5.4.1/../../../arm-none-eabi/lib/armv7e-m/fpu/libc.a(lib_a-fwalk.o)
                0x0000000008003f8c                _fwalk
                0x0000000008003fd8                _fwalk_reent
 .text          0x000000000800402c       0x80 /usr/lib/gcc/arm-none-eabi/5.4.1/../../../arm-none-eabi/lib/armv7e-m/fpu/libc.a(lib_a-locale.o)
                0x000000000800402c                _setlocale_r
                0x000000000800406c                __locale_charset
                0x0000000008004074                __locale_mb_cur_max
                0x0000000008004080                __locale_msgcharset
                0x0000000008004088                __locale_cjk_lang
                0x000000000800408c                _localeconv_r
                0x0000000008004094                setlocale
                0x00000000080040a4                localeconv
 .text          0x00000000080040ac       0xe8 /usr/lib/gcc/arm-none-eabi/5.4.1/../../../arm-none-eabi/lib/armv7e-m/fpu/libc.a(lib_a-makebuf.o)
                0x00000000080040ac                __swhatbuf_r
                0x000000000800410c                __smakebuf_r
 .text          0x0000000008004194      0x56c /usr/lib/gcc/arm-none-eabi/5.4.1/../../../arm-none-eabi/lib/armv7e-m/fpu/libc.a(lib_a-mallocr.o)
                0x0000000008004194                _malloc_r
 .text          0x0000000008004700       0xa0 /usr/lib/gcc/arm-none-eabi/5.4.1/../../../arm-none-eabi/lib/armv7e-m/fpu/libc.a(lib_a-memchr.o)
                0x0000000008004700                memchr
 .text          0x00000000080047a0      0x134 /usr/lib/gcc/arm-none-eabi/5.4.1/../../../arm-none-eabi/lib/armv7e-m/fpu/libc.a(lib_a-memcpy.o)
                0x00000000080047a0                memcpy
 .text          0x00000000080048d4       0xc8 /usr/lib/gcc/arm-none-eabi/5.4.1/../../../arm-none-eabi/lib/armv7e-m/fpu/libc.a(lib_a-memmove.o)
                0x00000000080048d4                memmove
 .text          0x000000000800499c       0x9c /usr/lib/gcc/arm-none-eabi/5.4.1/../../../arm-none-eabi/lib/armv7e-m/fpu/libc.a(lib_a-memset.o)
                0x000000000800499c                memset
 .text          0x0000000008004a38        0x8 /usr/lib/gcc/arm-none-eabi/5.4.1/../../../arm-none-eabi/lib/armv7e-m/fpu/libc.a(lib_a-mlock.o)
                0x0000000008004a38                __malloc_lock
                0x0000000008004a3c                __malloc_unlock
 .text          0x0000000008004a40      0x920 /usr/lib/gcc/arm-none-eabi/5.4.1/../../../arm-none-eabi/lib/armv7e-m/fpu/libc.a(lib_a-mprec.o)
                0x0000000008004a40                _Balloc
                0x0000000008004a8c                _Bfree
                0x0000000008004aa0                __multadd
                0x0000000008004b20                __s2b
                0x0000000008004bb8                __hi0bits
                0x0000000008004bf8                __lo0bits
                0x0000000008004c54                __i2b
                0x0000000008004c68                __multiply
                0x0000000008004d98                __pow5mult
                0x0000000008004e38                __lshift
                0x0000000008004ee8                __mcmp
                0x0000000008004f2c                __mdiff
                0x0000000008005040                __ulp
                0x0000000008005094                __b2d
                0x0000000008005164                __d2b
                0x0000000008005220                __ratio
                0x0000000008005280                _mprec_log10
                0x00000000080052b8                __copybits
                0x0000000008005300                __any_on
 .text          0x0000000008005360      0x3e0 /usr/lib/gcc/arm-none-eabi/5.4.1/../../../arm-none-eabi/lib/armv7e-m/fpu/libc.a(lib_a-reallocr.o)
                0x0000000008005360                _realloc_r
 .text          0x0000000008005740       0x24 /usr/lib/gcc/arm-none-eabi/5.4.1/../../../arm-none-eabi/lib/armv7e-m/fpu/libc.a(lib_a-sbrkr.o)
                0x0000000008005740                _sbrk_r
 .text          0x0000000008005764       0x8c /usr/lib/gcc/arm-none-eabi/5.4.1/../../../arm-none-eabi/lib/armv7e-m/fpu/libc.a(lib_a-stdio.o)
                0x0000000008005764                __sread
                0x0000000008005788                __seofread
                0x000000000800578c                __swrite
                0x00000000080057c8                __sseek
                0x00000000080057e8                __sclose
 *fill*         0x00000000080057f0       0x10 
 .text          0x0000000008005800      0x2dc /usr/lib/gcc/arm-none-eabi/5.4.1/../../../arm-none-eabi/lib/armv7e-m/fpu/libc.a(lib_a-strcmp.o)
                0x0000000008005808                strcmp
 .text          0x0000000008005adc      0xf0c /usr/lib/gcc/arm-none-eabi/5.4.1/../../../arm-none-eabi/lib/armv7e-m/fpu/libc.a(lib_a-vfiprintf.o)
                0x0000000008005b54                __sprint_r
                0x0000000008005b68                _vfiprintf_r
                0x0000000008006964                vfiprintf
 .text          0x00000000080069e8       0x2c /usr/lib/gcc/arm-none-eabi/5.4.1/../../../arm-none-eabi/lib/armv7e-m/fpu/libc.a(lib_a-writer.o)
                0x00000000080069e8                _write_r
 .text          0x0000000008006a14       0x60 /usr/lib/gcc/arm-none-eabi/5.4.1/../../../arm-none-eabi/lib/armv7e-m/fpu/libc.a(lib_a-callocr.o)
                0x0000000008006a14                _calloc_r
 .text          0x0000000008006a74       0x24 /usr/lib/gcc/arm-none-eabi/5.4.1/../../../arm-none-eabi/lib/armv7e-m/fpu/libc.a(lib_a-closer.o)
                0x0000000008006a74                _close_r
 .text          0x0000000008006a98       0x94 /usr/lib/gcc/arm-none-eabi/5.4.1/../../../arm-none-eabi/lib/armv7e-m/fpu/libc.a(lib_a-fclose.o)
                0x0000000008006a98                _fclose_r
                0x0000000008006b1c                fclose
 .text          0x0000000008006b2c      0x100 /usr/lib/gcc/arm-none-eabi/5.4.1/../../../arm-none-eabi/lib/armv7e-m/fpu/libc.a(lib_a-fputwc.o)
                0x0000000008006b2c                __fputwc
                0x0000000008006bc4                _fputwc_r
                0x0000000008006bec                fputwc
 .text          0x0000000008006c2c       0x28 /usr/lib/gcc/arm-none-eabi/5.4.1/../../../arm-none-eabi/lib/armv7e-m/fpu/libc.a(lib_a-fstatr.o)
                0x0000000008006c2c                _fstat_r
 .text          0x0000000008006c54       0x24 /usr/lib/gcc/arm-none-eabi/5.4.1/../../../arm-none-eabi/lib/armv7e-m/fpu/libc.a(lib_a-isattyr.o)
                0x0000000008006c54                _isatty_r
 .text          0x0000000008006c78       0x2c /usr/lib/gcc/arm-none-eabi/5.4.1/../../../arm-none-eabi/lib/armv7e-m/fpu/libc.a(lib_a-lseekr.o)
                0x0000000008006c78                _lseek_r
 .text          0x0000000008006ca4       0x2c /usr/lib/gcc/arm-none-eabi/5.4.1/../../../arm-none-eabi/lib/armv7e-m/fpu/libc.a(lib_a-readr.o)
                0x0000000008006ca4                _read_r
 .text          0x0000000008006cd0       0xbc /usr/lib/gcc/arm-none-eabi/5.4.1/../../../arm-none-eabi/lib/armv7e-m/fpu/libc.a(lib_a-wbuf.o)
                0x0000000008006cd0                __swbuf_r
                0x0000000008006d7c                __swbuf
 .text          0x0000000008006d8c       0xac /usr/lib/gcc/arm-none-eabi/5.4.1/../../../arm-none-eabi/lib/armv7e-m/fpu/libc.a(lib_a-wcrtomb.o)
                0x0000000008006d8c                _wcrtomb_r
                0x0000000008006de0                wcrtomb
 .text          0x0000000008006e38       0x4c /usr/lib/gcc/arm-none-eabi/5.4.1/../../../arm-none-eabi/lib/armv7e-m/fpu/libc.a(lib_a-wctomb_r.o)
                0x0000000008006e38                __ascii_wctomb
                0x0000000008006e54                _wctomb_r
 .text          0x0000000008006e84      0x370 /usr/lib/gcc/arm-none-eabi/5.4.1/armv7e-m/fpu/libgcc.a(_arm_addsubdf3.o)
                0x0000000008006e84                __aeabi_drsub
                0x0000000008006e8c                __aeabi_dsub
                0x0000000008006e8c                __subdf3
                0x0000000008006e90                __adddf3
                0x0000000008006e90                __aeabi_dadd
                0x0000000008007108                __aeabi_ui2d
                0x0000000008007108                __floatunsidf
                0x0000000008007128                __floatsidf
                0x0000000008007128                __aeabi_i2d
                0x000000000800714c                __extendsfdf2
                0x000000000800714c                __aeabi_f2d
                0x0000000008007188                __aeabi_ul2d
                0x0000000008007188                __floatundidf
                0x0000000008007198                __floatdidf
                0x0000000008007198                __aeabi_l2d
 .text          0x00000000080071f4      0x424 /usr/lib/gcc/arm-none-eabi/5.4.1/armv7e-m/fpu/libgcc.a(_arm_muldivdf3.o)
                0x00000000080071f4                __aeabi_dmul
                0x00000000080071f4                __muldf3
                0x0000000008007448                __aeabi_ddiv
                0x0000000008007448                __divdf3
 .text          0x0000000008007618      0x110 /usr/lib/gcc/arm-none-eabi/5.4.1/armv7e-m/fpu/libgcc.a(_arm_cmpdf2.o)
                0x0000000008007618                __gtdf2
                0x0000000008007618                __gedf2
                0x0000000008007620                __ltdf2
                0x0000000008007620                __ledf2
                0x0000000008007628                __cmpdf2
                0x0000000008007628                __eqdf2
                0x0000000008007628                __nedf2
                0x00000000080076a4                __aeabi_cdrcmple
                0x00000000080076b4                __aeabi_cdcmple
                0x00000000080076b4                __aeabi_cdcmpeq
                0x00000000080076c4                __aeabi_dcmpeq
                0x00000000080076d8                __aeabi_dcmplt
                0x00000000080076ec                __aeabi_dcmple
                0x0000000008007700                __aeabi_dcmpge
                0x0000000008007714                __aeabi_dcmpgt
 .text          0x0000000008007728       0x2c /usr/lib/gcc/arm-none-eabi/5.4.1/armv7e-m/fpu/libgcc.a(_arm_unorddf2.o)
                0x0000000008007728                __aeabi_dcmpun
                0x0000000008007728                __unorddf2
 .text          0x0000000008007754       0x50 /usr/lib/gcc/arm-none-eabi/5.4.1/armv7e-m/fpu/libgcc.a(_arm_fixdfsi.o)
                0x0000000008007754                __fixdfsi
                0x0000000008007754                __aeabi_d2iz
 .text          0x00000000080077a4       0x30 /usr/lib/gcc/arm-none-eabi/5.4.1/armv7e-m/fpu/libgcc.a(_aeabi_uldivmod.o)
                0x00000000080077a4                __aeabi_uldivmod
 .text          0x00000000080077d4      0x2e4 /usr/lib/gcc/arm-none-eabi/5.4.1/armv7e-m/fpu/libgcc.a(_udivmoddi4.o)
                0x00000000080077d4                __udivmoddi4
 .text          0x0000000008007ab8        0x4 /usr/lib/gcc/arm-none-eabi/5.4.1/armv7e-m/fpu/libgcc.a(_dvmd_tls.o)
                0x0000000008007ab8                __aeabi_ldiv0
                0x0000000008007ab8                __aeabi_idiv0
 .text          0x0000000008007abc       0x10 /usr/lib/gcc/arm-none-eabi/5.4.1/../../../arm-none-eabi/lib/armv7e-m/fpu/libnosys.a(close.o)
                0x0000000008007abc                _close
 .text          0x0000000008007acc       0x10 /usr/lib/gcc/arm-none-eabi/5.4.1/../../../arm-none-eabi/lib/armv7e-m/fpu/libnosys.a(fstat.o)
                0x0000000008007acc                _fstat
 .text          0x0000000008007adc       0x10 /usr/lib/gcc/arm-none-eabi/5.4.1/../../../arm-none-eabi/lib/armv7e-m/fpu/libnosys.a(isatty.o)
                0x0000000008007adc                _isatty
 .text          0x0000000008007aec       0x10 /usr/lib/gcc/arm-none-eabi/5.4.1/../../../arm-none-eabi/lib/armv7e-m/fpu/libnosys.a(lseek.o)
                0x0000000008007aec                _lseek
 .text          0x0000000008007afc       0x10 /usr/lib/gcc/arm-none-eabi/5.4.1/../../../arm-none-eabi/lib/armv7e-m/fpu/libnosys.a(read.o)
                0x0000000008007afc                _read
 .text          0x0000000008007b0c       0x1c /usr/lib/gcc/arm-none-eabi/5.4.1/../../../arm-none-eabi/lib/armv7e-m/fpu/libnosys.a(sbrk.o)
                0x0000000008007b0c                _sbrk
                0x0000000008007b28                . = ALIGN (0x4)
 *(.rodata*)
 .rodata.sdram_pins
                0x0000000008007b28       0x30 sdram.o
 .rodata.str1.1
                0x0000000008007b58       0x1c lcd.o
 .rodata.cmd_args
                0x0000000008007b74       0x3a lcd.o
 .rodata.initialization
                0x0000000008007bae       0x50 lcd.o
                0x0000000008007bae                initialization
 .rodata.str1.1
                0x0000000008007bfe       0x14 mandel.o
 *fill*         0x0000000008007c12        0x2 
 .rodata.rcc_hse_8mhz_3v3
                0x0000000008007c14       0x70 /home/ryan/Desktop/libopencm3/libopencm3-examples/libopencm3/lib/libopencm3_stm32f4.a(rcc.o)
                0x0000000008007c14                rcc_hse_8mhz_3v3
 .rodata.CSWTCH.2
                0x0000000008007c84        0x3 /home/ryan/Desktop/libopencm3/libopencm3-examples/libopencm3/lib/libopencm3_stm32f4.a(fmc.o)
 *fill*         0x0000000008007c87        0x1 
 .rodata.str1.4
                0x0000000008007c88        0x2 /usr/lib/gcc/arm-none-eabi/5.4.1/../../../arm-none-eabi/lib/armv7e-m/fpu/libc.a(lib_a-puts.o)
 *fill*         0x0000000008007c8a        0x2 
 .rodata        0x0000000008007c8c       0x20 /usr/lib/gcc/arm-none-eabi/5.4.1/../../../arm-none-eabi/lib/armv7e-m/fpu/libc.a(lib_a-vfprintf.o)
 .rodata.str1.4
                0x0000000008007cac       0x42 /usr/lib/gcc/arm-none-eabi/5.4.1/../../../arm-none-eabi/lib/armv7e-m/fpu/libc.a(lib_a-vfprintf.o)
 *fill*         0x0000000008007cee        0x2 
 .rodata.str1.4
                0x0000000008007cf0       0x10 /usr/lib/gcc/arm-none-eabi/5.4.1/../../../arm-none-eabi/lib/armv7e-m/fpu/libc.a(lib_a-dtoa.o)
                                         0x12 (size before relaxing)
 .rodata        0x0000000008007d00        0x4 /usr/lib/gcc/arm-none-eabi/5.4.1/../../../arm-none-eabi/lib/armv7e-m/fpu/libc.a(lib_a-impure.o)
                0x0000000008007d00                _global_impure_ptr
 .rodata.str1.4
                0x0000000008007d04        0x2 /usr/lib/gcc/arm-none-eabi/5.4.1/../../../arm-none-eabi/lib/armv7e-m/fpu/libc.a(lib_a-impure.o)
 *fill*         0x0000000008007d06        0x2 
 .rodata.str1.4
                0x0000000008007d08        0xc /usr/lib/gcc/arm-none-eabi/5.4.1/../../../arm-none-eabi/lib/armv7e-m/fpu/libc.a(lib_a-locale.o)
                                         0x12 (size before relaxing)
 *fill*         0x0000000008007d14        0x4 
 .rodata        0x0000000008007d18      0x128 /usr/lib/gcc/arm-none-eabi/5.4.1/../../../arm-none-eabi/lib/armv7e-m/fpu/libc.a(lib_a-mprec.o)
                0x0000000008007d28                __mprec_tens
                0x0000000008007df0                __mprec_tinytens
                0x0000000008007e18                __mprec_bigtens
 .rodata        0x0000000008007e40       0x20 /usr/lib/gcc/arm-none-eabi/5.4.1/../../../arm-none-eabi/lib/armv7e-m/fpu/libc.a(lib_a-vfiprintf.o)
 .rodata.str1.4
                0x0000000008007e60       0x2f /usr/lib/gcc/arm-none-eabi/5.4.1/../../../arm-none-eabi/lib/armv7e-m/fpu/libc.a(lib_a-vfiprintf.o)
                0x0000000008007e90                . = ALIGN (0x4)

.glue_7         0x0000000008007e60        0x0
 .glue_7        0x0000000008007e60        0x0 linker stubs

.glue_7t        0x0000000008007e60        0x0
 .glue_7t       0x0000000008007e60        0x0 linker stubs

.vfp11_veneer   0x0000000008007e60        0x0
 .vfp11_veneer  0x0000000008007e60        0x0 linker stubs

.v4_bx          0x0000000008007e60        0x0
 .v4_bx         0x0000000008007e60        0x0 linker stubs

.iplt           0x0000000008007e60        0x0
 .iplt          0x0000000008007e60        0x0 sdram.o

.preinit_array  0x0000000008007e60        0x0
                0x0000000008007e60                . = ALIGN (0x4)
                0x0000000008007e60                __preinit_array_start = .
 *(.preinit_array)
                0x0000000008007e60                __preinit_array_end = .

.init_array     0x0000000008007e60        0x0
                0x0000000008007e60                . = ALIGN (0x4)
                0x0000000008007e60                __init_array_start = .
 *(SORT(.init_array.*))
 *(.init_array)
                0x0000000008007e60                __init_array_end = .

.fini_array     0x0000000008007e60        0x0
                0x0000000008007e60                . = ALIGN (0x4)
                0x0000000008007e60                __fini_array_start = .
 *(.fini_array)
 *(SORT(.fini_array.*))
                0x0000000008007e60                __fini_array_end = .

.ARM.extab
 *(.ARM.extab*)

.ARM.exidx      0x0000000008007e60        0x8
                0x0000000008007e60                __exidx_start = .
 *(.ARM.exidx*)
 .ARM.exidx     0x0000000008007e60        0x8 /usr/lib/gcc/arm-none-eabi/5.4.1/armv7e-m/fpu/libgcc.a(_udivmoddi4.o)
                0x0000000008007e68                __exidx_end = .

.rel.dyn        0x0000000008007e68        0x0
 .rel.iplt      0x0000000008007e68        0x0 sdram.o
                0x0000000008007e68                . = ALIGN (0x4)
                0x0000000008007e68                _etext = .

.data           0x0000000020000000      0x938 load address 0x0000000008007e68
                0x0000000020000000                _data = .
 *(.data*)
 .data.timing   0x0000000020000000       0x1c sdram.o
 .data.lcd_colors
                0x000000002000001c       0x4c mandel.o
                0x000000002000001c                lcd_colors
 .data.rcc_ahb_frequency
                0x0000000020000068        0x4 /home/ryan/Desktop/libopencm3/libopencm3-examples/libopencm3/lib/libopencm3_stm32f4.a(rcc.o)
                0x0000000020000068                rcc_ahb_frequency
 .data.rcc_apb1_frequency
                0x000000002000006c        0x4 /home/ryan/Desktop/libopencm3/libopencm3-examples/libopencm3/lib/libopencm3_stm32f4.a(rcc.o)
                0x000000002000006c                rcc_apb1_frequency
 .data.rcc_apb2_frequency
                0x0000000020000070        0x4 /home/ryan/Desktop/libopencm3/libopencm3-examples/libopencm3/lib/libopencm3_stm32f4.a(rcc.o)
                0x0000000020000070                rcc_apb2_frequency
 *fill*         0x0000000020000074        0x4 
 .data          0x0000000020000078      0x430 /usr/lib/gcc/arm-none-eabi/5.4.1/../../../arm-none-eabi/lib/armv7e-m/fpu/libc.a(lib_a-impure.o)
                0x0000000020000078                _impure_ptr
 .data          0x00000000200004a8       0x7c /usr/lib/gcc/arm-none-eabi/5.4.1/../../../arm-none-eabi/lib/armv7e-m/fpu/libc.a(lib_a-locale.o)
                0x00000000200004c8                __mb_cur_max
 .data          0x0000000020000524      0x410 /usr/lib/gcc/arm-none-eabi/5.4.1/../../../arm-none-eabi/lib/armv7e-m/fpu/libc.a(lib_a-mallocr.o)
                0x0000000020000524                __malloc_av_
                0x000000002000092c                __malloc_sbrk_base
                0x0000000020000930                __malloc_trim_threshold
 .data          0x0000000020000934        0x4 /usr/lib/gcc/arm-none-eabi/5.4.1/../../../arm-none-eabi/lib/armv7e-m/fpu/libc.a(lib_a-wctomb_r.o)
                0x0000000020000934                __wctomb
                0x0000000020000938                . = ALIGN (0x4)
                0x0000000020000938                _edata = .
                0x0000000008007e68                _data_loadaddr = LOADADDR (.data)

.igot.plt       0x0000000020000938        0x0 load address 0x00000000080087a0
 .igot.plt      0x0000000020000938        0x0 sdram.o

.bss            0x0000000020000938       0x4c load address 0x00000000080087a0
 *(.bss*)
 .bss.display_frame
                0x0000000020000938        0x4 lcd.o
                0x0000000020000938                display_frame
 .bss.cur_frame
                0x000000002000093c        0x4 lcd.o
                0x000000002000093c                cur_frame
 .bss.delay_timer
                0x0000000020000940        0x4 clock.o
 .bss.system_millis
                0x0000000020000944        0x4 clock.o
 .bss           0x0000000020000948       0x34 /usr/lib/gcc/arm-none-eabi/5.4.1/../../../arm-none-eabi/lib/armv7e-m/fpu/libc.a(lib_a-mallocr.o)
                0x0000000020000948                __malloc_top_pad
                0x000000002000094c                __malloc_current_mallinfo
                0x0000000020000974                __malloc_max_sbrked_mem
                0x0000000020000978                __malloc_max_total_mem
 .bss           0x000000002000097c        0x4 /usr/lib/gcc/arm-none-eabi/5.4.1/../../../arm-none-eabi/lib/armv7e-m/fpu/libnosys.a(sbrk.o)
 *(COMMON)
 COMMON         0x0000000020000980        0x4 /usr/lib/gcc/arm-none-eabi/5.4.1/../../../arm-none-eabi/lib/armv7e-m/fpu/libc.a(lib_a-reent.o)
                0x0000000020000980                errno
                0x0000000020000984                . = ALIGN (0x4)
                0x0000000020000984                _ebss = .

/DISCARD/
 *(.eh_frame)
                0x0000000020000984                . = ALIGN (0x4)
                0x0000000020000984                end = .
                0x0000000020020000                PROVIDE (_stack, (ORIGIN (ram) + LENGTH (ram)))
OUTPUT(mandel.elf elf32-littlearm)

.debug_info     0x0000000000000000    0x1e557
 .debug_info    0x0000000000000000      0x86b sdram.o
 .debug_info    0x000000000000086b      0xab5 lcd.o
 .debug_info    0x0000000000001320      0x2ce clock.o
 .debug_info    0x00000000000015ee      0xa41 mandel.o
 .debug_info    0x000000000000202f      0x90f /home/ryan/Desktop/libopencm3/libopencm3-examples/libopencm3/lib/libopencm3_stm32f4.a(rcc.o)
 .debug_info    0x000000000000293e      0x22c /home/ryan/Desktop/libopencm3/libopencm3-examples/libopencm3/lib/libopencm3_stm32f4.a(gpio_common_all.o)
 .debug_info    0x0000000000002b6a      0x1eb /home/ryan/Desktop/libopencm3/libopencm3-examples/libopencm3/lib/libopencm3_stm32f4.a(gpio_common_f0234.o)
 .debug_info    0x0000000000002d55      0x9c1 /home/ryan/Desktop/libopencm3/libopencm3-examples/libopencm3/lib/libopencm3_stm32f4.a(spi_common_all.o)
 .debug_info    0x0000000000003716      0x148 /home/ryan/Desktop/libopencm3/libopencm3-examples/libopencm3/lib/libopencm3_stm32f4.a(spi_common_l1f124.o)
 .debug_info    0x000000000000385e      0x4b2 /home/ryan/Desktop/libopencm3/libopencm3-examples/libopencm3/lib/libopencm3_stm32f4.a(usart_common_all.o)
 .debug_info    0x0000000000003d10      0x11f /home/ryan/Desktop/libopencm3/libopencm3-examples/libopencm3/lib/libopencm3_stm32f4.a(flash_common_f234.o)
 .debug_info    0x0000000000003e2f      0x8aa /home/ryan/Desktop/libopencm3/libopencm3-examples/libopencm3/lib/libopencm3_stm32f4.a(rcc_common_all.o)
 .debug_info    0x00000000000046d9      0x1de /home/ryan/Desktop/libopencm3/libopencm3-examples/libopencm3/lib/libopencm3_stm32f4.a(fmc.o)
 .debug_info    0x00000000000048b7      0x2b7 /home/ryan/Desktop/libopencm3/libopencm3-examples/libopencm3/lib/libopencm3_stm32f4.a(vector.o)
 .debug_info    0x0000000000004b6e      0x255 /home/ryan/Desktop/libopencm3/libopencm3-examples/libopencm3/lib/libopencm3_stm32f4.a(systick.o)
 .debug_info    0x0000000000004dc3       0xc2 /home/ryan/Desktop/libopencm3/libopencm3-examples/libopencm3/lib/libopencm3_stm32f4.a(pwr.o)
 .debug_info    0x0000000000004e85      0x98d /usr/lib/gcc/arm-none-eabi/5.4.1/../../../arm-none-eabi/lib/armv7e-m/fpu/libc.a(lib_a-printf.o)
 .debug_info    0x0000000000005812      0xa2b /usr/lib/gcc/arm-none-eabi/5.4.1/../../../arm-none-eabi/lib/armv7e-m/fpu/libc.a(lib_a-puts.o)
 .debug_info    0x000000000000623d       0xc9 /usr/lib/gcc/arm-none-eabi/5.4.1/../../../arm-none-eabi/lib/armv7e-m/fpu/libc.a(lib_a-strlen.o)
 .debug_info    0x0000000000006306     0x16d9 /usr/lib/gcc/arm-none-eabi/5.4.1/../../../arm-none-eabi/lib/armv7e-m/fpu/libc.a(lib_a-vfprintf.o)
 .debug_info    0x00000000000079df      0x92b /usr/lib/gcc/arm-none-eabi/5.4.1/../../../arm-none-eabi/lib/armv7e-m/fpu/libc.a(lib_a-wsetup.o)
 .debug_info    0x000000000000830a     0x1274 /usr/lib/gcc/arm-none-eabi/5.4.1/../../../arm-none-eabi/lib/armv7e-m/fpu/libc.a(lib_a-dtoa.o)
 .debug_info    0x000000000000957e      0xa85 /usr/lib/gcc/arm-none-eabi/5.4.1/../../../arm-none-eabi/lib/armv7e-m/fpu/libc.a(lib_a-fflush.o)
 .debug_info    0x000000000000a003      0xd41 /usr/lib/gcc/arm-none-eabi/5.4.1/../../../arm-none-eabi/lib/armv7e-m/fpu/libc.a(lib_a-findfp.o)
 .debug_info    0x000000000000ad44      0xc01 /usr/lib/gcc/arm-none-eabi/5.4.1/../../../arm-none-eabi/lib/armv7e-m/fpu/libc.a(lib_a-freer.o)
 .debug_info    0x000000000000b945      0xbf0 /usr/lib/gcc/arm-none-eabi/5.4.1/../../../arm-none-eabi/lib/armv7e-m/fpu/libc.a(lib_a-fvwrite.o)
 .debug_info    0x000000000000c535      0x9a5 /usr/lib/gcc/arm-none-eabi/5.4.1/../../../arm-none-eabi/lib/armv7e-m/fpu/libc.a(lib_a-fwalk.o)
 .debug_info    0x000000000000ceda      0x89b /usr/lib/gcc/arm-none-eabi/5.4.1/../../../arm-none-eabi/lib/armv7e-m/fpu/libc.a(lib_a-impure.o)
 .debug_info    0x000000000000d775      0xc1c /usr/lib/gcc/arm-none-eabi/5.4.1/../../../arm-none-eabi/lib/armv7e-m/fpu/libc.a(lib_a-locale.o)
 .debug_info    0x000000000000e391      0xc1c /usr/lib/gcc/arm-none-eabi/5.4.1/../../../arm-none-eabi/lib/armv7e-m/fpu/libc.a(lib_a-makebuf.o)
 .debug_info    0x000000000000efad      0xd61 /usr/lib/gcc/arm-none-eabi/5.4.1/../../../arm-none-eabi/lib/armv7e-m/fpu/libc.a(lib_a-mallocr.o)
 .debug_info    0x000000000000fd0e       0xc3 /usr/lib/gcc/arm-none-eabi/5.4.1/../../../arm-none-eabi/lib/armv7e-m/fpu/libc.a(lib_a-memchr.o)
 .debug_info    0x000000000000fdd1       0xca /usr/lib/gcc/arm-none-eabi/5.4.1/../../../arm-none-eabi/lib/armv7e-m/fpu/libc.a(lib_a-memcpy.o)
 .debug_info    0x000000000000fe9b      0x138 /usr/lib/gcc/arm-none-eabi/5.4.1/../../../arm-none-eabi/lib/armv7e-m/fpu/libc.a(lib_a-memmove.o)
 .debug_info    0x000000000000ffd3      0x11e /usr/lib/gcc/arm-none-eabi/5.4.1/../../../arm-none-eabi/lib/armv7e-m/fpu/libc.a(lib_a-memset.o)
 .debug_info    0x00000000000100f1      0x8a8 /usr/lib/gcc/arm-none-eabi/5.4.1/../../../arm-none-eabi/lib/armv7e-m/fpu/libc.a(lib_a-mlock.o)
 .debug_info    0x0000000000010999     0x16c1 /usr/lib/gcc/arm-none-eabi/5.4.1/../../../arm-none-eabi/lib/armv7e-m/fpu/libc.a(lib_a-mprec.o)
 .debug_info    0x000000000001205a      0xc86 /usr/lib/gcc/arm-none-eabi/5.4.1/../../../arm-none-eabi/lib/armv7e-m/fpu/libc.a(lib_a-reallocr.o)
 .debug_info    0x0000000000012ce0      0x8f5 /usr/lib/gcc/arm-none-eabi/5.4.1/../../../arm-none-eabi/lib/armv7e-m/fpu/libc.a(lib_a-sbrkr.o)
 .debug_info    0x00000000000135d5      0xb29 /usr/lib/gcc/arm-none-eabi/5.4.1/../../../arm-none-eabi/lib/armv7e-m/fpu/libc.a(lib_a-stdio.o)
 .debug_info    0x00000000000140fe       0xc9 /usr/lib/gcc/arm-none-eabi/5.4.1/../../../arm-none-eabi/lib/armv7e-m/fpu/libc.a(lib_a-strcmp.o)
 .debug_info    0x00000000000141c7     0x14bc /usr/lib/gcc/arm-none-eabi/5.4.1/../../../arm-none-eabi/lib/armv7e-m/fpu/libc.a(lib_a-vfiprintf.o)
 .debug_info    0x0000000000015683      0x933 /usr/lib/gcc/arm-none-eabi/5.4.1/../../../arm-none-eabi/lib/armv7e-m/fpu/libc.a(lib_a-writer.o)
 .debug_info    0x0000000000015fb6      0x9c8 /usr/lib/gcc/arm-none-eabi/5.4.1/../../../arm-none-eabi/lib/armv7e-m/fpu/libc.a(lib_a-callocr.o)
 .debug_info    0x000000000001697e      0x8eb /usr/lib/gcc/arm-none-eabi/5.4.1/../../../arm-none-eabi/lib/armv7e-m/fpu/libc.a(lib_a-closer.o)
 .debug_info    0x0000000000017269      0xa18 /usr/lib/gcc/arm-none-eabi/5.4.1/../../../arm-none-eabi/lib/armv7e-m/fpu/libc.a(lib_a-fclose.o)
 .debug_info    0x0000000000017c81      0xb32 /usr/lib/gcc/arm-none-eabi/5.4.1/../../../arm-none-eabi/lib/armv7e-m/fpu/libc.a(lib_a-fputwc.o)
 .debug_info    0x00000000000187b3      0xacc /usr/lib/gcc/arm-none-eabi/5.4.1/../../../arm-none-eabi/lib/armv7e-m/fpu/libc.a(lib_a-fstatr.o)
 .debug_info    0x000000000001927f      0x8eb /usr/lib/gcc/arm-none-eabi/5.4.1/../../../arm-none-eabi/lib/armv7e-m/fpu/libc.a(lib_a-isattyr.o)
 .debug_info    0x0000000000019b6a      0x916 /usr/lib/gcc/arm-none-eabi/5.4.1/../../../arm-none-eabi/lib/armv7e-m/fpu/libc.a(lib_a-lseekr.o)
 .debug_info    0x000000000001a480      0x92c /usr/lib/gcc/arm-none-eabi/5.4.1/../../../arm-none-eabi/lib/armv7e-m/fpu/libc.a(lib_a-readr.o)
 .debug_info    0x000000000001adac      0x9fc /usr/lib/gcc/arm-none-eabi/5.4.1/../../../arm-none-eabi/lib/armv7e-m/fpu/libc.a(lib_a-reent.o)
 .debug_info    0x000000000001b7a8      0x9b3 /usr/lib/gcc/arm-none-eabi/5.4.1/../../../arm-none-eabi/lib/armv7e-m/fpu/libc.a(lib_a-wbuf.o)
 .debug_info    0x000000000001c15b      0xa86 /usr/lib/gcc/arm-none-eabi/5.4.1/../../../arm-none-eabi/lib/armv7e-m/fpu/libc.a(lib_a-wcrtomb.o)
 .debug_info    0x000000000001cbe1      0x9bc /usr/lib/gcc/arm-none-eabi/5.4.1/../../../arm-none-eabi/lib/armv7e-m/fpu/libc.a(lib_a-wctomb_r.o)
 .debug_info    0x000000000001d59d       0xc2 /usr/lib/gcc/arm-none-eabi/5.4.1/armv7e-m/fpu/libgcc.a(_arm_addsubdf3.o)
 .debug_info    0x000000000001d65f       0xc2 /usr/lib/gcc/arm-none-eabi/5.4.1/armv7e-m/fpu/libgcc.a(_arm_muldivdf3.o)
 .debug_info    0x000000000001d721       0xc2 /usr/lib/gcc/arm-none-eabi/5.4.1/armv7e-m/fpu/libgcc.a(_arm_cmpdf2.o)
 .debug_info    0x000000000001d7e3       0xc2 /usr/lib/gcc/arm-none-eabi/5.4.1/armv7e-m/fpu/libgcc.a(_arm_unorddf2.o)
 .debug_info    0x000000000001d8a5       0xc2 /usr/lib/gcc/arm-none-eabi/5.4.1/armv7e-m/fpu/libgcc.a(_arm_fixdfsi.o)
 .debug_info    0x000000000001d967       0xbd /usr/lib/gcc/arm-none-eabi/5.4.1/armv7e-m/fpu/libgcc.a(_aeabi_uldivmod.o)
 .debug_info    0x000000000001da24      0x42c /usr/lib/gcc/arm-none-eabi/5.4.1/armv7e-m/fpu/libgcc.a(_udivmoddi4.o)
 .debug_info    0x000000000001de50       0xc1 /usr/lib/gcc/arm-none-eabi/5.4.1/armv7e-m/fpu/libgcc.a(_dvmd_tls.o)
 .debug_info    0x000000000001df11       0xb5 /usr/lib/gcc/arm-none-eabi/5.4.1/../../../arm-none-eabi/lib/armv7e-m/fpu/libnosys.a(close.o)
 .debug_info    0x000000000001dfc6      0x297 /usr/lib/gcc/arm-none-eabi/5.4.1/../../../arm-none-eabi/lib/armv7e-m/fpu/libnosys.a(fstat.o)
 .debug_info    0x000000000001e25d       0xb5 /usr/lib/gcc/arm-none-eabi/5.4.1/../../../arm-none-eabi/lib/armv7e-m/fpu/libnosys.a(isatty.o)
 .debug_info    0x000000000001e312       0xd1 /usr/lib/gcc/arm-none-eabi/5.4.1/../../../arm-none-eabi/lib/armv7e-m/fpu/libnosys.a(lseek.o)
 .debug_info    0x000000000001e3e3       0xd7 /usr/lib/gcc/arm-none-eabi/5.4.1/../../../arm-none-eabi/lib/armv7e-m/fpu/libnosys.a(read.o)
 .debug_info    0x000000000001e4ba       0x9d /usr/lib/gcc/arm-none-eabi/5.4.1/../../../arm-none-eabi/lib/armv7e-m/fpu/libnosys.a(sbrk.o)

.debug_abbrev   0x0000000000000000     0x6824
 .debug_abbrev  0x0000000000000000      0x15d sdram.o
 .debug_abbrev  0x000000000000015d      0x24a lcd.o
 .debug_abbrev  0x00000000000003a7      0x161 clock.o
 .debug_abbrev  0x0000000000000508      0x20c mandel.o
 .debug_abbrev  0x0000000000000714      0x217 /home/ryan/Desktop/libopencm3/libopencm3-examples/libopencm3/lib/libopencm3_stm32f4.a(rcc.o)
 .debug_abbrev  0x000000000000092b      0x10e /home/ryan/Desktop/libopencm3/libopencm3-examples/libopencm3/lib/libopencm3_stm32f4.a(gpio_common_all.o)
 .debug_abbrev  0x0000000000000a39       0xb7 /home/ryan/Desktop/libopencm3/libopencm3-examples/libopencm3/lib/libopencm3_stm32f4.a(gpio_common_f0234.o)
 .debug_abbrev  0x0000000000000af0      0x1aa /home/ryan/Desktop/libopencm3/libopencm3-examples/libopencm3/lib/libopencm3_stm32f4.a(spi_common_all.o)
 .debug_abbrev  0x0000000000000c9a       0xd3 /home/ryan/Desktop/libopencm3/libopencm3-examples/libopencm3/lib/libopencm3_stm32f4.a(spi_common_l1f124.o)
 .debug_abbrev  0x0000000000000d6d      0x10f /home/ryan/Desktop/libopencm3/libopencm3-examples/libopencm3/lib/libopencm3_stm32f4.a(usart_common_all.o)
 .debug_abbrev  0x0000000000000e7c       0x8a /home/ryan/Desktop/libopencm3/libopencm3-examples/libopencm3/lib/libopencm3_stm32f4.a(flash_common_f234.o)
 .debug_abbrev  0x0000000000000f06      0x11d /home/ryan/Desktop/libopencm3/libopencm3-examples/libopencm3/lib/libopencm3_stm32f4.a(rcc_common_all.o)
 .debug_abbrev  0x0000000000001023       0xeb /home/ryan/Desktop/libopencm3/libopencm3-examples/libopencm3/lib/libopencm3_stm32f4.a(fmc.o)
 .debug_abbrev  0x000000000000110e      0x155 /home/ryan/Desktop/libopencm3/libopencm3-examples/libopencm3/lib/libopencm3_stm32f4.a(vector.o)
 .debug_abbrev  0x0000000000001263      0x132 /home/ryan/Desktop/libopencm3/libopencm3-examples/libopencm3/lib/libopencm3_stm32f4.a(systick.o)
 .debug_abbrev  0x0000000000001395       0x7b /home/ryan/Desktop/libopencm3/libopencm3-examples/libopencm3/lib/libopencm3_stm32f4.a(pwr.o)
 .debug_abbrev  0x0000000000001410      0x22a /usr/lib/gcc/arm-none-eabi/5.4.1/../../../arm-none-eabi/lib/armv7e-m/fpu/libc.a(lib_a-printf.o)
 .debug_abbrev  0x000000000000163a      0x247 /usr/lib/gcc/arm-none-eabi/5.4.1/../../../arm-none-eabi/lib/armv7e-m/fpu/libc.a(lib_a-puts.o)
 .debug_abbrev  0x0000000000001881       0x14 /usr/lib/gcc/arm-none-eabi/5.4.1/../../../arm-none-eabi/lib/armv7e-m/fpu/libc.a(lib_a-strlen.o)
 .debug_abbrev  0x0000000000001895      0x3a9 /usr/lib/gcc/arm-none-eabi/5.4.1/../../../arm-none-eabi/lib/armv7e-m/fpu/libc.a(lib_a-vfprintf.o)
 .debug_abbrev  0x0000000000001c3e      0x209 /usr/lib/gcc/arm-none-eabi/5.4.1/../../../arm-none-eabi/lib/armv7e-m/fpu/libc.a(lib_a-wsetup.o)
 .debug_abbrev  0x0000000000001e47      0x29e /usr/lib/gcc/arm-none-eabi/5.4.1/../../../arm-none-eabi/lib/armv7e-m/fpu/libc.a(lib_a-dtoa.o)
 .debug_abbrev  0x00000000000020e5      0x292 /usr/lib/gcc/arm-none-eabi/5.4.1/../../../arm-none-eabi/lib/armv7e-m/fpu/libc.a(lib_a-fflush.o)
 .debug_abbrev  0x0000000000002377      0x358 /usr/lib/gcc/arm-none-eabi/5.4.1/../../../arm-none-eabi/lib/armv7e-m/fpu/libc.a(lib_a-findfp.o)
 .debug_abbrev  0x00000000000026cf      0x264 /usr/lib/gcc/arm-none-eabi/5.4.1/../../../arm-none-eabi/lib/armv7e-m/fpu/libc.a(lib_a-freer.o)
 .debug_abbrev  0x0000000000002933      0x21c /usr/lib/gcc/arm-none-eabi/5.4.1/../../../arm-none-eabi/lib/armv7e-m/fpu/libc.a(lib_a-fvwrite.o)
 .debug_abbrev  0x0000000000002b4f      0x1c2 /usr/lib/gcc/arm-none-eabi/5.4.1/../../../arm-none-eabi/lib/armv7e-m/fpu/libc.a(lib_a-fwalk.o)
 .debug_abbrev  0x0000000000002d11      0x180 /usr/lib/gcc/arm-none-eabi/5.4.1/../../../arm-none-eabi/lib/armv7e-m/fpu/libc.a(lib_a-impure.o)
 .debug_abbrev  0x0000000000002e91      0x2a8 /usr/lib/gcc/arm-none-eabi/5.4.1/../../../arm-none-eabi/lib/armv7e-m/fpu/libc.a(lib_a-locale.o)
 .debug_abbrev  0x0000000000003139      0x296 /usr/lib/gcc/arm-none-eabi/5.4.1/../../../arm-none-eabi/lib/armv7e-m/fpu/libc.a(lib_a-makebuf.o)
 .debug_abbrev  0x00000000000033cf      0x29d /usr/lib/gcc/arm-none-eabi/5.4.1/../../../arm-none-eabi/lib/armv7e-m/fpu/libc.a(lib_a-mallocr.o)
 .debug_abbrev  0x000000000000366c       0x14 /usr/lib/gcc/arm-none-eabi/5.4.1/../../../arm-none-eabi/lib/armv7e-m/fpu/libc.a(lib_a-memchr.o)
 .debug_abbrev  0x0000000000003680       0x14 /usr/lib/gcc/arm-none-eabi/5.4.1/../../../arm-none-eabi/lib/armv7e-m/fpu/libc.a(lib_a-memcpy.o)
 .debug_abbrev  0x0000000000003694       0xab /usr/lib/gcc/arm-none-eabi/5.4.1/../../../arm-none-eabi/lib/armv7e-m/fpu/libc.a(lib_a-memmove.o)
 .debug_abbrev  0x000000000000373f       0x9f /usr/lib/gcc/arm-none-eabi/5.4.1/../../../arm-none-eabi/lib/armv7e-m/fpu/libc.a(lib_a-memset.o)
 .debug_abbrev  0x00000000000037de      0x1ac /usr/lib/gcc/arm-none-eabi/5.4.1/../../../arm-none-eabi/lib/armv7e-m/fpu/libc.a(lib_a-mlock.o)
 .debug_abbrev  0x000000000000398a      0x399 /usr/lib/gcc/arm-none-eabi/5.4.1/../../../arm-none-eabi/lib/armv7e-m/fpu/libc.a(lib_a-mprec.o)
 .debug_abbrev  0x0000000000003d23      0x231 /usr/lib/gcc/arm-none-eabi/5.4.1/../../../arm-none-eabi/lib/armv7e-m/fpu/libc.a(lib_a-reallocr.o)
 .debug_abbrev  0x0000000000003f54      0x1fb /usr/lib/gcc/arm-none-eabi/5.4.1/../../../arm-none-eabi/lib/armv7e-m/fpu/libc.a(lib_a-sbrkr.o)
 .debug_abbrev  0x000000000000414f      0x22a /usr/lib/gcc/arm-none-eabi/5.4.1/../../../arm-none-eabi/lib/armv7e-m/fpu/libc.a(lib_a-stdio.o)
 .debug_abbrev  0x0000000000004379       0x14 /usr/lib/gcc/arm-none-eabi/5.4.1/../../../arm-none-eabi/lib/armv7e-m/fpu/libc.a(lib_a-strcmp.o)
 .debug_abbrev  0x000000000000438d      0x3b2 /usr/lib/gcc/arm-none-eabi/5.4.1/../../../arm-none-eabi/lib/armv7e-m/fpu/libc.a(lib_a-vfiprintf.o)
 .debug_abbrev  0x000000000000473f      0x1fb /usr/lib/gcc/arm-none-eabi/5.4.1/../../../arm-none-eabi/lib/armv7e-m/fpu/libc.a(lib_a-writer.o)
 .debug_abbrev  0x000000000000493a      0x1fc /usr/lib/gcc/arm-none-eabi/5.4.1/../../../arm-none-eabi/lib/armv7e-m/fpu/libc.a(lib_a-callocr.o)
 .debug_abbrev  0x0000000000004b36      0x1f6 /usr/lib/gcc/arm-none-eabi/5.4.1/../../../arm-none-eabi/lib/armv7e-m/fpu/libc.a(lib_a-closer.o)
 .debug_abbrev  0x0000000000004d2c      0x293 /usr/lib/gcc/arm-none-eabi/5.4.1/../../../arm-none-eabi/lib/armv7e-m/fpu/libc.a(lib_a-fclose.o)
 .debug_abbrev  0x0000000000004fbf      0x2f2 /usr/lib/gcc/arm-none-eabi/5.4.1/../../../arm-none-eabi/lib/armv7e-m/fpu/libc.a(lib_a-fputwc.o)
 .debug_abbrev  0x00000000000052b1      0x205 /usr/lib/gcc/arm-none-eabi/5.4.1/../../../arm-none-eabi/lib/armv7e-m/fpu/libc.a(lib_a-fstatr.o)
 .debug_abbrev  0x00000000000054b6      0x1f6 /usr/lib/gcc/arm-none-eabi/5.4.1/../../../arm-none-eabi/lib/armv7e-m/fpu/libc.a(lib_a-isattyr.o)
 .debug_abbrev  0x00000000000056ac      0x205 /usr/lib/gcc/arm-none-eabi/5.4.1/../../../arm-none-eabi/lib/armv7e-m/fpu/libc.a(lib_a-lseekr.o)
 .debug_abbrev  0x00000000000058b1      0x1f6 /usr/lib/gcc/arm-none-eabi/5.4.1/../../../arm-none-eabi/lib/armv7e-m/fpu/libc.a(lib_a-readr.o)
 .debug_abbrev  0x0000000000005aa7      0x25c /usr/lib/gcc/arm-none-eabi/5.4.1/../../../arm-none-eabi/lib/armv7e-m/fpu/libc.a(lib_a-reent.o)
 .debug_abbrev  0x0000000000005d03      0x242 /usr/lib/gcc/arm-none-eabi/5.4.1/../../../arm-none-eabi/lib/armv7e-m/fpu/libc.a(lib_a-wbuf.o)
 .debug_abbrev  0x0000000000005f45      0x227 /usr/lib/gcc/arm-none-eabi/5.4.1/../../../arm-none-eabi/lib/armv7e-m/fpu/libc.a(lib_a-wcrtomb.o)
 .debug_abbrev  0x000000000000616c      0x210 /usr/lib/gcc/arm-none-eabi/5.4.1/../../../arm-none-eabi/lib/armv7e-m/fpu/libc.a(lib_a-wctomb_r.o)
 .debug_abbrev  0x000000000000637c       0x14 /usr/lib/gcc/arm-none-eabi/5.4.1/armv7e-m/fpu/libgcc.a(_arm_addsubdf3.o)
 .debug_abbrev  0x0000000000006390       0x14 /usr/lib/gcc/arm-none-eabi/5.4.1/armv7e-m/fpu/libgcc.a(_arm_muldivdf3.o)
 .debug_abbrev  0x00000000000063a4       0x14 /usr/lib/gcc/arm-none-eabi/5.4.1/armv7e-m/fpu/libgcc.a(_arm_cmpdf2.o)
 .debug_abbrev  0x00000000000063b8       0x14 /usr/lib/gcc/arm-none-eabi/5.4.1/armv7e-m/fpu/libgcc.a(_arm_unorddf2.o)
 .debug_abbrev  0x00000000000063cc       0x14 /usr/lib/gcc/arm-none-eabi/5.4.1/armv7e-m/fpu/libgcc.a(_arm_fixdfsi.o)
 .debug_abbrev  0x00000000000063e0       0x14 /usr/lib/gcc/arm-none-eabi/5.4.1/armv7e-m/fpu/libgcc.a(_aeabi_uldivmod.o)
 .debug_abbrev  0x00000000000063f4      0x101 /usr/lib/gcc/arm-none-eabi/5.4.1/armv7e-m/fpu/libgcc.a(_udivmoddi4.o)
 .debug_abbrev  0x00000000000064f5       0x14 /usr/lib/gcc/arm-none-eabi/5.4.1/armv7e-m/fpu/libgcc.a(_dvmd_tls.o)
 .debug_abbrev  0x0000000000006509       0x66 /usr/lib/gcc/arm-none-eabi/5.4.1/../../../arm-none-eabi/lib/armv7e-m/fpu/libnosys.a(close.o)
 .debug_abbrev  0x000000000000656f       0xbb /usr/lib/gcc/arm-none-eabi/5.4.1/../../../arm-none-eabi/lib/armv7e-m/fpu/libnosys.a(fstat.o)
 .debug_abbrev  0x000000000000662a       0x66 /usr/lib/gcc/arm-none-eabi/5.4.1/../../../arm-none-eabi/lib/armv7e-m/fpu/libnosys.a(isatty.o)
 .debug_abbrev  0x0000000000006690       0x84 /usr/lib/gcc/arm-none-eabi/5.4.1/../../../arm-none-eabi/lib/armv7e-m/fpu/libnosys.a(lseek.o)
 .debug_abbrev  0x0000000000006714       0x8d /usr/lib/gcc/arm-none-eabi/5.4.1/../../../arm-none-eabi/lib/armv7e-m/fpu/libnosys.a(read.o)
 .debug_abbrev  0x00000000000067a1       0x83 /usr/lib/gcc/arm-none-eabi/5.4.1/../../../arm-none-eabi/lib/armv7e-m/fpu/libnosys.a(sbrk.o)

.debug_loc      0x0000000000000000    0x109bb
 .debug_loc     0x0000000000000000       0x45 sdram.o
 .debug_loc     0x0000000000000045      0x285 lcd.o
 .debug_loc     0x00000000000002ca      0x3eb mandel.o
 .debug_loc     0x00000000000006b5      0x5e8 /home/ryan/Desktop/libopencm3/libopencm3-examples/libopencm3/lib/libopencm3_stm32f4.a(rcc.o)
 .debug_loc     0x0000000000000c9d       0x97 /home/ryan/Desktop/libopencm3/libopencm3-examples/libopencm3/lib/libopencm3_stm32f4.a(gpio_common_all.o)
 .debug_loc     0x0000000000000d34       0xdd /home/ryan/Desktop/libopencm3/libopencm3-examples/libopencm3/lib/libopencm3_stm32f4.a(gpio_common_f0234.o)
 .debug_loc     0x0000000000000e11      0x176 /home/ryan/Desktop/libopencm3/libopencm3-examples/libopencm3/lib/libopencm3_stm32f4.a(spi_common_all.o)
 .debug_loc     0x0000000000000f87       0xa2 /home/ryan/Desktop/libopencm3/libopencm3-examples/libopencm3/lib/libopencm3_stm32f4.a(spi_common_l1f124.o)
 .debug_loc     0x0000000000001029      0x1ca /home/ryan/Desktop/libopencm3/libopencm3-examples/libopencm3/lib/libopencm3_stm32f4.a(usart_common_all.o)
 .debug_loc     0x00000000000011f3       0x3f /home/ryan/Desktop/libopencm3/libopencm3-examples/libopencm3/lib/libopencm3_stm32f4.a(flash_common_f234.o)
 .debug_loc     0x0000000000001232      0x108 /home/ryan/Desktop/libopencm3/libopencm3-examples/libopencm3/lib/libopencm3_stm32f4.a(rcc_common_all.o)
 .debug_loc     0x000000000000133a      0x441 /home/ryan/Desktop/libopencm3/libopencm3-examples/libopencm3/lib/libopencm3_stm32f4.a(fmc.o)
 .debug_loc     0x000000000000177b       0xdf /home/ryan/Desktop/libopencm3/libopencm3-examples/libopencm3/lib/libopencm3_stm32f4.a(vector.o)
 .debug_loc     0x000000000000185a      0x136 /home/ryan/Desktop/libopencm3/libopencm3-examples/libopencm3/lib/libopencm3_stm32f4.a(systick.o)
 .debug_loc     0x0000000000001990       0x34 /usr/lib/gcc/arm-none-eabi/5.4.1/../../../arm-none-eabi/lib/armv7e-m/fpu/libc.a(lib_a-printf.o)
 .debug_loc     0x00000000000019c4       0xd2 /usr/lib/gcc/arm-none-eabi/5.4.1/../../../arm-none-eabi/lib/armv7e-m/fpu/libc.a(lib_a-puts.o)
 .debug_loc     0x0000000000001a96     0x2c5a /usr/lib/gcc/arm-none-eabi/5.4.1/../../../arm-none-eabi/lib/armv7e-m/fpu/libc.a(lib_a-vfprintf.o)
 .debug_loc     0x00000000000046f0       0xa2 /usr/lib/gcc/arm-none-eabi/5.4.1/../../../arm-none-eabi/lib/armv7e-m/fpu/libc.a(lib_a-wsetup.o)
 .debug_loc     0x0000000000004792     0x29da /usr/lib/gcc/arm-none-eabi/5.4.1/../../../arm-none-eabi/lib/armv7e-m/fpu/libc.a(lib_a-dtoa.o)
 .debug_loc     0x000000000000716c      0x29f /usr/lib/gcc/arm-none-eabi/5.4.1/../../../arm-none-eabi/lib/armv7e-m/fpu/libc.a(lib_a-fflush.o)
 .debug_loc     0x000000000000740b      0x2f4 /usr/lib/gcc/arm-none-eabi/5.4.1/../../../arm-none-eabi/lib/armv7e-m/fpu/libc.a(lib_a-findfp.o)
 .debug_loc     0x00000000000076ff      0x525 /usr/lib/gcc/arm-none-eabi/5.4.1/../../../arm-none-eabi/lib/armv7e-m/fpu/libc.a(lib_a-freer.o)
 .debug_loc     0x0000000000007c24      0x6af /usr/lib/gcc/arm-none-eabi/5.4.1/../../../arm-none-eabi/lib/armv7e-m/fpu/libc.a(lib_a-fvwrite.o)
 .debug_loc     0x00000000000082d3      0x207 /usr/lib/gcc/arm-none-eabi/5.4.1/../../../arm-none-eabi/lib/armv7e-m/fpu/libc.a(lib_a-fwalk.o)
 .debug_loc     0x00000000000084da      0x147 /usr/lib/gcc/arm-none-eabi/5.4.1/../../../arm-none-eabi/lib/armv7e-m/fpu/libc.a(lib_a-locale.o)
 .debug_loc     0x0000000000008621      0x120 /usr/lib/gcc/arm-none-eabi/5.4.1/../../../arm-none-eabi/lib/armv7e-m/fpu/libc.a(lib_a-makebuf.o)
 .debug_loc     0x0000000000008741      0xcdf /usr/lib/gcc/arm-none-eabi/5.4.1/../../../arm-none-eabi/lib/armv7e-m/fpu/libc.a(lib_a-mallocr.o)
 .debug_loc     0x0000000000009420      0x292 /usr/lib/gcc/arm-none-eabi/5.4.1/../../../arm-none-eabi/lib/armv7e-m/fpu/libc.a(lib_a-memmove.o)
 .debug_loc     0x00000000000096b2      0x1ae /usr/lib/gcc/arm-none-eabi/5.4.1/../../../arm-none-eabi/lib/armv7e-m/fpu/libc.a(lib_a-memset.o)
 .debug_loc     0x0000000000009860     0x1f33 /usr/lib/gcc/arm-none-eabi/5.4.1/../../../arm-none-eabi/lib/armv7e-m/fpu/libc.a(lib_a-mprec.o)
 .debug_loc     0x000000000000b793     0x1201 /usr/lib/gcc/arm-none-eabi/5.4.1/../../../arm-none-eabi/lib/armv7e-m/fpu/libc.a(lib_a-reallocr.o)
 .debug_loc     0x000000000000c994       0x4d /usr/lib/gcc/arm-none-eabi/5.4.1/../../../arm-none-eabi/lib/armv7e-m/fpu/libc.a(lib_a-sbrkr.o)
 .debug_loc     0x000000000000c9e1      0x2bf /usr/lib/gcc/arm-none-eabi/5.4.1/../../../arm-none-eabi/lib/armv7e-m/fpu/libc.a(lib_a-stdio.o)
 .debug_loc     0x000000000000cca0     0x1dcd /usr/lib/gcc/arm-none-eabi/5.4.1/../../../arm-none-eabi/lib/armv7e-m/fpu/libc.a(lib_a-vfiprintf.o)
 .debug_loc     0x000000000000ea6d       0xb0 /usr/lib/gcc/arm-none-eabi/5.4.1/../../../arm-none-eabi/lib/armv7e-m/fpu/libc.a(lib_a-writer.o)
 .debug_loc     0x000000000000eb1d      0x291 /usr/lib/gcc/arm-none-eabi/5.4.1/../../../arm-none-eabi/lib/armv7e-m/fpu/libc.a(lib_a-callocr.o)
 .debug_loc     0x000000000000edae       0x4d /usr/lib/gcc/arm-none-eabi/5.4.1/../../../arm-none-eabi/lib/armv7e-m/fpu/libc.a(lib_a-closer.o)
 .debug_loc     0x000000000000edfb      0x151 /usr/lib/gcc/arm-none-eabi/5.4.1/../../../arm-none-eabi/lib/armv7e-m/fpu/libc.a(lib_a-fclose.o)
 .debug_loc     0x000000000000ef4c      0x334 /usr/lib/gcc/arm-none-eabi/5.4.1/../../../arm-none-eabi/lib/armv7e-m/fpu/libc.a(lib_a-fputwc.o)
 .debug_loc     0x000000000000f280       0x84 /usr/lib/gcc/arm-none-eabi/5.4.1/../../../arm-none-eabi/lib/armv7e-m/fpu/libc.a(lib_a-fstatr.o)
 .debug_loc     0x000000000000f304       0x4d /usr/lib/gcc/arm-none-eabi/5.4.1/../../../arm-none-eabi/lib/armv7e-m/fpu/libc.a(lib_a-isattyr.o)
 .debug_loc     0x000000000000f351       0xb0 /usr/lib/gcc/arm-none-eabi/5.4.1/../../../arm-none-eabi/lib/armv7e-m/fpu/libc.a(lib_a-lseekr.o)
 .debug_loc     0x000000000000f401       0xb0 /usr/lib/gcc/arm-none-eabi/5.4.1/../../../arm-none-eabi/lib/armv7e-m/fpu/libc.a(lib_a-readr.o)
 .debug_loc     0x000000000000f4b1      0x11d /usr/lib/gcc/arm-none-eabi/5.4.1/../../../arm-none-eabi/lib/armv7e-m/fpu/libc.a(lib_a-reent.o)
 .debug_loc     0x000000000000f5ce      0x133 /usr/lib/gcc/arm-none-eabi/5.4.1/../../../arm-none-eabi/lib/armv7e-m/fpu/libc.a(lib_a-wbuf.o)
 .debug_loc     0x000000000000f701      0x1fa /usr/lib/gcc/arm-none-eabi/5.4.1/../../../arm-none-eabi/lib/armv7e-m/fpu/libc.a(lib_a-wcrtomb.o)
 .debug_loc     0x000000000000f8fb      0x124 /usr/lib/gcc/arm-none-eabi/5.4.1/../../../arm-none-eabi/lib/armv7e-m/fpu/libc.a(lib_a-wctomb_r.o)
 .debug_loc     0x000000000000fa1f      0xe94 /usr/lib/gcc/arm-none-eabi/5.4.1/armv7e-m/fpu/libgcc.a(_udivmoddi4.o)
 .debug_loc     0x00000000000108b3       0x21 /usr/lib/gcc/arm-none-eabi/5.4.1/../../../arm-none-eabi/lib/armv7e-m/fpu/libnosys.a(close.o)
 .debug_loc     0x00000000000108d4       0x21 /usr/lib/gcc/arm-none-eabi/5.4.1/../../../arm-none-eabi/lib/armv7e-m/fpu/libnosys.a(fstat.o)
 .debug_loc     0x00000000000108f5       0x21 /usr/lib/gcc/arm-none-eabi/5.4.1/../../../arm-none-eabi/lib/armv7e-m/fpu/libnosys.a(isatty.o)
 .debug_loc     0x0000000000010916       0x42 /usr/lib/gcc/arm-none-eabi/5.4.1/../../../arm-none-eabi/lib/armv7e-m/fpu/libnosys.a(lseek.o)
 .debug_loc     0x0000000000010958       0x42 /usr/lib/gcc/arm-none-eabi/5.4.1/../../../arm-none-eabi/lib/armv7e-m/fpu/libnosys.a(read.o)
 .debug_loc     0x000000000001099a       0x21 /usr/lib/gcc/arm-none-eabi/5.4.1/../../../arm-none-eabi/lib/armv7e-m/fpu/libnosys.a(sbrk.o)

.debug_aranges  0x0000000000000000      0xcc8
 .debug_aranges
                0x0000000000000000       0x20 sdram.o
 .debug_aranges
                0x0000000000000020       0x38 lcd.o
 .debug_aranges
                0x0000000000000058       0x38 clock.o
 .debug_aranges
                0x0000000000000090       0x38 mandel.o
 .debug_aranges
                0x00000000000000c8       0xe0 /home/ryan/Desktop/libopencm3/libopencm3-examples/libopencm3/lib/libopencm3_stm32f4.a(rcc.o)
 .debug_aranges
                0x00000000000001a8       0x50 /home/ryan/Desktop/libopencm3/libopencm3-examples/libopencm3/lib/libopencm3_stm32f4.a(gpio_common_all.o)
 .debug_aranges
                0x00000000000001f8       0x30 /home/ryan/Desktop/libopencm3/libopencm3-examples/libopencm3/lib/libopencm3_stm32f4.a(gpio_common_f0234.o)
 .debug_aranges
                0x0000000000000228      0x178 /home/ryan/Desktop/libopencm3/libopencm3-examples/libopencm3/lib/libopencm3_stm32f4.a(spi_common_all.o)
 .debug_aranges
                0x00000000000003a0       0x30 /home/ryan/Desktop/libopencm3/libopencm3-examples/libopencm3/lib/libopencm3_stm32f4.a(spi_common_l1f124.o)
 .debug_aranges
                0x00000000000003d0       0xb8 /home/ryan/Desktop/libopencm3/libopencm3-examples/libopencm3/lib/libopencm3_stm32f4.a(usart_common_all.o)
 .debug_aranges
                0x0000000000000488       0x50 /home/ryan/Desktop/libopencm3/libopencm3-examples/libopencm3/lib/libopencm3_stm32f4.a(flash_common_f234.o)
 .debug_aranges
                0x00000000000004d8       0x68 /home/ryan/Desktop/libopencm3/libopencm3-examples/libopencm3/lib/libopencm3_stm32f4.a(rcc_common_all.o)
 .debug_aranges
                0x0000000000000540       0x28 /home/ryan/Desktop/libopencm3/libopencm3-examples/libopencm3/lib/libopencm3_stm32f4.a(fmc.o)
 .debug_aranges
                0x0000000000000568       0x30 /home/ryan/Desktop/libopencm3/libopencm3-examples/libopencm3/lib/libopencm3_stm32f4.a(vector.o)
 .debug_aranges
                0x0000000000000598       0x78 /home/ryan/Desktop/libopencm3/libopencm3-examples/libopencm3/lib/libopencm3_stm32f4.a(systick.o)
 .debug_aranges
                0x0000000000000610       0x20 /home/ryan/Desktop/libopencm3/libopencm3-examples/libopencm3/lib/libopencm3_stm32f4.a(pwr.o)
 .debug_aranges
                0x0000000000000630       0x20 /usr/lib/gcc/arm-none-eabi/5.4.1/../../../arm-none-eabi/lib/armv7e-m/fpu/libc.a(lib_a-printf.o)
 .debug_aranges
                0x0000000000000650       0x20 /usr/lib/gcc/arm-none-eabi/5.4.1/../../../arm-none-eabi/lib/armv7e-m/fpu/libc.a(lib_a-puts.o)
 .debug_aranges
                0x0000000000000670       0x20 /usr/lib/gcc/arm-none-eabi/5.4.1/../../../arm-none-eabi/lib/armv7e-m/fpu/libc.a(lib_a-strlen.o)
 .debug_aranges
                0x0000000000000690       0x20 /usr/lib/gcc/arm-none-eabi/5.4.1/../../../arm-none-eabi/lib/armv7e-m/fpu/libc.a(lib_a-vfprintf.o)
 .debug_aranges
                0x00000000000006b0       0x20 /usr/lib/gcc/arm-none-eabi/5.4.1/../../../arm-none-eabi/lib/armv7e-m/fpu/libc.a(lib_a-wsetup.o)
 .debug_aranges
                0x00000000000006d0       0x20 /usr/lib/gcc/arm-none-eabi/5.4.1/../../../arm-none-eabi/lib/armv7e-m/fpu/libc.a(lib_a-dtoa.o)
 .debug_aranges
                0x00000000000006f0       0x20 /usr/lib/gcc/arm-none-eabi/5.4.1/../../../arm-none-eabi/lib/armv7e-m/fpu/libc.a(lib_a-fflush.o)
 .debug_aranges
                0x0000000000000710       0x20 /usr/lib/gcc/arm-none-eabi/5.4.1/../../../arm-none-eabi/lib/armv7e-m/fpu/libc.a(lib_a-findfp.o)
 .debug_aranges
                0x0000000000000730       0x20 /usr/lib/gcc/arm-none-eabi/5.4.1/../../../arm-none-eabi/lib/armv7e-m/fpu/libc.a(lib_a-freer.o)
 .debug_aranges
                0x0000000000000750       0x20 /usr/lib/gcc/arm-none-eabi/5.4.1/../../../arm-none-eabi/lib/armv7e-m/fpu/libc.a(lib_a-fvwrite.o)
 .debug_aranges
                0x0000000000000770       0x20 /usr/lib/gcc/arm-none-eabi/5.4.1/../../../arm-none-eabi/lib/armv7e-m/fpu/libc.a(lib_a-fwalk.o)
 .debug_aranges
                0x0000000000000790       0x18 /usr/lib/gcc/arm-none-eabi/5.4.1/../../../arm-none-eabi/lib/armv7e-m/fpu/libc.a(lib_a-impure.o)
 .debug_aranges
                0x00000000000007a8       0x20 /usr/lib/gcc/arm-none-eabi/5.4.1/../../../arm-none-eabi/lib/armv7e-m/fpu/libc.a(lib_a-locale.o)
 .debug_aranges
                0x00000000000007c8       0x20 /usr/lib/gcc/arm-none-eabi/5.4.1/../../../arm-none-eabi/lib/armv7e-m/fpu/libc.a(lib_a-makebuf.o)
 .debug_aranges
                0x00000000000007e8       0x20 /usr/lib/gcc/arm-none-eabi/5.4.1/../../../arm-none-eabi/lib/armv7e-m/fpu/libc.a(lib_a-mallocr.o)
 .debug_aranges
                0x0000000000000808       0x20 /usr/lib/gcc/arm-none-eabi/5.4.1/../../../arm-none-eabi/lib/armv7e-m/fpu/libc.a(lib_a-memchr.o)
 .debug_aranges
                0x0000000000000828       0x20 /usr/lib/gcc/arm-none-eabi/5.4.1/../../../arm-none-eabi/lib/armv7e-m/fpu/libc.a(lib_a-memcpy.o)
 .debug_aranges
                0x0000000000000848       0x20 /usr/lib/gcc/arm-none-eabi/5.4.1/../../../arm-none-eabi/lib/armv7e-m/fpu/libc.a(lib_a-memmove.o)
 .debug_aranges
                0x0000000000000868       0x20 /usr/lib/gcc/arm-none-eabi/5.4.1/../../../arm-none-eabi/lib/armv7e-m/fpu/libc.a(lib_a-memset.o)
 .debug_aranges
                0x0000000000000888       0x20 /usr/lib/gcc/arm-none-eabi/5.4.1/../../../arm-none-eabi/lib/armv7e-m/fpu/libc.a(lib_a-mlock.o)
 .debug_aranges
                0x00000000000008a8       0x20 /usr/lib/gcc/arm-none-eabi/5.4.1/../../../arm-none-eabi/lib/armv7e-m/fpu/libc.a(lib_a-mprec.o)
 .debug_aranges
                0x00000000000008c8       0x20 /usr/lib/gcc/arm-none-eabi/5.4.1/../../../arm-none-eabi/lib/armv7e-m/fpu/libc.a(lib_a-reallocr.o)
 .debug_aranges
                0x00000000000008e8       0x20 /usr/lib/gcc/arm-none-eabi/5.4.1/../../../arm-none-eabi/lib/armv7e-m/fpu/libc.a(lib_a-sbrkr.o)
 .debug_aranges
                0x0000000000000908       0x20 /usr/lib/gcc/arm-none-eabi/5.4.1/../../../arm-none-eabi/lib/armv7e-m/fpu/libc.a(lib_a-stdio.o)
 .debug_aranges
                0x0000000000000928       0x20 /usr/lib/gcc/arm-none-eabi/5.4.1/../../../arm-none-eabi/lib/armv7e-m/fpu/libc.a(lib_a-strcmp.o)
 .debug_aranges
                0x0000000000000948       0x20 /usr/lib/gcc/arm-none-eabi/5.4.1/../../../arm-none-eabi/lib/armv7e-m/fpu/libc.a(lib_a-vfiprintf.o)
 .debug_aranges
                0x0000000000000968       0x20 /usr/lib/gcc/arm-none-eabi/5.4.1/../../../arm-none-eabi/lib/armv7e-m/fpu/libc.a(lib_a-writer.o)
 .debug_aranges
                0x0000000000000988       0x20 /usr/lib/gcc/arm-none-eabi/5.4.1/../../../arm-none-eabi/lib/armv7e-m/fpu/libc.a(lib_a-callocr.o)
 .debug_aranges
                0x00000000000009a8       0x20 /usr/lib/gcc/arm-none-eabi/5.4.1/../../../arm-none-eabi/lib/armv7e-m/fpu/libc.a(lib_a-closer.o)
 .debug_aranges
                0x00000000000009c8       0x20 /usr/lib/gcc/arm-none-eabi/5.4.1/../../../arm-none-eabi/lib/armv7e-m/fpu/libc.a(lib_a-fclose.o)
 .debug_aranges
                0x00000000000009e8       0x20 /usr/lib/gcc/arm-none-eabi/5.4.1/../../../arm-none-eabi/lib/armv7e-m/fpu/libc.a(lib_a-fputwc.o)
 .debug_aranges
                0x0000000000000a08       0x20 /usr/lib/gcc/arm-none-eabi/5.4.1/../../../arm-none-eabi/lib/armv7e-m/fpu/libc.a(lib_a-fstatr.o)
 .debug_aranges
                0x0000000000000a28       0x20 /usr/lib/gcc/arm-none-eabi/5.4.1/../../../arm-none-eabi/lib/armv7e-m/fpu/libc.a(lib_a-isattyr.o)
 .debug_aranges
                0x0000000000000a48       0x20 /usr/lib/gcc/arm-none-eabi/5.4.1/../../../arm-none-eabi/lib/armv7e-m/fpu/libc.a(lib_a-lseekr.o)
 .debug_aranges
                0x0000000000000a68       0x20 /usr/lib/gcc/arm-none-eabi/5.4.1/../../../arm-none-eabi/lib/armv7e-m/fpu/libc.a(lib_a-readr.o)
 .debug_aranges
                0x0000000000000a88       0x20 /usr/lib/gcc/arm-none-eabi/5.4.1/../../../arm-none-eabi/lib/armv7e-m/fpu/libc.a(lib_a-reent.o)
 .debug_aranges
                0x0000000000000aa8       0x20 /usr/lib/gcc/arm-none-eabi/5.4.1/../../../arm-none-eabi/lib/armv7e-m/fpu/libc.a(lib_a-wbuf.o)
 .debug_aranges
                0x0000000000000ac8       0x20 /usr/lib/gcc/arm-none-eabi/5.4.1/../../../arm-none-eabi/lib/armv7e-m/fpu/libc.a(lib_a-wcrtomb.o)
 .debug_aranges
                0x0000000000000ae8       0x20 /usr/lib/gcc/arm-none-eabi/5.4.1/../../../arm-none-eabi/lib/armv7e-m/fpu/libc.a(lib_a-wctomb_r.o)
 .debug_aranges
                0x0000000000000b08       0x20 /usr/lib/gcc/arm-none-eabi/5.4.1/armv7e-m/fpu/libgcc.a(_arm_addsubdf3.o)
 .debug_aranges
                0x0000000000000b28       0x20 /usr/lib/gcc/arm-none-eabi/5.4.1/armv7e-m/fpu/libgcc.a(_arm_muldivdf3.o)
 .debug_aranges
                0x0000000000000b48       0x20 /usr/lib/gcc/arm-none-eabi/5.4.1/armv7e-m/fpu/libgcc.a(_arm_cmpdf2.o)
 .debug_aranges
                0x0000000000000b68       0x20 /usr/lib/gcc/arm-none-eabi/5.4.1/armv7e-m/fpu/libgcc.a(_arm_unorddf2.o)
 .debug_aranges
                0x0000000000000b88       0x20 /usr/lib/gcc/arm-none-eabi/5.4.1/armv7e-m/fpu/libgcc.a(_arm_fixdfsi.o)
 .debug_aranges
                0x0000000000000ba8       0x20 /usr/lib/gcc/arm-none-eabi/5.4.1/armv7e-m/fpu/libgcc.a(_aeabi_uldivmod.o)
 .debug_aranges
                0x0000000000000bc8       0x20 /usr/lib/gcc/arm-none-eabi/5.4.1/armv7e-m/fpu/libgcc.a(_udivmoddi4.o)
 .debug_aranges
                0x0000000000000be8       0x20 /usr/lib/gcc/arm-none-eabi/5.4.1/armv7e-m/fpu/libgcc.a(_dvmd_tls.o)
 .debug_aranges
                0x0000000000000c08       0x20 /usr/lib/gcc/arm-none-eabi/5.4.1/../../../arm-none-eabi/lib/armv7e-m/fpu/libnosys.a(close.o)
 .debug_aranges
                0x0000000000000c28       0x20 /usr/lib/gcc/arm-none-eabi/5.4.1/../../../arm-none-eabi/lib/armv7e-m/fpu/libnosys.a(fstat.o)
 .debug_aranges
                0x0000000000000c48       0x20 /usr/lib/gcc/arm-none-eabi/5.4.1/../../../arm-none-eabi/lib/armv7e-m/fpu/libnosys.a(isatty.o)
 .debug_aranges
                0x0000000000000c68       0x20 /usr/lib/gcc/arm-none-eabi/5.4.1/../../../arm-none-eabi/lib/armv7e-m/fpu/libnosys.a(lseek.o)
 .debug_aranges
                0x0000000000000c88       0x20 /usr/lib/gcc/arm-none-eabi/5.4.1/../../../arm-none-eabi/lib/armv7e-m/fpu/libnosys.a(read.o)
 .debug_aranges
                0x0000000000000ca8       0x20 /usr/lib/gcc/arm-none-eabi/5.4.1/../../../arm-none-eabi/lib/armv7e-m/fpu/libnosys.a(sbrk.o)

.debug_ranges   0x0000000000000000      0xf30
 .debug_ranges  0x0000000000000000       0x10 sdram.o
 .debug_ranges  0x0000000000000010       0x40 lcd.o
 .debug_ranges  0x0000000000000050       0x28 clock.o
 .debug_ranges  0x0000000000000078       0xa0 mandel.o
 .debug_ranges  0x0000000000000118       0xd0 /home/ryan/Desktop/libopencm3/libopencm3-examples/libopencm3/lib/libopencm3_stm32f4.a(rcc.o)
 .debug_ranges  0x00000000000001e8       0x40 /home/ryan/Desktop/libopencm3/libopencm3-examples/libopencm3/lib/libopencm3_stm32f4.a(gpio_common_all.o)
 .debug_ranges  0x0000000000000228       0x20 /home/ryan/Desktop/libopencm3/libopencm3-examples/libopencm3/lib/libopencm3_stm32f4.a(gpio_common_f0234.o)
 .debug_ranges  0x0000000000000248      0x168 /home/ryan/Desktop/libopencm3/libopencm3-examples/libopencm3/lib/libopencm3_stm32f4.a(spi_common_all.o)
 .debug_ranges  0x00000000000003b0       0x20 /home/ryan/Desktop/libopencm3/libopencm3-examples/libopencm3/lib/libopencm3_stm32f4.a(spi_common_l1f124.o)
 .debug_ranges  0x00000000000003d0       0xa8 /home/ryan/Desktop/libopencm3/libopencm3-examples/libopencm3/lib/libopencm3_stm32f4.a(usart_common_all.o)
 .debug_ranges  0x0000000000000478       0x40 /home/ryan/Desktop/libopencm3/libopencm3-examples/libopencm3/lib/libopencm3_stm32f4.a(flash_common_f234.o)
 .debug_ranges  0x00000000000004b8       0x58 /home/ryan/Desktop/libopencm3/libopencm3-examples/libopencm3/lib/libopencm3_stm32f4.a(rcc_common_all.o)
 .debug_ranges  0x0000000000000510       0x18 /home/ryan/Desktop/libopencm3/libopencm3-examples/libopencm3/lib/libopencm3_stm32f4.a(fmc.o)
 .debug_ranges  0x0000000000000528       0x20 /home/ryan/Desktop/libopencm3/libopencm3-examples/libopencm3/lib/libopencm3_stm32f4.a(vector.o)
 .debug_ranges  0x0000000000000548       0x68 /home/ryan/Desktop/libopencm3/libopencm3-examples/libopencm3/lib/libopencm3_stm32f4.a(systick.o)
 .debug_ranges  0x00000000000005b0       0x10 /home/ryan/Desktop/libopencm3/libopencm3-examples/libopencm3/lib/libopencm3_stm32f4.a(pwr.o)
 .debug_ranges  0x00000000000005c0       0x20 /usr/lib/gcc/arm-none-eabi/5.4.1/../../../arm-none-eabi/lib/armv7e-m/fpu/libc.a(lib_a-puts.o)
 .debug_ranges  0x00000000000005e0      0x150 /usr/lib/gcc/arm-none-eabi/5.4.1/../../../arm-none-eabi/lib/armv7e-m/fpu/libc.a(lib_a-vfprintf.o)
 .debug_ranges  0x0000000000000730       0x20 /usr/lib/gcc/arm-none-eabi/5.4.1/../../../arm-none-eabi/lib/armv7e-m/fpu/libc.a(lib_a-wsetup.o)
 .debug_ranges  0x0000000000000750       0x60 /usr/lib/gcc/arm-none-eabi/5.4.1/../../../arm-none-eabi/lib/armv7e-m/fpu/libc.a(lib_a-fflush.o)
 .debug_ranges  0x00000000000007b0       0x70 /usr/lib/gcc/arm-none-eabi/5.4.1/../../../arm-none-eabi/lib/armv7e-m/fpu/libc.a(lib_a-findfp.o)
 .debug_ranges  0x0000000000000820       0x20 /usr/lib/gcc/arm-none-eabi/5.4.1/../../../arm-none-eabi/lib/armv7e-m/fpu/libc.a(lib_a-fvwrite.o)
 .debug_ranges  0x0000000000000840       0x20 /usr/lib/gcc/arm-none-eabi/5.4.1/../../../arm-none-eabi/lib/armv7e-m/fpu/libc.a(lib_a-locale.o)
 .debug_ranges  0x0000000000000860       0x18 /usr/lib/gcc/arm-none-eabi/5.4.1/../../../arm-none-eabi/lib/armv7e-m/fpu/libc.a(lib_a-makebuf.o)
 .debug_ranges  0x0000000000000878       0x40 /usr/lib/gcc/arm-none-eabi/5.4.1/../../../arm-none-eabi/lib/armv7e-m/fpu/libc.a(lib_a-mallocr.o)
 .debug_ranges  0x00000000000008b8       0xa0 /usr/lib/gcc/arm-none-eabi/5.4.1/../../../arm-none-eabi/lib/armv7e-m/fpu/libc.a(lib_a-mprec.o)
 .debug_ranges  0x0000000000000958      0x170 /usr/lib/gcc/arm-none-eabi/5.4.1/../../../arm-none-eabi/lib/armv7e-m/fpu/libc.a(lib_a-reallocr.o)
 .debug_ranges  0x0000000000000ac8      0x1e8 /usr/lib/gcc/arm-none-eabi/5.4.1/../../../arm-none-eabi/lib/armv7e-m/fpu/libc.a(lib_a-vfiprintf.o)
 .debug_ranges  0x0000000000000cb0       0x28 /usr/lib/gcc/arm-none-eabi/5.4.1/../../../arm-none-eabi/lib/armv7e-m/fpu/libc.a(lib_a-writer.o)
 .debug_ranges  0x0000000000000cd8       0x40 /usr/lib/gcc/arm-none-eabi/5.4.1/../../../arm-none-eabi/lib/armv7e-m/fpu/libc.a(lib_a-callocr.o)
 .debug_ranges  0x0000000000000d18       0x20 /usr/lib/gcc/arm-none-eabi/5.4.1/../../../arm-none-eabi/lib/armv7e-m/fpu/libc.a(lib_a-closer.o)
 .debug_ranges  0x0000000000000d38       0x30 /usr/lib/gcc/arm-none-eabi/5.4.1/../../../arm-none-eabi/lib/armv7e-m/fpu/libc.a(lib_a-fclose.o)
 .debug_ranges  0x0000000000000d68       0x48 /usr/lib/gcc/arm-none-eabi/5.4.1/../../../arm-none-eabi/lib/armv7e-m/fpu/libc.a(lib_a-fputwc.o)
 .debug_ranges  0x0000000000000db0       0x20 /usr/lib/gcc/arm-none-eabi/5.4.1/../../../arm-none-eabi/lib/armv7e-m/fpu/libc.a(lib_a-fstatr.o)
 .debug_ranges  0x0000000000000dd0       0x20 /usr/lib/gcc/arm-none-eabi/5.4.1/../../../arm-none-eabi/lib/armv7e-m/fpu/libc.a(lib_a-isattyr.o)
 .debug_ranges  0x0000000000000df0       0x28 /usr/lib/gcc/arm-none-eabi/5.4.1/../../../arm-none-eabi/lib/armv7e-m/fpu/libc.a(lib_a-lseekr.o)
 .debug_ranges  0x0000000000000e18       0x28 /usr/lib/gcc/arm-none-eabi/5.4.1/../../../arm-none-eabi/lib/armv7e-m/fpu/libc.a(lib_a-readr.o)
 .debug_ranges  0x0000000000000e40       0x18 /usr/lib/gcc/arm-none-eabi/5.4.1/../../../arm-none-eabi/lib/armv7e-m/fpu/libc.a(lib_a-wbuf.o)
 .debug_ranges  0x0000000000000e58       0xd8 /usr/lib/gcc/arm-none-eabi/5.4.1/armv7e-m/fpu/libgcc.a(_udivmoddi4.o)

.debug_macro    0x0000000000000000     0x536a
 .debug_macro   0x0000000000000000      0x115 sdram.o
 .debug_macro   0x0000000000000115      0x886 sdram.o
 .debug_macro   0x000000000000099b       0x22 sdram.o
 .debug_macro   0x00000000000009bd       0x4f sdram.o
 .debug_macro   0x0000000000000a0c       0x44 sdram.o
 .debug_macro   0x0000000000000a50       0xfd sdram.o
 .debug_macro   0x0000000000000b4d       0x5e sdram.o
 .debug_macro   0x0000000000000bab      0x1df sdram.o
 .debug_macro   0x0000000000000d8a       0x22 sdram.o
 .debug_macro   0x0000000000000dac       0xfa sdram.o
 .debug_macro   0x0000000000000ea6       0x58 sdram.o
 .debug_macro   0x0000000000000efe      0x26d sdram.o
 .debug_macro   0x000000000000116b       0x76 sdram.o
 .debug_macro   0x00000000000011e1      0x2e6 sdram.o
 .debug_macro   0x00000000000014c7      0x14e sdram.o
 .debug_macro   0x0000000000001615      0xb3f sdram.o
 .debug_macro   0x0000000000002154      0x27d sdram.o
 .debug_macro   0x00000000000023d1      0x2b3 sdram.o
 .debug_macro   0x0000000000002684       0x10 sdram.o
 .debug_macro   0x0000000000002694      0x26a lcd.o
 .debug_macro   0x00000000000028fe       0x52 lcd.o
 .debug_macro   0x0000000000002950       0x35 lcd.o
 .debug_macro   0x0000000000002985       0x9c lcd.o
 .debug_macro   0x0000000000002a21       0x16 lcd.o
 .debug_macro   0x0000000000002a37       0x97 lcd.o
 .debug_macro   0x0000000000002ace      0x330 lcd.o
 .debug_macro   0x0000000000002dfe       0xf6 lcd.o
 .debug_macro   0x0000000000002ef4       0x10 lcd.o
 .debug_macro   0x0000000000002f04       0x52 lcd.o
 .debug_macro   0x0000000000002f56       0x1f lcd.o
 .debug_macro   0x0000000000002f75       0x43 lcd.o
 .debug_macro   0x0000000000002fb8       0x20 lcd.o
 .debug_macro   0x0000000000002fd8      0x187 lcd.o
 .debug_macro   0x000000000000315f       0x10 lcd.o
 .debug_macro   0x000000000000316f       0xb6 lcd.o
 .debug_macro   0x0000000000003225       0x16 lcd.o
 .debug_macro   0x000000000000323b      0x143 lcd.o
 .debug_macro   0x000000000000337e      0x2eb lcd.o
 .debug_macro   0x0000000000003669       0x16 lcd.o
 .debug_macro   0x000000000000367f       0x1c lcd.o
 .debug_macro   0x000000000000369b       0x6a lcd.o
 .debug_macro   0x0000000000003705      0x22c lcd.o
 .debug_macro   0x0000000000003931       0x4c lcd.o
 .debug_macro   0x000000000000397d      0x23a clock.o
 .debug_macro   0x0000000000003bb7       0x4c clock.o
 .debug_macro   0x0000000000003c03       0x55 clock.o
 .debug_macro   0x0000000000003c58       0x4a clock.o
 .debug_macro   0x0000000000003ca2       0x94 clock.o
 .debug_macro   0x0000000000003d36       0x8e clock.o
 .debug_macro   0x0000000000003dc4      0x273 clock.o
 .debug_macro   0x0000000000004037       0xa0 clock.o
 .debug_macro   0x00000000000040d7       0x6a clock.o
 .debug_macro   0x0000000000004141      0x231 mandel.o
 .debug_macro   0x0000000000004372      0x106 /home/ryan/Desktop/libopencm3/libopencm3-examples/libopencm3/lib/libopencm3_stm32f4.a(rcc.o)
 .debug_macro   0x0000000000004478       0x16 /home/ryan/Desktop/libopencm3/libopencm3-examples/libopencm3/lib/libopencm3_stm32f4.a(rcc.o)
 .debug_macro   0x000000000000448e       0x8e /home/ryan/Desktop/libopencm3/libopencm3-examples/libopencm3/lib/libopencm3_stm32f4.a(rcc.o)
 .debug_macro   0x000000000000451c       0x22 /home/ryan/Desktop/libopencm3/libopencm3-examples/libopencm3/lib/libopencm3_stm32f4.a(rcc.o)
 .debug_macro   0x000000000000453e       0x6a /home/ryan/Desktop/libopencm3/libopencm3-examples/libopencm3/lib/libopencm3_stm32f4.a(rcc.o)
 .debug_macro   0x00000000000045a8       0xf4 /home/ryan/Desktop/libopencm3/libopencm3-examples/libopencm3/lib/libopencm3_stm32f4.a(rcc.o)
 .debug_macro   0x000000000000469c       0xd2 /home/ryan/Desktop/libopencm3/libopencm3-examples/libopencm3/lib/libopencm3_stm32f4.a(gpio_common_all.o)
 .debug_macro   0x000000000000476e       0xd2 /home/ryan/Desktop/libopencm3/libopencm3-examples/libopencm3/lib/libopencm3_stm32f4.a(gpio_common_f0234.o)
 .debug_macro   0x0000000000004840       0xea /home/ryan/Desktop/libopencm3/libopencm3-examples/libopencm3/lib/libopencm3_stm32f4.a(spi_common_all.o)
 .debug_macro   0x000000000000492a       0xea /home/ryan/Desktop/libopencm3/libopencm3-examples/libopencm3/lib/libopencm3_stm32f4.a(spi_common_l1f124.o)
 .debug_macro   0x0000000000004a14       0xea /home/ryan/Desktop/libopencm3/libopencm3-examples/libopencm3/lib/libopencm3_stm32f4.a(usart_common_all.o)
 .debug_macro   0x0000000000004afe       0xc3 /home/ryan/Desktop/libopencm3/libopencm3-examples/libopencm3/lib/libopencm3_stm32f4.a(flash_common_f234.o)
 .debug_macro   0x0000000000004bc1       0xcf /home/ryan/Desktop/libopencm3/libopencm3-examples/libopencm3/lib/libopencm3_stm32f4.a(rcc_common_all.o)
 .debug_macro   0x0000000000004c90       0xb5 /home/ryan/Desktop/libopencm3/libopencm3-examples/libopencm3/lib/libopencm3_stm32f4.a(fmc.o)
 .debug_macro   0x0000000000004d45       0xd4 /home/ryan/Desktop/libopencm3/libopencm3-examples/libopencm3/lib/libopencm3_stm32f4.a(vector.o)
 .debug_macro   0x0000000000004e19      0x3a1 /home/ryan/Desktop/libopencm3/libopencm3-examples/libopencm3/lib/libopencm3_stm32f4.a(vector.o)
 .debug_macro   0x00000000000051ba       0x93 /home/ryan/Desktop/libopencm3/libopencm3-examples/libopencm3/lib/libopencm3_stm32f4.a(systick.o)
 .debug_macro   0x000000000000524d       0x64 /home/ryan/Desktop/libopencm3/libopencm3-examples/libopencm3/lib/libopencm3_stm32f4.a(systick.o)
 .debug_macro   0x00000000000052b1       0xb9 /home/ryan/Desktop/libopencm3/libopencm3-examples/libopencm3/lib/libopencm3_stm32f4.a(pwr.o)

.debug_line     0x0000000000000000     0x9864
 .debug_line    0x0000000000000000      0x38d sdram.o
 .debug_line    0x000000000000038d      0x566 lcd.o
 .debug_line    0x00000000000008f3      0x511 clock.o
 .debug_line    0x0000000000000e04      0x53e mandel.o
 .debug_line    0x0000000000001342      0x4b0 /home/ryan/Desktop/libopencm3/libopencm3-examples/libopencm3/lib/libopencm3_stm32f4.a(rcc.o)
 .debug_line    0x00000000000017f2      0x2c0 /home/ryan/Desktop/libopencm3/libopencm3-examples/libopencm3/lib/libopencm3_stm32f4.a(gpio_common_all.o)
 .debug_line    0x0000000000001ab2      0x2b2 /home/ryan/Desktop/libopencm3/libopencm3-examples/libopencm3/lib/libopencm3_stm32f4.a(gpio_common_f0234.o)
 .debug_line    0x0000000000001d64      0x58c /home/ryan/Desktop/libopencm3/libopencm3-examples/libopencm3/lib/libopencm3_stm32f4.a(spi_common_all.o)
 .debug_line    0x00000000000022f0      0x2a8 /home/ryan/Desktop/libopencm3/libopencm3-examples/libopencm3/lib/libopencm3_stm32f4.a(spi_common_l1f124.o)
 .debug_line    0x0000000000002598      0x3da /home/ryan/Desktop/libopencm3/libopencm3-examples/libopencm3/lib/libopencm3_stm32f4.a(usart_common_all.o)
 .debug_line    0x0000000000002972      0x2b3 /home/ryan/Desktop/libopencm3/libopencm3-examples/libopencm3/lib/libopencm3_stm32f4.a(flash_common_f234.o)
 .debug_line    0x0000000000002c25      0x2c0 /home/ryan/Desktop/libopencm3/libopencm3-examples/libopencm3/lib/libopencm3_stm32f4.a(rcc_common_all.o)
 .debug_line    0x0000000000002ee5      0x1fe /home/ryan/Desktop/libopencm3/libopencm3-examples/libopencm3/lib/libopencm3_stm32f4.a(fmc.o)
 .debug_line    0x00000000000030e3      0x2c4 /home/ryan/Desktop/libopencm3/libopencm3-examples/libopencm3/lib/libopencm3_stm32f4.a(vector.o)
 .debug_line    0x00000000000033a7      0x244 /home/ryan/Desktop/libopencm3/libopencm3-examples/libopencm3/lib/libopencm3_stm32f4.a(systick.o)
 .debug_line    0x00000000000035eb      0x20e /home/ryan/Desktop/libopencm3/libopencm3-examples/libopencm3/lib/libopencm3_stm32f4.a(pwr.o)
 .debug_line    0x00000000000037f9      0x170 /usr/lib/gcc/arm-none-eabi/5.4.1/../../../arm-none-eabi/lib/armv7e-m/fpu/libc.a(lib_a-printf.o)
 .debug_line    0x0000000000003969      0x197 /usr/lib/gcc/arm-none-eabi/5.4.1/../../../arm-none-eabi/lib/armv7e-m/fpu/libc.a(lib_a-puts.o)
 .debug_line    0x0000000000003b00       0xac /usr/lib/gcc/arm-none-eabi/5.4.1/../../../arm-none-eabi/lib/armv7e-m/fpu/libc.a(lib_a-strlen.o)
 .debug_line    0x0000000000003bac      0xae8 /usr/lib/gcc/arm-none-eabi/5.4.1/../../../arm-none-eabi/lib/armv7e-m/fpu/libc.a(lib_a-vfprintf.o)
 .debug_line    0x0000000000004694      0x1a9 /usr/lib/gcc/arm-none-eabi/5.4.1/../../../arm-none-eabi/lib/armv7e-m/fpu/libc.a(lib_a-wsetup.o)
 .debug_line    0x000000000000483d      0x67b /usr/lib/gcc/arm-none-eabi/5.4.1/../../../arm-none-eabi/lib/armv7e-m/fpu/libc.a(lib_a-dtoa.o)
 .debug_line    0x0000000000004eb8      0x21e /usr/lib/gcc/arm-none-eabi/5.4.1/../../../arm-none-eabi/lib/armv7e-m/fpu/libc.a(lib_a-fflush.o)
 .debug_line    0x00000000000050d6      0x255 /usr/lib/gcc/arm-none-eabi/5.4.1/../../../arm-none-eabi/lib/armv7e-m/fpu/libc.a(lib_a-findfp.o)
 .debug_line    0x000000000000532b      0x250 /usr/lib/gcc/arm-none-eabi/5.4.1/../../../arm-none-eabi/lib/armv7e-m/fpu/libc.a(lib_a-freer.o)
 .debug_line    0x000000000000557b      0x2b3 /usr/lib/gcc/arm-none-eabi/5.4.1/../../../arm-none-eabi/lib/armv7e-m/fpu/libc.a(lib_a-fvwrite.o)
 .debug_line    0x000000000000582e      0x196 /usr/lib/gcc/arm-none-eabi/5.4.1/../../../arm-none-eabi/lib/armv7e-m/fpu/libc.a(lib_a-fwalk.o)
 .debug_line    0x00000000000059c4       0xe9 /usr/lib/gcc/arm-none-eabi/5.4.1/../../../arm-none-eabi/lib/armv7e-m/fpu/libc.a(lib_a-impure.o)
 .debug_line    0x0000000000005aad      0x18a /usr/lib/gcc/arm-none-eabi/5.4.1/../../../arm-none-eabi/lib/armv7e-m/fpu/libc.a(lib_a-locale.o)
 .debug_line    0x0000000000005c37      0x244 /usr/lib/gcc/arm-none-eabi/5.4.1/../../../arm-none-eabi/lib/armv7e-m/fpu/libc.a(lib_a-makebuf.o)
 .debug_line    0x0000000000005e7b      0x370 /usr/lib/gcc/arm-none-eabi/5.4.1/../../../arm-none-eabi/lib/armv7e-m/fpu/libc.a(lib_a-mallocr.o)
 .debug_line    0x00000000000061eb       0xa1 /usr/lib/gcc/arm-none-eabi/5.4.1/../../../arm-none-eabi/lib/armv7e-m/fpu/libc.a(lib_a-memchr.o)